Archive member included because of file (symbol)

D:\Dropbox\Dropbox\NUS Modules\EE2028_EE2024\Assignments\Assignment 2\Assignment 2 Workspace\Lib_CMSISv1p30_LPC17xx\Debug\libCMSISv1p30_LPC17xx.a(system_LPC17xx.o)
                              ./src/main.o (SystemCoreClock)
D:\Dropbox\Dropbox\NUS Modules\EE2028_EE2024\Assignments\Assignment 2\Assignment 2 Workspace\Lib_EaBaseBoard\Debug\libLib_EaBaseBoard.a(acc.o)
                              ./src/main.o (acc_init)
D:\Dropbox\Dropbox\NUS Modules\EE2028_EE2024\Assignments\Assignment 2\Assignment 2 Workspace\Lib_EaBaseBoard\Debug\libLib_EaBaseBoard.a(joystick.o)
                              ./src/main.o (joystick_init)
D:\Dropbox\Dropbox\NUS Modules\EE2028_EE2024\Assignments\Assignment 2\Assignment 2 Workspace\Lib_EaBaseBoard\Debug\libLib_EaBaseBoard.a(led7seg.o)
                              ./src/main.o (led7seg_init)
D:\Dropbox\Dropbox\NUS Modules\EE2028_EE2024\Assignments\Assignment 2\Assignment 2 Workspace\Lib_EaBaseBoard\Debug\libLib_EaBaseBoard.a(light.o)
                              ./src/main.o (light_enable)
D:\Dropbox\Dropbox\NUS Modules\EE2028_EE2024\Assignments\Assignment 2\Assignment 2 Workspace\Lib_EaBaseBoard\Debug\libLib_EaBaseBoard.a(oled.o)
                              ./src/main.o (oled_putPixel)
D:\Dropbox\Dropbox\NUS Modules\EE2028_EE2024\Assignments\Assignment 2\Assignment 2 Workspace\Lib_EaBaseBoard\Debug\libLib_EaBaseBoard.a(pca9532.o)
                              ./src/main.o (pca9532_init)
D:\Dropbox\Dropbox\NUS Modules\EE2028_EE2024\Assignments\Assignment 2\Assignment 2 Workspace\Lib_EaBaseBoard\Debug\libLib_EaBaseBoard.a(rgb.o)
                              ./src/main.o (rgb_init)
D:\Dropbox\Dropbox\NUS Modules\EE2028_EE2024\Assignments\Assignment 2\Assignment 2 Workspace\Lib_EaBaseBoard\Debug\libLib_EaBaseBoard.a(temp.o)
                              ./src/main.o (temp_init)
D:\Dropbox\Dropbox\NUS Modules\EE2028_EE2024\Assignments\Assignment 2\Assignment 2 Workspace\Lib_EaBaseBoard\Debug\libLib_EaBaseBoard.a(font5x7.o)
                              D:\Dropbox\Dropbox\NUS Modules\EE2028_EE2024\Assignments\Assignment 2\Assignment 2 Workspace\Lib_EaBaseBoard\Debug\libLib_EaBaseBoard.a(oled.o) (font5x7)
D:\Dropbox\Dropbox\NUS Modules\EE2028_EE2024\Assignments\Assignment 2\Assignment 2 Workspace\Lib_MCU\Debug\libLib_MCU.a(lpc17xx_gpio.o)
                              ./src/main.o (GPIO_SetDir)
D:\Dropbox\Dropbox\NUS Modules\EE2028_EE2024\Assignments\Assignment 2\Assignment 2 Workspace\Lib_MCU\Debug\libLib_MCU.a(lpc17xx_i2c.o)
                              ./src/main.o (I2C_Init)
D:\Dropbox\Dropbox\NUS Modules\EE2028_EE2024\Assignments\Assignment 2\Assignment 2 Workspace\Lib_MCU\Debug\libLib_MCU.a(lpc17xx_pinsel.o)
                              ./src/main.o (PINSEL_ConfigPin)
D:\Dropbox\Dropbox\NUS Modules\EE2028_EE2024\Assignments\Assignment 2\Assignment 2 Workspace\Lib_MCU\Debug\libLib_MCU.a(lpc17xx_ssp.o)
                              ./src/main.o (SSP_Init)
D:\Dropbox\Dropbox\NUS Modules\EE2028_EE2024\Assignments\Assignment 2\Assignment 2 Workspace\Lib_MCU\Debug\libLib_MCU.a(lpc17xx_timer.o)
                              ./src/main.o (Timer0_Wait)
D:\Dropbox\Dropbox\NUS Modules\EE2028_EE2024\Assignments\Assignment 2\Assignment 2 Workspace\Lib_MCU\Debug\libLib_MCU.a(lpc17xx_uart.o)
                              ./src/main.o (UART_TxCmd)
D:\Dropbox\Dropbox\NUS Modules\EE2028_EE2024\Assignments\Assignment 2\Assignment 2 Workspace\Lib_MCU\Debug\libLib_MCU.a(lpc17xx_clkpwr.o)
                              D:\Dropbox\Dropbox\NUS Modules\EE2028_EE2024\Assignments\Assignment 2\Assignment 2 Workspace\Lib_MCU\Debug\libLib_MCU.a(lpc17xx_i2c.o) (CLKPWR_SetPCLKDiv)
c:/nxp/lpcxpresso_6.1.4_194/lpcxpresso/tools/bin/../lib/gcc/arm-none-eabi/4.6.2/armv7-m\libgcc.a(_arm_addsubdf3.o)
                              ./src/main.o (__aeabi_ui2d)
c:/nxp/lpcxpresso_6.1.4_194/lpcxpresso/tools/bin/../lib/gcc/arm-none-eabi/4.6.2/armv7-m\libgcc.a(_arm_muldivdf3.o)
                              ./src/main.o (__aeabi_ddiv)
c:/nxp/lpcxpresso_6.1.4_194/lpcxpresso/tools/bin/../lib/gcc/arm-none-eabi/4.6.2/armv7-m\libgcc.a(_arm_cmpdf2.o)
                              ./src/main.o (__aeabi_dcmpgt)
c:/nxp/lpcxpresso_6.1.4_194/lpcxpresso/tools/bin/../lib/gcc/arm-none-eabi/4.6.2/armv7-m\libgcc.a(_arm_fixdfsi.o)
                              ./src/main.o (__aeabi_d2iz)
c:/nxp/lpcxpresso_6.1.4_194/lpcxpresso/tools/bin/../lib/gcc/arm-none-eabi/4.6.2/armv7-m\libgcc.a(_arm_truncdfsf2.o)
                              ./src/main.o (__aeabi_d2f)
c:/nxp/lpcxpresso_6.1.4_194/lpcxpresso/tools/bin/../lib/gcc/arm-none-eabi/4.6.2/armv7-m\libgcc.a(_aeabi_uldivmod.o)
                              D:\Dropbox\Dropbox\NUS Modules\EE2028_EE2024\Assignments\Assignment 2\Assignment 2 Workspace\Lib_CMSISv1p30_LPC17xx\Debug\libCMSISv1p30_LPC17xx.a(system_LPC17xx.o) (__aeabi_uldivmod)
c:/nxp/lpcxpresso_6.1.4_194/lpcxpresso/tools/bin/../lib/gcc/arm-none-eabi/4.6.2/armv7-m\libgcc.a(bpabi.o)
[...]
Memory Configuration

Name             Origin             Length             Attributes
MFlash512        0x00000000         0x00080000         xr
RamLoc32         0x10000000         0x00008000         xrw
RamAHB32         0x2007c000         0x00008000         xrw
*default*        0x00000000         0xffffffff

Linker script and memory map

LOAD ./src/cr_startup_lpc17.o
LOAD ./src/main.o
LOAD D:\Dropbox\Dropbox\NUS Modules\EE2028_EE2024\Assignments\Assignment 2\Assignment 2 Workspace\Lib_CMSISv1p30_LPC17xx\Debug\libCMSISv1p30_LPC17xx.a
LOAD D:\Dropbox\Dropbox\NUS Modules\EE2028_EE2024\Assignments\Assignment 2\Assignment 2 Workspace\Lib_EaBaseBoard\Debug\libLib_EaBaseBoard.a
LOAD D:\Dropbox\Dropbox\NUS Modules\EE2028_EE2024\Assignments\Assignment 2\Assignment 2 Workspace\Lib_MCU\Debug\libLib_MCU.a
START GROUP
LOAD c:/nxp/lpcxpresso_6.1.4_194/lpcxpresso/tools/bin/../lib/gcc/arm-none-eabi/4.6.2/armv7-m\libgcc.a
LOAD c:/nxp/lpcxpresso_6.1.4_194/lpcxpresso/tools/bin/../lib/gcc/arm-none-eabi/4.6.2/../../../../arm-none-eabi/lib/armv7-m\libc.a
LOAD c:/nxp/lpcxpresso_6.1.4_194/lpcxpresso/tools/bin/../lib/gcc/arm-none-eabi/4.6.2/../../../../arm-none-eabi/lib/armv7-m\libm.a
LOAD c:/nxp/lpcxpresso_6.1.4_194/lpcxpresso/tools/bin/../lib/gcc/arm-none-eabi/4.6.2/../../../../arm-none-eabi/lib/armv7-m\libcr_newlib_semihost.a
END GROUP
                0x00080000                __top_MFlash512 = 0x80000
                0x10008000                __top_RamLoc32 = 0x10008000
                0x20084000                __top_RamAHB32 = 0x20084000

.text           0x00000000     0xccd0
 FILL mask 0xff
                0x00000000                __vectors_start__ = ABSOLUTE (.)
 *(.isr_vector)
 .isr_vector    0x00000000       0xcc ./src/cr_startup_lpc17.o
                0x00000000                g_pfnVectors
                0x000000cc                . = ALIGN (0x4)
                0x000000cc                __section_table_start = .
                0x000000cc                __data_section_table = .
                0x000000cc        0x4 LONG 0xccd8 LOADADDR (.data)
                0x000000d0        0x4 LONG 0x10000000 ADDR (.data)
                0x000000d4        0x4 LONG 0x958 SIZEOF (.data)
                0x000000d8        0x4 LONG 0xccd8 LOADADDR (.data_RAM2)
                0x000000dc        0x4 LONG 0x2007c000 ADDR (.data_RAM2)
                0x000000e0        0x4 LONG 0x0 SIZEOF (.data_RAM2)
                0x000000e4                __data_section_table_end = .
                0x000000e4                __bss_section_table = .
                0x000000e4        0x4 LONG 0x10000958 ADDR (.bss)
                0x000000e8        0x4 LONG 0x488 SIZEOF (.bss)
                0x000000ec        0x4 LONG 0x2007c000 ADDR (.bss_RAM2)
                0x000000f0        0x4 LONG 0x0 SIZEOF (.bss_RAM2)
                0x000000f4                __bss_section_table_end = .
                0x000000f4                __section_table_end = .
 *(.after_vectors*)
 *(.text*)
 .text.ResetISR
                0x000000f4       0x68 ./src/cr_startup_lpc17.o
                0x000000f4                ResetISR
 .text.NMI_Handler
                0x0000015c        0x8 ./src/cr_startup_lpc17.o
                0x0000015c                NMI_Handler
 .text.HardFault_Handler
                0x00000164        0x8 ./src/cr_startup_lpc17.o
                0x00000164                HardFault_Handler
 .text.MemManage_Handler
                0x0000016c        0x8 ./src/cr_startup_lpc17.o
                0x0000016c                MemManage_Handler
 .text.BusFault_Handler
                0x00000174        0x8 ./src/cr_startup_lpc17.o
                0x00000174                BusFault_Handler
 .text.UsageFault_Handler
                0x0000017c        0x8 ./src/cr_startup_lpc17.o
                0x0000017c                UsageFault_Handler
 .text.SVCall_Handler
                0x00000184        0x8 ./src/cr_startup_lpc17.o
                0x00000184                SVCall_Handler
 .text.DebugMon_Handler
                0x0000018c        0x8 ./src/cr_startup_lpc17.o
                0x0000018c                DebugMon_Handler
 .text.PendSV_Handler
                0x00000194        0x8 ./src/cr_startup_lpc17.o
                0x00000194                PendSV_Handler
 .text.IntDefaultHandler
                0x0000019c        0x8 ./src/cr_startup_lpc17.o
                0x0000019c                TIMER2_IRQHandler
                0x0000019c                RIT_IRQHandler
                0x0000019c                I2C0_IRQHandler
                0x0000019c                USBActivity_IRQHandler
                0x0000019c                PWM1_IRQHandler
                0x0000019c                I2C1_IRQHandler
                0x0000019c                EINT2_IRQHandler
                0x0000019c                UART1_IRQHandler
                0x0000019c                CANActivity_IRQHandler
                0x0000019c                TIMER3_IRQHandler
                0x0000019c                UART0_IRQHandler
                0x0000019c                IntDefaultHandler
                0x0000019c                PLL0_IRQHandler
                0x0000019c                CAN_IRQHandler
                0x0000019c                PLL1_IRQHandler
                0x0000019c                SSP0_IRQHandler
                0x0000019c                I2S_IRQHandler
                0x0000019c                I2C2_IRQHandler
                0x0000019c                RTC_IRQHandler
                0x0000019c                TIMER0_IRQHandler
                0x0000019c                SPI_IRQHandler
                0x0000019c                EINT1_IRQHandler
                0x0000019c                TIMER1_IRQHandler
                0x0000019c                UART2_IRQHandler
                0x0000019c                ADC_IRQHandler
                0x0000019c                SSP1_IRQHandler
                0x0000019c                USB_IRQHandler
                0x0000019c                BOD_IRQHandler
                0x0000019c                WDT_IRQHandler
                0x0000019c                QEI_IRQHandler
                0x0000019c                EINT0_IRQHandler
                0x0000019c                DMA_IRQHandler
                0x0000019c                MCPWM_IRQHandler
                0x0000019c                ENET_IRQHandler
 .text.NVIC_EnableIRQ
                0x000001a4       0x38 ./src/main.o
 .text.NVIC_SetPriority
                0x000001dc       0x5c ./src/main.o
 .text.SysTick_Config
                0x00000238       0x64 ./src/main.o
 .text.moveBar  0x0000029c       0xa8 ./src/main.o
 .text.Get_Time
                0x00000344       0x18 ./src/main.o
                0x00000344                Get_Time
 .text.init_ssp
                0x0000035c       0x98 ./src/main.o
 .text.init_i2c
                0x000003f4       0x5c ./src/main.o
 .text.init_GPIO
                0x00000450       0x68 ./src/main.o
 .text.speaker_init
                0x000004b8       0xf0 ./src/main.o
 .text.lightSenIntInit
                0x000005a8       0x58 ./src/main.o
                0x000005a8                lightSenIntInit
 .text.init_uart
                0x00000600       0x98 ./src/main.o
                0x00000600                init_uart
 .text.init_everything
                0x00000698       0x9c ./src/main.o
 .text.setRGBLeds
                0x00000734       0x5c ./src/main.o
                0x00000734                setRGBLeds
 .text.ALTERNATE_LED
                0x00000790       0x7c ./src/main.o
                0x00000790                ALTERNATE_LED
 .text.BLINK_BLUE
                0x0000080c       0x7c ./src/main.o
                0x0000080c                BLINK_BLUE
 .text.countdown_new
                0x00000888       0xa4 ./src/main.o
                0x00000888                countdown_new
 .text.saved    0x0000092c       0xa0 ./src/main.o
                0x0000092c                saved
 .text.uart_Send
                0x000009cc       0x30 ./src/main.o
                0x000009cc                uart_Send
 .text.do_Initialization
                0x000009fc       0x88 ./src/main.o
                0x000009fc                do_Initialization
 .text.do_toclimb
                0x00000a84       0xb4 ./src/main.o
                0x00000a84                do_toclimb
 .text.do_Climb
                0x00000b38      0x5b0 ./src/main.o
                0x00000b38                do_Climb
 .text.do_Emergency
                0x000010e8      0x358 ./src/main.o
                0x000010e8                do_Emergency
 .text.do_Emergency_over
                0x00001440       0x58 ./src/main.o
                0x00001440                do_Emergency_over
 .text.EINT3_IRQHandler
                0x00001498      0x10c ./src/main.o
                0x00001498                EINT3_IRQHandler
 .text.UART3_IRQHandler
                0x000015a4        0xc ./src/main.o
                0x000015a4                UART3_IRQHandler
 .text.SysTick_Handler
                0x000015b0       0x24 ./src/main.o
                0x000015b0                SysTick_Handler
 .text.main     0x000015d4       0xfc ./src/main.o
                0x000015d4                main
 .text.check_failed
                0x000016d0        0xc ./src/main.o
                0x000016d0                check_failed
 .text.SystemInit
                0x000016dc      0x22c D:\Dropbox\Dropbox\NUS Modules\EE2028_EE2024\Assignments\Assignment 2\Assignment 2 Workspace\Lib_CMSISv1p30_LPC17xx\Debug\libCMSISv1p30_LPC17xx.a(system_LPC17xx.o)
                0x000016dc                SystemInit
 .text.I2CRead  0x00001908       0x5c D:\Dropbox\Dropbox\NUS Modules\EE2028_EE2024\Assignments\Assignment 2\Assignment 2 Workspace\Lib_EaBaseBoard\Debug\libLib_EaBaseBoard.a(acc.o)
 .text.I2CWrite
                0x00001964       0x5c D:\Dropbox\Dropbox\NUS Modules\EE2028_EE2024\Assignments\Assignment 2\Assignment 2 Workspace\Lib_EaBaseBoard\Debug\libLib_EaBaseBoard.a(acc.o)
 .text.getStatus
                0x000019c0       0x3c D:\Dropbox\Dropbox\NUS Modules\EE2028_EE2024\Assignments\Assignment 2\Assignment 2 Workspace\Lib_EaBaseBoard\Debug\libLib_EaBaseBoard.a(acc.o)
 .text.setModeControl
                0x000019fc       0x30 D:\Dropbox\Dropbox\NUS Modules\EE2028_EE2024\Assignments\Assignment 2\Assignment 2 Workspace\Lib_EaBaseBoard\Debug\libLib_EaBaseBoard.a(acc.o)
 .text.acc_init
                0x00001a2c       0x10 D:\Dropbox\Dropbox\NUS Modules\EE2028_EE2024\Assignments\Assignment 2\Assignment 2 Workspace\Lib_EaBaseBoard\Debug\libLib_EaBaseBoard.a(acc.o)
                0x00001a2c                acc_init
 .text.acc_read
                0x00001a3c       0xbc D:\Dropbox\Dropbox\NUS Modules\EE2028_EE2024\Assignments\Assignment 2\Assignment 2 Workspace\Lib_EaBaseBoard\Debug\libLib_EaBaseBoard.a(acc.o)
                0x00001a3c                acc_read
 .text.joystick_init
                0x00001af8       0x28 D:\Dropbox\Dropbox\NUS Modules\EE2028_EE2024\Assignments\Assignment 2\Assignment 2 Workspace\Lib_EaBaseBoard\Debug\libLib_EaBaseBoard.a(joystick.o)
                0x00001af8                joystick_init
 .text.led7seg_init
                0x00001b20       0x24 D:\Dropbox\Dropbox\NUS Modules\EE2028_EE2024\Assignments\Assignment 2\Assignment 2 Workspace\Lib_EaBaseBoard\Debug\libLib_EaBaseBoard.a(led7seg.o)
                0x00001b20                led7seg_init
 .text.led7seg_setChar
                0x00001b44       0x88 D:\Dropbox\Dropbox\NUS Modules\EE2028_EE2024\Assignments\Assignment 2\Assignment 2 Workspace\Lib_EaBaseBoard\Debug\libLib_EaBaseBoard.a(led7seg.o)
                0x00001b44                led7seg_setChar
 .text.I2CRead  0x00001bcc       0x5c D:\Dropbox\Dropbox\NUS Modules\EE2028_EE2024\Assignments\Assignment 2\Assignment 2 Workspace\Lib_EaBaseBoard\Debug\libLib_EaBaseBoard.a(light.o)
 .text.I2CWrite
                0x00001c28       0x5c D:\Dropbox\Dropbox\NUS Modules\EE2028_EE2024\Assignments\Assignment 2\Assignment 2 Workspace\Lib_EaBaseBoard\Debug\libLib_EaBaseBoard.a(light.o)
 .text.readControlReg
                0x00001c84       0x3c D:\Dropbox\Dropbox\NUS Modules\EE2028_EE2024\Assignments\Assignment 2\Assignment 2 Workspace\Lib_EaBaseBoard\Debug\libLib_EaBaseBoard.a(light.o)
 .text.light_enable
                0x00001cc0       0x48 D:\Dropbox\Dropbox\NUS Modules\EE2028_EE2024\Assignments\Assignment 2\Assignment 2 Workspace\Lib_EaBaseBoard\Debug\libLib_EaBaseBoard.a(light.o)
                0x00001cc0                light_enable
 .text.light_read
                0x00001d08       0x90 D:\Dropbox\Dropbox\NUS Modules\EE2028_EE2024\Assignments\Assignment 2\Assignment 2 Workspace\Lib_EaBaseBoard\Debug\libLib_EaBaseBoard.a(light.o)
                0x00001d08                light_read
 .text.light_setLoThreshold
                0x00001d98       0x58 D:\Dropbox\Dropbox\NUS Modules\EE2028_EE2024\Assignments\Assignment 2\Assignment 2 Workspace\Lib_EaBaseBoard\Debug\libLib_EaBaseBoard.a(light.o)
                0x00001d98                light_setLoThreshold
 .text.light_clearIrqStatus
                0x00001df0       0x3c D:\Dropbox\Dropbox\NUS Modules\EE2028_EE2024\Assignments\Assignment 2\Assignment 2 Workspace\Lib_EaBaseBoard\Debug\libLib_EaBaseBoard.a(light.o)
                0x00001df0                light_clearIrqStatus
 .text.writeCommand
                0x00001e2c       0x60 D:\Dropbox\Dropbox\NUS Modules\EE2028_EE2024\Assignments\Assignment 2\Assignment 2 Workspace\Lib_EaBaseBoard\Debug\libLib_EaBaseBoard.a(oled.o)
 .text.writeData
                0x00001e8c       0x60 D:\Dropbox\Dropbox\NUS Modules\EE2028_EE2024\Assignments\Assignment 2\Assignment 2 Workspace\Lib_EaBaseBoard\Debug\libLib_EaBaseBoard.a(oled.o)
 .text.writeDataLen
                0x00001eec       0x8c D:\Dropbox\Dropbox\NUS Modules\EE2028_EE2024\Assignments\Assignment 2\Assignment 2 Workspace\Lib_EaBaseBoard\Debug\libLib_EaBaseBoard.a(oled.o)
 .text.runInitSequence
                0x00001f78      0x118 D:\Dropbox\Dropbox\NUS Modules\EE2028_EE2024\Assignments\Assignment 2\Assignment 2 Workspace\Lib_EaBaseBoard\Debug\libLib_EaBaseBoard.a(oled.o)
 .text.hLine    0x00002090       0x4c D:\Dropbox\Dropbox\NUS Modules\EE2028_EE2024\Assignments\Assignment 2\Assignment 2 Workspace\Lib_EaBaseBoard\Debug\libLib_EaBaseBoard.a(oled.o)
 .text.vLine    0x000020dc       0x4c D:\Dropbox\Dropbox\NUS Modules\EE2028_EE2024\Assignments\Assignment 2\Assignment 2 Workspace\Lib_EaBaseBoard\Debug\libLib_EaBaseBoard.a(oled.o)
 .text.oled_init
                0x00002128       0x9c D:\Dropbox\Dropbox\NUS Modules\EE2028_EE2024\Assignments\Assignment 2\Assignment 2 Workspace\Lib_EaBaseBoard\Debug\libLib_EaBaseBoard.a(oled.o)
                0x00002128                oled_init
 .text.oled_putPixel
                0x000021c4      0x188 D:\Dropbox\Dropbox\NUS Modules\EE2028_EE2024\Assignments\Assignment 2\Assignment 2 Workspace\Lib_EaBaseBoard\Debug\libLib_EaBaseBoard.a(oled.o)
                0x000021c4                oled_putPixel
 .text.oled_fillRect
                0x0000234c       0x90 D:\Dropbox\Dropbox\NUS Modules\EE2028_EE2024\Assignments\Assignment 2\Assignment 2 Workspace\Lib_EaBaseBoard\Debug\libLib_EaBaseBoard.a(oled.o)
                0x0000234c                oled_fillRect
 .text.oled_clearScreen
                0x000023dc       0x74 D:\Dropbox\Dropbox\NUS Modules\EE2028_EE2024\Assignments\Assignment 2\Assignment 2 Workspace\Lib_EaBaseBoard\Debug\libLib_EaBaseBoard.a(oled.o)
                0x000023dc                oled_clearScreen
 .text.oled_putChar
                0x00002450       0xf0 D:\Dropbox\Dropbox\NUS Modules\EE2028_EE2024\Assignments\Assignment 2\Assignment 2 Workspace\Lib_EaBaseBoard\Debug\libLib_EaBaseBoard.a(oled.o)
                0x00002450                oled_putChar
 .text.oled_putString
                0x00002540       0x54 D:\Dropbox\Dropbox\NUS Modules\EE2028_EE2024\Assignments\Assignment 2\Assignment 2 Workspace\Lib_EaBaseBoard\Debug\libLib_EaBaseBoard.a(oled.o)
                0x00002540                oled_putString
 .text.I2CWrite
                0x00002594       0x5c D:\Dropbox\Dropbox\NUS Modules\EE2028_EE2024\Assignments\Assignment 2\Assignment 2 Workspace\Lib_EaBaseBoard\Debug\libLib_EaBaseBoard.a(pca9532.o)
 .text.setLsStates
                0x000025f0       0xc4 D:\Dropbox\Dropbox\NUS Modules\EE2028_EE2024\Assignments\Assignment 2\Assignment 2 Workspace\Lib_EaBaseBoard\Debug\libLib_EaBaseBoard.a(pca9532.o)
 .text.setLeds  0x000026b4       0xa0 D:\Dropbox\Dropbox\NUS Modules\EE2028_EE2024\Assignments\Assignment 2\Assignment 2 Workspace\Lib_EaBaseBoard\Debug\libLib_EaBaseBoard.a(pca9532.o)
 .text.pca9532_init
                0x00002754        0xc D:\Dropbox\Dropbox\NUS Modules\EE2028_EE2024\Assignments\Assignment 2\Assignment 2 Workspace\Lib_EaBaseBoard\Debug\libLib_EaBaseBoard.a(pca9532.o)
                0x00002754                pca9532_init
 .text.pca9532_setLeds
                0x00002760       0xa0 D:\Dropbox\Dropbox\NUS Modules\EE2028_EE2024\Assignments\Assignment 2\Assignment 2 Workspace\Lib_EaBaseBoard\Debug\libLib_EaBaseBoard.a(pca9532.o)
                0x00002760                pca9532_setLeds
 .text.rgb_init
                0x00002800       0x38 D:\Dropbox\Dropbox\NUS Modules\EE2028_EE2024\Assignments\Assignment 2\Assignment 2 Workspace\Lib_EaBaseBoard\Debug\libLib_EaBaseBoard.a(rgb.o)
                0x00002800                rgb_init
 .text.temp_init
                0x00002838       0x2c D:\Dropbox\Dropbox\NUS Modules\EE2028_EE2024\Assignments\Assignment 2\Assignment 2 Workspace\Lib_EaBaseBoard\Debug\libLib_EaBaseBoard.a(temp.o)
                0x00002838                temp_init
 .text.temp_read
                0x00002864      0x10c D:\Dropbox\Dropbox\NUS Modules\EE2028_EE2024\Assignments\Assignment 2\Assignment 2 Workspace\Lib_EaBaseBoard\Debug\libLib_EaBaseBoard.a(temp.o)
                0x00002864                temp_read
 .text.GPIO_GetPointer
                0x00002970       0x7c D:\Dropbox\Dropbox\NUS Modules\EE2028_EE2024\Assignments\Assignment 2\Assignment 2 Workspace\Lib_MCU\Debug\libLib_MCU.a(lpc17xx_gpio.o)
 .text.GPIO_SetDir
                0x000029ec       0x54 D:\Dropbox\Dropbox\NUS Modules\EE2028_EE2024\Assignments\Assignment 2\Assignment 2 Workspace\Lib_MCU\Debug\libLib_MCU.a(lpc17xx_gpio.o)
                0x000029ec                GPIO_SetDir
 .text.GPIO_SetValue
                0x00002a40       0x2c D:\Dropbox\Dropbox\NUS Modules\EE2028_EE2024\Assignments\Assignment 2\Assignment 2 Workspace\Lib_MCU\Debug\libLib_MCU.a(lpc17xx_gpio.o)
                0x00002a40                GPIO_SetValue
 .text.GPIO_ClearValue
                0x00002a6c       0x2c D:\Dropbox\Dropbox\NUS Modules\EE2028_EE2024\Assignments\Assignment 2\Assignment 2 Workspace\Lib_MCU\Debug\libLib_MCU.a(lpc17xx_gpio.o)
                0x00002a6c                GPIO_ClearValue
 .text.GPIO_ReadValue
                0x00002a98       0x30 D:\Dropbox\Dropbox\NUS Modules\EE2028_EE2024\Assignments\Assignment 2\Assignment 2 Workspace\Lib_MCU\Debug\libLib_MCU.a(lpc17xx_gpio.o)
                0x00002a98                GPIO_ReadValue
 .text.NVIC_EnableIRQ
                0x00002ac8       0x38 D:\Dropbox\Dropbox\NUS Modules\EE2028_EE2024\Assignments\Assignment 2\Assignment 2 Workspace\Lib_MCU\Debug\libLib_MCU.a(lpc17xx_i2c.o)
 .text.NVIC_DisableIRQ
                0x00002b00       0x3c D:\Dropbox\Dropbox\NUS Modules\EE2028_EE2024\Assignments\Assignment 2\Assignment 2 Workspace\Lib_MCU\Debug\libLib_MCU.a(lpc17xx_i2c.o)
 .text.I2C_getNum
                0x00002b3c       0x54 D:\Dropbox\Dropbox\NUS Modules\EE2028_EE2024\Assignments\Assignment 2\Assignment 2 Workspace\Lib_MCU\Debug\libLib_MCU.a(lpc17xx_i2c.o)
 .text.I2C_Start
                0x00002b90       0x44 D:\Dropbox\Dropbox\NUS Modules\EE2028_EE2024\Assignments\Assignment 2\Assignment 2 Workspace\Lib_MCU\Debug\libLib_MCU.a(lpc17xx_i2c.o)
 .text.I2C_Stop
                0x00002bd4       0x38 D:\Dropbox\Dropbox\NUS Modules\EE2028_EE2024\Assignments\Assignment 2\Assignment 2 Workspace\Lib_MCU\Debug\libLib_MCU.a(lpc17xx_i2c.o)
 .text.I2C_SendByte
                0x00002c0c       0x50 D:\Dropbox\Dropbox\NUS Modules\EE2028_EE2024\Assignments\Assignment 2\Assignment 2 Workspace\Lib_MCU\Debug\libLib_MCU.a(lpc17xx_i2c.o)
 .text.I2C_GetByte
                0x00002c5c       0x5c D:\Dropbox\Dropbox\NUS Modules\EE2028_EE2024\Assignments\Assignment 2\Assignment 2 Workspace\Lib_MCU\Debug\libLib_MCU.a(lpc17xx_i2c.o)
 .text.I2C_IntCmd
                0x00002cb8       0xa8 D:\Dropbox\Dropbox\NUS Modules\EE2028_EE2024\Assignments\Assignment 2\Assignment 2 Workspace\Lib_MCU\Debug\libLib_MCU.a(lpc17xx_i2c.o)
                0x00002cb8                I2C_IntCmd
 .text.I2C_MasterHandler
                0x00002d60      0x408 D:\Dropbox\Dropbox\NUS Modules\EE2028_EE2024\Assignments\Assignment 2\Assignment 2 Workspace\Lib_MCU\Debug\libLib_MCU.a(lpc17xx_i2c.o)
                0x00002d60                I2C_MasterHandler
 .text.I2C_SetClock
                0x00003168       0xc8 D:\Dropbox\Dropbox\NUS Modules\EE2028_EE2024\Assignments\Assignment 2\Assignment 2 Workspace\Lib_MCU\Debug\libLib_MCU.a(lpc17xx_i2c.o)
                0x00003168                I2C_SetClock
 .text.I2C_Init
                0x00003230       0xd8 D:\Dropbox\Dropbox\NUS Modules\EE2028_EE2024\Assignments\Assignment 2\Assignment 2 Workspace\Lib_MCU\Debug\libLib_MCU.a(lpc17xx_i2c.o)
                0x00003230                I2C_Init
 .text.I2C_Cmd  0x00003308       0x84 D:\Dropbox\Dropbox\NUS Modules\EE2028_EE2024\Assignments\Assignment 2\Assignment 2 Workspace\Lib_MCU\Debug\libLib_MCU.a(lpc17xx_i2c.o)
                0x00003308                I2C_Cmd
 .text.I2C_MasterTransferData
                0x0000338c      0x390 D:\Dropbox\Dropbox\NUS Modules\EE2028_EE2024\Assignments\Assignment 2\Assignment 2 Workspace\Lib_MCU\Debug\libLib_MCU.a(lpc17xx_i2c.o)
                0x0000338c                I2C_MasterTransferData
 .text.PINSEL_SetPinFunc
                0x0000371c       0x9c D:\Dropbox\Dropbox\NUS Modules\EE2028_EE2024\Assignments\Assignment 2\Assignment 2 Workspace\Lib_MCU\Debug\libLib_MCU.a(lpc17xx_pinsel.o)
                0x0000371c                PINSEL_SetPinFunc
 .text.PINSEL_SetResistorMode
                0x000037b8       0x9c D:\Dropbox\Dropbox\NUS Modules\EE2028_EE2024\Assignments\Assignment 2\Assignment 2 Workspace\Lib_MCU\Debug\libLib_MCU.a(lpc17xx_pinsel.o)
                0x000037b8                PINSEL_SetResistorMode
 .text.PINSEL_SetOpenDrainMode
                0x00003854       0x7c D:\Dropbox\Dropbox\NUS Modules\EE2028_EE2024\Assignments\Assignment 2\Assignment 2 Workspace\Lib_MCU\Debug\libLib_MCU.a(lpc17xx_pinsel.o)
                0x00003854                PINSEL_SetOpenDrainMode
 .text.PINSEL_ConfigPin
                0x000038d0       0x54 D:\Dropbox\Dropbox\NUS Modules\EE2028_EE2024\Assignments\Assignment 2\Assignment 2 Workspace\Lib_MCU\Debug\libLib_MCU.a(lpc17xx_pinsel.o)
                0x000038d0                PINSEL_ConfigPin
 .text.SSP_getNum
                0x00003924       0x40 D:\Dropbox\Dropbox\NUS Modules\EE2028_EE2024\Assignments\Assignment 2\Assignment 2 Workspace\Lib_MCU\Debug\libLib_MCU.a(lpc17xx_ssp.o)
 .text.SSP_IntHandler
                0x00003964      0x338 D:\Dropbox\Dropbox\NUS Modules\EE2028_EE2024\Assignments\Assignment 2\Assignment 2 Workspace\Lib_MCU\Debug\libLib_MCU.a(lpc17xx_ssp.o)
                0x00003964                SSP_IntHandler
 .text.SSP_SetClock
                0x00003c9c       0xf8 D:\Dropbox\Dropbox\NUS Modules\EE2028_EE2024\Assignments\Assignment 2\Assignment 2 Workspace\Lib_MCU\Debug\libLib_MCU.a(lpc17xx_ssp.o)
                0x00003c9c                SSP_SetClock
 .text.SSP_Init
                0x00003d94      0x10c D:\Dropbox\Dropbox\NUS Modules\EE2028_EE2024\Assignments\Assignment 2\Assignment 2 Workspace\Lib_MCU\Debug\libLib_MCU.a(lpc17xx_ssp.o)
                0x00003d94                SSP_Init
 .text.SSP_ConfigStructInit
                0x00003ea0       0x48 D:\Dropbox\Dropbox\NUS Modules\EE2028_EE2024\Assignments\Assignment 2\Assignment 2 Workspace\Lib_MCU\Debug\libLib_MCU.a(lpc17xx_ssp.o)
                0x00003ea0                SSP_ConfigStructInit
 .text.SSP_Cmd  0x00003ee8       0x7c D:\Dropbox\Dropbox\NUS Modules\EE2028_EE2024\Assignments\Assignment 2\Assignment 2 Workspace\Lib_MCU\Debug\libLib_MCU.a(lpc17xx_ssp.o)
                0x00003ee8                SSP_Cmd
 .text.SSP_SendData
                0x00003f64       0x48 D:\Dropbox\Dropbox\NUS Modules\EE2028_EE2024\Assignments\Assignment 2\Assignment 2 Workspace\Lib_MCU\Debug\libLib_MCU.a(lpc17xx_ssp.o)
                0x00003f64                SSP_SendData
 .text.SSP_ReceiveData
                0x00003fac       0x44 D:\Dropbox\Dropbox\NUS Modules\EE2028_EE2024\Assignments\Assignment 2\Assignment 2 Workspace\Lib_MCU\Debug\libLib_MCU.a(lpc17xx_ssp.o)
                0x00003fac                SSP_ReceiveData
 .text.SSP_ReadWrite
                0x00003ff0      0x440 D:\Dropbox\Dropbox\NUS Modules\EE2028_EE2024\Assignments\Assignment 2\Assignment 2 Workspace\Lib_MCU\Debug\libLib_MCU.a(lpc17xx_ssp.o)
                0x00003ff0                SSP_ReadWrite
 .text.getUartNum
                0x00004430       0x54 D:\Dropbox\Dropbox\NUS Modules\EE2028_EE2024\Assignments\Assignment 2\Assignment 2 Workspace\Lib_MCU\Debug\libLib_MCU.a(lpc17xx_uart.o)
                0x00004430                getUartNum
 .text.uart_set_divisors
                0x00004484      0x26c D:\Dropbox\Dropbox\NUS Modules\EE2028_EE2024\Assignments\Assignment 2\Assignment 2 Workspace\Lib_MCU\Debug\libLib_MCU.a(lpc17xx_uart.o)
                0x00004484                uart_set_divisors
 .text.UART_GenIntHandler
                0x000046f0      0x1c8 D:\Dropbox\Dropbox\NUS Modules\EE2028_EE2024\Assignments\Assignment 2\Assignment 2 Workspace\Lib_MCU\Debug\libLib_MCU.a(lpc17xx_uart.o)
                0x000046f0                UART_GenIntHandler
 .text.UART_Init
                0x000048b8      0x368 D:\Dropbox\Dropbox\NUS Modules\EE2028_EE2024\Assignments\Assignment 2\Assignment 2 Workspace\Lib_MCU\Debug\libLib_MCU.a(lpc17xx_uart.o)
                0x000048b8                UART_Init
 .text.UART_SendData
                0x00004c20       0x78 D:\Dropbox\Dropbox\NUS Modules\EE2028_EE2024\Assignments\Assignment 2\Assignment 2 Workspace\Lib_MCU\Debug\libLib_MCU.a(lpc17xx_uart.o)
                0x00004c20                UART_SendData
 .text.UART_IntConfig
                0x00004c98      0x1c8 D:\Dropbox\Dropbox\NUS Modules\EE2028_EE2024\Assignments\Assignment 2\Assignment 2 Workspace\Lib_MCU\Debug\libLib_MCU.a(lpc17xx_uart.o)
                0x00004c98                UART_IntConfig
 .text.UART_TxCmd
                0x00004e60       0xe8 D:\Dropbox\Dropbox\NUS Modules\EE2028_EE2024\Assignments\Assignment 2\Assignment 2 Workspace\Lib_MCU\Debug\libLib_MCU.a(lpc17xx_uart.o)
                0x00004e60                UART_TxCmd
 .text.UART_Send
                0x00004f48      0x10c D:\Dropbox\Dropbox\NUS Modules\EE2028_EE2024\Assignments\Assignment 2\Assignment 2 Workspace\Lib_MCU\Debug\libLib_MCU.a(lpc17xx_uart.o)
                0x00004f48                UART_Send
 .text.UART3_StdIntHandler
                0x00005054       0x14 D:\Dropbox\Dropbox\NUS Modules\EE2028_EE2024\Assignments\Assignment 2\Assignment 2 Workspace\Lib_MCU\Debug\libLib_MCU.a(lpc17xx_uart.o)
                0x00005054                UART3_StdIntHandler
 .text.CLKPWR_SetPCLKDiv
                0x00005068       0xcc D:\Dropbox\Dropbox\NUS Modules\EE2028_EE2024\Assignments\Assignment 2\Assignment 2 Workspace\Lib_MCU\Debug\libLib_MCU.a(lpc17xx_clkpwr.o)
                0x00005068                CLKPWR_SetPCLKDiv
 .text.CLKPWR_GetPCLKSEL
                0x00005134       0x54 D:\Dropbox\Dropbox\NUS Modules\EE2028_EE2024\Assignments\Assignment 2\Assignment 2 Workspace\Lib_MCU\Debug\libLib_MCU.a(lpc17xx_clkpwr.o)
                0x00005134                CLKPWR_GetPCLKSEL
 .text.CLKPWR_GetPCLK
                0x00005188       0x74 D:\Dropbox\Dropbox\NUS Modules\EE2028_EE2024\Assignments\Assignment 2\Assignment 2 Workspace\Lib_MCU\Debug\libLib_MCU.a(lpc17xx_clkpwr.o)
                0x00005188                CLKPWR_GetPCLK
 .text.CLKPWR_ConfigPPWR
                0x000051fc       0x78 D:\Dropbox\Dropbox\NUS Modules\EE2028_EE2024\Assignments\Assignment 2\Assignment 2 Workspace\Lib_MCU\Debug\libLib_MCU.a(lpc17xx_clkpwr.o)
                0x000051fc                CLKPWR_ConfigPPWR
 .text          0x00005274      0x370 c:/nxp/lpcxpresso_6.1.4_194/lpcxpresso/tools/bin/../lib/gcc/arm-none-eabi/4.6.2/armv7-m\libgcc.a(_arm_addsubdf3.o)
                0x00005274                __aeabi_drsub
                0x0000527c                __aeabi_dsub
                0x0000527c                __subdf3
                0x00005280                __aeabi_dadd
                0x00005280                __adddf3
                0x000054f8                __floatunsidf
                0x000054f8                __aeabi_ui2d
                0x00005518                __floatsidf
                0x00005518                __aeabi_i2d
                0x0000553c                __aeabi_f2d
                0x0000553c                __extendsfdf2
                0x00005578                __floatundidf
                0x00005578                __aeabi_ul2d
                0x00005588                __floatdidf
                0x00005588                __aeabi_l2d
 .text          0x000055e4      0x424 c:/nxp/lpcxpresso_6.1.4_194/lpcxpresso/tools/bin/../lib/gcc/arm-none-eabi/4.6.2/armv7-m\libgcc.a(_arm_muldivdf3.o)
                0x000055e4                __aeabi_dmul
                0x000055e4                __muldf3
                0x00005838                __divdf3
                0x00005838                __aeabi_ddiv
 .text          0x00005a08      0x110 c:/nxp/lpcxpresso_6.1.4_194/lpcxpresso/tools/bin/../lib/gcc/arm-none-eabi/4.6.2/armv7-m\libgcc.a(_arm_cmpdf2.o)
                0x00005a08                __gtdf2
                0x00005a08                __gedf2
                0x00005a10                __ltdf2
                0x00005a10                __ledf2
                0x00005a18                __nedf2
                0x00005a18                __eqdf2
                0x00005a18                __cmpdf2
                0x00005a94                __aeabi_cdrcmple
                0x00005aa4                __aeabi_cdcmpeq
                0x00005aa4                __aeabi_cdcmple
                0x00005ab4                __aeabi_dcmpeq
                0x00005ac8                __aeabi_dcmplt
                0x00005adc                __aeabi_dcmple
                0x00005af0                __aeabi_dcmpge
                0x00005b04                __aeabi_dcmpgt
 .text          0x00005b18       0x50 c:/nxp/lpcxpresso_6.1.4_194/lpcxpresso/tools/bin/../lib/gcc/arm-none-eabi/4.6.2/armv7-m\libgcc.a(_arm_fixdfsi.o)
                0x00005b18                __aeabi_d2iz
                0x00005b18                __fixdfsi
 .text          0x00005b68       0xa0 c:/nxp/lpcxpresso_6.1.4_194/lpcxpresso/tools/bin/../lib/gcc/arm-none-eabi/4.6.2/armv7-m\libgcc.a(_arm_truncdfsf2.o)
                0x00005b68                __truncdfsf2
                0x00005b68                __aeabi_d2f
 .text          0x00005c08       0x2c c:/nxp/lpcxpresso_6.1.4_194/lpcxpresso/tools/bin/../lib/gcc/arm-none-eabi/4.6.2/armv7-m\libgcc.a(_aeabi_uldivmod.o)
                0x00005c08                __aeabi_uldivmod
 .text          0x00005c34       0x5c c:/nxp/lpcxpresso_6.1.4_194/lpcxpresso/tools/bin/../lib/gcc/arm-none-eabi/4.6.2/armv7-m\libgcc.a(bpabi.o)
                0x00005c34                __gnu_ldivmod_helper
                0x00005c64                __gnu_uldivmod_helper
 .text          0x00005c90        0x4 c:/nxp/lpcxpresso_6.1.4_194/lpcxpresso/tools/bin/../lib/gcc/arm-none-eabi/4.6.2/armv7-m\libgcc.a(_dvmd_tls.o)
                0x00005c90                __aeabi_idiv0
                0x00005c90                __aeabi_ldiv0
 .text          0x00005c94      0x2c8 c:/nxp/lpcxpresso_6.1.4_194/lpcxpresso/tools/bin/../lib/gcc/arm-none-eabi/4.6.2/armv7-m\libgcc.a(_divdi3.o)
                0x00005c94                __divdi3
 .text          0x00005f5c      0x298 c:/nxp/lpcxpresso_6.1.4_194/lpcxpresso/tools/bin/../lib/gcc/arm-none-eabi/4.6.2/armv7-m\libgcc.a(_udivdi3.o)
                0x00005f5c                __udivdi3
 .text.memset   0x000061f4       0x90 c:/nxp/lpcxpresso_6.1.4_194/lpcxpresso/tools/bin/../lib/gcc/arm-none-eabi/4.6.2/../../../../arm-none-eabi/lib/armv7-m\libc.a(lib_a-memset.o)
                0x000061f4                memset
 .text.printf   0x00006284       0x2c c:/nxp/lpcxpresso_6.1.4_194/lpcxpresso/tools/bin/../lib/gcc/arm-none-eabi/4.6.2/../../../../arm-none-eabi/lib/armv7-m\libc.a(lib_a-printf.o)
                0x00006284                printf
 .text.sprintf  0x000062b0       0x50 c:/nxp/lpcxpresso_6.1.4_194/lpcxpresso/tools/bin/../lib/gcc/arm-none-eabi/4.6.2/../../../../arm-none-eabi/lib/armv7-m\libc.a(lib_a-sprintf.o)
                0x000062b0                sprintf
 .text.strlen   0x00006300       0x60 c:/nxp/lpcxpresso_6.1.4_194/lpcxpresso/tools/bin/../lib/gcc/arm-none-eabi/4.6.2/../../../../arm-none-eabi/lib/armv7-m\libc.a(lib_a-strlen.o)
                0x00006300                strlen
 .text._svfprintf_r
                0x00006360     0x1408 c:/nxp/lpcxpresso_6.1.4_194/lpcxpresso/tools/bin/../lib/gcc/arm-none-eabi/4.6.2/../../../../arm-none-eabi/lib/armv7-m\libc.a(lib_a-svfprintf.o)
                0x00006360                _svfprintf_r
 .text._vfprintf_r
                0x00007768     0x171c c:/nxp/lpcxpresso_6.1.4_194/lpcxpresso/tools/bin/../lib/gcc/arm-none-eabi/4.6.2/../../../../arm-none-eabi/lib/armv7-m\libc.a(lib_a-vfprintf.o)
                0x00007768                _vfprintf_r
 .text.__swsetup_r
                0x00008e84       0xb8 c:/nxp/lpcxpresso_6.1.4_194/lpcxpresso/tools/bin/../lib/gcc/arm-none-eabi/4.6.2/../../../../arm-none-eabi/lib/armv7-m\libc.a(lib_a-wsetup.o)
                0x00008e84                __swsetup_r
 .text.quorem   0x00008f3c      0x150 c:/nxp/lpcxpresso_6.1.4_194/lpcxpresso/tools/bin/../lib/gcc/arm-none-eabi/4.6.2/../../../../arm-none-eabi/lib/armv7-m\libc.a(lib_a-dtoa.o)
 *fill*         0x0000908c        0x4 00
 .text._dtoa_r  0x00009090      0xe60 c:/nxp/lpcxpresso_6.1.4_194/lpcxpresso/tools/bin/../lib/gcc/arm-none-eabi/4.6.2/../../../../arm-none-eabi/lib/armv7-m\libc.a(lib_a-dtoa.o)
                0x00009090                _dtoa_r
 .text._fflush_r
                0x00009ef0      0x16c c:/nxp/lpcxpresso_6.1.4_194/lpcxpresso/tools/bin/../lib/gcc/arm-none-eabi/4.6.2/../../../../arm-none-eabi/lib/armv7-m\libc.a(lib_a-fflush.o)
                0x00009ef0                _fflush_r
 .text._cleanup_r
                0x0000a05c        0xc c:/nxp/lpcxpresso_6.1.4_194/lpcxpresso/tools/bin/../lib/gcc/arm-none-eabi/4.6.2/../../../../arm-none-eabi/lib/armv7-m\libc.a(lib_a-findfp.o)
                0x0000a05c                _cleanup_r
 .text.std.isra.0
                0x0000a068       0x50 c:/nxp/lpcxpresso_6.1.4_194/lpcxpresso/tools/bin/../lib/gcc/arm-none-eabi/4.6.2/../../../../arm-none-eabi/lib/armv7-m\libc.a(lib_a-findfp.o)
 .text.__sinit  0x0000a0b8       0x4c c:/nxp/lpcxpresso_6.1.4_194/lpcxpresso/tools/bin/../lib/gcc/arm-none-eabi/4.6.2/../../../../arm-none-eabi/lib/armv7-m\libc.a(lib_a-findfp.o)
                0x0000a0b8                __sinit
 .text.__sfp_lock_acquire
                0x0000a104        0x4 c:/nxp/lpcxpresso_6.1.4_194/lpcxpresso/tools/bin/../lib/gcc/arm-none-eabi/4.6.2/../../../../arm-none-eabi/lib/armv7-m\libc.a(lib_a-findfp.o)
                0x0000a104                __sfp_lock_acquire
 .text.__sfp_lock_release
                0x0000a108        0x4 c:/nxp/lpcxpresso_6.1.4_194/lpcxpresso/tools/bin/../lib/gcc/arm-none-eabi/4.6.2/../../../../arm-none-eabi/lib/armv7-m\libc.a(lib_a-findfp.o)
                0x0000a108                __sfp_lock_release
 .text._malloc_trim_r
                0x0000a10c       0xa0 c:/nxp/lpcxpresso_6.1.4_194/lpcxpresso/tools/bin/../lib/gcc/arm-none-eabi/4.6.2/../../../../arm-none-eabi/lib/armv7-m\libc.a(lib_a-freer.o)
                0x0000a10c                _malloc_trim_r
 .text._free_r  0x0000a1ac      0x190 c:/nxp/lpcxpresso_6.1.4_194/lpcxpresso/tools/bin/../lib/gcc/arm-none-eabi/4.6.2/../../../../arm-none-eabi/lib/armv7-m\libc.a(lib_a-freer.o)
                0x0000a1ac                _free_r
 .text._fwalk   0x0000a33c       0x54 c:/nxp/lpcxpresso_6.1.4_194/lpcxpresso/tools/bin/../lib/gcc/arm-none-eabi/4.6.2/../../../../arm-none-eabi/lib/armv7-m\libc.a(lib_a-fwalk.o)
                0x0000a33c                _fwalk
 .text.__locale_charset
                0x0000a390        0xc c:/nxp/lpcxpresso_6.1.4_194/lpcxpresso/tools/bin/../lib/gcc/arm-none-eabi/4.6.2/../../../../arm-none-eabi/lib/armv7-m\libc.a(lib_a-locale.o)
                0x0000a390                __locale_charset
 .text.__locale_mb_cur_max
                0x0000a39c        0xc c:/nxp/lpcxpresso_6.1.4_194/lpcxpresso/tools/bin/../lib/gcc/arm-none-eabi/4.6.2/../../../../arm-none-eabi/lib/armv7-m\libc.a(lib_a-locale.o)
                0x0000a39c                __locale_mb_cur_max
 .text._localeconv_r
                0x0000a3a8        0xc c:/nxp/lpcxpresso_6.1.4_194/lpcxpresso/tools/bin/../lib/gcc/arm-none-eabi/4.6.2/../../../../arm-none-eabi/lib/armv7-m\libc.a(lib_a-locale.o)
                0x0000a3a8                _localeconv_r
 .text.__smakebuf_r
                0x0000a3b4       0xe0 c:/nxp/lpcxpresso_6.1.4_194/lpcxpresso/tools/bin/../lib/gcc/arm-none-eabi/4.6.2/../../../../arm-none-eabi/lib/armv7-m\libc.a(lib_a-makebuf.o)
                0x0000a3b4                __smakebuf_r
 .text._malloc_r
                0x0000a494      0x528 c:/nxp/lpcxpresso_6.1.4_194/lpcxpresso/tools/bin/../lib/gcc/arm-none-eabi/4.6.2/../../../../arm-none-eabi/lib/armv7-m\libc.a(lib_a-mallocr.o)
                0x0000a494                _malloc_r
 .text.memchr   0x0000a9bc       0x84 c:/nxp/lpcxpresso_6.1.4_194/lpcxpresso/tools/bin/../lib/gcc/arm-none-eabi/4.6.2/../../../../arm-none-eabi/lib/armv7-m\libc.a(lib_a-memchr.o)
                0x0000a9bc                memchr
 .text.memcpy   0x0000aa40       0x84 c:/nxp/lpcxpresso_6.1.4_194/lpcxpresso/tools/bin/../lib/gcc/arm-none-eabi/4.6.2/../../../../arm-none-eabi/lib/armv7-m\libc.a(lib_a-memcpy.o)
                0x0000aa40                memcpy
 .text.__malloc_lock
                0x0000aac4        0x4 c:/nxp/lpcxpresso_6.1.4_194/lpcxpresso/tools/bin/../lib/gcc/arm-none-eabi/4.6.2/../../../../arm-none-eabi/lib/armv7-m\libc.a(lib_a-mlock.o)
                0x0000aac4                __malloc_lock
 .text.__malloc_unlock
                0x0000aac8        0x4 c:/nxp/lpcxpresso_6.1.4_194/lpcxpresso/tools/bin/../lib/gcc/arm-none-eabi/4.6.2/../../../../arm-none-eabi/lib/armv7-m\libc.a(lib_a-mlock.o)
                0x0000aac8                __malloc_unlock
 .text._Balloc  0x0000aacc       0x4c c:/nxp/lpcxpresso_6.1.4_194/lpcxpresso/tools/bin/../lib/gcc/arm-none-eabi/4.6.2/../../../../arm-none-eabi/lib/armv7-m\libc.a(lib_a-mprec.o)
                0x0000aacc                _Balloc
 .text._Bfree   0x0000ab18       0x14 c:/nxp/lpcxpresso_6.1.4_194/lpcxpresso/tools/bin/../lib/gcc/arm-none-eabi/4.6.2/../../../../arm-none-eabi/lib/armv7-m\libc.a(lib_a-mprec.o)
                0x0000ab18                _Bfree
 .text.__multadd
                0x0000ab2c       0x84 c:/nxp/lpcxpresso_6.1.4_194/lpcxpresso/tools/bin/../lib/gcc/arm-none-eabi/4.6.2/../../../../arm-none-eabi/lib/armv7-m\libc.a(lib_a-mprec.o)
                0x0000ab2c                __multadd
 .text.__hi0bits
                0x0000abb0       0x3c c:/nxp/lpcxpresso_6.1.4_194/lpcxpresso/tools/bin/../lib/gcc/arm-none-eabi/4.6.2/../../../../arm-none-eabi/lib/armv7-m\libc.a(lib_a-mprec.o)
                0x0000abb0                __hi0bits
 .text.__lo0bits
                0x0000abec       0x5c c:/nxp/lpcxpresso_6.1.4_194/lpcxpresso/tools/bin/../lib/gcc/arm-none-eabi/4.6.2/../../../../arm-none-eabi/lib/armv7-m\libc.a(lib_a-mprec.o)
                0x0000abec                __lo0bits
 .text.__i2b    0x0000ac48       0x14 c:/nxp/lpcxpresso_6.1.4_194/lpcxpresso/tools/bin/../lib/gcc/arm-none-eabi/4.6.2/../../../../arm-none-eabi/lib/armv7-m\libc.a(lib_a-mprec.o)
                0x0000ac48                __i2b
 .text.__multiply
                0x0000ac5c      0x144 c:/nxp/lpcxpresso_6.1.4_194/lpcxpresso/tools/bin/../lib/gcc/arm-none-eabi/4.6.2/../../../../arm-none-eabi/lib/armv7-m\libc.a(lib_a-mprec.o)
                0x0000ac5c                __multiply
 .text.__pow5mult
                0x0000ada0       0x98 c:/nxp/lpcxpresso_6.1.4_194/lpcxpresso/tools/bin/../lib/gcc/arm-none-eabi/4.6.2/../../../../arm-none-eabi/lib/armv7-m\libc.a(lib_a-mprec.o)
                0x0000ada0                __pow5mult
 .text.__lshift
                0x0000ae38       0xc0 c:/nxp/lpcxpresso_6.1.4_194/lpcxpresso/tools/bin/../lib/gcc/arm-none-eabi/4.6.2/../../../../arm-none-eabi/lib/armv7-m\libc.a(lib_a-mprec.o)
                0x0000ae38                __lshift
 .text.__mcmp   0x0000aef8       0x3c c:/nxp/lpcxpresso_6.1.4_194/lpcxpresso/tools/bin/../lib/gcc/arm-none-eabi/4.6.2/../../../../arm-none-eabi/lib/armv7-m\libc.a(lib_a-mprec.o)
                0x0000aef8                __mcmp
 .text.__mdiff  0x0000af34       0xd8 c:/nxp/lpcxpresso_6.1.4_194/lpcxpresso/tools/bin/../lib/gcc/arm-none-eabi/4.6.2/../../../../arm-none-eabi/lib/armv7-m\libc.a(lib_a-mprec.o)
                0x0000af34                __mdiff
 .text.__d2b    0x0000b00c       0xcc c:/nxp/lpcxpresso_6.1.4_194/lpcxpresso/tools/bin/../lib/gcc/arm-none-eabi/4.6.2/../../../../arm-none-eabi/lib/armv7-m\libc.a(lib_a-mprec.o)
                0x0000b00c                __d2b
 .text.__fpclassifyd
                0x0000b0d8       0x68 c:/nxp/lpcxpresso_6.1.4_194/lpcxpresso/tools/bin/../lib/gcc/arm-none-eabi/4.6.2/../../../../arm-none-eabi/lib/armv7-m\libc.a(lib_a-s_fpclassify.o)
                0x0000b0d8                __fpclassifyd
 .text._sbrk_r  0x0000b140       0x24 c:/nxp/lpcxpresso_6.1.4_194/lpcxpresso/tools/bin/../lib/gcc/arm-none-eabi/4.6.2/../../../../arm-none-eabi/lib/armv7-m\libc.a(lib_a-sbrkr.o)
                0x0000b140                _sbrk_r
 .text.__sread  0x0000b164       0x24 c:/nxp/lpcxpresso_6.1.4_194/lpcxpresso/tools/bin/../lib/gcc/arm-none-eabi/4.6.2/../../../../arm-none-eabi/lib/armv7-m\libc.a(lib_a-stdio.o)
                0x0000b164                __sread
 .text.__swrite
                0x0000b188       0x40 c:/nxp/lpcxpresso_6.1.4_194/lpcxpresso/tools/bin/../lib/gcc/arm-none-eabi/4.6.2/../../../../arm-none-eabi/lib/armv7-m\libc.a(lib_a-stdio.o)
                0x0000b188                __swrite
 .text.__sseek  0x0000b1c8       0x24 c:/nxp/lpcxpresso_6.1.4_194/lpcxpresso/tools/bin/../lib/gcc/arm-none-eabi/4.6.2/../../../../arm-none-eabi/lib/armv7-m\libc.a(lib_a-stdio.o)
                0x0000b1c8                __sseek
 .text.__sclose
                0x0000b1ec        0x8 c:/nxp/lpcxpresso_6.1.4_194/lpcxpresso/tools/bin/../lib/gcc/arm-none-eabi/4.6.2/../../../../arm-none-eabi/lib/armv7-m\libc.a(lib_a-stdio.o)
                0x0000b1ec                __sclose
 .text.__ssprint_r
                0x0000b1f4       0xf8 c:/nxp/lpcxpresso_6.1.4_194/lpcxpresso/tools/bin/../lib/gcc/arm-none-eabi/4.6.2/../../../../arm-none-eabi/lib/armv7-m\libc.a(lib_a-svfiprintf.o)
                0x0000b1f4                __ssprint_r
 .text.__sprint_r
                0x0000b2ec       0x80 c:/nxp/lpcxpresso_6.1.4_194/lpcxpresso/tools/bin/../lib/gcc/arm-none-eabi/4.6.2/../../../../arm-none-eabi/lib/armv7-m\libc.a(lib_a-vfiprintf.o)
                0x0000b2ec                __sprint_r
 .text._write_r
                0x0000b36c       0x28 c:/nxp/lpcxpresso_6.1.4_194/lpcxpresso/tools/bin/../lib/gcc/arm-none-eabi/4.6.2/../../../../arm-none-eabi/lib/armv7-m\libc.a(lib_a-writer.o)
                0x0000b36c                _write_r
 .text._calloc_r
                0x0000b394       0x60 c:/nxp/lpcxpresso_6.1.4_194/lpcxpresso/tools/bin/../lib/gcc/arm-none-eabi/4.6.2/../../../../arm-none-eabi/lib/armv7-m\libc.a(lib_a-callocr.o)
                0x0000b394                _calloc_r
 .text._close_r
                0x0000b3f4       0x24 c:/nxp/lpcxpresso_6.1.4_194/lpcxpresso/tools/bin/../lib/gcc/arm-none-eabi/4.6.2/../../../../arm-none-eabi/lib/armv7-m\libc.a(lib_a-closer.o)
                0x0000b3f4                _close_r
 .text._fclose_r
                0x0000b418       0x90 c:/nxp/lpcxpresso_6.1.4_194/lpcxpresso/tools/bin/../lib/gcc/arm-none-eabi/4.6.2/../../../../arm-none-eabi/lib/armv7-m\libc.a(lib_a-fclose.o)
                0x0000b418                _fclose_r
 .text.fclose   0x0000b4a8       0x14 c:/nxp/lpcxpresso_6.1.4_194/lpcxpresso/tools/bin/../lib/gcc/arm-none-eabi/4.6.2/../../../../arm-none-eabi/lib/armv7-m\libc.a(lib_a-fclose.o)
                0x0000b4a8                fclose
 .text._fputwc_r
                0x0000b4bc       0xd0 c:/nxp/lpcxpresso_6.1.4_194/lpcxpresso/tools/bin/../lib/gcc/arm-none-eabi/4.6.2/../../../../arm-none-eabi/lib/armv7-m\libc.a(lib_a-fputwc.o)
                0x0000b4bc                _fputwc_r
 .text._fstat_r
                0x0000b58c       0x28 c:/nxp/lpcxpresso_6.1.4_194/lpcxpresso/tools/bin/../lib/gcc/arm-none-eabi/4.6.2/../../../../arm-none-eabi/lib/armv7-m\libc.a(lib_a-fstatr.o)
                0x0000b58c                _fstat_r
 .text.__sfvwrite_r
                0x0000b5b4      0x2e8 c:/nxp/lpcxpresso_6.1.4_194/lpcxpresso/tools/bin/../lib/gcc/arm-none-eabi/4.6.2/../../../../arm-none-eabi/lib/armv7-m\libc.a(lib_a-fvwrite.o)
                0x0000b5b4                __sfvwrite_r
 .text._isatty_r
                0x0000b89c       0x24 c:/nxp/lpcxpresso_6.1.4_194/lpcxpresso/tools/bin/../lib/gcc/arm-none-eabi/4.6.2/../../../../arm-none-eabi/lib/armv7-m\libc.a(lib_a-isattyr.o)
                0x0000b89c                _isatty_r
 .text._lseek_r
                0x0000b8c0       0x28 c:/nxp/lpcxpresso_6.1.4_194/lpcxpresso/tools/bin/../lib/gcc/arm-none-eabi/4.6.2/../../../../arm-none-eabi/lib/armv7-m\libc.a(lib_a-lseekr.o)
                0x0000b8c0                _lseek_r
 .text.memmove  0x0000b8e8       0xb0 c:/nxp/lpcxpresso_6.1.4_194/lpcxpresso/tools/bin/../lib/gcc/arm-none-eabi/4.6.2/../../../../arm-none-eabi/lib/armv7-m\libc.a(lib_a-memmove.o)
                0x0000b8e8                memmove
 .text._read_r  0x0000b998       0x28 c:/nxp/lpcxpresso_6.1.4_194/lpcxpresso/tools/bin/../lib/gcc/arm-none-eabi/4.6.2/../../../../arm-none-eabi/lib/armv7-m\libc.a(lib_a-readr.o)
                0x0000b998                _read_r
 .text._realloc_r
                0x0000b9c0      0x3f4 c:/nxp/lpcxpresso_6.1.4_194/lpcxpresso/tools/bin/../lib/gcc/arm-none-eabi/4.6.2/../../../../arm-none-eabi/lib/armv7-m\libc.a(lib_a-reallocr.o)
                0x0000b9c0                _realloc_r
 .text.__swbuf_r
                0x0000bdb4       0xc0 c:/nxp/lpcxpresso_6.1.4_194/lpcxpresso/tools/bin/../lib/gcc/arm-none-eabi/4.6.2/../../../../arm-none-eabi/lib/armv7-m\libc.a(lib_a-wbuf.o)
                0x0000bdb4                __swbuf_r
 .text._wcrtomb_r
                0x0000be74       0x4c c:/nxp/lpcxpresso_6.1.4_194/lpcxpresso/tools/bin/../lib/gcc/arm-none-eabi/4.6.2/../../../../arm-none-eabi/lib/armv7-m\libc.a(lib_a-wcrtomb.o)
                0x0000be74                _wcrtomb_r
 .text.__ascii_wctomb
                0x0000bec0       0x1c c:/nxp/lpcxpresso_6.1.4_194/lpcxpresso/tools/bin/../lib/gcc/arm-none-eabi/4.6.2/../../../../arm-none-eabi/lib/armv7-m\libc.a(lib_a-wctomb_r.o)
                0x0000bec0                __ascii_wctomb
 .text.round    0x0000bedc       0x98 c:/nxp/lpcxpresso_6.1.4_194/lpcxpresso/tools/bin/../lib/gcc/arm-none-eabi/4.6.2/../../../../arm-none-eabi/lib/armv7-m\libm.a(lib_a-s_round.o)
                0x0000bedc                round
 .text.sqrt     0x0000bf74       0xa8 c:/nxp/lpcxpresso_6.1.4_194/lpcxpresso/tools/bin/../lib/gcc/arm-none-eabi/4.6.2/../../../../arm-none-eabi/lib/armv7-m\libm.a(lib_a-w_sqrt.o)
                0x0000bf74                sqrt
 .text.__ieee754_sqrt
                0x0000c01c      0x1b4 c:/nxp/lpcxpresso_6.1.4_194/lpcxpresso/tools/bin/../lib/gcc/arm-none-eabi/4.6.2/../../../../arm-none-eabi/lib/armv7-m\libm.a(lib_a-e_sqrt.o)
                0x0000c01c                __ieee754_sqrt
 .text.matherr  0x0000c1d0        0x4 c:/nxp/lpcxpresso_6.1.4_194/lpcxpresso/tools/bin/../lib/gcc/arm-none-eabi/4.6.2/../../../../arm-none-eabi/lib/armv7-m\libm.a(lib_a-s_matherr.o)
                0x0000c1d0                matherr
 .text._sbrk    0x0000c1d4       0x3c c:/nxp/lpcxpresso_6.1.4_194/lpcxpresso/tools/bin/../lib/gcc/arm-none-eabi/4.6.2/../../../../arm-none-eabi/lib/armv7-m\libcr_newlib_semihost.a(_cr_sbrk.o)
                0x0000c1d4                _sbrk
 .text.do_AngelSWI
                0x0000c210       0x12 c:/nxp/lpcxpresso_6.1.4_194/lpcxpresso/tools/bin/../lib/gcc/arm-none-eabi/4.6.2/../../../../arm-none-eabi/lib/armv7-m\libcr_newlib_semihost.a(syscalls.o)
 *fill*         0x0000c222        0x2 00
 .text.initialise_monitor_handles
                0x0000c224       0x9c c:/nxp/lpcxpresso_6.1.4_194/lpcxpresso/tools/bin/../lib/gcc/arm-none-eabi/4.6.2/../../../../arm-none-eabi/lib/armv7-m\libcr_newlib_semihost.a(syscalls.o)
 .text.findslot
                0x0000c2c0       0x2c c:/nxp/lpcxpresso_6.1.4_194/lpcxpresso/tools/bin/../lib/gcc/arm-none-eabi/4.6.2/../../../../arm-none-eabi/lib/armv7-m\libcr_newlib_semihost.a(syscalls.o)
 .text.error    0x0000c2ec       0x18 c:/nxp/lpcxpresso_6.1.4_194/lpcxpresso/tools/bin/../lib/gcc/arm-none-eabi/4.6.2/../../../../arm-none-eabi/lib/armv7-m\libcr_newlib_semihost.a(syscalls.o)
 .text.checkerror
                0x0000c304        0xc c:/nxp/lpcxpresso_6.1.4_194/lpcxpresso/tools/bin/../lib/gcc/arm-none-eabi/4.6.2/../../../../arm-none-eabi/lib/armv7-m\libcr_newlib_semihost.a(syscalls.o)
 .text._swiread
                0x0000c310       0x18 c:/nxp/lpcxpresso_6.1.4_194/lpcxpresso/tools/bin/../lib/gcc/arm-none-eabi/4.6.2/../../../../arm-none-eabi/lib/armv7-m\libcr_newlib_semihost.a(syscalls.o)
                0x0000c310                _swiread
 .text._read    0x0000c328       0x36 c:/nxp/lpcxpresso_6.1.4_194/lpcxpresso/tools/bin/../lib/gcc/arm-none-eabi/4.6.2/../../../../arm-none-eabi/lib/armv7-m\libcr_newlib_semihost.a(syscalls.o)
                0x0000c328                _read
 .text._swilseek
                0x0000c35e       0x76 c:/nxp/lpcxpresso_6.1.4_194/lpcxpresso/tools/bin/../lib/gcc/arm-none-eabi/4.6.2/../../../../arm-none-eabi/lib/armv7-m\libcr_newlib_semihost.a(syscalls.o)
                0x0000c35e                _swilseek
 .text._lseek   0x0000c3d4        0x4 c:/nxp/lpcxpresso_6.1.4_194/lpcxpresso/tools/bin/../lib/gcc/arm-none-eabi/4.6.2/../../../../arm-none-eabi/lib/armv7-m\libcr_newlib_semihost.a(syscalls.o)
                0x0000c3d4                _lseek
 .text._swiwrite
                0x0000c3d8       0x18 c:/nxp/lpcxpresso_6.1.4_194/lpcxpresso/tools/bin/../lib/gcc/arm-none-eabi/4.6.2/../../../../arm-none-eabi/lib/armv7-m\libcr_newlib_semihost.a(syscalls.o)
                0x0000c3d8                _swiwrite
 .text._write   0x0000c3f0       0x46 c:/nxp/lpcxpresso_6.1.4_194/lpcxpresso/tools/bin/../lib/gcc/arm-none-eabi/4.6.2/../../../../arm-none-eabi/lib/armv7-m\libcr_newlib_semihost.a(syscalls.o)
                0x0000c3f0                _write
 .text._swiclose
                0x0000c436       0x14 c:/nxp/lpcxpresso_6.1.4_194/lpcxpresso/tools/bin/../lib/gcc/arm-none-eabi/4.6.2/../../../../arm-none-eabi/lib/armv7-m\libcr_newlib_semihost.a(syscalls.o)
                0x0000c436                _swiclose
 *fill*         0x0000c44a        0x2 00
 .text._close   0x0000c44c       0x48 c:/nxp/lpcxpresso_6.1.4_194/lpcxpresso/tools/bin/../lib/gcc/arm-none-eabi/4.6.2/../../../../arm-none-eabi/lib/armv7-m\libcr_newlib_semihost.a(syscalls.o)
                0x0000c44c                _close
 .text._swistat
                0x0000c494       0x3e c:/nxp/lpcxpresso_6.1.4_194/lpcxpresso/tools/bin/../lib/gcc/arm-none-eabi/4.6.2/../../../../arm-none-eabi/lib/armv7-m\libcr_newlib_semihost.a(syscalls.o)
                0x0000c494                _swistat
 .text._fstat   0x0000c4d2       0x1c c:/nxp/lpcxpresso_6.1.4_194/lpcxpresso/tools/bin/../lib/gcc/arm-none-eabi/4.6.2/../../../../arm-none-eabi/lib/armv7-m\libcr_newlib_semihost.a(syscalls.o)
                0x0000c4d2                _fstat
 .text._isatty  0x0000c4ee       0x26 c:/nxp/lpcxpresso_6.1.4_194/lpcxpresso/tools/bin/../lib/gcc/arm-none-eabi/4.6.2/../../../../arm-none-eabi/lib/armv7-m\libcr_newlib_semihost.a(syscalls.o)
                0x0000c4ee                _isatty
 .text.__check_heap_overflow
                0x0000c514       0x2c c:/nxp/lpcxpresso_6.1.4_194/lpcxpresso/tools/bin/../lib/gcc/arm-none-eabi/4.6.2/../../../../arm-none-eabi/lib/armv7-m\libcr_newlib_semihost.a(_cr_check_heap.o)
                0x0000c514                __check_heap_overflow
 .text.__errno  0x0000c540        0xc c:/nxp/lpcxpresso_6.1.4_194/lpcxpresso/tools/bin/../lib/gcc/arm-none-eabi/4.6.2/../../../../arm-none-eabi/lib/armv7-m\libc.a(lib_a-errno.o)
                0x0000c540                __errno
 *(.rodata .rodata.* .constdata .constdata.*)
 *fill*         0x0000c54c        0x4 00
 .rodata        0x0000c550      0x280 ./src/main.o
 .rodata        0x0000c7d0        0x8 D:\Dropbox\Dropbox\NUS Modules\EE2028_EE2024\Assignments\Assignment 2\Assignment 2 Workspace\Lib_EaBaseBoard\Debug\libLib_EaBaseBoard.a(oled.o)
 .rodata        0x0000c7d8      0x300 D:\Dropbox\Dropbox\NUS Modules\EE2028_EE2024\Assignments\Assignment 2\Assignment 2 Workspace\Lib_EaBaseBoard\Debug\libLib_EaBaseBoard.a(font5x7.o)
                0x0000c7d8                font5x7
 .rodata        0x0000cad8       0x18 D:\Dropbox\Dropbox\NUS Modules\EE2028_EE2024\Assignments\Assignment 2\Assignment 2 Workspace\Lib_MCU\Debug\libLib_MCU.a(lpc17xx_i2c.o)
 .rodata        0x0000caf0       0x18 D:\Dropbox\Dropbox\NUS Modules\EE2028_EE2024\Assignments\Assignment 2\Assignment 2 Workspace\Lib_MCU\Debug\libLib_MCU.a(lpc17xx_ssp.o)
 .rodata        0x0000cb08       0x18 D:\Dropbox\Dropbox\NUS Modules\EE2028_EE2024\Assignments\Assignment 2\Assignment 2 Workspace\Lib_MCU\Debug\libLib_MCU.a(lpc17xx_uart.o)
 .rodata.zeroes.6590
                0x0000cb20       0x10 c:/nxp/lpcxpresso_6.1.4_194/lpcxpresso/tools/bin/../lib/gcc/arm-none-eabi/4.6.2/../../../../arm-none-eabi/lib/armv7-m\libc.a(lib_a-svfprintf.o)
 .rodata.str1.4
                0x0000cb30       0x42 c:/nxp/lpcxpresso_6.1.4_194/lpcxpresso/tools/bin/../lib/gcc/arm-none-eabi/4.6.2/../../../../arm-none-eabi/lib/armv7-m\libc.a(lib_a-svfprintf.o)
                                 0x44 (size before relaxing)
 *fill*         0x0000cb72        0x2 00
 .rodata.blanks.6589
                0x0000cb74       0x10 c:/nxp/lpcxpresso_6.1.4_194/lpcxpresso/tools/bin/../lib/gcc/arm-none-eabi/4.6.2/../../../../arm-none-eabi/lib/armv7-m\libc.a(lib_a-svfprintf.o)
 .rodata.zeroes.6605
                0x0000cb84       0x10 c:/nxp/lpcxpresso_6.1.4_194/lpcxpresso/tools/bin/../lib/gcc/arm-none-eabi/4.6.2/../../../../arm-none-eabi/lib/armv7-m\libc.a(lib_a-vfprintf.o)
 .rodata.str1.4
                0x00000000       0x44 c:/nxp/lpcxpresso_6.1.4_194/lpcxpresso/tools/bin/../lib/gcc/arm-none-eabi/4.6.2/../../../../arm-none-eabi/lib/armv7-m\libc.a(lib_a-vfprintf.o)
 .rodata.blanks.6604
                0x0000cb94       0x10 c:/nxp/lpcxpresso_6.1.4_194/lpcxpresso/tools/bin/../lib/gcc/arm-none-eabi/4.6.2/../../../../arm-none-eabi/lib/armv7-m\libc.a(lib_a-vfprintf.o)
 .rodata.str1.4
                0x0000cba4       0x10 c:/nxp/lpcxpresso_6.1.4_194/lpcxpresso/tools/bin/../lib/gcc/arm-none-eabi/4.6.2/../../../../arm-none-eabi/lib/armv7-m\libc.a(lib_a-dtoa.o)
                                 0x14 (size before relaxing)
 .rodata.str1.4
                0x0000cbb4        0x2 c:/nxp/lpcxpresso_6.1.4_194/lpcxpresso/tools/bin/../lib/gcc/arm-none-eabi/4.6.2/../../../../arm-none-eabi/lib/armv7-m\libc.a(lib_a-impure.o)
                                  0x4 (size before relaxing)
 *fill*         0x0000cbb6        0x2 00
 .rodata.str1.4
                0x0000cbb8        0xa c:/nxp/lpcxpresso_6.1.4_194/lpcxpresso/tools/bin/../lib/gcc/arm-none-eabi/4.6.2/../../../../arm-none-eabi/lib/armv7-m\libc.a(lib_a-locale.o)
                                 0x14 (size before relaxing)
 *fill*         0x0000cbc2        0x6 00
 .rodata.__mprec_tens
                0x0000cbc8       0xc8 c:/nxp/lpcxpresso_6.1.4_194/lpcxpresso/tools/bin/../lib/gcc/arm-none-eabi/4.6.2/../../../../arm-none-eabi/lib/armv7-m\libc.a(lib_a-mprec.o)
                0x0000cbc8                __mprec_tens
 .rodata.__mprec_bigtens
                0x0000cc90       0x28 c:/nxp/lpcxpresso_6.1.4_194/lpcxpresso/tools/bin/../lib/gcc/arm-none-eabi/4.6.2/../../../../arm-none-eabi/lib/armv7-m\libc.a(lib_a-mprec.o)
                0x0000cc90                __mprec_bigtens
 .rodata.p05.5111
                0x0000ccb8        0xc c:/nxp/lpcxpresso_6.1.4_194/lpcxpresso/tools/bin/../lib/gcc/arm-none-eabi/4.6.2/../../../../arm-none-eabi/lib/armv7-m\libc.a(lib_a-mprec.o)
 .rodata.str1.4
                0x0000ccc4        0x8 c:/nxp/lpcxpresso_6.1.4_194/lpcxpresso/tools/bin/../lib/gcc/arm-none-eabi/4.6.2/../../../../arm-none-eabi/lib/armv7-m\libm.a(lib_a-w_sqrt.o)
 .rodata.str1.1
                0x0000cccc        0x4 c:/nxp/lpcxpresso_6.1.4_194/lpcxpresso/tools/bin/../lib/gcc/arm-none-eabi/4.6.2/../../../../arm-none-eabi/lib/armv7-m\libcr_newlib_semihost.a(syscalls.o)
                0x0000ccd0                . = ALIGN (0x4)

.glue_7         0x0000ccd0        0x0
 .glue_7        0x00000000        0x0 linker stubs

.glue_7t        0x0000ccd0        0x0
 .glue_7t       0x00000000        0x0 linker stubs

.vfp11_veneer   0x0000ccd0        0x0
 .vfp11_veneer  0x00000000        0x0 linker stubs

.v4_bx          0x0000ccd0        0x0
 .v4_bx         0x00000000        0x0 linker stubs

.ARM.extab
 *(.ARM.extab* .gnu.linkonce.armextab.*)
                0x0000ccd0                __exidx_start = .

.ARM.exidx      0x0000ccd0        0x8
 *(.ARM.exidx* .gnu.linkonce.armexidx.*)
 .ARM.exidx     0x0000ccd0        0x8 c:/nxp/lpcxpresso_6.1.4_194/lpcxpresso/tools/bin/../lib/gcc/arm-none-eabi/4.6.2/armv7-m\libgcc.a(_divdi3.o)
 .ARM.exidx     0x0000ccd8        0x0 c:/nxp/lpcxpresso_6.1.4_194/lpcxpresso/tools/bin/../lib/gcc/arm-none-eabi/4.6.2/armv7-m\libgcc.a(_udivdi3.o)
                                  0x8 (size before relaxing)
                0x0000ccd8                __exidx_end = .
                0x0000ccd8                _etext = .

.data_RAM2      0x2007c000        0x0 load address 0x0000ccd8
 FILL mask 0xff
 *(.data.$RAM2*)
 *(.data.$RamAHB32*)
                0x2007c000                . = ALIGN (0x4)

.uninit_RESERVED
                0x10000000        0x0
 *(.bss.$RESERVED*)
                0x10000000                . = ALIGN (0x4)
                0x10000000                _end_uninit_RESERVED = .

.data           0x10000000      0x958 load address 0x0000ccd8
 FILL mask 0xff
                0x10000000                _data = .
 *(vtable)
 *(.data*)
 .data          0x10000000       0x5c ./src/main.o
                0x10000000                sensor_refresh_ticks
                0x10000004                SevenSegFlag
                0x10000005                dir
                0x10000006                btn1
                0x10000050                saued
                0x10000056                restnow_OLED_line
                0x10000057                dim_OLED_line
 .data          0x1000005c        0x4 D:\Dropbox\Dropbox\NUS Modules\EE2028_EE2024\Assignments\Assignment 2\Assignment 2 Workspace\Lib_CMSISv1p30_LPC17xx\Debug\libCMSISv1p30_LPC17xx.a(system_LPC17xx.o)
                0x1000005c                SystemCoreClock
 .data          0x10000060       0x50 D:\Dropbox\Dropbox\NUS Modules\EE2028_EE2024\Assignments\Assignment 2\Assignment 2 Workspace\Lib_EaBaseBoard\Debug\libLib_EaBaseBoard.a(led7seg.o)
 .data          0x100000b0        0x8 D:\Dropbox\Dropbox\NUS Modules\EE2028_EE2024\Assignments\Assignment 2\Assignment 2 Workspace\Lib_EaBaseBoard\Debug\libLib_EaBaseBoard.a(light.o)
 .data.impure_data
                0x100000b8      0x428 c:/nxp/lpcxpresso_6.1.4_194/lpcxpresso/tools/bin/../lib/gcc/arm-none-eabi/4.6.2/../../../../arm-none-eabi/lib/armv7-m\libc.a(lib_a-impure.o)
 .data._impure_ptr
                0x100004e0        0x4 c:/nxp/lpcxpresso_6.1.4_194/lpcxpresso/tools/bin/../lib/gcc/arm-none-eabi/4.6.2/../../../../arm-none-eabi/lib/armv7-m\libc.a(lib_a-impure.o)
                0x100004e0                _impure_ptr
 .data.lconv    0x100004e4       0x38 c:/nxp/lpcxpresso_6.1.4_194/lpcxpresso/tools/bin/../lib/gcc/arm-none-eabi/4.6.2/../../../../arm-none-eabi/lib/armv7-m\libc.a(lib_a-locale.o)
 .data.lc_ctype_charset
                0x1000051c       0x20 c:/nxp/lpcxpresso_6.1.4_194/lpcxpresso/tools/bin/../lib/gcc/arm-none-eabi/4.6.2/../../../../arm-none-eabi/lib/armv7-m\libc.a(lib_a-locale.o)
 .data.__mb_cur_max
                0x1000053c        0x4 c:/nxp/lpcxpresso_6.1.4_194/lpcxpresso/tools/bin/../lib/gcc/arm-none-eabi/4.6.2/../../../../arm-none-eabi/lib/armv7-m\libc.a(lib_a-locale.o)
                0x1000053c                __mb_cur_max
 .data.__malloc_av_
                0x10000540      0x408 c:/nxp/lpcxpresso_6.1.4_194/lpcxpresso/tools/bin/../lib/gcc/arm-none-eabi/4.6.2/../../../../arm-none-eabi/lib/armv7-m\libc.a(lib_a-mallocr.o)
                0x10000540                __malloc_av_
 .data.__malloc_trim_threshold
                0x10000948        0x4 c:/nxp/lpcxpresso_6.1.4_194/lpcxpresso/tools/bin/../lib/gcc/arm-none-eabi/4.6.2/../../../../arm-none-eabi/lib/armv7-m\libc.a(lib_a-mallocr.o)
                0x10000948                __malloc_trim_threshold
 .data.__malloc_sbrk_base
                0x1000094c        0x4 c:/nxp/lpcxpresso_6.1.4_194/lpcxpresso/tools/bin/../lib/gcc/arm-none-eabi/4.6.2/../../../../arm-none-eabi/lib/armv7-m\libc.a(lib_a-mallocr.o)
                0x1000094c                __malloc_sbrk_base
 .data.__wctomb
                0x10000950        0x4 c:/nxp/lpcxpresso_6.1.4_194/lpcxpresso/tools/bin/../lib/gcc/arm-none-eabi/4.6.2/../../../../arm-none-eabi/lib/armv7-m\libc.a(lib_a-wctomb_r.o)
                0x10000950                __wctomb
 .data.__fdlib_version
                0x10000954        0x1 c:/nxp/lpcxpresso_6.1.4_194/lpcxpresso/tools/bin/../lib/gcc/arm-none-eabi/4.6.2/../../../../arm-none-eabi/lib/armv7-m\libm.a(lib_a-s_lib_ver.o)
                0x10000954                __fdlib_version
                0x10000958                . = ALIGN (0x4)
 *fill*         0x10000955        0x3 ff
                0x10000958                _edata = .

.bss_RAM2       0x2007c000        0x0
 *(.bss.$RAM2*)
 *(.bss.$RamAHB32*)
                0x2007c000                . = ALIGN (0x4)

.bss            0x10000958      0x488
                0x10000958                _bss = .
 *(.bss*)
 .bss           0x10000958       0x40 ./src/main.o
                0x10000958                state
                0x1000095c                msTicks
                0x10000960                getTicks
                0x10000964                msFlag
                0x10000965                RGB_FLAG
                0x10000968                tempvalue
                0x1000096c                countdown_flag
                0x10000970                xoff
                0x10000974                yoff
                0x10000978                zoff
                0x1000097c                x
                0x1000097d                y
                0x1000097e                z
                0x10000980                net_acc
                0x10000984                wait
                0x10000985                joyState
                0x10000988                saved_count
                0x1000098c                temp_flag
                0x1000098d                restnow_printed
 .bss           0x10000998      0x300 D:\Dropbox\Dropbox\NUS Modules\EE2028_EE2024\Assignments\Assignment 2\Assignment 2 Workspace\Lib_EaBaseBoard\Debug\libLib_EaBaseBoard.a(oled.o)
 .bss           0x10000c98        0x6 D:\Dropbox\Dropbox\NUS Modules\EE2028_EE2024\Assignments\Assignment 2\Assignment 2 Workspace\Lib_EaBaseBoard\Debug\libLib_EaBaseBoard.a(pca9532.o)
 *fill*         0x10000c9e        0x2 00
 .bss           0x10000ca0        0x4 D:\Dropbox\Dropbox\NUS Modules\EE2028_EE2024\Assignments\Assignment 2\Assignment 2 Workspace\Lib_EaBaseBoard\Debug\libLib_EaBaseBoard.a(temp.o)
 .bss           0x10000ca4       0x24 D:\Dropbox\Dropbox\NUS Modules\EE2028_EE2024\Assignments\Assignment 2\Assignment 2 Workspace\Lib_MCU\Debug\libLib_MCU.a(lpc17xx_i2c.o)
 .bss           0x10000cc8       0x18 D:\Dropbox\Dropbox\NUS Modules\EE2028_EE2024\Assignments\Assignment 2\Assignment 2 Workspace\Lib_MCU\Debug\libLib_MCU.a(lpc17xx_ssp.o)
 .bss           0x10000ce0       0x44 D:\Dropbox\Dropbox\NUS Modules\EE2028_EE2024\Assignments\Assignment 2\Assignment 2 Workspace\Lib_MCU\Debug\libLib_MCU.a(lpc17xx_uart.o)
                0x10000ce0                uartCbsDat
                0x10000d20                pfnModemCbs
 .bss.__malloc_max_total_mem
                0x10000d24        0x4 c:/nxp/lpcxpresso_6.1.4_194/lpcxpresso/tools/bin/../lib/gcc/arm-none-eabi/4.6.2/../../../../arm-none-eabi/lib/armv7-m\libc.a(lib_a-mallocr.o)
                0x10000d24                __malloc_max_total_mem
 .bss.__malloc_max_sbrked_mem
                0x10000d28        0x4 c:/nxp/lpcxpresso_6.1.4_194/lpcxpresso/tools/bin/../lib/gcc/arm-none-eabi/4.6.2/../../../../arm-none-eabi/lib/armv7-m\libc.a(lib_a-mallocr.o)
                0x10000d28                __malloc_max_sbrked_mem
 .bss.__malloc_top_pad
                0x10000d2c        0x4 c:/nxp/lpcxpresso_6.1.4_194/lpcxpresso/tools/bin/../lib/gcc/arm-none-eabi/4.6.2/../../../../arm-none-eabi/lib/armv7-m\libc.a(lib_a-mallocr.o)
                0x10000d2c                __malloc_top_pad
 .bss.__malloc_current_mallinfo
                0x10000d30       0x28 c:/nxp/lpcxpresso_6.1.4_194/lpcxpresso/tools/bin/../lib/gcc/arm-none-eabi/4.6.2/../../../../arm-none-eabi/lib/armv7-m\libc.a(lib_a-mallocr.o)
                0x10000d30                __malloc_current_mallinfo
 .bss.monitor_stdout
                0x10000d58        0x4 c:/nxp/lpcxpresso_6.1.4_194/lpcxpresso/tools/bin/../lib/gcc/arm-none-eabi/4.6.2/../../../../arm-none-eabi/lib/armv7-m\libcr_newlib_semihost.a(syscalls.o)
 .bss.monitor_stdin
                0x10000d5c        0x4 c:/nxp/lpcxpresso_6.1.4_194/lpcxpresso/tools/bin/../lib/gcc/arm-none-eabi/4.6.2/../../../../arm-none-eabi/lib/armv7-m\libcr_newlib_semihost.a(syscalls.o)
 .bss.initialized.2429
                0x10000d60        0x4 c:/nxp/lpcxpresso_6.1.4_194/lpcxpresso/tools/bin/../lib/gcc/arm-none-eabi/4.6.2/../../../../arm-none-eabi/lib/armv7-m\libcr_newlib_semihost.a(syscalls.o)
 .bss.monitor_stderr
                0x10000d64        0x4 c:/nxp/lpcxpresso_6.1.4_194/lpcxpresso/tools/bin/../lib/gcc/arm-none-eabi/4.6.2/../../../../arm-none-eabi/lib/armv7-m\libcr_newlib_semihost.a(syscalls.o)
 .bss.openfiles
                0x10000d68       0x28 c:/nxp/lpcxpresso_6.1.4_194/lpcxpresso/tools/bin/../lib/gcc/arm-none-eabi/4.6.2/../../../../arm-none-eabi/lib/armv7-m\libcr_newlib_semihost.a(syscalls.o)
 *(COMMON)
 COMMON         0x10000d90       0x48 ./src/main.o
                0x10000d90                prev_countdown_ticks
                0x10000d94                uart_ticks
                0x10000d98                luminI
                0x10000d9c                prev_blink_blue_ticks
                0x10000da0                prev_temp_ticks
                0x10000da4                emer_dur
                0x10000da8                emer_start_ticks
                0x10000dac                prev_saved_ticks
                0x10000db0                prev_alternateled_ticks
                0x10000db4                temp_string
                0x10000dd4                sensor_ticks
 COMMON         0x10000dd8        0x4 c:/nxp/lpcxpresso_6.1.4_194/lpcxpresso/tools/bin/../lib/gcc/arm-none-eabi/4.6.2/../../../../arm-none-eabi/lib/armv7-m\libc.a(lib_a-reent.o)
                0x10000dd8                errno
 COMMON         0x10000ddc        0x4 c:/nxp/lpcxpresso_6.1.4_194/lpcxpresso/tools/bin/../lib/gcc/arm-none-eabi/4.6.2/../../../../arm-none-eabi/lib/armv7-m\libcr_newlib_semihost.a(_cr_sbrk.o)
                0x10000ddc                __end_of_heap
                0x10000de0                . = ALIGN (0x4)
                0x10000de0                _ebss = .
                0x10000de0                PROVIDE (end, .)

.noinit_RAM2    0x2007c000        0x0
 *(.noinit.$RAM2*)
 *(.noinit.$RamAHB32*)
                0x2007c000                . = ALIGN (0x4)

.noinit         0x10000de0        0x0
                0x10000de0                _noinit = .
 *(.noinit*)
                0x10000de0                . = ALIGN (0x4)
                0x10000de0                _end_noinit = .
                0x10000de0                PROVIDE (_pvHeapStart, .)
                0x10008000                PROVIDE (_vStackTop, (__top_RamLoc32 - 0x0))
OUTPUT(demo.axf elf32-littlearm)

.debug_info     0x00000000     0x9676
 .debug_info    0x00000000      0x209 ./src/cr_startup_lpc17.o
 .debug_info    0x00000209     0x176e ./src/main.o
 .debug_info    0x00001977      0x357 D:\Dropbox\Dropbox\NUS Modules\EE2028_EE2024\Assignments\Assignment 2\Assignment 2 Workspace\Lib_CMSISv1p30_LPC17xx\Debug\libCMSISv1p30_LPC17xx.a(system_LPC17xx.o)
 .debug_info    0x00001cce      0x53d D:\Dropbox\Dropbox\NUS Modules\EE2028_EE2024\Assignments\Assignment 2\Assignment 2 Workspace\Lib_EaBaseBoard\Debug\libLib_EaBaseBoard.a(acc.o)
 .debug_info    0x0000220b      0x10f D:\Dropbox\Dropbox\NUS Modules\EE2028_EE2024\Assignments\Assignment 2\Assignment 2 Workspace\Lib_EaBaseBoard\Debug\libLib_EaBaseBoard.a(joystick.o)
 .debug_info    0x0000231a      0x282 D:\Dropbox\Dropbox\NUS Modules\EE2028_EE2024\Assignments\Assignment 2\Assignment 2 Workspace\Lib_EaBaseBoard\Debug\libLib_EaBaseBoard.a(led7seg.o)
 .debug_info    0x0000259c      0x763 D:\Dropbox\Dropbox\NUS Modules\EE2028_EE2024\Assignments\Assignment 2\Assignment 2 Workspace\Lib_EaBaseBoard\Debug\libLib_EaBaseBoard.a(light.o)
 .debug_info    0x00002cff      0x97d D:\Dropbox\Dropbox\NUS Modules\EE2028_EE2024\Assignments\Assignment 2\Assignment 2 Workspace\Lib_EaBaseBoard\Debug\libLib_EaBaseBoard.a(oled.o)
 .debug_info    0x0000367c      0x642 D:\Dropbox\Dropbox\NUS Modules\EE2028_EE2024\Assignments\Assignment 2\Assignment 2 Workspace\Lib_EaBaseBoard\Debug\libLib_EaBaseBoard.a(pca9532.o)
 .debug_info    0x00003cbe       0xe4 D:\Dropbox\Dropbox\NUS Modules\EE2028_EE2024\Assignments\Assignment 2\Assignment 2 Workspace\Lib_EaBaseBoard\Debug\libLib_EaBaseBoard.a(rgb.o)
 .debug_info    0x00003da2      0x154 D:\Dropbox\Dropbox\NUS Modules\EE2028_EE2024\Assignments\Assignment 2\Assignment 2 Workspace\Lib_EaBaseBoard\Debug\libLib_EaBaseBoard.a(temp.o)
 .debug_info    0x00003ef6       0x65 D:\Dropbox\Dropbox\NUS Modules\EE2028_EE2024\Assignments\Assignment 2\Assignment 2 Workspace\Lib_EaBaseBoard\Debug\libLib_EaBaseBoard.a(font5x7.o)
 .debug_info    0x00003f5b      0xb95 D:\Dropbox\Dropbox\NUS Modules\EE2028_EE2024\Assignments\Assignment 2\Assignment 2 Workspace\Lib_MCU\Debug\libLib_MCU.a(lpc17xx_gpio.o)
 .debug_info    0x00004af0      0xcc3 D:\Dropbox\Dropbox\NUS Modules\EE2028_EE2024\Assignments\Assignment 2\Assignment 2 Workspace\Lib_MCU\Debug\libLib_MCU.a(lpc17xx_i2c.o)
 .debug_info    0x000057b3      0x4b1 D:\Dropbox\Dropbox\NUS Modules\EE2028_EE2024\Assignments\Assignment 2\Assignment 2 Workspace\Lib_MCU\Debug\libLib_MCU.a(lpc17xx_pinsel.o)
 .debug_info    0x00005c64      0x867 D:\Dropbox\Dropbox\NUS Modules\EE2028_EE2024\Assignments\Assignment 2\Assignment 2 Workspace\Lib_MCU\Debug\libLib_MCU.a(lpc17xx_ssp.o)
 .debug_info    0x000064cb      0x8e4 D:\Dropbox\Dropbox\NUS Modules\EE2028_EE2024\Assignments\Assignment 2\Assignment 2 Workspace\Lib_MCU\Debug\libLib_MCU.a(lpc17xx_timer.o)
 .debug_info    0x00006daf     0x14df D:\Dropbox\Dropbox\NUS Modules\EE2028_EE2024\Assignments\Assignment 2\Assignment 2 Workspace\Lib_MCU\Debug\libLib_MCU.a(lpc17xx_uart.o)
 .debug_info    0x0000828e      0x641 D:\Dropbox\Dropbox\NUS Modules\EE2028_EE2024\Assignments\Assignment 2\Assignment 2 Workspace\Lib_MCU\Debug\libLib_MCU.a(lpc17xx_clkpwr.o)
 .debug_info    0x000088cf      0x106 c:/nxp/lpcxpresso_6.1.4_194/lpcxpresso/tools/bin/../lib/gcc/arm-none-eabi/4.6.2/../../../../arm-none-eabi/lib/armv7-m\libcr_newlib_semihost.a(_cr_sbrk.o)
 .debug_info    0x000089d5      0xbec c:/nxp/lpcxpresso_6.1.4_194/lpcxpresso/tools/bin/../lib/gcc/arm-none-eabi/4.6.2/../../../../arm-none-eabi/lib/armv7-m\libcr_newlib_semihost.a(syscalls.o)
 .debug_info    0x000095c1       0xb5 c:/nxp/lpcxpresso_6.1.4_194/lpcxpresso/tools/bin/../lib/gcc/arm-none-eabi/4.6.2/../../../../arm-none-eabi/lib/armv7-m\libcr_newlib_semihost.a(_cr_check_heap.o)

.debug_abbrev   0x00000000     0x1e8b
 .debug_abbrev  0x00000000       0xb4 ./src/cr_startup_lpc17.o
 .debug_abbrev  0x000000b4      0x324 ./src/main.o
 .debug_abbrev  0x000003d8       0xce D:\Dropbox\Dropbox\NUS Modules\EE2028_EE2024\Assignments\Assignment 2\Assignment 2 Workspace\Lib_CMSISv1p30_LPC17xx\Debug\libCMSISv1p30_LPC17xx.a(system_LPC17xx.o)
 .debug_abbrev  0x000004a6      0x15c D:\Dropbox\Dropbox\NUS Modules\EE2028_EE2024\Assignments\Assignment 2\Assignment 2 Workspace\Lib_EaBaseBoard\Debug\libLib_EaBaseBoard.a(acc.o)
 .debug_abbrev  0x00000602       0x90 D:\Dropbox\Dropbox\NUS Modules\EE2028_EE2024\Assignments\Assignment 2\Assignment 2 Workspace\Lib_EaBaseBoard\Debug\libLib_EaBaseBoard.a(joystick.o)
 .debug_abbrev  0x00000692      0x155 D:\Dropbox\Dropbox\NUS Modules\EE2028_EE2024\Assignments\Assignment 2\Assignment 2 Workspace\Lib_EaBaseBoard\Debug\libLib_EaBaseBoard.a(led7seg.o)
 .debug_abbrev  0x000007e7      0x1bd D:\Dropbox\Dropbox\NUS Modules\EE2028_EE2024\Assignments\Assignment 2\Assignment 2 Workspace\Lib_EaBaseBoard\Debug\libLib_EaBaseBoard.a(light.o)
 .debug_abbrev  0x000009a4      0x1f1 D:\Dropbox\Dropbox\NUS Modules\EE2028_EE2024\Assignments\Assignment 2\Assignment 2 Workspace\Lib_EaBaseBoard\Debug\libLib_EaBaseBoard.a(oled.o)
 .debug_abbrev  0x00000b95      0x1aa D:\Dropbox\Dropbox\NUS Modules\EE2028_EE2024\Assignments\Assignment 2\Assignment 2 Workspace\Lib_EaBaseBoard\Debug\libLib_EaBaseBoard.a(pca9532.o)
 .debug_abbrev  0x00000d3f       0x8e D:\Dropbox\Dropbox\NUS Modules\EE2028_EE2024\Assignments\Assignment 2\Assignment 2 Workspace\Lib_EaBaseBoard\Debug\libLib_EaBaseBoard.a(rgb.o)
 .debug_abbrev  0x00000dcd       0xc2 D:\Dropbox\Dropbox\NUS Modules\EE2028_EE2024\Assignments\Assignment 2\Assignment 2 Workspace\Lib_EaBaseBoard\Debug\libLib_EaBaseBoard.a(temp.o)
 .debug_abbrev  0x00000e8f       0x4b D:\Dropbox\Dropbox\NUS Modules\EE2028_EE2024\Assignments\Assignment 2\Assignment 2 Workspace\Lib_EaBaseBoard\Debug\libLib_EaBaseBoard.a(font5x7.o)
 .debug_abbrev  0x00000eda      0x185 D:\Dropbox\Dropbox\NUS Modules\EE2028_EE2024\Assignments\Assignment 2\Assignment 2 Workspace\Lib_MCU\Debug\libLib_MCU.a(lpc17xx_gpio.o)
 .debug_abbrev  0x0000105f      0x24a D:\Dropbox\Dropbox\NUS Modules\EE2028_EE2024\Assignments\Assignment 2\Assignment 2 Workspace\Lib_MCU\Debug\libLib_MCU.a(lpc17xx_i2c.o)
 .debug_abbrev  0x000012a9      0x10a D:\Dropbox\Dropbox\NUS Modules\EE2028_EE2024\Assignments\Assignment 2\Assignment 2 Workspace\Lib_MCU\Debug\libLib_MCU.a(lpc17xx_pinsel.o)
 .debug_abbrev  0x000013b3      0x1d3 D:\Dropbox\Dropbox\NUS Modules\EE2028_EE2024\Assignments\Assignment 2\Assignment 2 Workspace\Lib_MCU\Debug\libLib_MCU.a(lpc17xx_ssp.o)
 .debug_abbrev  0x00001586      0x19f D:\Dropbox\Dropbox\NUS Modules\EE2028_EE2024\Assignments\Assignment 2\Assignment 2 Workspace\Lib_MCU\Debug\libLib_MCU.a(lpc17xx_timer.o)
 .debug_abbrev  0x00001725      0x259 D:\Dropbox\Dropbox\NUS Modules\EE2028_EE2024\Assignments\Assignment 2\Assignment 2 Workspace\Lib_MCU\Debug\libLib_MCU.a(lpc17xx_uart.o)
 .debug_abbrev  0x0000197e      0x174 D:\Dropbox\Dropbox\NUS Modules\EE2028_EE2024\Assignments\Assignment 2\Assignment 2 Workspace\Lib_MCU\Debug\libLib_MCU.a(lpc17xx_clkpwr.o)
 .debug_abbrev  0x00001af2       0xa8 c:/nxp/lpcxpresso_6.1.4_194/lpcxpresso/tools/bin/../lib/gcc/arm-none-eabi/4.6.2/../../../../arm-none-eabi/lib/armv7-m\libcr_newlib_semihost.a(_cr_sbrk.o)
 .debug_abbrev  0x00001b9a      0x27f c:/nxp/lpcxpresso_6.1.4_194/lpcxpresso/tools/bin/../lib/gcc/arm-none-eabi/4.6.2/../../../../arm-none-eabi/lib/armv7-m\libcr_newlib_semihost.a(syscalls.o)
 .debug_abbrev  0x00001e19       0x72 c:/nxp/lpcxpresso_6.1.4_194/lpcxpresso/tools/bin/../lib/gcc/arm-none-eabi/4.6.2/../../../../arm-none-eabi/lib/armv7-m\libcr_newlib_semihost.a(_cr_check_heap.o)

.debug_loc      0x00000000     0x3e6e
 .debug_loc     0x00000000      0x1f0 ./src/cr_startup_lpc17.o
 .debug_loc     0x000001f0      0x7f8 ./src/main.o
 .debug_loc     0x000009e8       0x58 D:\Dropbox\Dropbox\NUS Modules\EE2028_EE2024\Assignments\Assignment 2\Assignment 2 Workspace\Lib_CMSISv1p30_LPC17xx\Debug\libCMSISv1p30_LPC17xx.a(system_LPC17xx.o)
 .debug_loc     0x00000a40      0x1f0 D:\Dropbox\Dropbox\NUS Modules\EE2028_EE2024\Assignments\Assignment 2\Assignment 2 Workspace\Lib_EaBaseBoard\Debug\libLib_EaBaseBoard.a(acc.o)
 .debug_loc     0x00000c30       0x64 D:\Dropbox\Dropbox\NUS Modules\EE2028_EE2024\Assignments\Assignment 2\Assignment 2 Workspace\Lib_EaBaseBoard\Debug\libLib_EaBaseBoard.a(joystick.o)
 .debug_loc     0x00000c94       0x64 D:\Dropbox\Dropbox\NUS Modules\EE2028_EE2024\Assignments\Assignment 2\Assignment 2 Workspace\Lib_EaBaseBoard\Debug\libLib_EaBaseBoard.a(led7seg.o)
 .debug_loc     0x00000cf8      0x378 D:\Dropbox\Dropbox\NUS Modules\EE2028_EE2024\Assignments\Assignment 2\Assignment 2 Workspace\Lib_EaBaseBoard\Debug\libLib_EaBaseBoard.a(light.o)
 .debug_loc     0x00001070      0x33e D:\Dropbox\Dropbox\NUS Modules\EE2028_EE2024\Assignments\Assignment 2\Assignment 2 Workspace\Lib_EaBaseBoard\Debug\libLib_EaBaseBoard.a(oled.o)
 .debug_loc     0x000013ae      0x2d0 D:\Dropbox\Dropbox\NUS Modules\EE2028_EE2024\Assignments\Assignment 2\Assignment 2 Workspace\Lib_EaBaseBoard\Debug\libLib_EaBaseBoard.a(pca9532.o)
 .debug_loc     0x0000167e       0x64 D:\Dropbox\Dropbox\NUS Modules\EE2028_EE2024\Assignments\Assignment 2\Assignment 2 Workspace\Lib_EaBaseBoard\Debug\libLib_EaBaseBoard.a(rgb.o)
 .debug_loc     0x000016e2       0x70 D:\Dropbox\Dropbox\NUS Modules\EE2028_EE2024\Assignments\Assignment 2\Assignment 2 Workspace\Lib_EaBaseBoard\Debug\libLib_EaBaseBoard.a(temp.o)
 .debug_loc     0x00001752      0x4d0 D:\Dropbox\Dropbox\NUS Modules\EE2028_EE2024\Assignments\Assignment 2\Assignment 2 Workspace\Lib_MCU\Debug\libLib_MCU.a(lpc17xx_gpio.o)
 .debug_loc     0x00001c22      0x4e4 D:\Dropbox\Dropbox\NUS Modules\EE2028_EE2024\Assignments\Assignment 2\Assignment 2 Workspace\Lib_MCU\Debug\libLib_MCU.a(lpc17xx_i2c.o)
 .debug_loc     0x00002106      0x150 D:\Dropbox\Dropbox\NUS Modules\EE2028_EE2024\Assignments\Assignment 2\Assignment 2 Workspace\Lib_MCU\Debug\libLib_MCU.a(lpc17xx_pinsel.o)
 .debug_loc     0x00002256      0x448 D:\Dropbox\Dropbox\NUS Modules\EE2028_EE2024\Assignments\Assignment 2\Assignment 2 Workspace\Lib_MCU\Debug\libLib_MCU.a(lpc17xx_ssp.o)
 .debug_loc     0x0000269e      0x3b8 D:\Dropbox\Dropbox\NUS Modules\EE2028_EE2024\Assignments\Assignment 2\Assignment 2 Workspace\Lib_MCU\Debug\libLib_MCU.a(lpc17xx_timer.o)
 .debug_loc     0x00002a56      0x77a D:\Dropbox\Dropbox\NUS Modules\EE2028_EE2024\Assignments\Assignment 2\Assignment 2 Workspace\Lib_MCU\Debug\libLib_MCU.a(lpc17xx_uart.o)
 .debug_loc     0x000031d0      0x1bc D:\Dropbox\Dropbox\NUS Modules\EE2028_EE2024\Assignments\Assignment 2\Assignment 2 Workspace\Lib_MCU\Debug\libLib_MCU.a(lpc17xx_clkpwr.o)
 .debug_loc     0x0000338c       0x55 c:/nxp/lpcxpresso_6.1.4_194/lpcxpresso/tools/bin/../lib/gcc/arm-none-eabi/4.6.2/../../../../arm-none-eabi/lib/armv7-m\libcr_newlib_semihost.a(_cr_sbrk.o)
 .debug_loc     0x000033e1      0xa64 c:/nxp/lpcxpresso_6.1.4_194/lpcxpresso/tools/bin/../lib/gcc/arm-none-eabi/4.6.2/../../../../arm-none-eabi/lib/armv7-m\libcr_newlib_semihost.a(syscalls.o)
 .debug_loc     0x00003e45       0x29 c:/nxp/lpcxpresso_6.1.4_194/lpcxpresso/tools/bin/../lib/gcc/arm-none-eabi/4.6.2/../../../../arm-none-eabi/lib/armv7-m\libcr_newlib_semihost.a(_cr_check_heap.o)

.debug_aranges  0x00000000      0xa88
 .debug_aranges
                0x00000000       0x70 ./src/cr_startup_lpc17.o
 .debug_aranges
                0x00000070      0x150 ./src/main.o
 .debug_aranges
                0x000001c0       0x28 D:\Dropbox\Dropbox\NUS Modules\EE2028_EE2024\Assignments\Assignment 2\Assignment 2 Workspace\Lib_CMSISv1p30_LPC17xx\Debug\libCMSISv1p30_LPC17xx.a(system_LPC17xx.o)
 .debug_aranges
                0x000001e8       0x60 D:\Dropbox\Dropbox\NUS Modules\EE2028_EE2024\Assignments\Assignment 2\Assignment 2 Workspace\Lib_EaBaseBoard\Debug\libLib_EaBaseBoard.a(acc.o)
 .debug_aranges
                0x00000248       0x28 D:\Dropbox\Dropbox\NUS Modules\EE2028_EE2024\Assignments\Assignment 2\Assignment 2 Workspace\Lib_EaBaseBoard\Debug\libLib_EaBaseBoard.a(joystick.o)
 .debug_aranges
                0x00000270       0x28 D:\Dropbox\Dropbox\NUS Modules\EE2028_EE2024\Assignments\Assignment 2\Assignment 2 Workspace\Lib_EaBaseBoard\Debug\libLib_EaBaseBoard.a(led7seg.o)
 .debug_aranges
                0x00000298       0x98 D:\Dropbox\Dropbox\NUS Modules\EE2028_EE2024\Assignments\Assignment 2\Assignment 2 Workspace\Lib_EaBaseBoard\Debug\libLib_EaBaseBoard.a(light.o)
 .debug_aranges
                0x00000330       0x90 D:\Dropbox\Dropbox\NUS Modules\EE2028_EE2024\Assignments\Assignment 2\Assignment 2 Workspace\Lib_EaBaseBoard\Debug\libLib_EaBaseBoard.a(oled.o)
 .debug_aranges
                0x000003c0       0x80 D:\Dropbox\Dropbox\NUS Modules\EE2028_EE2024\Assignments\Assignment 2\Assignment 2 Workspace\Lib_EaBaseBoard\Debug\libLib_EaBaseBoard.a(pca9532.o)
 .debug_aranges
                0x00000440       0x28 D:\Dropbox\Dropbox\NUS Modules\EE2028_EE2024\Assignments\Assignment 2\Assignment 2 Workspace\Lib_EaBaseBoard\Debug\libLib_EaBaseBoard.a(rgb.o)
 .debug_aranges
                0x00000468       0x28 D:\Dropbox\Dropbox\NUS Modules\EE2028_EE2024\Assignments\Assignment 2\Assignment 2 Workspace\Lib_EaBaseBoard\Debug\libLib_EaBaseBoard.a(temp.o)
 .debug_aranges
                0x00000490       0xc8 D:\Dropbox\Dropbox\NUS Modules\EE2028_EE2024\Assignments\Assignment 2\Assignment 2 Workspace\Lib_MCU\Debug\libLib_MCU.a(lpc17xx_gpio.o)
 .debug_aranges
                0x00000558       0xd0 D:\Dropbox\Dropbox\NUS Modules\EE2028_EE2024\Assignments\Assignment 2\Assignment 2 Workspace\Lib_MCU\Debug\libLib_MCU.a(lpc17xx_i2c.o)
 .debug_aranges
                0x00000628       0x48 D:\Dropbox\Dropbox\NUS Modules\EE2028_EE2024\Assignments\Assignment 2\Assignment 2 Workspace\Lib_MCU\Debug\libLib_MCU.a(lpc17xx_pinsel.o)
 .debug_aranges
                0x00000670       0xb8 D:\Dropbox\Dropbox\NUS Modules\EE2028_EE2024\Assignments\Assignment 2\Assignment 2 Workspace\Lib_MCU\Debug\libLib_MCU.a(lpc17xx_ssp.o)
 .debug_aranges
                0x00000728       0xa0 D:\Dropbox\Dropbox\NUS Modules\EE2028_EE2024\Assignments\Assignment 2\Assignment 2 Workspace\Lib_MCU\Debug\libLib_MCU.a(lpc17xx_timer.o)
 .debug_aranges
                0x000007c8      0x130 D:\Dropbox\Dropbox\NUS Modules\EE2028_EE2024\Assignments\Assignment 2\Assignment 2 Workspace\Lib_MCU\Debug\libLib_MCU.a(lpc17xx_uart.o)
 .debug_aranges
                0x000008f8       0x60 D:\Dropbox\Dropbox\NUS Modules\EE2028_EE2024\Assignments\Assignment 2\Assignment 2 Workspace\Lib_MCU\Debug\libLib_MCU.a(lpc17xx_clkpwr.o)
 .debug_aranges
                0x00000958       0x20 c:/nxp/lpcxpresso_6.1.4_194/lpcxpresso/tools/bin/../lib/gcc/arm-none-eabi/4.6.2/../../../../arm-none-eabi/lib/armv7-m\libcr_newlib_semihost.a(_cr_sbrk.o)
 .debug_aranges
                0x00000978       0xf0 c:/nxp/lpcxpresso_6.1.4_194/lpcxpresso/tools/bin/../lib/gcc/arm-none-eabi/4.6.2/../../../../arm-none-eabi/lib/armv7-m\libcr_newlib_semihost.a(syscalls.o)
 .debug_aranges
                0x00000a68       0x20 c:/nxp/lpcxpresso_6.1.4_194/lpcxpresso/tools/bin/../lib/gcc/arm-none-eabi/4.6.2/../../../../arm-none-eabi/lib/armv7-m\libcr_newlib_semihost.a(_cr_check_heap.o)

.debug_ranges   0x00000000      0x998
 .debug_ranges  0x00000000       0x60 ./src/cr_startup_lpc17.o
 .debug_ranges  0x00000060      0x140 ./src/main.o
 .debug_ranges  0x000001a0       0x18 D:\Dropbox\Dropbox\NUS Modules\EE2028_EE2024\Assignments\Assignment 2\Assignment 2 Workspace\Lib_CMSISv1p30_LPC17xx\Debug\libCMSISv1p30_LPC17xx.a(system_LPC17xx.o)
 .debug_ranges  0x000001b8       0x50 D:\Dropbox\Dropbox\NUS Modules\EE2028_EE2024\Assignments\Assignment 2\Assignment 2 Workspace\Lib_EaBaseBoard\Debug\libLib_EaBaseBoard.a(acc.o)
 .debug_ranges  0x00000208       0x18 D:\Dropbox\Dropbox\NUS Modules\EE2028_EE2024\Assignments\Assignment 2\Assignment 2 Workspace\Lib_EaBaseBoard\Debug\libLib_EaBaseBoard.a(joystick.o)
 .debug_ranges  0x00000220       0x18 D:\Dropbox\Dropbox\NUS Modules\EE2028_EE2024\Assignments\Assignment 2\Assignment 2 Workspace\Lib_EaBaseBoard\Debug\libLib_EaBaseBoard.a(led7seg.o)
 .debug_ranges  0x00000238       0x88 D:\Dropbox\Dropbox\NUS Modules\EE2028_EE2024\Assignments\Assignment 2\Assignment 2 Workspace\Lib_EaBaseBoard\Debug\libLib_EaBaseBoard.a(light.o)
 .debug_ranges  0x000002c0       0x80 D:\Dropbox\Dropbox\NUS Modules\EE2028_EE2024\Assignments\Assignment 2\Assignment 2 Workspace\Lib_EaBaseBoard\Debug\libLib_EaBaseBoard.a(oled.o)
 .debug_ranges  0x00000340       0x70 D:\Dropbox\Dropbox\NUS Modules\EE2028_EE2024\Assignments\Assignment 2\Assignment 2 Workspace\Lib_EaBaseBoard\Debug\libLib_EaBaseBoard.a(pca9532.o)
 .debug_ranges  0x000003b0       0x18 D:\Dropbox\Dropbox\NUS Modules\EE2028_EE2024\Assignments\Assignment 2\Assignment 2 Workspace\Lib_EaBaseBoard\Debug\libLib_EaBaseBoard.a(rgb.o)
 .debug_ranges  0x000003c8       0x18 D:\Dropbox\Dropbox\NUS Modules\EE2028_EE2024\Assignments\Assignment 2\Assignment 2 Workspace\Lib_EaBaseBoard\Debug\libLib_EaBaseBoard.a(temp.o)
 .debug_ranges  0x000003e0       0xb8 D:\Dropbox\Dropbox\NUS Modules\EE2028_EE2024\Assignments\Assignment 2\Assignment 2 Workspace\Lib_MCU\Debug\libLib_MCU.a(lpc17xx_gpio.o)
 .debug_ranges  0x00000498       0xc0 D:\Dropbox\Dropbox\NUS Modules\EE2028_EE2024\Assignments\Assignment 2\Assignment 2 Workspace\Lib_MCU\Debug\libLib_MCU.a(lpc17xx_i2c.o)
 .debug_ranges  0x00000558       0x38 D:\Dropbox\Dropbox\NUS Modules\EE2028_EE2024\Assignments\Assignment 2\Assignment 2 Workspace\Lib_MCU\Debug\libLib_MCU.a(lpc17xx_pinsel.o)
 .debug_ranges  0x00000590       0xa8 D:\Dropbox\Dropbox\NUS Modules\EE2028_EE2024\Assignments\Assignment 2\Assignment 2 Workspace\Lib_MCU\Debug\libLib_MCU.a(lpc17xx_ssp.o)
 .debug_ranges  0x00000638       0x90 D:\Dropbox\Dropbox\NUS Modules\EE2028_EE2024\Assignments\Assignment 2\Assignment 2 Workspace\Lib_MCU\Debug\libLib_MCU.a(lpc17xx_timer.o)
 .debug_ranges  0x000006c8      0x120 D:\Dropbox\Dropbox\NUS Modules\EE2028_EE2024\Assignments\Assignment 2\Assignment 2 Workspace\Lib_MCU\Debug\libLib_MCU.a(lpc17xx_uart.o)
 .debug_ranges  0x000007e8       0x50 D:\Dropbox\Dropbox\NUS Modules\EE2028_EE2024\Assignments\Assignment 2\Assignment 2 Workspace\Lib_MCU\Debug\libLib_MCU.a(lpc17xx_clkpwr.o)
 .debug_ranges  0x00000838       0x10 c:/nxp/lpcxpresso_6.1.4_194/lpcxpresso/tools/bin/../lib/gcc/arm-none-eabi/4.6.2/../../../../arm-none-eabi/lib/armv7-m\libcr_newlib_semihost.a(_cr_sbrk.o)
 .debug_ranges  0x00000848      0x140 c:/nxp/lpcxpresso_6.1.4_194/lpcxpresso/tools/bin/../lib/gcc/arm-none-eabi/4.6.2/../../../../arm-none-eabi/lib/armv7-m\libcr_newlib_semihost.a(syscalls.o)
 .debug_ranges  0x00000988       0x10 c:/nxp/lpcxpresso_6.1.4_194/lpcxpresso/tools/bin/../lib/gcc/arm-none-eabi/4.6.2/../../../../arm-none-eabi/lib/armv7-m\libcr_newlib_semihost.a(_cr_check_heap.o)

.debug_line     0x00000000     0x74ff
 .debug_line    0x00000000      0x360 ./src/cr_startup_lpc17.o
 .debug_line    0x00000360      0xd44 ./src/main.o
 .debug_line    0x000010a4      0x3ff D:\Dropbox\Dropbox\NUS Modules\EE2028_EE2024\Assignments\Assignment 2\Assignment 2 Workspace\Lib_CMSISv1p30_LPC17xx\Debug\libCMSISv1p30_LPC17xx.a(system_LPC17xx.o)
 .debug_line    0x000014a3      0x4ca D:\Dropbox\Dropbox\NUS Modules\EE2028_EE2024\Assignments\Assignment 2\Assignment 2 Workspace\Lib_EaBaseBoard\Debug\libLib_EaBaseBoard.a(acc.o)
 .debug_line    0x0000196d      0x435 D:\Dropbox\Dropbox\NUS Modules\EE2028_EE2024\Assignments\Assignment 2\Assignment 2 Workspace\Lib_EaBaseBoard\Debug\libLib_EaBaseBoard.a(joystick.o)
 .debug_line    0x00001da2      0x445 D:\Dropbox\Dropbox\NUS Modules\EE2028_EE2024\Assignments\Assignment 2\Assignment 2 Workspace\Lib_EaBaseBoard\Debug\libLib_EaBaseBoard.a(led7seg.o)
 .debug_line    0x000021e7      0x576 D:\Dropbox\Dropbox\NUS Modules\EE2028_EE2024\Assignments\Assignment 2\Assignment 2 Workspace\Lib_EaBaseBoard\Debug\libLib_EaBaseBoard.a(light.o)
 .debug_line    0x0000275d      0x74f D:\Dropbox\Dropbox\NUS Modules\EE2028_EE2024\Assignments\Assignment 2\Assignment 2 Workspace\Lib_EaBaseBoard\Debug\libLib_EaBaseBoard.a(oled.o)
 .debug_line    0x00002eac      0x561 D:\Dropbox\Dropbox\NUS Modules\EE2028_EE2024\Assignments\Assignment 2\Assignment 2 Workspace\Lib_EaBaseBoard\Debug\libLib_EaBaseBoard.a(pca9532.o)
 .debug_line    0x0000340d      0x422 D:\Dropbox\Dropbox\NUS Modules\EE2028_EE2024\Assignments\Assignment 2\Assignment 2 Workspace\Lib_EaBaseBoard\Debug\libLib_EaBaseBoard.a(rgb.o)
 .debug_line    0x0000382f      0x443 D:\Dropbox\Dropbox\NUS Modules\EE2028_EE2024\Assignments\Assignment 2\Assignment 2 Workspace\Lib_EaBaseBoard\Debug\libLib_EaBaseBoard.a(temp.o)
 .debug_line    0x00003c72       0x7a D:\Dropbox\Dropbox\NUS Modules\EE2028_EE2024\Assignments\Assignment 2\Assignment 2 Workspace\Lib_EaBaseBoard\Debug\libLib_EaBaseBoard.a(font5x7.o)
 .debug_line    0x00003cec      0x5ce D:\Dropbox\Dropbox\NUS Modules\EE2028_EE2024\Assignments\Assignment 2\Assignment 2 Workspace\Lib_MCU\Debug\libLib_MCU.a(lpc17xx_gpio.o)
 .debug_line    0x000042ba      0x8e9 D:\Dropbox\Dropbox\NUS Modules\EE2028_EE2024\Assignments\Assignment 2\Assignment 2 Workspace\Lib_MCU\Debug\libLib_MCU.a(lpc17xx_i2c.o)
 .debug_line    0x00004ba3      0x44d D:\Dropbox\Dropbox\NUS Modules\EE2028_EE2024\Assignments\Assignment 2\Assignment 2 Workspace\Lib_MCU\Debug\libLib_MCU.a(lpc17xx_pinsel.o)
 .debug_line    0x00004ff0      0x81c D:\Dropbox\Dropbox\NUS Modules\EE2028_EE2024\Assignments\Assignment 2\Assignment 2 Workspace\Lib_MCU\Debug\libLib_MCU.a(lpc17xx_ssp.o)
 .debug_line    0x0000580c      0x77a D:\Dropbox\Dropbox\NUS Modules\EE2028_EE2024\Assignments\Assignment 2\Assignment 2 Workspace\Lib_MCU\Debug\libLib_MCU.a(lpc17xx_timer.o)
 .debug_line    0x00005f86      0xb68 D:\Dropbox\Dropbox\NUS Modules\EE2028_EE2024\Assignments\Assignment 2\Assignment 2 Workspace\Lib_MCU\Debug\libLib_MCU.a(lpc17xx_uart.o)
 .debug_line    0x00006aee      0x4ae D:\Dropbox\Dropbox\NUS Modules\EE2028_EE2024\Assignments\Assignment 2\Assignment 2 Workspace\Lib_MCU\Debug\libLib_MCU.a(lpc17xx_clkpwr.o)
 .debug_line    0x00006f9c       0xc0 c:/nxp/lpcxpresso_6.1.4_194/lpcxpresso/tools/bin/../lib/gcc/arm-none-eabi/4.6.2/../../../../arm-none-eabi/lib/armv7-m\libcr_newlib_semihost.a(_cr_sbrk.o)
 .debug_line    0x0000705c      0x44f c:/nxp/lpcxpresso_6.1.4_194/lpcxpresso/tools/bin/../lib/gcc/arm-none-eabi/4.6.2/../../../../arm-none-eabi/lib/armv7-m\libcr_newlib_semihost.a(syscalls.o)
 .debug_line    0x000074ab       0x54 c:/nxp/lpcxpresso_6.1.4_194/lpcxpresso/tools/bin/../lib/gcc/arm-none-eabi/4.6.2/../../../../arm-none-eabi/lib/armv7-m\libcr_newlib_semihost.a(_cr_check_heap.o)

.debug_macinfo  0x00000000    0xa8f5a
 .debug_macinfo
                0x00000000     0x2c15 ./src/cr_startup_lpc17.o
 .debug_macinfo
                0x00002c15     0xef9a ./src/main.o
 .debug_macinfo
                0x00011baf     0x83f8 D:\Dropbox\Dropbox\NUS Modules\EE2028_EE2024\Assignments\Assignment 2\Assignment 2 Workspace\Lib_CMSISv1p30_LPC17xx\Debug\libCMSISv1p30_LPC17xx.a(system_LPC17xx.o)
 .debug_macinfo
                0x00019fa7     0x8f1b D:\Dropbox\Dropbox\NUS Modules\EE2028_EE2024\Assignments\Assignment 2\Assignment 2 Workspace\Lib_EaBaseBoard\Debug\libLib_EaBaseBoard.a(acc.o)
 .debug_macinfo
                0x00022ec2     0x858b D:\Dropbox\Dropbox\NUS Modules\EE2028_EE2024\Assignments\Assignment 2\Assignment 2 Workspace\Lib_EaBaseBoard\Debug\libLib_EaBaseBoard.a(joystick.o)
 .debug_macinfo
                0x0002b44d     0x96a3 D:\Dropbox\Dropbox\NUS Modules\EE2028_EE2024\Assignments\Assignment 2\Assignment 2 Workspace\Lib_EaBaseBoard\Debug\libLib_EaBaseBoard.a(led7seg.o)
 .debug_macinfo
                0x00034af0     0x8e3a D:\Dropbox\Dropbox\NUS Modules\EE2028_EE2024\Assignments\Assignment 2\Assignment 2 Workspace\Lib_EaBaseBoard\Debug\libLib_EaBaseBoard.a(light.o)
 .debug_macinfo
                0x0003d92a     0xa143 D:\Dropbox\Dropbox\NUS Modules\EE2028_EE2024\Assignments\Assignment 2\Assignment 2 Workspace\Lib_EaBaseBoard\Debug\libLib_EaBaseBoard.a(oled.o)
 .debug_macinfo
                0x00047a6d     0x8e59 D:\Dropbox\Dropbox\NUS Modules\EE2028_EE2024\Assignments\Assignment 2\Assignment 2 Workspace\Lib_EaBaseBoard\Debug\libLib_EaBaseBoard.a(pca9532.o)
 .debug_macinfo
                0x000508c6     0x854c D:\Dropbox\Dropbox\NUS Modules\EE2028_EE2024\Assignments\Assignment 2\Assignment 2 Workspace\Lib_EaBaseBoard\Debug\libLib_EaBaseBoard.a(rgb.o)
 .debug_macinfo
                0x00058e12     0x85e6 D:\Dropbox\Dropbox\NUS Modules\EE2028_EE2024\Assignments\Assignment 2\Assignment 2 Workspace\Lib_EaBaseBoard\Debug\libLib_EaBaseBoard.a(temp.o)
 .debug_macinfo
                0x000613f8     0x332a D:\Dropbox\Dropbox\NUS Modules\EE2028_EE2024\Assignments\Assignment 2\Assignment 2 Workspace\Lib_EaBaseBoard\Debug\libLib_EaBaseBoard.a(font5x7.o)
 .debug_macinfo
                0x00064722     0x86b8 D:\Dropbox\Dropbox\NUS Modules\EE2028_EE2024\Assignments\Assignment 2\Assignment 2 Workspace\Lib_MCU\Debug\libLib_MCU.a(lpc17xx_gpio.o)
 .debug_macinfo
                0x0006cdda     0xa5d8 D:\Dropbox\Dropbox\NUS Modules\EE2028_EE2024\Assignments\Assignment 2\Assignment 2 Workspace\Lib_MCU\Debug\libLib_MCU.a(lpc17xx_i2c.o)
 .debug_macinfo
                0x000773b2     0x87d3 D:\Dropbox\Dropbox\NUS Modules\EE2028_EE2024\Assignments\Assignment 2\Assignment 2 Workspace\Lib_MCU\Debug\libLib_MCU.a(lpc17xx_pinsel.o)
 .debug_macinfo
                0x0007fb85     0xa8d0 D:\Dropbox\Dropbox\NUS Modules\EE2028_EE2024\Assignments\Assignment 2\Assignment 2 Workspace\Lib_MCU\Debug\libLib_MCU.a(lpc17xx_ssp.o)
 .debug_macinfo