Archive member included because of file (symbol)

D:\Dropbox\Dropbox\NUS Modules\EE2028_EE2024\Assignments\Assignment 2\Assignment 2 Workspace\Lib_CMSISv1p30_LPC17xx\Debug\libCMSISv1p30_LPC17xx.a(system_LPC17xx.o)
                              ./src/main.o (SystemCoreClock)
D:\Dropbox\Dropbox\NUS Modules\EE2028_EE2024\Assignments\Assignment 2\Assignment 2 Workspace\Lib_EaBaseBoard\Debug\libLib_EaBaseBoard.a(acc.o)
                              ./src/main.o (acc_init)
D:\Dropbox\Dropbox\NUS Modules\EE2028_EE2024\Assignments\Assignment 2\Assignment 2 Workspace\Lib_EaBaseBoard\Debug\libLib_EaBaseBoard.a(joystick.o)
                              ./src/main.o (joystick_init)
D:\Dropbox\Dropbox\NUS Modules\EE2028_EE2024\Assignments\Assignment 2\Assignment 2 Workspace\Lib_EaBaseBoard\Debug\libLib_EaBaseBoard.a(led7seg.o)
                              ./src/main.o (led7seg_init)
D:\Dropbox\Dropbox\NUS Modules\EE2028_EE2024\Assignments\Assignment 2\Assignment 2 Workspace\Lib_EaBaseBoard\Debug\libLib_EaBaseBoard.a(light.o)
                              ./src/main.o (light_enable)
D:\Dropbox\Dropbox\NUS Modules\EE2028_EE2024\Assignments\Assignment 2\Assignment 2 Workspace\Lib_EaBaseBoard\Debug\libLib_EaBaseBoard.a(oled.o)
                              ./src/main.o (oled_putPixel)
D:\Dropbox\Dropbox\NUS Modules\EE2028_EE2024\Assignments\Assignment 2\Assignment 2 Workspace\Lib_EaBaseBoard\Debug\libLib_EaBaseBoard.a(pca9532.o)
                              ./src/main.o (pca9532_init)
D:\Dropbox\Dropbox\NUS Modules\EE2028_EE2024\Assignments\Assignment 2\Assignment 2 Workspace\Lib_EaBaseBoard\Debug\libLib_EaBaseBoard.a(rgb.o)
                              ./src/main.o (rgb_init)
D:\Dropbox\Dropbox\NUS Modules\EE2028_EE2024\Assignments\Assignment 2\Assignment 2 Workspace\Lib_EaBaseBoard\Debug\libLib_EaBaseBoard.a(temp.o)
                              ./src/main.o (temp_init)
D:\Dropbox\Dropbox\NUS Modules\EE2028_EE2024\Assignments\Assignment 2\Assignment 2 Workspace\Lib_EaBaseBoard\Debug\libLib_EaBaseBoard.a(font5x7.o)
                              D:\Dropbox\Dropbox\NUS Modules\EE2028_EE2024\Assignments\Assignment 2\Assignment 2 Workspace\Lib_EaBaseBoard\Debug\libLib_EaBaseBoard.a(oled.o) (font5x7)
D:\Dropbox\Dropbox\NUS Modules\EE2028_EE2024\Assignments\Assignment 2\Assignment 2 Workspace\Lib_MCU\Debug\libLib_MCU.a(lpc17xx_gpio.o)
                              ./src/main.o (GPIO_SetDir)
D:\Dropbox\Dropbox\NUS Modules\EE2028_EE2024\Assignments\Assignment 2\Assignment 2 Workspace\Lib_MCU\Debug\libLib_MCU.a(lpc17xx_i2c.o)
                              ./src/main.o (I2C_Init)
D:\Dropbox\Dropbox\NUS Modules\EE2028_EE2024\Assignments\Assignment 2\Assignment 2 Workspace\Lib_MCU\Debug\libLib_MCU.a(lpc17xx_pinsel.o)
                              ./src/main.o (PINSEL_ConfigPin)
D:\Dropbox\Dropbox\NUS Modules\EE2028_EE2024\Assignments\Assignment 2\Assignment 2 Workspace\Lib_MCU\Debug\libLib_MCU.a(lpc17xx_ssp.o)
                              ./src/main.o (SSP_Init)
D:\Dropbox\Dropbox\NUS Modules\EE2028_EE2024\Assignments\Assignment 2\Assignment 2 Workspace\Lib_MCU\Debug\libLib_MCU.a(lpc17xx_timer.o)
                              ./src/main.o (Timer0_Wait)
D:\Dropbox\Dropbox\NUS Modules\EE2028_EE2024\Assignments\Assignment 2\Assignment 2 Workspace\Lib_MCU\Debug\libLib_MCU.a(lpc17xx_clkpwr.o)
                              D:\Dropbox\Dropbox\NUS Modules\EE2028_EE2024\Assignments\Assignment 2\Assignment 2 Workspace\Lib_MCU\Debug\libLib_MCU.a(lpc17xx_i2c.o) (CLKPWR_SetPCLKDiv)
c:/nxp/lpcxpresso_6.1.4_194/lpcxpresso/tools/bin/../lib/gcc/arm-none-eabi/4.6.2/armv7-m\libgcc.a(_arm_addsubdf3.o)
                              ./src/main.o (__aeabi_i2d)
c:/nxp/lpcxpresso_6.1.4_194/lpcxpresso/tools/bin/../lib/gcc/arm-none-eabi/4.6.2/armv7-m\libgcc.a(_arm_muldivdf3.o)
                              ./src/main.o (__aeabi_ddiv)
c:/nxp/lpcxpresso_6.1.4_194/lpcxpresso/tools/bin/../lib/gcc/arm-none-eabi/4.6.2/armv7-m\libgcc.a(_arm_cmpdf2.o)
                              ./src/main.o (__aeabi_dcmpgt)
c:/nxp/lpcxpresso_6.1.4_194/lpcxpresso/tools/bin/../lib/gcc/arm-none-eabi/4.6.2/armv7-m\libgcc.a(_arm_truncdfsf2.o)
                              ./src/main.o (__aeabi_d2f)
c:/nxp/lpcxpresso_6.1.4_194/lpcxpresso/tools/bin/../lib/gcc/arm-none-eabi/4.6.2/armv7-m\libgcc.a(_aeabi_uldivmod.o)
                              D:\Dropbox\Dropbox\NUS Modules\EE2028_EE2024\Assignments\Assignment 2\Assignment 2 Workspace\Lib_CMSISv1p30_LPC17xx\Debug\libCMSISv1p30_LPC17xx.a(system_LPC17xx.o) (__aeabi_uldivmod)
c:/nxp/lpcxpresso_6.1.4_194/lpcxpresso/tools/bin/../lib/gcc/arm-none-eabi/4.6.2/armv7-m\libgcc.a(bpabi.o)
                              c:/nxp/lpcxpresso_6.1.4_194/lpcxpresso/tools/bin/../lib/gcc/arm-none-eabi/4.6.2/armv7-m\libgcc.a(_aeabi_uldivmod.o) (__gnu_uldivmod_helper)
c:/nxp/lpcxpresso_6.1.4_194/lpcxpresso/tools/bin/../lib/gcc/arm-none-eabi/4.6.2/armv7-m\libgcc.a(_dvmd_tls.o)
[...]
Memory Configuration

Name             Origin             Length             Attributes
MFlash512        0x00000000         0x00080000         xr
RamLoc32         0x10000000         0x00008000         xrw
RamAHB32         0x2007c000         0x00008000         xrw
*default*        0x00000000         0xffffffff

Linker script and memory map

LOAD ./src/cr_startup_lpc17.o
LOAD ./src/main.o
LOAD D:\Dropbox\Dropbox\NUS Modules\EE2028_EE2024\Assignments\Assignment 2\Assignment 2 Workspace\Lib_CMSISv1p30_LPC17xx\Debug\libCMSISv1p30_LPC17xx.a
LOAD D:\Dropbox\Dropbox\NUS Modules\EE2028_EE2024\Assignments\Assignment 2\Assignment 2 Workspace\Lib_EaBaseBoard\Debug\libLib_EaBaseBoard.a
LOAD D:\Dropbox\Dropbox\NUS Modules\EE2028_EE2024\Assignments\Assignment 2\Assignment 2 Workspace\Lib_MCU\Debug\libLib_MCU.a
START GROUP
LOAD c:/nxp/lpcxpresso_6.1.4_194/lpcxpresso/tools/bin/../lib/gcc/arm-none-eabi/4.6.2/armv7-m\libgcc.a
LOAD c:/nxp/lpcxpresso_6.1.4_194/lpcxpresso/tools/bin/../lib/gcc/arm-none-eabi/4.6.2/../../../../arm-none-eabi/lib/armv7-m\libc.a
LOAD c:/nxp/lpcxpresso_6.1.4_194/lpcxpresso/tools/bin/../lib/gcc/arm-none-eabi/4.6.2/../../../../arm-none-eabi/lib/armv7-m\libm.a
LOAD c:/nxp/lpcxpresso_6.1.4_194/lpcxpresso/tools/bin/../lib/gcc/arm-none-eabi/4.6.2/../../../../arm-none-eabi/lib/armv7-m\libcr_newlib_semihost.a
END GROUP
                0x00080000                __top_MFlash512 = 0x80000
                0x10008000                __top_RamLoc32 = 0x10008000
                0x20084000                __top_RamAHB32 = 0x20084000

.text           0x00000000     0xbdc8
 FILL mask 0xff
                0x00000000                __vectors_start__ = ABSOLUTE (.)
 *(.isr_vector)
 .isr_vector    0x00000000       0xcc ./src/cr_startup_lpc17.o
                0x00000000                g_pfnVectors
                0x000000cc                . = ALIGN (0x4)
                0x000000cc                __section_table_start = .
                0x000000cc                __data_section_table = .
                0x000000cc        0x4 LONG 0xbdd0 LOADADDR (.data)
                0x000000d0        0x4 LONG 0x10000000 ADDR (.data)
                0x000000d4        0x4 LONG 0x958 SIZEOF (.data)
                0x000000d8        0x4 LONG 0xbdd0 LOADADDR (.data_RAM2)
                0x000000dc        0x4 LONG 0x2007c000 ADDR (.data_RAM2)
                0x000000e0        0x4 LONG 0x0 SIZEOF (.data_RAM2)
                0x000000e4                __data_section_table_end = .
                0x000000e4                __bss_section_table = .
                0x000000e4        0x4 LONG 0x10000958 ADDR (.bss)
                0x000000e8        0x4 LONG 0x43c SIZEOF (.bss)
                0x000000ec        0x4 LONG 0x2007c000 ADDR (.bss_RAM2)
                0x000000f0        0x4 LONG 0x0 SIZEOF (.bss_RAM2)
                0x000000f4                __bss_section_table_end = .
                0x000000f4                __section_table_end = .
 *(.after_vectors*)
 *(.text*)
 .text.ResetISR
                0x000000f4       0x68 ./src/cr_startup_lpc17.o
                0x000000f4                ResetISR
 .text.NMI_Handler
                0x0000015c        0x8 ./src/cr_startup_lpc17.o
                0x0000015c                NMI_Handler
 .text.HardFault_Handler
                0x00000164        0x8 ./src/cr_startup_lpc17.o
                0x00000164                HardFault_Handler
 .text.MemManage_Handler
                0x0000016c        0x8 ./src/cr_startup_lpc17.o
                0x0000016c                MemManage_Handler
 .text.BusFault_Handler
                0x00000174        0x8 ./src/cr_startup_lpc17.o
                0x00000174                BusFault_Handler
 .text.UsageFault_Handler
                0x0000017c        0x8 ./src/cr_startup_lpc17.o
                0x0000017c                UsageFault_Handler
 .text.SVCall_Handler
                0x00000184        0x8 ./src/cr_startup_lpc17.o
                0x00000184                SVCall_Handler
 .text.DebugMon_Handler
                0x0000018c        0x8 ./src/cr_startup_lpc17.o
                0x0000018c                DebugMon_Handler
 .text.PendSV_Handler
                0x00000194        0x8 ./src/cr_startup_lpc17.o
                0x00000194                PendSV_Handler
 .text.IntDefaultHandler
                0x0000019c        0x8 ./src/cr_startup_lpc17.o
                0x0000019c                TIMER2_IRQHandler
                0x0000019c                RIT_IRQHandler
                0x0000019c                I2C0_IRQHandler
                0x0000019c                USBActivity_IRQHandler
                0x0000019c                PWM1_IRQHandler
                0x0000019c                I2C1_IRQHandler
                0x0000019c                EINT2_IRQHandler
                0x0000019c                UART1_IRQHandler
                0x0000019c                CANActivity_IRQHandler
                0x0000019c                TIMER3_IRQHandler
                0x0000019c                UART0_IRQHandler
                0x0000019c                IntDefaultHandler
                0x0000019c                PLL0_IRQHandler
                0x0000019c                CAN_IRQHandler
                0x0000019c                PLL1_IRQHandler
                0x0000019c                SSP0_IRQHandler
                0x0000019c                I2S_IRQHandler
                0x0000019c                I2C2_IRQHandler
                0x0000019c                RTC_IRQHandler
                0x0000019c                TIMER0_IRQHandler
                0x0000019c                SPI_IRQHandler
                0x0000019c                EINT1_IRQHandler
                0x0000019c                TIMER1_IRQHandler
                0x0000019c                UART2_IRQHandler
                0x0000019c                ADC_IRQHandler
                0x0000019c                SSP1_IRQHandler
                0x0000019c                USB_IRQHandler
                0x0000019c                BOD_IRQHandler
                0x0000019c                WDT_IRQHandler
                0x0000019c                QEI_IRQHandler
                0x0000019c                EINT0_IRQHandler
                0x0000019c                DMA_IRQHandler
                0x0000019c                UART3_IRQHandler
                0x0000019c                MCPWM_IRQHandler
                0x0000019c                ENET_IRQHandler
 .text.NVIC_EnableIRQ
                0x000001a4       0x38 ./src/main.o
 .text.NVIC_SetPriority
                0x000001dc       0x5c ./src/main.o
 .text.SysTick_Config
                0x00000238       0x64 ./src/main.o
 .text.moveBar  0x0000029c       0xa8 ./src/main.o
 .text.Get_Time
                0x00000344       0x18 ./src/main.o
                0x00000344                Get_Time
 .text.init_ssp
                0x0000035c       0x98 ./src/main.o
 .text.init_i2c
                0x000003f4       0x5c ./src/main.o
 .text.init_GPIO
                0x00000450       0x68 ./src/main.o
 .text.speaker_init
                0x000004b8       0xf0 ./src/main.o
 .text.lightSenIntInit
                0x000005a8       0x58 ./src/main.o
                0x000005a8                lightSenIntInit
 .text.init_everything
                0x00000600       0x98 ./src/main.o
 .text.setRGBLeds
                0x00000698       0x5c ./src/main.o
                0x00000698                setRGBLeds
 .text.ALTERNATE_LED
                0x000006f4       0x7c ./src/main.o
                0x000006f4                ALTERNATE_LED
 .text.BLINK_BLUE
                0x00000770       0x80 ./src/main.o
                0x00000770                BLINK_BLUE
 .text.countdown_new
                0x000007f0       0xa4 ./src/main.o
                0x000007f0                countdown_new
 .text.saved    0x00000894       0xa0 ./src/main.o
                0x00000894                saved
 .text.do_Initialization
                0x00000934       0x88 ./src/main.o
                0x00000934                do_Initialization
 .text.do_toclimb
                0x000009bc       0xb0 ./src/main.o
                0x000009bc                do_toclimb
 *fill*         0x00000a6c        0x4 00
 .text.do_Climb
                0x00000a70      0x570 ./src/main.o
                0x00000a70                do_Climb
 .text.do_Emergency
                0x00000fe0      0x2f0 ./src/main.o
                0x00000fe0                do_Emergency
 .text.do_Emergency_over
                0x000012d0       0x4c ./src/main.o
                0x000012d0                do_Emergency_over
 .text.EINT3_IRQHandler
                0x0000131c       0xbc ./src/main.o
                0x0000131c                EINT3_IRQHandler
 .text.SysTick_Handler
                0x000013d8       0x24 ./src/main.o
                0x000013d8                SysTick_Handler
 .text.main     0x000013fc       0xfc ./src/main.o
                0x000013fc                main
 .text.check_failed
                0x000014f8        0xc ./src/main.o
                0x000014f8                check_failed
 .text.SystemInit
                0x00001504      0x22c D:\Dropbox\Dropbox\NUS Modules\EE2028_EE2024\Assignments\Assignment 2\Assignment 2 Workspace\Lib_CMSISv1p30_LPC17xx\Debug\libCMSISv1p30_LPC17xx.a(system_LPC17xx.o)
                0x00001504                SystemInit
 .text.I2CRead  0x00001730       0x5c D:\Dropbox\Dropbox\NUS Modules\EE2028_EE2024\Assignments\Assignment 2\Assignment 2 Workspace\Lib_EaBaseBoard\Debug\libLib_EaBaseBoard.a(acc.o)
 .text.I2CWrite
                0x0000178c       0x5c D:\Dropbox\Dropbox\NUS Modules\EE2028_EE2024\Assignments\Assignment 2\Assignment 2 Workspace\Lib_EaBaseBoard\Debug\libLib_EaBaseBoard.a(acc.o)
 .text.getStatus
                0x000017e8       0x3c D:\Dropbox\Dropbox\NUS Modules\EE2028_EE2024\Assignments\Assignment 2\Assignment 2 Workspace\Lib_EaBaseBoard\Debug\libLib_EaBaseBoard.a(acc.o)
 .text.setModeControl
                0x00001824       0x30 D:\Dropbox\Dropbox\NUS Modules\EE2028_EE2024\Assignments\Assignment 2\Assignment 2 Workspace\Lib_EaBaseBoard\Debug\libLib_EaBaseBoard.a(acc.o)
 .text.acc_init
                0x00001854       0x10 D:\Dropbox\Dropbox\NUS Modules\EE2028_EE2024\Assignments\Assignment 2\Assignment 2 Workspace\Lib_EaBaseBoard\Debug\libLib_EaBaseBoard.a(acc.o)
                0x00001854                acc_init
 .text.acc_read
                0x00001864       0xbc D:\Dropbox\Dropbox\NUS Modules\EE2028_EE2024\Assignments\Assignment 2\Assignment 2 Workspace\Lib_EaBaseBoard\Debug\libLib_EaBaseBoard.a(acc.o)
                0x00001864                acc_read
 .text.joystick_init
                0x00001920       0x28 D:\Dropbox\Dropbox\NUS Modules\EE2028_EE2024\Assignments\Assignment 2\Assignment 2 Workspace\Lib_EaBaseBoard\Debug\libLib_EaBaseBoard.a(joystick.o)
                0x00001920                joystick_init
 .text.led7seg_init
                0x00001948       0x24 D:\Dropbox\Dropbox\NUS Modules\EE2028_EE2024\Assignments\Assignment 2\Assignment 2 Workspace\Lib_EaBaseBoard\Debug\libLib_EaBaseBoard.a(led7seg.o)
                0x00001948                led7seg_init
 .text.led7seg_setChar
                0x0000196c       0x88 D:\Dropbox\Dropbox\NUS Modules\EE2028_EE2024\Assignments\Assignment 2\Assignment 2 Workspace\Lib_EaBaseBoard\Debug\libLib_EaBaseBoard.a(led7seg.o)
                0x0000196c                led7seg_setChar
 .text.I2CRead  0x000019f4       0x5c D:\Dropbox\Dropbox\NUS Modules\EE2028_EE2024\Assignments\Assignment 2\Assignment 2 Workspace\Lib_EaBaseBoard\Debug\libLib_EaBaseBoard.a(light.o)
 .text.I2CWrite
                0x00001a50       0x5c D:\Dropbox\Dropbox\NUS Modules\EE2028_EE2024\Assignments\Assignment 2\Assignment 2 Workspace\Lib_EaBaseBoard\Debug\libLib_EaBaseBoard.a(light.o)
 .text.readControlReg
                0x00001aac       0x3c D:\Dropbox\Dropbox\NUS Modules\EE2028_EE2024\Assignments\Assignment 2\Assignment 2 Workspace\Lib_EaBaseBoard\Debug\libLib_EaBaseBoard.a(light.o)
 .text.light_enable
                0x00001ae8       0x48 D:\Dropbox\Dropbox\NUS Modules\EE2028_EE2024\Assignments\Assignment 2\Assignment 2 Workspace\Lib_EaBaseBoard\Debug\libLib_EaBaseBoard.a(light.o)
                0x00001ae8                light_enable
 .text.light_read
                0x00001b30       0x90 D:\Dropbox\Dropbox\NUS Modules\EE2028_EE2024\Assignments\Assignment 2\Assignment 2 Workspace\Lib_EaBaseBoard\Debug\libLib_EaBaseBoard.a(light.o)
                0x00001b30                light_read
 .text.light_setLoThreshold
                0x00001bc0       0x58 D:\Dropbox\Dropbox\NUS Modules\EE2028_EE2024\Assignments\Assignment 2\Assignment 2 Workspace\Lib_EaBaseBoard\Debug\libLib_EaBaseBoard.a(light.o)
                0x00001bc0                light_setLoThreshold
 .text.light_clearIrqStatus
                0x00001c18       0x3c D:\Dropbox\Dropbox\NUS Modules\EE2028_EE2024\Assignments\Assignment 2\Assignment 2 Workspace\Lib_EaBaseBoard\Debug\libLib_EaBaseBoard.a(light.o)
                0x00001c18                light_clearIrqStatus
 .text.writeCommand
                0x00001c54       0x60 D:\Dropbox\Dropbox\NUS Modules\EE2028_EE2024\Assignments\Assignment 2\Assignment 2 Workspace\Lib_EaBaseBoard\Debug\libLib_EaBaseBoard.a(oled.o)
 .text.writeData
                0x00001cb4       0x60 D:\Dropbox\Dropbox\NUS Modules\EE2028_EE2024\Assignments\Assignment 2\Assignment 2 Workspace\Lib_EaBaseBoard\Debug\libLib_EaBaseBoard.a(oled.o)
 .text.writeDataLen
                0x00001d14       0x8c D:\Dropbox\Dropbox\NUS Modules\EE2028_EE2024\Assignments\Assignment 2\Assignment 2 Workspace\Lib_EaBaseBoard\Debug\libLib_EaBaseBoard.a(oled.o)
 .text.runInitSequence
                0x00001da0      0x118 D:\Dropbox\Dropbox\NUS Modules\EE2028_EE2024\Assignments\Assignment 2\Assignment 2 Workspace\Lib_EaBaseBoard\Debug\libLib_EaBaseBoard.a(oled.o)
 .text.hLine    0x00001eb8       0x4c D:\Dropbox\Dropbox\NUS Modules\EE2028_EE2024\Assignments\Assignment 2\Assignment 2 Workspace\Lib_EaBaseBoard\Debug\libLib_EaBaseBoard.a(oled.o)
 .text.vLine    0x00001f04       0x4c D:\Dropbox\Dropbox\NUS Modules\EE2028_EE2024\Assignments\Assignment 2\Assignment 2 Workspace\Lib_EaBaseBoard\Debug\libLib_EaBaseBoard.a(oled.o)
 .text.oled_init
                0x00001f50       0x9c D:\Dropbox\Dropbox\NUS Modules\EE2028_EE2024\Assignments\Assignment 2\Assignment 2 Workspace\Lib_EaBaseBoard\Debug\libLib_EaBaseBoard.a(oled.o)
                0x00001f50                oled_init
 .text.oled_putPixel
                0x00001fec      0x188 D:\Dropbox\Dropbox\NUS Modules\EE2028_EE2024\Assignments\Assignment 2\Assignment 2 Workspace\Lib_EaBaseBoard\Debug\libLib_EaBaseBoard.a(oled.o)
                0x00001fec                oled_putPixel
 .text.oled_fillRect
                0x00002174       0x90 D:\Dropbox\Dropbox\NUS Modules\EE2028_EE2024\Assignments\Assignment 2\Assignment 2 Workspace\Lib_EaBaseBoard\Debug\libLib_EaBaseBoard.a(oled.o)
                0x00002174                oled_fillRect
 .text.oled_clearScreen
                0x00002204       0x74 D:\Dropbox\Dropbox\NUS Modules\EE2028_EE2024\Assignments\Assignment 2\Assignment 2 Workspace\Lib_EaBaseBoard\Debug\libLib_EaBaseBoard.a(oled.o)
                0x00002204                oled_clearScreen
 .text.oled_putChar
                0x00002278       0xf0 D:\Dropbox\Dropbox\NUS Modules\EE2028_EE2024\Assignments\Assignment 2\Assignment 2 Workspace\Lib_EaBaseBoard\Debug\libLib_EaBaseBoard.a(oled.o)
                0x00002278                oled_putChar
 .text.oled_putString
                0x00002368       0x54 D:\Dropbox\Dropbox\NUS Modules\EE2028_EE2024\Assignments\Assignment 2\Assignment 2 Workspace\Lib_EaBaseBoard\Debug\libLib_EaBaseBoard.a(oled.o)
                0x00002368                oled_putString
 .text.I2CWrite
                0x000023bc       0x5c D:\Dropbox\Dropbox\NUS Modules\EE2028_EE2024\Assignments\Assignment 2\Assignment 2 Workspace\Lib_EaBaseBoard\Debug\libLib_EaBaseBoard.a(pca9532.o)
 .text.setLsStates
                0x00002418       0xc4 D:\Dropbox\Dropbox\NUS Modules\EE2028_EE2024\Assignments\Assignment 2\Assignment 2 Workspace\Lib_EaBaseBoard\Debug\libLib_EaBaseBoard.a(pca9532.o)
 .text.setLeds  0x000024dc       0xa0 D:\Dropbox\Dropbox\NUS Modules\EE2028_EE2024\Assignments\Assignment 2\Assignment 2 Workspace\Lib_EaBaseBoard\Debug\libLib_EaBaseBoard.a(pca9532.o)
 .text.pca9532_init
                0x0000257c        0xc D:\Dropbox\Dropbox\NUS Modules\EE2028_EE2024\Assignments\Assignment 2\Assignment 2 Workspace\Lib_EaBaseBoard\Debug\libLib_EaBaseBoard.a(pca9532.o)
                0x0000257c                pca9532_init
 .text.pca9532_setLeds
                0x00002588       0xa0 D:\Dropbox\Dropbox\NUS Modules\EE2028_EE2024\Assignments\Assignment 2\Assignment 2 Workspace\Lib_EaBaseBoard\Debug\libLib_EaBaseBoard.a(pca9532.o)
                0x00002588                pca9532_setLeds
 .text.rgb_init
                0x00002628       0x38 D:\Dropbox\Dropbox\NUS Modules\EE2028_EE2024\Assignments\Assignment 2\Assignment 2 Workspace\Lib_EaBaseBoard\Debug\libLib_EaBaseBoard.a(rgb.o)
                0x00002628                rgb_init
 .text.temp_init
                0x00002660       0x2c D:\Dropbox\Dropbox\NUS Modules\EE2028_EE2024\Assignments\Assignment 2\Assignment 2 Workspace\Lib_EaBaseBoard\Debug\libLib_EaBaseBoard.a(temp.o)
                0x00002660                temp_init
 .text.temp_read
                0x0000268c      0x10c D:\Dropbox\Dropbox\NUS Modules\EE2028_EE2024\Assignments\Assignment 2\Assignment 2 Workspace\Lib_EaBaseBoard\Debug\libLib_EaBaseBoard.a(temp.o)
                0x0000268c                temp_read
 .text.GPIO_GetPointer
                0x00002798       0x7c D:\Dropbox\Dropbox\NUS Modules\EE2028_EE2024\Assignments\Assignment 2\Assignment 2 Workspace\Lib_MCU\Debug\libLib_MCU.a(lpc17xx_gpio.o)
 .text.GPIO_SetDir
                0x00002814       0x54 D:\Dropbox\Dropbox\NUS Modules\EE2028_EE2024\Assignments\Assignment 2\Assignment 2 Workspace\Lib_MCU\Debug\libLib_MCU.a(lpc17xx_gpio.o)
                0x00002814                GPIO_SetDir
 .text.GPIO_SetValue
                0x00002868       0x2c D:\Dropbox\Dropbox\NUS Modules\EE2028_EE2024\Assignments\Assignment 2\Assignment 2 Workspace\Lib_MCU\Debug\libLib_MCU.a(lpc17xx_gpio.o)
                0x00002868                GPIO_SetValue
 .text.GPIO_ClearValue
                0x00002894       0x2c D:\Dropbox\Dropbox\NUS Modules\EE2028_EE2024\Assignments\Assignment 2\Assignment 2 Workspace\Lib_MCU\Debug\libLib_MCU.a(lpc17xx_gpio.o)
                0x00002894                GPIO_ClearValue
 .text.GPIO_ReadValue
                0x000028c0       0x30 D:\Dropbox\Dropbox\NUS Modules\EE2028_EE2024\Assignments\Assignment 2\Assignment 2 Workspace\Lib_MCU\Debug\libLib_MCU.a(lpc17xx_gpio.o)
                0x000028c0                GPIO_ReadValue
 .text.NVIC_EnableIRQ
                0x000028f0       0x38 D:\Dropbox\Dropbox\NUS Modules\EE2028_EE2024\Assignments\Assignment 2\Assignment 2 Workspace\Lib_MCU\Debug\libLib_MCU.a(lpc17xx_i2c.o)
 .text.NVIC_DisableIRQ
                0x00002928       0x3c D:\Dropbox\Dropbox\NUS Modules\EE2028_EE2024\Assignments\Assignment 2\Assignment 2 Workspace\Lib_MCU\Debug\libLib_MCU.a(lpc17xx_i2c.o)
 .text.I2C_getNum
                0x00002964       0x54 D:\Dropbox\Dropbox\NUS Modules\EE2028_EE2024\Assignments\Assignment 2\Assignment 2 Workspace\Lib_MCU\Debug\libLib_MCU.a(lpc17xx_i2c.o)
 .text.I2C_Start
                0x000029b8       0x44 D:\Dropbox\Dropbox\NUS Modules\EE2028_EE2024\Assignments\Assignment 2\Assignment 2 Workspace\Lib_MCU\Debug\libLib_MCU.a(lpc17xx_i2c.o)
 .text.I2C_Stop
                0x000029fc       0x38 D:\Dropbox\Dropbox\NUS Modules\EE2028_EE2024\Assignments\Assignment 2\Assignment 2 Workspace\Lib_MCU\Debug\libLib_MCU.a(lpc17xx_i2c.o)
 .text.I2C_SendByte
                0x00002a34       0x50 D:\Dropbox\Dropbox\NUS Modules\EE2028_EE2024\Assignments\Assignment 2\Assignment 2 Workspace\Lib_MCU\Debug\libLib_MCU.a(lpc17xx_i2c.o)
 .text.I2C_GetByte
                0x00002a84       0x5c D:\Dropbox\Dropbox\NUS Modules\EE2028_EE2024\Assignments\Assignment 2\Assignment 2 Workspace\Lib_MCU\Debug\libLib_MCU.a(lpc17xx_i2c.o)
 .text.I2C_IntCmd
                0x00002ae0       0xa8 D:\Dropbox\Dropbox\NUS Modules\EE2028_EE2024\Assignments\Assignment 2\Assignment 2 Workspace\Lib_MCU\Debug\libLib_MCU.a(lpc17xx_i2c.o)
                0x00002ae0                I2C_IntCmd
 .text.I2C_MasterHandler
                0x00002b88      0x408 D:\Dropbox\Dropbox\NUS Modules\EE2028_EE2024\Assignments\Assignment 2\Assignment 2 Workspace\Lib_MCU\Debug\libLib_MCU.a(lpc17xx_i2c.o)
                0x00002b88                I2C_MasterHandler
 .text.I2C_SetClock
                0x00002f90       0xc8 D:\Dropbox\Dropbox\NUS Modules\EE2028_EE2024\Assignments\Assignment 2\Assignment 2 Workspace\Lib_MCU\Debug\libLib_MCU.a(lpc17xx_i2c.o)
                0x00002f90                I2C_SetClock
 .text.I2C_Init
                0x00003058       0xd8 D:\Dropbox\Dropbox\NUS Modules\EE2028_EE2024\Assignments\Assignment 2\Assignment 2 Workspace\Lib_MCU\Debug\libLib_MCU.a(lpc17xx_i2c.o)
                0x00003058                I2C_Init
 .text.I2C_Cmd  0x00003130       0x84 D:\Dropbox\Dropbox\NUS Modules\EE2028_EE2024\Assignments\Assignment 2\Assignment 2 Workspace\Lib_MCU\Debug\libLib_MCU.a(lpc17xx_i2c.o)
                0x00003130                I2C_Cmd
 .text.I2C_MasterTransferData
                0x000031b4      0x390 D:\Dropbox\Dropbox\NUS Modules\EE2028_EE2024\Assignments\Assignment 2\Assignment 2 Workspace\Lib_MCU\Debug\libLib_MCU.a(lpc17xx_i2c.o)
                0x000031b4                I2C_MasterTransferData
 .text.PINSEL_SetPinFunc
                0x00003544       0x9c D:\Dropbox\Dropbox\NUS Modules\EE2028_EE2024\Assignments\Assignment 2\Assignment 2 Workspace\Lib_MCU\Debug\libLib_MCU.a(lpc17xx_pinsel.o)
                0x00003544                PINSEL_SetPinFunc
 .text.PINSEL_SetResistorMode
                0x000035e0       0x9c D:\Dropbox\Dropbox\NUS Modules\EE2028_EE2024\Assignments\Assignment 2\Assignment 2 Workspace\Lib_MCU\Debug\libLib_MCU.a(lpc17xx_pinsel.o)
                0x000035e0                PINSEL_SetResistorMode
 .text.PINSEL_SetOpenDrainMode
                0x0000367c       0x7c D:\Dropbox\Dropbox\NUS Modules\EE2028_EE2024\Assignments\Assignment 2\Assignment 2 Workspace\Lib_MCU\Debug\libLib_MCU.a(lpc17xx_pinsel.o)
                0x0000367c                PINSEL_SetOpenDrainMode
 .text.PINSEL_ConfigPin
                0x000036f8       0x54 D:\Dropbox\Dropbox\NUS Modules\EE2028_EE2024\Assignments\Assignment 2\Assignment 2 Workspace\Lib_MCU\Debug\libLib_MCU.a(lpc17xx_pinsel.o)
                0x000036f8                PINSEL_ConfigPin
 .text.SSP_getNum
                0x0000374c       0x40 D:\Dropbox\Dropbox\NUS Modules\EE2028_EE2024\Assignments\Assignment 2\Assignment 2 Workspace\Lib_MCU\Debug\libLib_MCU.a(lpc17xx_ssp.o)
 .text.SSP_IntHandler
                0x0000378c      0x338 D:\Dropbox\Dropbox\NUS Modules\EE2028_EE2024\Assignments\Assignment 2\Assignment 2 Workspace\Lib_MCU\Debug\libLib_MCU.a(lpc17xx_ssp.o)
                0x0000378c                SSP_IntHandler
 .text.SSP_SetClock
                0x00003ac4       0xf8 D:\Dropbox\Dropbox\NUS Modules\EE2028_EE2024\Assignments\Assignment 2\Assignment 2 Workspace\Lib_MCU\Debug\libLib_MCU.a(lpc17xx_ssp.o)
                0x00003ac4                SSP_SetClock
 .text.SSP_Init
                0x00003bbc      0x10c D:\Dropbox\Dropbox\NUS Modules\EE2028_EE2024\Assignments\Assignment 2\Assignment 2 Workspace\Lib_MCU\Debug\libLib_MCU.a(lpc17xx_ssp.o)
                0x00003bbc                SSP_Init
 .text.SSP_ConfigStructInit
                0x00003cc8       0x48 D:\Dropbox\Dropbox\NUS Modules\EE2028_EE2024\Assignments\Assignment 2\Assignment 2 Workspace\Lib_MCU\Debug\libLib_MCU.a(lpc17xx_ssp.o)
                0x00003cc8                SSP_ConfigStructInit
 .text.SSP_Cmd  0x00003d10       0x7c D:\Dropbox\Dropbox\NUS Modules\EE2028_EE2024\Assignments\Assignment 2\Assignment 2 Workspace\Lib_MCU\Debug\libLib_MCU.a(lpc17xx_ssp.o)
                0x00003d10                SSP_Cmd
 .text.SSP_SendData
                0x00003d8c       0x48 D:\Dropbox\Dropbox\NUS Modules\EE2028_EE2024\Assignments\Assignment 2\Assignment 2 Workspace\Lib_MCU\Debug\libLib_MCU.a(lpc17xx_ssp.o)
                0x00003d8c                SSP_SendData
 .text.SSP_ReceiveData
                0x00003dd4       0x44 D:\Dropbox\Dropbox\NUS Modules\EE2028_EE2024\Assignments\Assignment 2\Assignment 2 Workspace\Lib_MCU\Debug\libLib_MCU.a(lpc17xx_ssp.o)
                0x00003dd4                SSP_ReceiveData
 .text.SSP_ReadWrite
                0x00003e18      0x440 D:\Dropbox\Dropbox\NUS Modules\EE2028_EE2024\Assignments\Assignment 2\Assignment 2 Workspace\Lib_MCU\Debug\libLib_MCU.a(lpc17xx_ssp.o)
                0x00003e18                SSP_ReadWrite
 .text.CLKPWR_SetPCLKDiv
                0x00004258       0xcc D:\Dropbox\Dropbox\NUS Modules\EE2028_EE2024\Assignments\Assignment 2\Assignment 2 Workspace\Lib_MCU\Debug\libLib_MCU.a(lpc17xx_clkpwr.o)
                0x00004258                CLKPWR_SetPCLKDiv
 .text.CLKPWR_GetPCLKSEL
                0x00004324       0x54 D:\Dropbox\Dropbox\NUS Modules\EE2028_EE2024\Assignments\Assignment 2\Assignment 2 Workspace\Lib_MCU\Debug\libLib_MCU.a(lpc17xx_clkpwr.o)
                0x00004324                CLKPWR_GetPCLKSEL
 .text.CLKPWR_GetPCLK
                0x00004378       0x74 D:\Dropbox\Dropbox\NUS Modules\EE2028_EE2024\Assignments\Assignment 2\Assignment 2 Workspace\Lib_MCU\Debug\libLib_MCU.a(lpc17xx_clkpwr.o)
                0x00004378                CLKPWR_GetPCLK
 .text.CLKPWR_ConfigPPWR
                0x000043ec       0x78 D:\Dropbox\Dropbox\NUS Modules\EE2028_EE2024\Assignments\Assignment 2\Assignment 2 Workspace\Lib_MCU\Debug\libLib_MCU.a(lpc17xx_clkpwr.o)
                0x000043ec                CLKPWR_ConfigPPWR
 .text          0x00004464      0x370 c:/nxp/lpcxpresso_6.1.4_194/lpcxpresso/tools/bin/../lib/gcc/arm-none-eabi/4.6.2/armv7-m\libgcc.a(_arm_addsubdf3.o)
                0x00004464                __aeabi_drsub
                0x0000446c                __aeabi_dsub
                0x0000446c                __subdf3
                0x00004470                __aeabi_dadd
                0x00004470                __adddf3
                0x000046e8                __floatunsidf
                0x000046e8                __aeabi_ui2d
                0x00004708                __floatsidf
                0x00004708                __aeabi_i2d
                0x0000472c                __aeabi_f2d
                0x0000472c                __extendsfdf2
                0x00004768                __floatundidf
                0x00004768                __aeabi_ul2d
                0x00004778                __floatdidf
                0x00004778                __aeabi_l2d
 .text          0x000047d4      0x424 c:/nxp/lpcxpresso_6.1.4_194/lpcxpresso/tools/bin/../lib/gcc/arm-none-eabi/4.6.2/armv7-m\libgcc.a(_arm_muldivdf3.o)
                0x000047d4                __aeabi_dmul
                0x000047d4                __muldf3
                0x00004a28                __divdf3
                0x00004a28                __aeabi_ddiv
 .text          0x00004bf8      0x110 c:/nxp/lpcxpresso_6.1.4_194/lpcxpresso/tools/bin/../lib/gcc/arm-none-eabi/4.6.2/armv7-m\libgcc.a(_arm_cmpdf2.o)
                0x00004bf8                __gtdf2
                0x00004bf8                __gedf2
                0x00004c00                __ltdf2
                0x00004c00                __ledf2
                0x00004c08                __nedf2
                0x00004c08                __eqdf2
                0x00004c08                __cmpdf2
                0x00004c84                __aeabi_cdrcmple
                0x00004c94                __aeabi_cdcmpeq
                0x00004c94                __aeabi_cdcmple
                0x00004ca4                __aeabi_dcmpeq
                0x00004cb8                __aeabi_dcmplt
                0x00004ccc                __aeabi_dcmple
                0x00004ce0                __aeabi_dcmpge
                0x00004cf4                __aeabi_dcmpgt
 .text          0x00004d08       0xa0 c:/nxp/lpcxpresso_6.1.4_194/lpcxpresso/tools/bin/../lib/gcc/arm-none-eabi/4.6.2/armv7-m\libgcc.a(_arm_truncdfsf2.o)
                0x00004d08                __truncdfsf2
                0x00004d08                __aeabi_d2f
 .text          0x00004da8       0x2c c:/nxp/lpcxpresso_6.1.4_194/lpcxpresso/tools/bin/../lib/gcc/arm-none-eabi/4.6.2/armv7-m\libgcc.a(_aeabi_uldivmod.o)
                0x00004da8                __aeabi_uldivmod
 .text          0x00004dd4       0x5c c:/nxp/lpcxpresso_6.1.4_194/lpcxpresso/tools/bin/../lib/gcc/arm-none-eabi/4.6.2/armv7-m\libgcc.a(bpabi.o)
                0x00004dd4                __gnu_ldivmod_helper
                0x00004e04                __gnu_uldivmod_helper
 .text          0x00004e30        0x4 c:/nxp/lpcxpresso_6.1.4_194/lpcxpresso/tools/bin/../lib/gcc/arm-none-eabi/4.6.2/armv7-m\libgcc.a(_dvmd_tls.o)
                0x00004e30                __aeabi_idiv0
                0x00004e30                __aeabi_ldiv0
 .text          0x00004e34      0x2c8 c:/nxp/lpcxpresso_6.1.4_194/lpcxpresso/tools/bin/../lib/gcc/arm-none-eabi/4.6.2/armv7-m\libgcc.a(_divdi3.o)
                0x00004e34                __divdi3
 .text          0x000050fc      0x298 c:/nxp/lpcxpresso_6.1.4_194/lpcxpresso/tools/bin/../lib/gcc/arm-none-eabi/4.6.2/armv7-m\libgcc.a(_udivdi3.o)
                0x000050fc                __udivdi3
 .text.memset   0x00005394       0x90 c:/nxp/lpcxpresso_6.1.4_194/lpcxpresso/tools/bin/../lib/gcc/arm-none-eabi/4.6.2/../../../../arm-none-eabi/lib/armv7-m\libc.a(lib_a-memset.o)
                0x00005394                memset
 .text.printf   0x00005424       0x2c c:/nxp/lpcxpresso_6.1.4_194/lpcxpresso/tools/bin/../lib/gcc/arm-none-eabi/4.6.2/../../../../arm-none-eabi/lib/armv7-m\libc.a(lib_a-printf.o)
                0x00005424                printf
 .text.sprintf  0x00005450       0x50 c:/nxp/lpcxpresso_6.1.4_194/lpcxpresso/tools/bin/../lib/gcc/arm-none-eabi/4.6.2/../../../../arm-none-eabi/lib/armv7-m\libc.a(lib_a-sprintf.o)
                0x00005450                sprintf
 .text._svfprintf_r
                0x000054a0     0x1408 c:/nxp/lpcxpresso_6.1.4_194/lpcxpresso/tools/bin/../lib/gcc/arm-none-eabi/4.6.2/../../../../arm-none-eabi/lib/armv7-m\libc.a(lib_a-svfprintf.o)
                0x000054a0                _svfprintf_r
 .text._vfprintf_r
                0x000068a8     0x171c c:/nxp/lpcxpresso_6.1.4_194/lpcxpresso/tools/bin/../lib/gcc/arm-none-eabi/4.6.2/../../../../arm-none-eabi/lib/armv7-m\libc.a(lib_a-vfprintf.o)
                0x000068a8                _vfprintf_r
 .text.__swsetup_r
                0x00007fc4       0xb8 c:/nxp/lpcxpresso_6.1.4_194/lpcxpresso/tools/bin/../lib/gcc/arm-none-eabi/4.6.2/../../../../arm-none-eabi/lib/armv7-m\libc.a(lib_a-wsetup.o)
                0x00007fc4                __swsetup_r
 .text.quorem   0x0000807c      0x150 c:/nxp/lpcxpresso_6.1.4_194/lpcxpresso/tools/bin/../lib/gcc/arm-none-eabi/4.6.2/../../../../arm-none-eabi/lib/armv7-m\libc.a(lib_a-dtoa.o)
 *fill*         0x000081cc        0x4 00
 .text._dtoa_r  0x000081d0      0xe60 c:/nxp/lpcxpresso_6.1.4_194/lpcxpresso/tools/bin/../lib/gcc/arm-none-eabi/4.6.2/../../../../arm-none-eabi/lib/armv7-m\libc.a(lib_a-dtoa.o)
                0x000081d0                _dtoa_r
 .text._fflush_r
                0x00009030      0x16c c:/nxp/lpcxpresso_6.1.4_194/lpcxpresso/tools/bin/../lib/gcc/arm-none-eabi/4.6.2/../../../../arm-none-eabi/lib/armv7-m\libc.a(lib_a-fflush.o)
                0x00009030                _fflush_r
 .text._cleanup_r
                0x0000919c        0xc c:/nxp/lpcxpresso_6.1.4_194/lpcxpresso/tools/bin/../lib/gcc/arm-none-eabi/4.6.2/../../../../arm-none-eabi/lib/armv7-m\libc.a(lib_a-findfp.o)
                0x0000919c                _cleanup_r
 .text.std.isra.0
                0x000091a8       0x50 c:/nxp/lpcxpresso_6.1.4_194/lpcxpresso/tools/bin/../lib/gcc/arm-none-eabi/4.6.2/../../../../arm-none-eabi/lib/armv7-m\libc.a(lib_a-findfp.o)
 .text.__sinit  0x000091f8       0x4c c:/nxp/lpcxpresso_6.1.4_194/lpcxpresso/tools/bin/../lib/gcc/arm-none-eabi/4.6.2/../../../../arm-none-eabi/lib/armv7-m\libc.a(lib_a-findfp.o)
                0x000091f8                __sinit
 .text.__sfp_lock_acquire
                0x00009244        0x4 c:/nxp/lpcxpresso_6.1.4_194/lpcxpresso/tools/bin/../lib/gcc/arm-none-eabi/4.6.2/../../../../arm-none-eabi/lib/armv7-m\libc.a(lib_a-findfp.o)
                0x00009244                __sfp_lock_acquire
 .text.__sfp_lock_release
                0x00009248        0x4 c:/nxp/lpcxpresso_6.1.4_194/lpcxpresso/tools/bin/../lib/gcc/arm-none-eabi/4.6.2/../../../../arm-none-eabi/lib/armv7-m\libc.a(lib_a-findfp.o)
                0x00009248                __sfp_lock_release
 .text._malloc_trim_r
                0x0000924c       0xa0 c:/nxp/lpcxpresso_6.1.4_194/lpcxpresso/tools/bin/../lib/gcc/arm-none-eabi/4.6.2/../../../../arm-none-eabi/lib/armv7-m\libc.a(lib_a-freer.o)
                0x0000924c                _malloc_trim_r
 .text._free_r  0x000092ec      0x190 c:/nxp/lpcxpresso_6.1.4_194/lpcxpresso/tools/bin/../lib/gcc/arm-none-eabi/4.6.2/../../../../arm-none-eabi/lib/armv7-m\libc.a(lib_a-freer.o)
                0x000092ec                _free_r
 .text._fwalk   0x0000947c       0x54 c:/nxp/lpcxpresso_6.1.4_194/lpcxpresso/tools/bin/../lib/gcc/arm-none-eabi/4.6.2/../../../../arm-none-eabi/lib/armv7-m\libc.a(lib_a-fwalk.o)
                0x0000947c                _fwalk
 .text.__locale_charset
                0x000094d0        0xc c:/nxp/lpcxpresso_6.1.4_194/lpcxpresso/tools/bin/../lib/gcc/arm-none-eabi/4.6.2/../../../../arm-none-eabi/lib/armv7-m\libc.a(lib_a-locale.o)
                0x000094d0                __locale_charset
 .text.__locale_mb_cur_max
                0x000094dc        0xc c:/nxp/lpcxpresso_6.1.4_194/lpcxpresso/tools/bin/../lib/gcc/arm-none-eabi/4.6.2/../../../../arm-none-eabi/lib/armv7-m\libc.a(lib_a-locale.o)
                0x000094dc                __locale_mb_cur_max
 .text._localeconv_r
                0x000094e8        0xc c:/nxp/lpcxpresso_6.1.4_194/lpcxpresso/tools/bin/../lib/gcc/arm-none-eabi/4.6.2/../../../../arm-none-eabi/lib/armv7-m\libc.a(lib_a-locale.o)
                0x000094e8                _localeconv_r
 .text.__smakebuf_r
                0x000094f4       0xe0 c:/nxp/lpcxpresso_6.1.4_194/lpcxpresso/tools/bin/../lib/gcc/arm-none-eabi/4.6.2/../../../../arm-none-eabi/lib/armv7-m\libc.a(lib_a-makebuf.o)
                0x000094f4                __smakebuf_r
 .text._malloc_r
                0x000095d4      0x528 c:/nxp/lpcxpresso_6.1.4_194/lpcxpresso/tools/bin/../lib/gcc/arm-none-eabi/4.6.2/../../../../arm-none-eabi/lib/armv7-m\libc.a(lib_a-mallocr.o)
                0x000095d4                _malloc_r
 .text.memchr   0x00009afc       0x84 c:/nxp/lpcxpresso_6.1.4_194/lpcxpresso/tools/bin/../lib/gcc/arm-none-eabi/4.6.2/../../../../arm-none-eabi/lib/armv7-m\libc.a(lib_a-memchr.o)
                0x00009afc                memchr
 .text.memcpy   0x00009b80       0x84 c:/nxp/lpcxpresso_6.1.4_194/lpcxpresso/tools/bin/../lib/gcc/arm-none-eabi/4.6.2/../../../../arm-none-eabi/lib/armv7-m\libc.a(lib_a-memcpy.o)
                0x00009b80                memcpy
 .text.__malloc_lock
                0x00009c04        0x4 c:/nxp/lpcxpresso_6.1.4_194/lpcxpresso/tools/bin/../lib/gcc/arm-none-eabi/4.6.2/../../../../arm-none-eabi/lib/armv7-m\libc.a(lib_a-mlock.o)
                0x00009c04                __malloc_lock
 .text.__malloc_unlock
                0x00009c08        0x4 c:/nxp/lpcxpresso_6.1.4_194/lpcxpresso/tools/bin/../lib/gcc/arm-none-eabi/4.6.2/../../../../arm-none-eabi/lib/armv7-m\libc.a(lib_a-mlock.o)
                0x00009c08                __malloc_unlock
 .text._Balloc  0x00009c0c       0x4c c:/nxp/lpcxpresso_6.1.4_194/lpcxpresso/tools/bin/../lib/gcc/arm-none-eabi/4.6.2/../../../../arm-none-eabi/lib/armv7-m\libc.a(lib_a-mprec.o)
                0x00009c0c                _Balloc
 .text._Bfree   0x00009c58       0x14 c:/nxp/lpcxpresso_6.1.4_194/lpcxpresso/tools/bin/../lib/gcc/arm-none-eabi/4.6.2/../../../../arm-none-eabi/lib/armv7-m\libc.a(lib_a-mprec.o)
                0x00009c58                _Bfree
 .text.__multadd
                0x00009c6c       0x84 c:/nxp/lpcxpresso_6.1.4_194/lpcxpresso/tools/bin/../lib/gcc/arm-none-eabi/4.6.2/../../../../arm-none-eabi/lib/armv7-m\libc.a(lib_a-mprec.o)
                0x00009c6c                __multadd
 .text.__hi0bits
                0x00009cf0       0x3c c:/nxp/lpcxpresso_6.1.4_194/lpcxpresso/tools/bin/../lib/gcc/arm-none-eabi/4.6.2/../../../../arm-none-eabi/lib/armv7-m\libc.a(lib_a-mprec.o)
                0x00009cf0                __hi0bits
 .text.__lo0bits
                0x00009d2c       0x5c c:/nxp/lpcxpresso_6.1.4_194/lpcxpresso/tools/bin/../lib/gcc/arm-none-eabi/4.6.2/../../../../arm-none-eabi/lib/armv7-m\libc.a(lib_a-mprec.o)
                0x00009d2c                __lo0bits
 .text.__i2b    0x00009d88       0x14 c:/nxp/lpcxpresso_6.1.4_194/lpcxpresso/tools/bin/../lib/gcc/arm-none-eabi/4.6.2/../../../../arm-none-eabi/lib/armv7-m\libc.a(lib_a-mprec.o)
                0x00009d88                __i2b
 .text.__multiply
                0x00009d9c      0x144 c:/nxp/lpcxpresso_6.1.4_194/lpcxpresso/tools/bin/../lib/gcc/arm-none-eabi/4.6.2/../../../../arm-none-eabi/lib/armv7-m\libc.a(lib_a-mprec.o)
                0x00009d9c                __multiply
 .text.__pow5mult
                0x00009ee0       0x98 c:/nxp/lpcxpresso_6.1.4_194/lpcxpresso/tools/bin/../lib/gcc/arm-none-eabi/4.6.2/../../../../arm-none-eabi/lib/armv7-m\libc.a(lib_a-mprec.o)
                0x00009ee0                __pow5mult
 .text.__lshift
                0x00009f78       0xc0 c:/nxp/lpcxpresso_6.1.4_194/lpcxpresso/tools/bin/../lib/gcc/arm-none-eabi/4.6.2/../../../../arm-none-eabi/lib/armv7-m\libc.a(lib_a-mprec.o)
                0x00009f78                __lshift
 .text.__mcmp   0x0000a038       0x3c c:/nxp/lpcxpresso_6.1.4_194/lpcxpresso/tools/bin/../lib/gcc/arm-none-eabi/4.6.2/../../../../arm-none-eabi/lib/armv7-m\libc.a(lib_a-mprec.o)
                0x0000a038                __mcmp
 .text.__mdiff  0x0000a074       0xd8 c:/nxp/lpcxpresso_6.1.4_194/lpcxpresso/tools/bin/../lib/gcc/arm-none-eabi/4.6.2/../../../../arm-none-eabi/lib/armv7-m\libc.a(lib_a-mprec.o)
                0x0000a074                __mdiff
 .text.__d2b    0x0000a14c       0xcc c:/nxp/lpcxpresso_6.1.4_194/lpcxpresso/tools/bin/../lib/gcc/arm-none-eabi/4.6.2/../../../../arm-none-eabi/lib/armv7-m\libc.a(lib_a-mprec.o)
                0x0000a14c                __d2b
 .text.__fpclassifyd
                0x0000a218       0x68 c:/nxp/lpcxpresso_6.1.4_194/lpcxpresso/tools/bin/../lib/gcc/arm-none-eabi/4.6.2/../../../../arm-none-eabi/lib/armv7-m\libc.a(lib_a-s_fpclassify.o)
                0x0000a218                __fpclassifyd
 .text._sbrk_r  0x0000a280       0x24 c:/nxp/lpcxpresso_6.1.4_194/lpcxpresso/tools/bin/../lib/gcc/arm-none-eabi/4.6.2/../../../../arm-none-eabi/lib/armv7-m\libc.a(lib_a-sbrkr.o)
                0x0000a280                _sbrk_r
 .text.__sread  0x0000a2a4       0x24 c:/nxp/lpcxpresso_6.1.4_194/lpcxpresso/tools/bin/../lib/gcc/arm-none-eabi/4.6.2/../../../../arm-none-eabi/lib/armv7-m\libc.a(lib_a-stdio.o)
                0x0000a2a4                __sread
 .text.__swrite
                0x0000a2c8       0x40 c:/nxp/lpcxpresso_6.1.4_194/lpcxpresso/tools/bin/../lib/gcc/arm-none-eabi/4.6.2/../../../../arm-none-eabi/lib/armv7-m\libc.a(lib_a-stdio.o)
                0x0000a2c8                __swrite
 .text.__sseek  0x0000a308       0x24 c:/nxp/lpcxpresso_6.1.4_194/lpcxpresso/tools/bin/../lib/gcc/arm-none-eabi/4.6.2/../../../../arm-none-eabi/lib/armv7-m\libc.a(lib_a-stdio.o)
                0x0000a308                __sseek
 .text.__sclose
                0x0000a32c        0x8 c:/nxp/lpcxpresso_6.1.4_194/lpcxpresso/tools/bin/../lib/gcc/arm-none-eabi/4.6.2/../../../../arm-none-eabi/lib/armv7-m\libc.a(lib_a-stdio.o)
                0x0000a32c                __sclose
 .text.strlen   0x0000a334       0x60 c:/nxp/lpcxpresso_6.1.4_194/lpcxpresso/tools/bin/../lib/gcc/arm-none-eabi/4.6.2/../../../../arm-none-eabi/lib/armv7-m\libc.a(lib_a-strlen.o)
                0x0000a334                strlen
 .text.__ssprint_r
                0x0000a394       0xf8 c:/nxp/lpcxpresso_6.1.4_194/lpcxpresso/tools/bin/../lib/gcc/arm-none-eabi/4.6.2/../../../../arm-none-eabi/lib/armv7-m\libc.a(lib_a-svfiprintf.o)
                0x0000a394                __ssprint_r
 .text.__sprint_r
                0x0000a48c       0x80 c:/nxp/lpcxpresso_6.1.4_194/lpcxpresso/tools/bin/../lib/gcc/arm-none-eabi/4.6.2/../../../../arm-none-eabi/lib/armv7-m\libc.a(lib_a-vfiprintf.o)
                0x0000a48c                __sprint_r
 .text._write_r
                0x0000a50c       0x28 c:/nxp/lpcxpresso_6.1.4_194/lpcxpresso/tools/bin/../lib/gcc/arm-none-eabi/4.6.2/../../../../arm-none-eabi/lib/armv7-m\libc.a(lib_a-writer.o)
                0x0000a50c                _write_r
 .text._calloc_r
                0x0000a534       0x60 c:/nxp/lpcxpresso_6.1.4_194/lpcxpresso/tools/bin/../lib/gcc/arm-none-eabi/4.6.2/../../../../arm-none-eabi/lib/armv7-m\libc.a(lib_a-callocr.o)
                0x0000a534                _calloc_r
 .text._close_r
                0x0000a594       0x24 c:/nxp/lpcxpresso_6.1.4_194/lpcxpresso/tools/bin/../lib/gcc/arm-none-eabi/4.6.2/../../../../arm-none-eabi/lib/armv7-m\libc.a(lib_a-closer.o)
                0x0000a594                _close_r
 .text._fclose_r
                0x0000a5b8       0x90 c:/nxp/lpcxpresso_6.1.4_194/lpcxpresso/tools/bin/../lib/gcc/arm-none-eabi/4.6.2/../../../../arm-none-eabi/lib/armv7-m\libc.a(lib_a-fclose.o)
                0x0000a5b8                _fclose_r
 .text.fclose   0x0000a648       0x14 c:/nxp/lpcxpresso_6.1.4_194/lpcxpresso/tools/bin/../lib/gcc/arm-none-eabi/4.6.2/../../../../arm-none-eabi/lib/armv7-m\libc.a(lib_a-fclose.o)
                0x0000a648                fclose
 .text._fputwc_r
                0x0000a65c       0xd0 c:/nxp/lpcxpresso_6.1.4_194/lpcxpresso/tools/bin/../lib/gcc/arm-none-eabi/4.6.2/../../../../arm-none-eabi/lib/armv7-m\libc.a(lib_a-fputwc.o)
                0x0000a65c                _fputwc_r
 .text._fstat_r
                0x0000a72c       0x28 c:/nxp/lpcxpresso_6.1.4_194/lpcxpresso/tools/bin/../lib/gcc/arm-none-eabi/4.6.2/../../../../arm-none-eabi/lib/armv7-m\libc.a(lib_a-fstatr.o)
                0x0000a72c                _fstat_r
 .text.__sfvwrite_r
                0x0000a754      0x2e8 c:/nxp/lpcxpresso_6.1.4_194/lpcxpresso/tools/bin/../lib/gcc/arm-none-eabi/4.6.2/../../../../arm-none-eabi/lib/armv7-m\libc.a(lib_a-fvwrite.o)
                0x0000a754                __sfvwrite_r
 .text._isatty_r
                0x0000aa3c       0x24 c:/nxp/lpcxpresso_6.1.4_194/lpcxpresso/tools/bin/../lib/gcc/arm-none-eabi/4.6.2/../../../../arm-none-eabi/lib/armv7-m\libc.a(lib_a-isattyr.o)
                0x0000aa3c                _isatty_r
 .text._lseek_r
                0x0000aa60       0x28 c:/nxp/lpcxpresso_6.1.4_194/lpcxpresso/tools/bin/../lib/gcc/arm-none-eabi/4.6.2/../../../../arm-none-eabi/lib/armv7-m\libc.a(lib_a-lseekr.o)
                0x0000aa60                _lseek_r
 .text.memmove  0x0000aa88       0xb0 c:/nxp/lpcxpresso_6.1.4_194/lpcxpresso/tools/bin/../lib/gcc/arm-none-eabi/4.6.2/../../../../arm-none-eabi/lib/armv7-m\libc.a(lib_a-memmove.o)
                0x0000aa88                memmove
 .text._read_r  0x0000ab38       0x28 c:/nxp/lpcxpresso_6.1.4_194/lpcxpresso/tools/bin/../lib/gcc/arm-none-eabi/4.6.2/../../../../arm-none-eabi/lib/armv7-m\libc.a(lib_a-readr.o)
                0x0000ab38                _read_r
 .text._realloc_r
                0x0000ab60      0x3f4 c:/nxp/lpcxpresso_6.1.4_194/lpcxpresso/tools/bin/../lib/gcc/arm-none-eabi/4.6.2/../../../../arm-none-eabi/lib/armv7-m\libc.a(lib_a-reallocr.o)
                0x0000ab60                _realloc_r
 .text.__swbuf_r
                0x0000af54       0xc0 c:/nxp/lpcxpresso_6.1.4_194/lpcxpresso/tools/bin/../lib/gcc/arm-none-eabi/4.6.2/../../../../arm-none-eabi/lib/armv7-m\libc.a(lib_a-wbuf.o)
                0x0000af54                __swbuf_r
 .text._wcrtomb_r
                0x0000b014       0x4c c:/nxp/lpcxpresso_6.1.4_194/lpcxpresso/tools/bin/../lib/gcc/arm-none-eabi/4.6.2/../../../../arm-none-eabi/lib/armv7-m\libc.a(lib_a-wcrtomb.o)
                0x0000b014                _wcrtomb_r
 .text.__ascii_wctomb
                0x0000b060       0x1c c:/nxp/lpcxpresso_6.1.4_194/lpcxpresso/tools/bin/../lib/gcc/arm-none-eabi/4.6.2/../../../../arm-none-eabi/lib/armv7-m\libc.a(lib_a-wctomb_r.o)
                0x0000b060                __ascii_wctomb
 .text.sqrt     0x0000b07c       0xa8 c:/nxp/lpcxpresso_6.1.4_194/lpcxpresso/tools/bin/../lib/gcc/arm-none-eabi/4.6.2/../../../../arm-none-eabi/lib/armv7-m\libm.a(lib_a-w_sqrt.o)
                0x0000b07c                sqrt
 .text.__ieee754_sqrt
                0x0000b124      0x1b4 c:/nxp/lpcxpresso_6.1.4_194/lpcxpresso/tools/bin/../lib/gcc/arm-none-eabi/4.6.2/../../../../arm-none-eabi/lib/armv7-m\libm.a(lib_a-e_sqrt.o)
                0x0000b124                __ieee754_sqrt
 .text.matherr  0x0000b2d8        0x4 c:/nxp/lpcxpresso_6.1.4_194/lpcxpresso/tools/bin/../lib/gcc/arm-none-eabi/4.6.2/../../../../arm-none-eabi/lib/armv7-m\libm.a(lib_a-s_matherr.o)
                0x0000b2d8                matherr
 .text._sbrk    0x0000b2dc       0x3c c:/nxp/lpcxpresso_6.1.4_194/lpcxpresso/tools/bin/../lib/gcc/arm-none-eabi/4.6.2/../../../../arm-none-eabi/lib/armv7-m\libcr_newlib_semihost.a(_cr_sbrk.o)
                0x0000b2dc                _sbrk
 .text.do_AngelSWI
                0x0000b318       0x12 c:/nxp/lpcxpresso_6.1.4_194/lpcxpresso/tools/bin/../lib/gcc/arm-none-eabi/4.6.2/../../../../arm-none-eabi/lib/armv7-m\libcr_newlib_semihost.a(syscalls.o)
 *fill*         0x0000b32a        0x2 00
 .text.initialise_monitor_handles
                0x0000b32c       0x9c c:/nxp/lpcxpresso_6.1.4_194/lpcxpresso/tools/bin/../lib/gcc/arm-none-eabi/4.6.2/../../../../arm-none-eabi/lib/armv7-m\libcr_newlib_semihost.a(syscalls.o)
 .text.findslot
                0x0000b3c8       0x2c c:/nxp/lpcxpresso_6.1.4_194/lpcxpresso/tools/bin/../lib/gcc/arm-none-eabi/4.6.2/../../../../arm-none-eabi/lib/armv7-m\libcr_newlib_semihost.a(syscalls.o)
 .text.error    0x0000b3f4       0x18 c:/nxp/lpcxpresso_6.1.4_194/lpcxpresso/tools/bin/../lib/gcc/arm-none-eabi/4.6.2/../../../../arm-none-eabi/lib/armv7-m\libcr_newlib_semihost.a(syscalls.o)
 .text.checkerror
                0x0000b40c        0xc c:/nxp/lpcxpresso_6.1.4_194/lpcxpresso/tools/bin/../lib/gcc/arm-none-eabi/4.6.2/../../../../arm-none-eabi/lib/armv7-m\libcr_newlib_semihost.a(syscalls.o)
 .text._swiread
                0x0000b418       0x18 c:/nxp/lpcxpresso_6.1.4_194/lpcxpresso/tools/bin/../lib/gcc/arm-none-eabi/4.6.2/../../../../arm-none-eabi/lib/armv7-m\libcr_newlib_semihost.a(syscalls.o)
                0x0000b418                _swiread
 .text._read    0x0000b430       0x36 c:/nxp/lpcxpresso_6.1.4_194/lpcxpresso/tools/bin/../lib/gcc/arm-none-eabi/4.6.2/../../../../arm-none-eabi/lib/armv7-m\libcr_newlib_semihost.a(syscalls.o)
                0x0000b430                _read
 .text._swilseek
                0x0000b466       0x76 c:/nxp/lpcxpresso_6.1.4_194/lpcxpresso/tools/bin/../lib/gcc/arm-none-eabi/4.6.2/../../../../arm-none-eabi/lib/armv7-m\libcr_newlib_semihost.a(syscalls.o)
                0x0000b466                _swilseek
 .text._lseek   0x0000b4dc        0x4 c:/nxp/lpcxpresso_6.1.4_194/lpcxpresso/tools/bin/../lib/gcc/arm-none-eabi/4.6.2/../../../../arm-none-eabi/lib/armv7-m\libcr_newlib_semihost.a(syscalls.o)
                0x0000b4dc                _lseek
 .text._swiwrite
                0x0000b4e0       0x18 c:/nxp/lpcxpresso_6.1.4_194/lpcxpresso/tools/bin/../lib/gcc/arm-none-eabi/4.6.2/../../../../arm-none-eabi/lib/armv7-m\libcr_newlib_semihost.a(syscalls.o)
                0x0000b4e0                _swiwrite
 .text._write   0x0000b4f8       0x46 c:/nxp/lpcxpresso_6.1.4_194/lpcxpresso/tools/bin/../lib/gcc/arm-none-eabi/4.6.2/../../../../arm-none-eabi/lib/armv7-m\libcr_newlib_semihost.a(syscalls.o)
                0x0000b4f8                _write
 .text._swiclose
                0x0000b53e       0x14 c:/nxp/lpcxpresso_6.1.4_194/lpcxpresso/tools/bin/../lib/gcc/arm-none-eabi/4.6.2/../../../../arm-none-eabi/lib/armv7-m\libcr_newlib_semihost.a(syscalls.o)
                0x0000b53e                _swiclose
 *fill*         0x0000b552        0x2 00
 .text._close   0x0000b554       0x48 c:/nxp/lpcxpresso_6.1.4_194/lpcxpresso/tools/bin/../lib/gcc/arm-none-eabi/4.6.2/../../../../arm-none-eabi/lib/armv7-m\libcr_newlib_semihost.a(syscalls.o)
                0x0000b554                _close
 .text._swistat
                0x0000b59c       0x3e c:/nxp/lpcxpresso_6.1.4_194/lpcxpresso/tools/bin/../lib/gcc/arm-none-eabi/4.6.2/../../../../arm-none-eabi/lib/armv7-m\libcr_newlib_semihost.a(syscalls.o)
                0x0000b59c                _swistat
 .text._fstat   0x0000b5da       0x1c c:/nxp/lpcxpresso_6.1.4_194/lpcxpresso/tools/bin/../lib/gcc/arm-none-eabi/4.6.2/../../../../arm-none-eabi/lib/armv7-m\libcr_newlib_semihost.a(syscalls.o)
                0x0000b5da                _fstat
 .text._isatty  0x0000b5f6       0x26 c:/nxp/lpcxpresso_6.1.4_194/lpcxpresso/tools/bin/../lib/gcc/arm-none-eabi/4.6.2/../../../../arm-none-eabi/lib/armv7-m\libcr_newlib_semihost.a(syscalls.o)
                0x0000b5f6                _isatty
 .text.__check_heap_overflow
                0x0000b61c       0x2c c:/nxp/lpcxpresso_6.1.4_194/lpcxpresso/tools/bin/../lib/gcc/arm-none-eabi/4.6.2/../../../../arm-none-eabi/lib/armv7-m\libcr_newlib_semihost.a(_cr_check_heap.o)
                0x0000b61c                __check_heap_overflow
 .text          0x0000b648       0x50 c:/nxp/lpcxpresso_6.1.4_194/lpcxpresso/tools/bin/../lib/gcc/arm-none-eabi/4.6.2/armv7-m\libgcc.a(_arm_fixdfsi.o)
                0x0000b648                __aeabi_d2iz
                0x0000b648                __fixdfsi
 .text.__errno  0x0000b698        0xc c:/nxp/lpcxpresso_6.1.4_194/lpcxpresso/tools/bin/../lib/gcc/arm-none-eabi/4.6.2/../../../../arm-none-eabi/lib/armv7-m\libc.a(lib_a-errno.o)
                0x0000b698                __errno
 *(.rodata .rodata.* .constdata .constdata.*)
 *fill*         0x0000b6a4        0x4 00
 .rodata        0x0000b6a8      0x238 ./src/main.o
 .rodata        0x0000b8e0        0x8 D:\Dropbox\Dropbox\NUS Modules\EE2028_EE2024\Assignments\Assignment 2\Assignment 2 Workspace\Lib_EaBaseBoard\Debug\libLib_EaBaseBoard.a(oled.o)
 .rodata        0x0000b8e8      0x300 D:\Dropbox\Dropbox\NUS Modules\EE2028_EE2024\Assignments\Assignment 2\Assignment 2 Workspace\Lib_EaBaseBoard\Debug\libLib_EaBaseBoard.a(font5x7.o)
                0x0000b8e8                font5x7
 .rodata        0x0000bbe8       0x18 D:\Dropbox\Dropbox\NUS Modules\EE2028_EE2024\Assignments\Assignment 2\Assignment 2 Workspace\Lib_MCU\Debug\libLib_MCU.a(lpc17xx_i2c.o)
 .rodata        0x0000bc00       0x18 D:\Dropbox\Dropbox\NUS Modules\EE2028_EE2024\Assignments\Assignment 2\Assignment 2 Workspace\Lib_MCU\Debug\libLib_MCU.a(lpc17xx_ssp.o)
 .rodata.zeroes.6590
                0x0000bc18       0x10 c:/nxp/lpcxpresso_6.1.4_194/lpcxpresso/tools/bin/../lib/gcc/arm-none-eabi/4.6.2/../../../../arm-none-eabi/lib/armv7-m\libc.a(lib_a-svfprintf.o)
 .rodata.str1.4
                0x0000bc28       0x42 c:/nxp/lpcxpresso_6.1.4_194/lpcxpresso/tools/bin/../lib/gcc/arm-none-eabi/4.6.2/../../../../arm-none-eabi/lib/armv7-m\libc.a(lib_a-svfprintf.o)
                                 0x44 (size before relaxing)
 *fill*         0x0000bc6a        0x2 00
 .rodata.blanks.6589
                0x0000bc6c       0x10 c:/nxp/lpcxpresso_6.1.4_194/lpcxpresso/tools/bin/../lib/gcc/arm-none-eabi/4.6.2/../../../../arm-none-eabi/lib/armv7-m\libc.a(lib_a-svfprintf.o)
 .rodata.zeroes.6605
                0x0000bc7c       0x10 c:/nxp/lpcxpresso_6.1.4_194/lpcxpresso/tools/bin/../lib/gcc/arm-none-eabi/4.6.2/../../../../arm-none-eabi/lib/armv7-m\libc.a(lib_a-vfprintf.o)
 .rodata.str1.4
                0x00000000       0x44 c:/nxp/lpcxpresso_6.1.4_194/lpcxpresso/tools/bin/../lib/gcc/arm-none-eabi/4.6.2/../../../../arm-none-eabi/lib/armv7-m\libc.a(lib_a-vfprintf.o)
 .rodata.blanks.6604
                0x0000bc8c       0x10 c:/nxp/lpcxpresso_6.1.4_194/lpcxpresso/tools/bin/../lib/gcc/arm-none-eabi/4.6.2/../../../../arm-none-eabi/lib/armv7-m\libc.a(lib_a-vfprintf.o)
 .rodata.str1.4
                0x0000bc9c       0x10 c:/nxp/lpcxpresso_6.1.4_194/lpcxpresso/tools/bin/../lib/gcc/arm-none-eabi/4.6.2/../../../../arm-none-eabi/lib/armv7-m\libc.a(lib_a-dtoa.o)
                                 0x14 (size before relaxing)
 .rodata.str1.4
                0x0000bcac        0x2 c:/nxp/lpcxpresso_6.1.4_194/lpcxpresso/tools/bin/../lib/gcc/arm-none-eabi/4.6.2/../../../../arm-none-eabi/lib/armv7-m\libc.a(lib_a-impure.o)
                                  0x4 (size before relaxing)
 *fill*         0x0000bcae        0x2 00
 .rodata.str1.4
                0x0000bcb0        0xa c:/nxp/lpcxpresso_6.1.4_194/lpcxpresso/tools/bin/../lib/gcc/arm-none-eabi/4.6.2/../../../../arm-none-eabi/lib/armv7-m\libc.a(lib_a-locale.o)
                                 0x14 (size before relaxing)
 *fill*         0x0000bcba        0x6 00
 .rodata.__mprec_tens
                0x0000bcc0       0xc8 c:/nxp/lpcxpresso_6.1.4_194/lpcxpresso/tools/bin/../lib/gcc/arm-none-eabi/4.6.2/../../../../arm-none-eabi/lib/armv7-m\libc.a(lib_a-mprec.o)
                0x0000bcc0                __mprec_tens
 .rodata.__mprec_bigtens
                0x0000bd88       0x28 c:/nxp/lpcxpresso_6.1.4_194/lpcxpresso/tools/bin/../lib/gcc/arm-none-eabi/4.6.2/../../../../arm-none-eabi/lib/armv7-m\libc.a(lib_a-mprec.o)
                0x0000bd88                __mprec_bigtens
 .rodata.p05.5111
                0x0000bdb0        0xc c:/nxp/lpcxpresso_6.1.4_194/lpcxpresso/tools/bin/../lib/gcc/arm-none-eabi/4.6.2/../../../../arm-none-eabi/lib/armv7-m\libc.a(lib_a-mprec.o)
 .rodata.str1.4
                0x0000bdbc        0x8 c:/nxp/lpcxpresso_6.1.4_194/lpcxpresso/tools/bin/../lib/gcc/arm-none-eabi/4.6.2/../../../../arm-none-eabi/lib/armv7-m\libm.a(lib_a-w_sqrt.o)
 .rodata.str1.1
                0x0000bdc4        0x4 c:/nxp/lpcxpresso_6.1.4_194/lpcxpresso/tools/bin/../lib/gcc/arm-none-eabi/4.6.2/../../../../arm-none-eabi/lib/armv7-m\libcr_newlib_semihost.a(syscalls.o)
                0x0000bdc8                . = ALIGN (0x4)

.glue_7         0x0000bdc8        0x0
 .glue_7        0x00000000        0x0 linker stubs

.glue_7t        0x0000bdc8        0x0
 .glue_7t       0x00000000        0x0 linker stubs

.vfp11_veneer   0x0000bdc8        0x0
 .vfp11_veneer  0x00000000        0x0 linker stubs

.v4_bx          0x0000bdc8        0x0
 .v4_bx         0x00000000        0x0 linker stubs

.ARM.extab
 *(.ARM.extab* .gnu.linkonce.armextab.*)
                0x0000bdc8                __exidx_start = .

.ARM.exidx      0x0000bdc8        0x8
 *(.ARM.exidx* .gnu.linkonce.armexidx.*)
 .ARM.exidx     0x0000bdc8        0x8 c:/nxp/lpcxpresso_6.1.4_194/lpcxpresso/tools/bin/../lib/gcc/arm-none-eabi/4.6.2/armv7-m\libgcc.a(_divdi3.o)
 .ARM.exidx     0x0000bdd0        0x0 c:/nxp/lpcxpresso_6.1.4_194/lpcxpresso/tools/bin/../lib/gcc/arm-none-eabi/4.6.2/armv7-m\libgcc.a(_udivdi3.o)
                                  0x8 (size before relaxing)
                0x0000bdd0                __exidx_end = .
                0x0000bdd0                _etext = .

.data_RAM2      0x2007c000        0x0 load address 0x0000bdd0
 FILL mask 0xff
 *(.data.$RAM2*)
 *(.data.$RamAHB32*)
                0x2007c000                . = ALIGN (0x4)

.uninit_RESERVED
                0x10000000        0x0
 *(.bss.$RESERVED*)
                0x10000000                . = ALIGN (0x4)
                0x10000000                _end_uninit_RESERVED = .

.data           0x10000000      0x958 load address 0x0000bdd0
 FILL mask 0xff
                0x10000000                _data = .
 *(vtable)
 *(.data*)
 .data          0x10000000       0x58 ./src/main.o
                0x10000000                SevenSegFlag
                0x10000001                dir
                0x10000002                btn1
                0x1000004c                saued
                0x10000052                restnow_OLED_line
                0x10000053                dim_OLED_line
 .data          0x10000058        0x4 D:\Dropbox\Dropbox\NUS Modules\EE2028_EE2024\Assignments\Assignment 2\Assignment 2 Workspace\Lib_CMSISv1p30_LPC17xx\Debug\libCMSISv1p30_LPC17xx.a(system_LPC17xx.o)
                0x10000058                SystemCoreClock
 .data          0x1000005c       0x50 D:\Dropbox\Dropbox\NUS Modules\EE2028_EE2024\Assignments\Assignment 2\Assignment 2 Workspace\Lib_EaBaseBoard\Debug\libLib_EaBaseBoard.a(led7seg.o)
 .data          0x100000ac        0x8 D:\Dropbox\Dropbox\NUS Modules\EE2028_EE2024\Assignments\Assignment 2\Assignment 2 Workspace\Lib_EaBaseBoard\Debug\libLib_EaBaseBoard.a(light.o)
 *fill*         0x100000b4        0x4 00
 .data.impure_data
                0x100000b8      0x428 c:/nxp/lpcxpresso_6.1.4_194/lpcxpresso/tools/bin/../lib/gcc/arm-none-eabi/4.6.2/../../../../arm-none-eabi/lib/armv7-m\libc.a(lib_a-impure.o)
 .data._impure_ptr
                0x100004e0        0x4 c:/nxp/lpcxpresso_6.1.4_194/lpcxpresso/tools/bin/../lib/gcc/arm-none-eabi/4.6.2/../../../../arm-none-eabi/lib/armv7-m\libc.a(lib_a-impure.o)
                0x100004e0                _impure_ptr
 .data.lconv    0x100004e4       0x38 c:/nxp/lpcxpresso_6.1.4_194/lpcxpresso/tools/bin/../lib/gcc/arm-none-eabi/4.6.2/../../../../arm-none-eabi/lib/armv7-m\libc.a(lib_a-locale.o)
 .data.lc_ctype_charset
                0x1000051c       0x20 c:/nxp/lpcxpresso_6.1.4_194/lpcxpresso/tools/bin/../lib/gcc/arm-none-eabi/4.6.2/../../../../arm-none-eabi/lib/armv7-m\libc.a(lib_a-locale.o)
 .data.__mb_cur_max
                0x1000053c        0x4 c:/nxp/lpcxpresso_6.1.4_194/lpcxpresso/tools/bin/../lib/gcc/arm-none-eabi/4.6.2/../../../../arm-none-eabi/lib/armv7-m\libc.a(lib_a-locale.o)
                0x1000053c                __mb_cur_max
 .data.__malloc_av_
                0x10000540      0x408 c:/nxp/lpcxpresso_6.1.4_194/lpcxpresso/tools/bin/../lib/gcc/arm-none-eabi/4.6.2/../../../../arm-none-eabi/lib/armv7-m\libc.a(lib_a-mallocr.o)
                0x10000540                __malloc_av_
 .data.__malloc_trim_threshold
                0x10000948        0x4 c:/nxp/lpcxpresso_6.1.4_194/lpcxpresso/tools/bin/../lib/gcc/arm-none-eabi/4.6.2/../../../../arm-none-eabi/lib/armv7-m\libc.a(lib_a-mallocr.o)
                0x10000948                __malloc_trim_threshold
 .data.__malloc_sbrk_base
                0x1000094c        0x4 c:/nxp/lpcxpresso_6.1.4_194/lpcxpresso/tools/bin/../lib/gcc/arm-none-eabi/4.6.2/../../../../arm-none-eabi/lib/armv7-m\libc.a(lib_a-mallocr.o)
                0x1000094c                __malloc_sbrk_base
 .data.__wctomb
                0x10000950        0x4 c:/nxp/lpcxpresso_6.1.4_194/lpcxpresso/tools/bin/../lib/gcc/arm-none-eabi/4.6.2/../../../../arm-none-eabi/lib/armv7-m\libc.a(lib_a-wctomb_r.o)
                0x10000950                __wctomb
 .data.__fdlib_version
                0x10000954        0x1 c:/nxp/lpcxpresso_6.1.4_194/lpcxpresso/tools/bin/../lib/gcc/arm-none-eabi/4.6.2/../../../../arm-none-eabi/lib/armv7-m\libm.a(lib_a-s_lib_ver.o)
                0x10000954                __fdlib_version
                0x10000958                . = ALIGN (0x4)
 *fill*         0x10000955        0x3 ff
                0x10000958                _edata = .

.bss_RAM2       0x2007c000        0x0
 *(.bss.$RAM2*)
 *(.bss.$RamAHB32*)
                0x2007c000                . = ALIGN (0x4)

.bss            0x10000958      0x43c
                0x10000958                _bss = .
 *(.bss*)
 .bss           0x10000958       0x40 ./src/main.o
                0x10000958                state
                0x1000095c                msTicks
                0x10000960                getTicks
                0x10000964                msFlag
                0x10000965                RGB_FLAG
                0x10000968                tempvalue
                0x1000096c                countdown_flag
                0x10000970                xoff
                0x10000974                yoff
                0x10000978                zoff
                0x1000097c                x
                0x1000097d                y
                0x1000097e                z
                0x10000980                net_acc
                0x10000984                wait
                0x10000985                joyState
                0x10000988                saved_count
                0x1000098c                temp_flag
                0x1000098d                restnow_printed
 .bss           0x10000998      0x300 D:\Dropbox\Dropbox\NUS Modules\EE2028_EE2024\Assignments\Assignment 2\Assignment 2 Workspace\Lib_EaBaseBoard\Debug\libLib_EaBaseBoard.a(oled.o)
 .bss           0x10000c98        0x6 D:\Dropbox\Dropbox\NUS Modules\EE2028_EE2024\Assignments\Assignment 2\Assignment 2 Workspace\Lib_EaBaseBoard\Debug\libLib_EaBaseBoard.a(pca9532.o)
 *fill*         0x10000c9e        0x2 00
 .bss           0x10000ca0        0x4 D:\Dropbox\Dropbox\NUS Modules\EE2028_EE2024\Assignments\Assignment 2\Assignment 2 Workspace\Lib_EaBaseBoard\Debug\libLib_EaBaseBoard.a(temp.o)
 .bss           0x10000ca4       0x24 D:\Dropbox\Dropbox\NUS Modules\EE2028_EE2024\Assignments\Assignment 2\Assignment 2 Workspace\Lib_MCU\Debug\libLib_MCU.a(lpc17xx_i2c.o)
 .bss           0x10000cc8       0x18 D:\Dropbox\Dropbox\NUS Modules\EE2028_EE2024\Assignments\Assignment 2\Assignment 2 Workspace\Lib_MCU\Debug\libLib_MCU.a(lpc17xx_ssp.o)
 .bss.__malloc_max_total_mem
                0x10000ce0        0x4 c:/nxp/lpcxpresso_6.1.4_194/lpcxpresso/tools/bin/../lib/gcc/arm-none-eabi/4.6.2/../../../../arm-none-eabi/lib/armv7-m\libc.a(lib_a-mallocr.o)
                0x10000ce0                __malloc_max_total_mem
 .bss.__malloc_max_sbrked_mem
                0x10000ce4        0x4 c:/nxp/lpcxpresso_6.1.4_194/lpcxpresso/tools/bin/../lib/gcc/arm-none-eabi/4.6.2/../../../../arm-none-eabi/lib/armv7-m\libc.a(lib_a-mallocr.o)
                0x10000ce4                __malloc_max_sbrked_mem
 .bss.__malloc_top_pad
                0x10000ce8        0x4 c:/nxp/lpcxpresso_6.1.4_194/lpcxpresso/tools/bin/../lib/gcc/arm-none-eabi/4.6.2/../../../../arm-none-eabi/lib/armv7-m\libc.a(lib_a-mallocr.o)
                0x10000ce8                __malloc_top_pad
 .bss.__malloc_current_mallinfo
                0x10000cec       0x28 c:/nxp/lpcxpresso_6.1.4_194/lpcxpresso/tools/bin/../lib/gcc/arm-none-eabi/4.6.2/../../../../arm-none-eabi/lib/armv7-m\libc.a(lib_a-mallocr.o)
                0x10000cec                __malloc_current_mallinfo
 .bss.monitor_stdout
                0x10000d14        0x4 c:/nxp/lpcxpresso_6.1.4_194/lpcxpresso/tools/bin/../lib/gcc/arm-none-eabi/4.6.2/../../../../arm-none-eabi/lib/armv7-m\libcr_newlib_semihost.a(syscalls.o)
 .bss.monitor_stdin
                0x10000d18        0x4 c:/nxp/lpcxpresso_6.1.4_194/lpcxpresso/tools/bin/../lib/gcc/arm-none-eabi/4.6.2/../../../../arm-none-eabi/lib/armv7-m\libcr_newlib_semihost.a(syscalls.o)
 .bss.initialized.2429
                0x10000d1c        0x4 c:/nxp/lpcxpresso_6.1.4_194/lpcxpresso/tools/bin/../lib/gcc/arm-none-eabi/4.6.2/../../../../arm-none-eabi/lib/armv7-m\libcr_newlib_semihost.a(syscalls.o)
 .bss.monitor_stderr
                0x10000d20        0x4 c:/nxp/lpcxpresso_6.1.4_194/lpcxpresso/tools/bin/../lib/gcc/arm-none-eabi/4.6.2/../../../../arm-none-eabi/lib/armv7-m\libcr_newlib_semihost.a(syscalls.o)
 .bss.openfiles
                0x10000d24       0x28 c:/nxp/lpcxpresso_6.1.4_194/lpcxpresso/tools/bin/../lib/gcc/arm-none-eabi/4.6.2/../../../../arm-none-eabi/lib/armv7-m\libcr_newlib_semihost.a(syscalls.o)
 *(COMMON)
 COMMON         0x10000d4c       0x40 ./src/main.o
                0x10000d4c                prev_countdown_ticks
                0x10000d50                luminI
                0x10000d54                prev_blink_blue_ticks
                0x10000d58                prev_temp_ticks
                0x10000d5c                emer_dur
                0x10000d60                emer_start_ticks
                0x10000d64                prev_saved_ticks
                0x10000d68                prev_alternateled_ticks
                0x10000d6c                temp_string
 COMMON         0x10000d8c        0x4 c:/nxp/lpcxpresso_6.1.4_194/lpcxpresso/tools/bin/../lib/gcc/arm-none-eabi/4.6.2/../../../../arm-none-eabi/lib/armv7-m\libc.a(lib_a-reent.o)
                0x10000d8c                errno
 COMMON         0x10000d90        0x4 c:/nxp/lpcxpresso_6.1.4_194/lpcxpresso/tools/bin/../lib/gcc/arm-none-eabi/4.6.2/../../../../arm-none-eabi/lib/armv7-m\libcr_newlib_semihost.a(_cr_sbrk.o)
                0x10000d90                __end_of_heap
                0x10000d94                . = ALIGN (0x4)
                0x10000d94                _ebss = .
                0x10000d94                PROVIDE (end, .)

.noinit_RAM2    0x2007c000        0x0
 *(.noinit.$RAM2*)
 *(.noinit.$RamAHB32*)
                0x2007c000                . = ALIGN (0x4)

.noinit         0x10000d94        0x0
                0x10000d94                _noinit = .
 *(.noinit*)
                0x10000d94                . = ALIGN (0x4)
                0x10000d94                _end_noinit = .
                0x10000d94                PROVIDE (_pvHeapStart, .)
                0x10008000                PROVIDE (_vStackTop, (__top_RamLoc32 - 0x0))
OUTPUT(demo.axf elf32-littlearm)

.debug_info     0x00000000     0x7dc7
 .debug_info    0x00000000      0x209 ./src/cr_startup_lpc17.o
 .debug_info    0x00000209     0x139e ./src/main.o
 .debug_info    0x000015a7      0x357 D:\Dropbox\Dropbox\NUS Modules\EE2028_EE2024\Assignments\Assignment 2\Assignment 2 Workspace\Lib_CMSISv1p30_LPC17xx\Debug\libCMSISv1p30_LPC17xx.a(system_LPC17xx.o)
 .debug_info    0x000018fe      0x53d D:\Dropbox\Dropbox\NUS Modules\EE2028_EE2024\Assignments\Assignment 2\Assignment 2 Workspace\Lib_EaBaseBoard\Debug\libLib_EaBaseBoard.a(acc.o)
 .debug_info    0x00001e3b      0x10f D:\Dropbox\Dropbox\NUS Modules\EE2028_EE2024\Assignments\Assignment 2\Assignment 2 Workspace\Lib_EaBaseBoard\Debug\libLib_EaBaseBoard.a(joystick.o)
 .debug_info    0x00001f4a      0x282 D:\Dropbox\Dropbox\NUS Modules\EE2028_EE2024\Assignments\Assignment 2\Assignment 2 Workspace\Lib_EaBaseBoard\Debug\libLib_EaBaseBoard.a(led7seg.o)
 .debug_info    0x000021cc      0x763 D:\Dropbox\Dropbox\NUS Modules\EE2028_EE2024\Assignments\Assignment 2\Assignment 2 Workspace\Lib_EaBaseBoard\Debug\libLib_EaBaseBoard.a(light.o)
 .debug_info    0x0000292f      0x97d D:\Dropbox\Dropbox\NUS Modules\EE2028_EE2024\Assignments\Assignment 2\Assignment 2 Workspace\Lib_EaBaseBoard\Debug\libLib_EaBaseBoard.a(oled.o)
 .debug_info    0x000032ac      0x642 D:\Dropbox\Dropbox\NUS Modules\EE2028_EE2024\Assignments\Assignment 2\Assignment 2 Workspace\Lib_EaBaseBoard\Debug\libLib_EaBaseBoard.a(pca9532.o)
 .debug_info    0x000038ee       0xe4 D:\Dropbox\Dropbox\NUS Modules\EE2028_EE2024\Assignments\Assignment 2\Assignment 2 Workspace\Lib_EaBaseBoard\Debug\libLib_EaBaseBoard.a(rgb.o)
 .debug_info    0x000039d2      0x154 D:\Dropbox\Dropbox\NUS Modules\EE2028_EE2024\Assignments\Assignment 2\Assignment 2 Workspace\Lib_EaBaseBoard\Debug\libLib_EaBaseBoard.a(temp.o)
 .debug_info    0x00003b26       0x65 D:\Dropbox\Dropbox\NUS Modules\EE2028_EE2024\Assignments\Assignment 2\Assignment 2 Workspace\Lib_EaBaseBoard\Debug\libLib_EaBaseBoard.a(font5x7.o)
 .debug_info    0x00003b8b      0xb95 D:\Dropbox\Dropbox\NUS Modules\EE2028_EE2024\Assignments\Assignment 2\Assignment 2 Workspace\Lib_MCU\Debug\libLib_MCU.a(lpc17xx_gpio.o)
 .debug_info    0x00004720      0xcc3 D:\Dropbox\Dropbox\NUS Modules\EE2028_EE2024\Assignments\Assignment 2\Assignment 2 Workspace\Lib_MCU\Debug\libLib_MCU.a(lpc17xx_i2c.o)
 .debug_info    0x000053e3      0x4b1 D:\Dropbox\Dropbox\NUS Modules\EE2028_EE2024\Assignments\Assignment 2\Assignment 2 Workspace\Lib_MCU\Debug\libLib_MCU.a(lpc17xx_pinsel.o)
 .debug_info    0x00005894      0x867 D:\Dropbox\Dropbox\NUS Modules\EE2028_EE2024\Assignments\Assignment 2\Assignment 2 Workspace\Lib_MCU\Debug\libLib_MCU.a(lpc17xx_ssp.o)
 .debug_info    0x000060fb      0x8e4 D:\Dropbox\Dropbox\NUS Modules\EE2028_EE2024\Assignments\Assignment 2\Assignment 2 Workspace\Lib_MCU\Debug\libLib_MCU.a(lpc17xx_timer.o)
 .debug_info    0x000069df      0x641 D:\Dropbox\Dropbox\NUS Modules\EE2028_EE2024\Assignments\Assignment 2\Assignment 2 Workspace\Lib_MCU\Debug\libLib_MCU.a(lpc17xx_clkpwr.o)
 .debug_info    0x00007020      0x106 c:/nxp/lpcxpresso_6.1.4_194/lpcxpresso/tools/bin/../lib/gcc/arm-none-eabi/4.6.2/../../../../arm-none-eabi/lib/armv7-m\libcr_newlib_semihost.a(_cr_sbrk.o)
 .debug_info    0x00007126      0xbec c:/nxp/lpcxpresso_6.1.4_194/lpcxpresso/tools/bin/../lib/gcc/arm-none-eabi/4.6.2/../../../../arm-none-eabi/lib/armv7-m\libcr_newlib_semihost.a(syscalls.o)
 .debug_info    0x00007d12       0xb5 c:/nxp/lpcxpresso_6.1.4_194/lpcxpresso/tools/bin/../lib/gcc/arm-none-eabi/4.6.2/../../../../arm-none-eabi/lib/armv7-m\libcr_newlib_semihost.a(_cr_check_heap.o)

.debug_abbrev   0x00000000     0x1bf5
 .debug_abbrev  0x00000000       0xb4 ./src/cr_startup_lpc17.o
 .debug_abbrev  0x000000b4      0x2e7 ./src/main.o
 .debug_abbrev  0x0000039b       0xce D:\Dropbox\Dropbox\NUS Modules\EE2028_EE2024\Assignments\Assignment 2\Assignment 2 Workspace\Lib_CMSISv1p30_LPC17xx\Debug\libCMSISv1p30_LPC17xx.a(system_LPC17xx.o)
 .debug_abbrev  0x00000469      0x15c D:\Dropbox\Dropbox\NUS Modules\EE2028_EE2024\Assignments\Assignment 2\Assignment 2 Workspace\Lib_EaBaseBoard\Debug\libLib_EaBaseBoard.a(acc.o)
 .debug_abbrev  0x000005c5       0x90 D:\Dropbox\Dropbox\NUS Modules\EE2028_EE2024\Assignments\Assignment 2\Assignment 2 Workspace\Lib_EaBaseBoard\Debug\libLib_EaBaseBoard.a(joystick.o)
 .debug_abbrev  0x00000655      0x155 D:\Dropbox\Dropbox\NUS Modules\EE2028_EE2024\Assignments\Assignment 2\Assignment 2 Workspace\Lib_EaBaseBoard\Debug\libLib_EaBaseBoard.a(led7seg.o)
 .debug_abbrev  0x000007aa      0x1bd D:\Dropbox\Dropbox\NUS Modules\EE2028_EE2024\Assignments\Assignment 2\Assignment 2 Workspace\Lib_EaBaseBoard\Debug\libLib_EaBaseBoard.a(light.o)
 .debug_abbrev  0x00000967      0x1f1 D:\Dropbox\Dropbox\NUS Modules\EE2028_EE2024\Assignments\Assignment 2\Assignment 2 Workspace\Lib_EaBaseBoard\Debug\libLib_EaBaseBoard.a(oled.o)
 .debug_abbrev  0x00000b58      0x1aa D:\Dropbox\Dropbox\NUS Modules\EE2028_EE2024\Assignments\Assignment 2\Assignment 2 Workspace\Lib_EaBaseBoard\Debug\libLib_EaBaseBoard.a(pca9532.o)
 .debug_abbrev  0x00000d02       0x8e D:\Dropbox\Dropbox\NUS Modules\EE2028_EE2024\Assignments\Assignment 2\Assignment 2 Workspace\Lib_EaBaseBoard\Debug\libLib_EaBaseBoard.a(rgb.o)
 .debug_abbrev  0x00000d90       0xc2 D:\Dropbox\Dropbox\NUS Modules\EE2028_EE2024\Assignments\Assignment 2\Assignment 2 Workspace\Lib_EaBaseBoard\Debug\libLib_EaBaseBoard.a(temp.o)
 .debug_abbrev  0x00000e52       0x4b D:\Dropbox\Dropbox\NUS Modules\EE2028_EE2024\Assignments\Assignment 2\Assignment 2 Workspace\Lib_EaBaseBoard\Debug\libLib_EaBaseBoard.a(font5x7.o)
 .debug_abbrev  0x00000e9d      0x185 D:\Dropbox\Dropbox\NUS Modules\EE2028_EE2024\Assignments\Assignment 2\Assignment 2 Workspace\Lib_MCU\Debug\libLib_MCU.a(lpc17xx_gpio.o)
 .debug_abbrev  0x00001022      0x24a D:\Dropbox\Dropbox\NUS Modules\EE2028_EE2024\Assignments\Assignment 2\Assignment 2 Workspace\Lib_MCU\Debug\libLib_MCU.a(lpc17xx_i2c.o)
 .debug_abbrev  0x0000126c      0x10a D:\Dropbox\Dropbox\NUS Modules\EE2028_EE2024\Assignments\Assignment 2\Assignment 2 Workspace\Lib_MCU\Debug\libLib_MCU.a(lpc17xx_pinsel.o)
 .debug_abbrev  0x00001376      0x1d3 D:\Dropbox\Dropbox\NUS Modules\EE2028_EE2024\Assignments\Assignment 2\Assignment 2 Workspace\Lib_MCU\Debug\libLib_MCU.a(lpc17xx_ssp.o)
 .debug_abbrev  0x00001549      0x19f D:\Dropbox\Dropbox\NUS Modules\EE2028_EE2024\Assignments\Assignment 2\Assignment 2 Workspace\Lib_MCU\Debug\libLib_MCU.a(lpc17xx_timer.o)
 .debug_abbrev  0x000016e8      0x174 D:\Dropbox\Dropbox\NUS Modules\EE2028_EE2024\Assignments\Assignment 2\Assignment 2 Workspace\Lib_MCU\Debug\libLib_MCU.a(lpc17xx_clkpwr.o)
 .debug_abbrev  0x0000185c       0xa8 c:/nxp/lpcxpresso_6.1.4_194/lpcxpresso/tools/bin/../lib/gcc/arm-none-eabi/4.6.2/../../../../arm-none-eabi/lib/armv7-m\libcr_newlib_semihost.a(_cr_sbrk.o)
 .debug_abbrev  0x00001904      0x27f c:/nxp/lpcxpresso_6.1.4_194/lpcxpresso/tools/bin/../lib/gcc/arm-none-eabi/4.6.2/../../../../arm-none-eabi/lib/armv7-m\libcr_newlib_semihost.a(syscalls.o)
 .debug_abbrev  0x00001b83       0x72 c:/nxp/lpcxpresso_6.1.4_194/lpcxpresso/tools/bin/../lib/gcc/arm-none-eabi/4.6.2/../../../../arm-none-eabi/lib/armv7-m\libcr_newlib_semihost.a(_cr_check_heap.o)

.debug_loc      0x00000000     0x3658
 .debug_loc     0x00000000      0x1f0 ./src/cr_startup_lpc17.o
 .debug_loc     0x000001f0      0x75c ./src/main.o
 .debug_loc     0x0000094c       0x58 D:\Dropbox\Dropbox\NUS Modules\EE2028_EE2024\Assignments\Assignment 2\Assignment 2 Workspace\Lib_CMSISv1p30_LPC17xx\Debug\libCMSISv1p30_LPC17xx.a(system_LPC17xx.o)
 .debug_loc     0x000009a4      0x1f0 D:\Dropbox\Dropbox\NUS Modules\EE2028_EE2024\Assignments\Assignment 2\Assignment 2 Workspace\Lib_EaBaseBoard\Debug\libLib_EaBaseBoard.a(acc.o)
 .debug_loc     0x00000b94       0x64 D:\Dropbox\Dropbox\NUS Modules\EE2028_EE2024\Assignments\Assignment 2\Assignment 2 Workspace\Lib_EaBaseBoard\Debug\libLib_EaBaseBoard.a(joystick.o)
 .debug_loc     0x00000bf8       0x64 D:\Dropbox\Dropbox\NUS Modules\EE2028_EE2024\Assignments\Assignment 2\Assignment 2 Workspace\Lib_EaBaseBoard\Debug\libLib_EaBaseBoard.a(led7seg.o)
 .debug_loc     0x00000c5c      0x378 D:\Dropbox\Dropbox\NUS Modules\EE2028_EE2024\Assignments\Assignment 2\Assignment 2 Workspace\Lib_EaBaseBoard\Debug\libLib_EaBaseBoard.a(light.o)
 .debug_loc     0x00000fd4      0x33e D:\Dropbox\Dropbox\NUS Modules\EE2028_EE2024\Assignments\Assignment 2\Assignment 2 Workspace\Lib_EaBaseBoard\Debug\libLib_EaBaseBoard.a(oled.o)
 .debug_loc     0x00001312      0x2d0 D:\Dropbox\Dropbox\NUS Modules\EE2028_EE2024\Assignments\Assignment 2\Assignment 2 Workspace\Lib_EaBaseBoard\Debug\libLib_EaBaseBoard.a(pca9532.o)
 .debug_loc     0x000015e2       0x64 D:\Dropbox\Dropbox\NUS Modules\EE2028_EE2024\Assignments\Assignment 2\Assignment 2 Workspace\Lib_EaBaseBoard\Debug\libLib_EaBaseBoard.a(rgb.o)
 .debug_loc     0x00001646       0x70 D:\Dropbox\Dropbox\NUS Modules\EE2028_EE2024\Assignments\Assignment 2\Assignment 2 Workspace\Lib_EaBaseBoard\Debug\libLib_EaBaseBoard.a(temp.o)
 .debug_loc     0x000016b6      0x4d0 D:\Dropbox\Dropbox\NUS Modules\EE2028_EE2024\Assignments\Assignment 2\Assignment 2 Workspace\Lib_MCU\Debug\libLib_MCU.a(lpc17xx_gpio.o)
 .debug_loc     0x00001b86      0x4e4 D:\Dropbox\Dropbox\NUS Modules\EE2028_EE2024\Assignments\Assignment 2\Assignment 2 Workspace\Lib_MCU\Debug\libLib_MCU.a(lpc17xx_i2c.o)
 .debug_loc     0x0000206a      0x150 D:\Dropbox\Dropbox\NUS Modules\EE2028_EE2024\Assignments\Assignment 2\Assignment 2 Workspace\Lib_MCU\Debug\libLib_MCU.a(lpc17xx_pinsel.o)
 .debug_loc     0x000021ba      0x448 D:\Dropbox\Dropbox\NUS Modules\EE2028_EE2024\Assignments\Assignment 2\Assignment 2 Workspace\Lib_MCU\Debug\libLib_MCU.a(lpc17xx_ssp.o)
 .debug_loc     0x00002602      0x3b8 D:\Dropbox\Dropbox\NUS Modules\EE2028_EE2024\Assignments\Assignment 2\Assignment 2 Workspace\Lib_MCU\Debug\libLib_MCU.a(lpc17xx_timer.o)
 .debug_loc     0x000029ba      0x1bc D:\Dropbox\Dropbox\NUS Modules\EE2028_EE2024\Assignments\Assignment 2\Assignment 2 Workspace\Lib_MCU\Debug\libLib_MCU.a(lpc17xx_clkpwr.o)
 .debug_loc     0x00002b76       0x55 c:/nxp/lpcxpresso_6.1.4_194/lpcxpresso/tools/bin/../lib/gcc/arm-none-eabi/4.6.2/../../../../arm-none-eabi/lib/armv7-m\libcr_newlib_semihost.a(_cr_sbrk.o)
 .debug_loc     0x00002bcb      0xa64 c:/nxp/lpcxpresso_6.1.4_194/lpcxpresso/tools/bin/../lib/gcc/arm-none-eabi/4.6.2/../../../../arm-none-eabi/lib/armv7-m\libcr_newlib_semihost.a(syscalls.o)
 .debug_loc     0x0000362f       0x29 c:/nxp/lpcxpresso_6.1.4_194/lpcxpresso/tools/bin/../lib/gcc/arm-none-eabi/4.6.2/../../../../arm-none-eabi/lib/armv7-m\libcr_newlib_semihost.a(_cr_check_heap.o)

.debug_aranges  0x00000000      0x940
 .debug_aranges
                0x00000000       0x70 ./src/cr_startup_lpc17.o
 .debug_aranges
                0x00000070      0x138 ./src/main.o
 .debug_aranges
                0x000001a8       0x28 D:\Dropbox\Dropbox\NUS Modules\EE2028_EE2024\Assignments\Assignment 2\Assignment 2 Workspace\Lib_CMSISv1p30_LPC17xx\Debug\libCMSISv1p30_LPC17xx.a(system_LPC17xx.o)
 .debug_aranges
                0x000001d0       0x60 D:\Dropbox\Dropbox\NUS Modules\EE2028_EE2024\Assignments\Assignment 2\Assignment 2 Workspace\Lib_EaBaseBoard\Debug\libLib_EaBaseBoard.a(acc.o)
 .debug_aranges
                0x00000230       0x28 D:\Dropbox\Dropbox\NUS Modules\EE2028_EE2024\Assignments\Assignment 2\Assignment 2 Workspace\Lib_EaBaseBoard\Debug\libLib_EaBaseBoard.a(joystick.o)
 .debug_aranges
                0x00000258       0x28 D:\Dropbox\Dropbox\NUS Modules\EE2028_EE2024\Assignments\Assignment 2\Assignment 2 Workspace\Lib_EaBaseBoard\Debug\libLib_EaBaseBoard.a(led7seg.o)
 .debug_aranges
                0x00000280       0x98 D:\Dropbox\Dropbox\NUS Modules\EE2028_EE2024\Assignments\Assignment 2\Assignment 2 Workspace\Lib_EaBaseBoard\Debug\libLib_EaBaseBoard.a(light.o)
 .debug_aranges
                0x00000318       0x90 D:\Dropbox\Dropbox\NUS Modules\EE2028_EE2024\Assignments\Assignment 2\Assignment 2 Workspace\Lib_EaBaseBoard\Debug\libLib_EaBaseBoard.a(oled.o)
 .debug_aranges
                0x000003a8       0x80 D:\Dropbox\Dropbox\NUS Modules\EE2028_EE2024\Assignments\Assignment 2\Assignment 2 Workspace\Lib_EaBaseBoard\Debug\libLib_EaBaseBoard.a(pca9532.o)
 .debug_aranges
                0x00000428       0x28 D:\Dropbox\Dropbox\NUS Modules\EE2028_EE2024\Assignments\Assignment 2\Assignment 2 Workspace\Lib_EaBaseBoard\Debug\libLib_EaBaseBoard.a(rgb.o)
 .debug_aranges
                0x00000450       0x28 D:\Dropbox\Dropbox\NUS Modules\EE2028_EE2024\Assignments\Assignment 2\Assignment 2 Workspace\Lib_EaBaseBoard\Debug\libLib_EaBaseBoard.a(temp.o)
 .debug_aranges
                0x00000478       0xc8 D:\Dropbox\Dropbox\NUS Modules\EE2028_EE2024\Assignments\Assignment 2\Assignment 2 Workspace\Lib_MCU\Debug\libLib_MCU.a(lpc17xx_gpio.o)
 .debug_aranges
                0x00000540       0xd0 D:\Dropbox\Dropbox\NUS Modules\EE2028_EE2024\Assignments\Assignment 2\Assignment 2 Workspace\Lib_MCU\Debug\libLib_MCU.a(lpc17xx_i2c.o)
 .debug_aranges
                0x00000610       0x48 D:\Dropbox\Dropbox\NUS Modules\EE2028_EE2024\Assignments\Assignment 2\Assignment 2 Workspace\Lib_MCU\Debug\libLib_MCU.a(lpc17xx_pinsel.o)
 .debug_aranges
                0x00000658       0xb8 D:\Dropbox\Dropbox\NUS Modules\EE2028_EE2024\Assignments\Assignment 2\Assignment 2 Workspace\Lib_MCU\Debug\libLib_MCU.a(lpc17xx_ssp.o)
 .debug_aranges
                0x00000710       0xa0 D:\Dropbox\Dropbox\NUS Modules\EE2028_EE2024\Assignments\Assignment 2\Assignment 2 Workspace\Lib_MCU\Debug\libLib_MCU.a(lpc17xx_timer.o)
 .debug_aranges
                0x000007b0       0x60 D:\Dropbox\Dropbox\NUS Modules\EE2028_EE2024\Assignments\Assignment 2\Assignment 2 Workspace\Lib_MCU\Debug\libLib_MCU.a(lpc17xx_clkpwr.o)
 .debug_aranges
                0x00000810       0x20 c:/nxp/lpcxpresso_6.1.4_194/lpcxpresso/tools/bin/../lib/gcc/arm-none-eabi/4.6.2/../../../../arm-none-eabi/lib/armv7-m\libcr_newlib_semihost.a(_cr_sbrk.o)
 .debug_aranges
                0x00000830       0xf0 c:/nxp/lpcxpresso_6.1.4_194/lpcxpresso/tools/bin/../lib/gcc/arm-none-eabi/4.6.2/../../../../arm-none-eabi/lib/armv7-m\libcr_newlib_semihost.a(syscalls.o)
 .debug_aranges
                0x00000920       0x20 c:/nxp/lpcxpresso_6.1.4_194/lpcxpresso/tools/bin/../lib/gcc/arm-none-eabi/4.6.2/../../../../arm-none-eabi/lib/armv7-m\libcr_newlib_semihost.a(_cr_check_heap.o)

.debug_ranges   0x00000000      0x860
 .debug_ranges  0x00000000       0x60 ./src/cr_startup_lpc17.o
 .debug_ranges  0x00000060      0x128 ./src/main.o
 .debug_ranges  0x00000188       0x18 D:\Dropbox\Dropbox\NUS Modules\EE2028_EE2024\Assignments\Assignment 2\Assignment 2 Workspace\Lib_CMSISv1p30_LPC17xx\Debug\libCMSISv1p30_LPC17xx.a(system_LPC17xx.o)
 .debug_ranges  0x000001a0       0x50 D:\Dropbox\Dropbox\NUS Modules\EE2028_EE2024\Assignments\Assignment 2\Assignment 2 Workspace\Lib_EaBaseBoard\Debug\libLib_EaBaseBoard.a(acc.o)
 .debug_ranges  0x000001f0       0x18 D:\Dropbox\Dropbox\NUS Modules\EE2028_EE2024\Assignments\Assignment 2\Assignment 2 Workspace\Lib_EaBaseBoard\Debug\libLib_EaBaseBoard.a(joystick.o)
 .debug_ranges  0x00000208       0x18 D:\Dropbox\Dropbox\NUS Modules\EE2028_EE2024\Assignments\Assignment 2\Assignment 2 Workspace\Lib_EaBaseBoard\Debug\libLib_EaBaseBoard.a(led7seg.o)
 .debug_ranges  0x00000220       0x88 D:\Dropbox\Dropbox\NUS Modules\EE2028_EE2024\Assignments\Assignment 2\Assignment 2 Workspace\Lib_EaBaseBoard\Debug\libLib_EaBaseBoard.a(light.o)
 .debug_ranges  0x000002a8       0x80 D:\Dropbox\Dropbox\NUS Modules\EE2028_EE2024\Assignments\Assignment 2\Assignment 2 Workspace\Lib_EaBaseBoard\Debug\libLib_EaBaseBoard.a(oled.o)
 .debug_ranges  0x00000328       0x70 D:\Dropbox\Dropbox\NUS Modules\EE2028_EE2024\Assignments\Assignment 2\Assignment 2 Workspace\Lib_EaBaseBoard\Debug\libLib_EaBaseBoard.a(pca9532.o)
 .debug_ranges  0x00000398       0x18 D:\Dropbox\Dropbox\NUS Modules\EE2028_EE2024\Assignments\Assignment 2\Assignment 2 Workspace\Lib_EaBaseBoard\Debug\libLib_EaBaseBoard.a(rgb.o)
 .debug_ranges  0x000003b0       0x18 D:\Dropbox\Dropbox\NUS Modules\EE2028_EE2024\Assignments\Assignment 2\Assignment 2 Workspace\Lib_EaBaseBoard\Debug\libLib_EaBaseBoard.a(temp.o)
 .debug_ranges  0x000003c8       0xb8 D:\Dropbox\Dropbox\NUS Modules\EE2028_EE2024\Assignments\Assignment 2\Assignment 2 Workspace\Lib_MCU\Debug\libLib_MCU.a(lpc17xx_gpio.o)
 .debug_ranges  0x00000480       0xc0 D:\Dropbox\Dropbox\NUS Modules\EE2028_EE2024\Assignments\Assignment 2\Assignment 2 Workspace\Lib_MCU\Debug\libLib_MCU.a(lpc17xx_i2c.o)
 .debug_ranges  0x00000540       0x38 D:\Dropbox\Dropbox\NUS Modules\EE2028_EE2024\Assignments\Assignment 2\Assignment 2 Workspace\Lib_MCU\Debug\libLib_MCU.a(lpc17xx_pinsel.o)
 .debug_ranges  0x00000578       0xa8 D:\Dropbox\Dropbox\NUS Modules\EE2028_EE2024\Assignments\Assignment 2\Assignment 2 Workspace\Lib_MCU\Debug\libLib_MCU.a(lpc17xx_ssp.o)
 .debug_ranges  0x00000620       0x90 D:\Dropbox\Dropbox\NUS Modules\EE2028_EE2024\Assignments\Assignment 2\Assignment 2 Workspace\Lib_MCU\Debug\libLib_MCU.a(lpc17xx_timer.o)
 .debug_ranges  0x000006b0       0x50 D:\Dropbox\Dropbox\NUS Modules\EE2028_EE2024\Assignments\Assignment 2\Assignment 2 Workspace\Lib_MCU\Debug\libLib_MCU.a(lpc17xx_clkpwr.o)
 .debug_ranges  0x00000700       0x10 c:/nxp/lpcxpresso_6.1.4_194/lpcxpresso/tools/bin/../lib/gcc/arm-none-eabi/4.6.2/../../../../arm-none-eabi/lib/armv7-m\libcr_newlib_semihost.a(_cr_sbrk.o)
 .debug_ranges  0x00000710      0x140 c:/nxp/lpcxpresso_6.1.4_194/lpcxpresso/tools/bin/../lib/gcc/arm-none-eabi/4.6.2/../../../../arm-none-eabi/lib/armv7-m\libcr_newlib_semihost.a(syscalls.o)
 .debug_ranges  0x00000850       0x10 c:/nxp/lpcxpresso_6.1.4_194/lpcxpresso/tools/bin/../lib/gcc/arm-none-eabi/4.6.2/../../../../arm-none-eabi/lib/armv7-m\libcr_newlib_semihost.a(_cr_check_heap.o)

.debug_line     0x00000000     0x7188
 .debug_line    0x00000000      0x398 ./src/cr_startup_lpc17.o
 .debug_line    0x00000398      0xcad ./src/main.o
 .debug_line    0x00001045      0x437 D:\Dropbox\Dropbox\NUS Modules\EE2028_EE2024\Assignments\Assignment 2\Assignment 2 Workspace\Lib_CMSISv1p30_LPC17xx\Debug\libCMSISv1p30_LPC17xx.a(system_LPC17xx.o)
 .debug_line    0x0000147c      0x572 D:\Dropbox\Dropbox\NUS Modules\EE2028_EE2024\Assignments\Assignment 2\Assignment 2 Workspace\Lib_EaBaseBoard\Debug\libLib_EaBaseBoard.a(acc.o)
 .debug_line    0x000019ee      0x4dd D:\Dropbox\Dropbox\NUS Modules\EE2028_EE2024\Assignments\Assignment 2\Assignment 2 Workspace\Lib_EaBaseBoard\Debug\libLib_EaBaseBoard.a(joystick.o)
 .debug_line    0x00001ecb      0x4ed D:\Dropbox\Dropbox\NUS Modules\EE2028_EE2024\Assignments\Assignment 2\Assignment 2 Workspace\Lib_EaBaseBoard\Debug\libLib_EaBaseBoard.a(led7seg.o)
 .debug_line    0x000023b8      0x61e D:\Dropbox\Dropbox\NUS Modules\EE2028_EE2024\Assignments\Assignment 2\Assignment 2 Workspace\Lib_EaBaseBoard\Debug\libLib_EaBaseBoard.a(light.o)
 .debug_line    0x000029d6      0x7f7 D:\Dropbox\Dropbox\NUS Modules\EE2028_EE2024\Assignments\Assignment 2\Assignment 2 Workspace\Lib_EaBaseBoard\Debug\libLib_EaBaseBoard.a(oled.o)
 .debug_line    0x000031cd      0x609 D:\Dropbox\Dropbox\NUS Modules\EE2028_EE2024\Assignments\Assignment 2\Assignment 2 Workspace\Lib_EaBaseBoard\Debug\libLib_EaBaseBoard.a(pca9532.o)
 .debug_line    0x000037d6      0x4ca D:\Dropbox\Dropbox\NUS Modules\EE2028_EE2024\Assignments\Assignment 2\Assignment 2 Workspace\Lib_EaBaseBoard\Debug\libLib_EaBaseBoard.a(rgb.o)
 .debug_line    0x00003ca0      0x4eb D:\Dropbox\Dropbox\NUS Modules\EE2028_EE2024\Assignments\Assignment 2\Assignment 2 Workspace\Lib_EaBaseBoard\Debug\libLib_EaBaseBoard.a(temp.o)
 .debug_line    0x0000418b       0xb2 D:\Dropbox\Dropbox\NUS Modules\EE2028_EE2024\Assignments\Assignment 2\Assignment 2 Workspace\Lib_EaBaseBoard\Debug\libLib_EaBaseBoard.a(font5x7.o)
 .debug_line    0x0000423d      0x63e D:\Dropbox\Dropbox\NUS Modules\EE2028_EE2024\Assignments\Assignment 2\Assignment 2 Workspace\Lib_MCU\Debug\libLib_MCU.a(lpc17xx_gpio.o)
 .debug_line    0x0000487b      0x959 D:\Dropbox\Dropbox\NUS Modules\EE2028_EE2024\Assignments\Assignment 2\Assignment 2 Workspace\Lib_MCU\Debug\libLib_MCU.a(lpc17xx_i2c.o)
 .debug_line    0x000051d4      0x4bd D:\Dropbox\Dropbox\NUS Modules\EE2028_EE2024\Assignments\Assignment 2\Assignment 2 Workspace\Lib_MCU\Debug\libLib_MCU.a(lpc17xx_pinsel.o)
 .debug_line    0x00005691      0x88c D:\Dropbox\Dropbox\NUS Modules\EE2028_EE2024\Assignments\Assignment 2\Assignment 2 Workspace\Lib_MCU\Debug\libLib_MCU.a(lpc17xx_ssp.o)
 .debug_line    0x00005f1d      0x7ea D:\Dropbox\Dropbox\NUS Modules\EE2028_EE2024\Assignments\Assignment 2\Assignment 2 Workspace\Lib_MCU\Debug\libLib_MCU.a(lpc17xx_timer.o)
 .debug_line    0x00006707      0x51e D:\Dropbox\Dropbox\NUS Modules\EE2028_EE2024\Assignments\Assignment 2\Assignment 2 Workspace\Lib_MCU\Debug\libLib_MCU.a(lpc17xx_clkpwr.o)
 .debug_line    0x00006c25       0xc0 c:/nxp/lpcxpresso_6.1.4_194/lpcxpresso/tools/bin/../lib/gcc/arm-none-eabi/4.6.2/../../../../arm-none-eabi/lib/armv7-m\libcr_newlib_semihost.a(_cr_sbrk.o)
 .debug_line    0x00006ce5      0x44f c:/nxp/lpcxpresso_6.1.4_194/lpcxpresso/tools/bin/../lib/gcc/arm-none-eabi/4.6.2/../../../../arm-none-eabi/lib/armv7-m\libcr_newlib_semihost.a(syscalls.o)
 .debug_line    0x00007134       0x54 c:/nxp/lpcxpresso_6.1.4_194/lpcxpresso/tools/bin/../lib/gcc/arm-none-eabi/4.6.2/../../../../arm-none-eabi/lib/armv7-m\libcr_newlib_semihost.a(_cr_check_heap.o)

.debug_macinfo  0x00000000    0x9c528
 .debug_macinfo
                0x00000000     0x2c15 ./src/cr_startup_lpc17.o
 .debug_macinfo
                0x00002c15     0xd5a7 ./src/main.o
 .debug_macinfo
                0x000101bc     0x83f8 D:\Dropbox\Dropbox\NUS Modules\EE2028_EE2024\Assignments\Assignment 2\Assignment 2 Workspace\Lib_CMSISv1p30_LPC17xx\Debug\libCMSISv1p30_LPC17xx.a(system_LPC17xx.o)
 .debug_macinfo
                0x000185b4     0x8f1b D:\Dropbox\Dropbox\NUS Modules\EE2028_EE2024\Assignments\Assignment 2\Assignment 2 Workspace\Lib_EaBaseBoard\Debug\libLib_EaBaseBoard.a(acc.o)
 .debug_macinfo
                0x000214cf     0x858b D:\Dropbox\Dropbox\NUS Modules\EE2028_EE2024\Assignments\Assignment 2\Assignment 2 Workspace\Lib_EaBaseBoard\Debug\libLib_EaBaseBoard.a(joystick.o)
 .debug_macinfo
                0x00029a5a     0x96a3 D:\Dropbox\Dropbox\NUS Modules\EE2028_EE2024\Assignments\Assignment 2\Assignment 2 Workspace\Lib_EaBaseBoard\Debug\libLib_EaBaseBoard.a(led7seg.o)
 .debug_macinfo
                0x000330fd     0x8e3a D:\Dropbox\Dropbox\NUS Modules\EE2028_EE2024\Assignments\Assignment 2\Assignment 2 Workspace\Lib_EaBaseBoard\Debug\libLib_EaBaseBoard.a(light.o)
 .debug_macinfo
                0x0003bf37     0xa143 D:\Dropbox\Dropbox\NUS Modules\EE2028_EE2024\Assignments\Assignment 2\Assignment 2 Workspace\Lib_EaBaseBoard\Debug\libLib_EaBaseBoard.a(oled.o)
 .debug_macinfo
                0x0004607a     0x8e59 D:\Dropbox\Dropbox\NUS Modules\EE2028_EE2024\Assignments\Assignment 2\Assignment 2 Workspace\Lib_EaBaseBoard\Debug\libLib_EaBaseBoard.a(pca9532.o)
 .debug_macinfo
                0x0004eed3     0x854c D:\Dropbox\Dropbox\NUS Modules\EE2028_EE2024\Assignments\Assignment 2\Assignment 2 Workspace\Lib_EaBaseBoard\Debug\libLib_EaBaseBoard.a(rgb.o)
 .debug_macinfo
                0x0005741f     0x85e6 D:\Dropbox\Dropbox\NUS Modules\EE2028_EE2024\Assignments\Assignment 2\Assignment 2 Workspace\Lib_EaBaseBoard\Debug\libLib_EaBaseBoard.a(temp.o)
 .debug_macinfo
                0x0005fa05     0x332a D:\Dropbox\Dropbox\NUS Modules\EE2028_EE2024\Assignments\Assignment 2\Assignment 2 Workspace\Lib_EaBaseBoard\Debug\libLib_EaBaseBoard.a(font5x7.o)
 .debug_macinfo
                0x00062d2f     0x86b8 D:\Dropbox\Dropbox\NUS Modules\EE2028_EE2024\Assignments\Assignment 2\Assignment 2 Workspace\Lib_MCU\Debug\libLib_MCU.a(lpc17xx_gpio.o)
 .debug_macinfo
                0x0006b3e7     0xa5d8 D:\Dropbox\Dropbox\NUS Modules\EE2028_EE2024\Assignments\Assignment 2\Assignment 2 Workspace\Lib_MCU\Debug\libLib_MCU.a(lpc17xx_i2c.o)
 .debug_macinfo
                0x000759bf     0x87d3 D:\Dropbox\Dropbox\NUS Modules\EE2028_EE2024\Assignments\Assignment 2\Assignment 2 Workspace\Lib_MCU\Debug\libLib_MCU.a(lpc17xx_pinsel.o)
 .debug_macinfo
                0x0007e192     0xa8d0 D:\Dropbox\Dropbox\NUS Modules\EE2028_EE2024\Assignments\Assignment 2\Assignment 2 Workspace\Lib_MCU\Debug\libLib_MCU.a(lpc17xx_ssp.o)
 .debug_macinfo
                0x00088a62     0xa4cd D:\Dropbox\Dropbox\NUS Modules\EE2028_EE2024\Assignments\Assignment 2\Assignment 2 Workspace\Lib_MCU\Debug\libLib_MCU.a(lpc17xx_timer.o)
 .debug_macinfo
                0x00092f2f     0x95f9 D:\Dropbox\Dropbox\NUS Modules\EE2028_EE2024\Assignments\Assignment 2\Assignment 2 Workspace\Lib_MCU\Debug\libLib_MCU.a(lpc17xx_clkpwr.o)

.debug_str      0x00000000     0x2872
 .debug_str     0x00000000      0x1f3 ./src/cr_startup_lpc17.o
                                0x22d (size before relaxing)
 .debug_str     0x000001f3      0x895 ./src/main.o
                                0xa47 (size before relaxing)
 .debug_str     0x00000a88      0x1b2 D:\Dropbox\Dropbox\NUS Modules\EE2028_EE2024\Assignments\Assignment 2\Assignment 2 Workspace\Lib_CMSISv1p30_LPC17xx\Debug\libCMSISv1p30_LPC17xx.a(system_LPC17xx.o)
                                0x2cc (size before relaxing)
 .debug_str     0x00000c3a      0x249 D:\Dropbox\Dropbox\NUS Modules\EE2028_EE2024\Assignments\Assignment 2\Assignment 2 Workspace\Lib_EaBaseBoard\Debug\libLib_EaBaseBoard.a(acc.o)
                                0x3c8 (size before relaxing)
 .debug_str     0x00000e83       0x3a D:\Dropbox\Dropbox\NUS Modules\EE2028_EE2024\Assignments\Assignment 2\Assignment 2 Workspace\Lib_EaBaseBoard\Debug\libLib_EaBaseBoard.a(joystick.o)
                                0x199 (size before relaxing)
 .debug_str     0x00000ebd       0x95 D:\Dropbox\Dropbox\NUS Modules\EE2028_EE2024\Assignments\Assignment 2\Assignment 2 Workspace\Lib_EaBaseBoard\Debug\libLib_EaBaseBoard.a(led7seg.o)
                                0x234 (size before relaxing)
 .debug_str     0x00000f52      0x24a D:\Dropbox\Dropbox\NUS Modules\EE2028_EE2024\Assignments\Assignment 2\Assignment 2 Workspace\Lib_EaBaseBoard\Debug\libLib_EaBaseBoard.a(light.o)
                                0x52d (size before relaxing)
 .debug_str     0x0000119c      0x1a9 D:\Dropbox\Dropbox\NUS Modules\EE2028_EE2024\Assignments\Assignment 2\Assignment 2 Workspace\Lib_EaBaseBoard\Debug\libLib_EaBaseBoard.a(oled.o)
                                0x3e5 (size before relaxing)
 .debug_str     0x00001345      0x12e D:\Dropbox\Dropbox\NUS Modules\EE2028_EE2024\Assignments\Assignment 2\Assignment 2 Workspace\Lib_EaBaseBoard\Debug\libLib_EaBaseBoard.a(pca9532.o)
                                0x41f (size before relaxing)
 .debug_str     0x00001473       0x22 D:\Dropbox\Dropbox\NUS Modules\EE2028_EE2024\Assignments\Assignment 2\Assignment 2 Workspace\Lib_EaBaseBoard\Debug\libLib_EaBaseBoard.a(rgb.o)
                                0x179 (size before relaxing)
 .debug_str     0x00001495       0x2d D:\Dropbox\Dropbox\NUS Modules\EE2028_EE2024\Assignments\Assignment 2\Assignment 2 Workspace\Lib_EaBaseBoard\Debug\libLib_EaBaseBoard.a(temp.o)
                                0x19c (size before relaxing)
 .debug_str     0x000014c2       0x11 D:\Dropbox\Dropbox\NUS Modules\EE2028_EE2024\Assignments\Assignment 2\Assignment 2 Workspace\Lib_EaBaseBoard\Debug\libLib_EaBaseBoard.a(font5x7.o)
                                 0xf0 (size before relaxing)
 .debug_str     0x000014d3      0x3a9 D:\Dropbox\Dropbox\NUS Modules\EE2028_EE2024\Assignments\Assignment 2\Assignment 2 Workspace\Lib_MCU\Debug\libLib_MCU.a(lpc17xx_gpio.o)
                                0x4a1 (size before relaxing)
 .debug_str     0x0000187c      0x309 D:\Dropbox\Dropbox\NUS Modules\EE2028_EE2024\Assignments\Assignment 2\Assignment 2 Workspace\Lib_MCU\Debug\libLib_MCU.a(lpc17xx_i2c.o)
                                0x837 (size before relaxing)
 .debug_str     0x00001b85      0x214 D:\Dropbox\Dropbox\NUS Modules\EE2028_EE2024\Assignments\Assignment 2\Assignment 2 Workspace\Lib_MCU\Debug\libLib_MCU.a(lpc17xx_pinsel.o)
                                0x3d6 (size before relaxing)
 .debug_str     0x00001d99      0x20c D:\Dropbox\Dropbox\NUS Modules\EE2028_EE2024\Assignments\Assignment 2\Assignment 2 Workspace\Lib_MCU\Debug\libLib_MCU.a(lpc17xx_ssp.o)
                                0x4b4 (size before relaxing)
 .debug_str     0x00001fa5      0x42e D:\Dropbox\Dropbox\NUS Modules\EE2028_EE2024\Assignments\Assignment 2\Assignment 2 Workspace\Lib_MCU\Debug\libLib_MCU.a(lpc17xx_timer.o)
                                0x5ea (size before relaxing)
 .debug_str     0x000023d3       0xcb D:\Dropbox\Dropbox\NUS Modules\EE2028_EE2024\Assignments\Assignment 2\Assignment 2 Workspace\Lib_MCU\Debug\libLib_MCU.a(lpc17xx_clkpwr.o)