Archive member included because of file (symbol)

D:\Dropbox\Dropbox\NUS Modules\EE2028_EE2024\Assignments\Assignment 2\Lib_CMSISv1p30_LPC17xx\Debug\libCMSISv1p30_LPC17xx.a(system_LPC17xx.o)
                              ./src/cr_startup_lpc17.o (SystemInit)
D:\Dropbox\Dropbox\NUS Modules\EE2028_EE2024\Assignments\Assignment 2\Lib_EaBaseBoard\Debug\libLib_EaBaseBoard.a(acc.o)
                              ./src/main.o (acc_init)
D:\Dropbox\Dropbox\NUS Modules\EE2028_EE2024\Assignments\Assignment 2\Lib_EaBaseBoard\Debug\libLib_EaBaseBoard.a(joystick.o)
                              ./src/main.o (joystick_init)
D:\Dropbox\Dropbox\NUS Modules\EE2028_EE2024\Assignments\Assignment 2\Lib_EaBaseBoard\Debug\libLib_EaBaseBoard.a(led7seg.o)
                              ./src/main.o (led7seg_init)
D:\Dropbox\Dropbox\NUS Modules\EE2028_EE2024\Assignments\Assignment 2\Lib_EaBaseBoard\Debug\libLib_EaBaseBoard.a(oled.o)
                              ./src/main.o (oled_putPixel)
D:\Dropbox\Dropbox\NUS Modules\EE2028_EE2024\Assignments\Assignment 2\Lib_EaBaseBoard\Debug\libLib_EaBaseBoard.a(pca9532.o)
                              ./src/main.o (pca9532_init)
D:\Dropbox\Dropbox\NUS Modules\EE2028_EE2024\Assignments\Assignment 2\Lib_EaBaseBoard\Debug\libLib_EaBaseBoard.a(font5x7.o)
                              D:\Dropbox\Dropbox\NUS Modules\EE2028_EE2024\Assignments\Assignment 2\Lib_EaBaseBoard\Debug\libLib_EaBaseBoard.a(oled.o) (font5x7)
D:\Dropbox\Dropbox\NUS Modules\EE2028_EE2024\Assignments\Assignment 2\Lib_MCU\Debug\libLib_MCU.a(lpc17xx_gpio.o)
                              ./src/main.o (GPIO_SetDir)
D:\Dropbox\Dropbox\NUS Modules\EE2028_EE2024\Assignments\Assignment 2\Lib_MCU\Debug\libLib_MCU.a(lpc17xx_i2c.o)
                              ./src/main.o (I2C_Init)
D:\Dropbox\Dropbox\NUS Modules\EE2028_EE2024\Assignments\Assignment 2\Lib_MCU\Debug\libLib_MCU.a(lpc17xx_pinsel.o)
                              ./src/main.o (PINSEL_ConfigPin)
D:\Dropbox\Dropbox\NUS Modules\EE2028_EE2024\Assignments\Assignment 2\Lib_MCU\Debug\libLib_MCU.a(lpc17xx_ssp.o)
                              ./src/main.o (SSP_Init)
D:\Dropbox\Dropbox\NUS Modules\EE2028_EE2024\Assignments\Assignment 2\Lib_MCU\Debug\libLib_MCU.a(lpc17xx_timer.o)
                              ./src/main.o (Timer0_Wait)
D:\Dropbox\Dropbox\NUS Modules\EE2028_EE2024\Assignments\Assignment 2\Lib_MCU\Debug\libLib_MCU.a(lpc17xx_clkpwr.o)
                              D:\Dropbox\Dropbox\NUS Modules\EE2028_EE2024\Assignments\Assignment 2\Lib_MCU\Debug\libLib_MCU.a(lpc17xx_i2c.o) (CLKPWR_SetPCLKDiv)
c:/nxp/lpcxpresso_6.1.4_194/lpcxpresso/tools/bin/../lib/gcc/arm-none-eabi/4.6.2/armv7-m\libgcc.a(_aeabi_uldivmod.o)
                              D:\Dropbox\Dropbox\NUS Modules\EE2028_EE2024\Assignments\Assignment 2\Lib_CMSISv1p30_LPC17xx\Debug\libCMSISv1p30_LPC17xx.a(system_LPC17xx.o) (__aeabi_uldivmod)
c:/nxp/lpcxpresso_6.1.4_194/lpcxpresso/tools/bin/../lib/gcc/arm-none-eabi/4.6.2/armv7-m\libgcc.a(bpabi.o)
                              c:/nxp/lpcxpresso_6.1.4_194/lpcxpresso/tools/bin/../lib/gcc/arm-none-eabi/4.6.2/armv7-m\libgcc.a(_aeabi_uldivmod.o) (__gnu_uldivmod_helper)
c:/nxp/lpcxpresso_6.1.4_194/lpcxpresso/tools/bin/../lib/gcc/arm-none-eabi/4.6.2/armv7-m\libgcc.a(_dvmd_tls.o)
                              c:/nxp/lpcxpresso_6.1.4_194/lpcxpresso/tools/bin/../lib/gcc/arm-none-eabi/4.6.2/armv7-m\libgcc.a(_aeabi_uldivmod.o) (__aeabi_ldiv0)
c:/nxp/lpcxpresso_6.1.4_194/lpcxpresso/tools/bin/../lib/gcc/arm-none-eabi/4.6.2/armv7-m\libgcc.a(_divdi3.o)
                              c:/nxp/lpcxpresso_6.1.4_194/lpcxpresso/tools/bin/../lib/gcc/arm-none-eabi/4.6.2/armv7-m\libgcc.a(bpabi.o) (__divdi3)
c:/nxp/lpcxpresso_6.1.4_194/lpcxpresso/tools/bin/../lib/gcc/arm-none-eabi/4.6.2/armv7-m\libgcc.a(_udivdi3.o)
                              c:/nxp/lpcxpresso_6.1.4_194/lpcxpresso/tools/bin/../lib/gcc/arm-none-eabi/4.6.2/armv7-m\libgcc.a(bpabi.o) (__udivdi3)
c:/nxp/lpcxpresso_6.1.4_194/lpcxpresso/tools/bin/../lib/gcc/arm-none-eabi/4.6.2/../../../../arm-none-eabi/lib/armv7-m\libc.a(lib_a-memset.o)
                              D:\Dropbox\Dropbox\NUS Modules\EE2028_EE2024\Assignments\Assignment 2\Lib_EaBaseBoard\Debug\libLib_EaBaseBoard.a(oled.o) (memset)
c:/nxp/lpcxpresso_6.1.4_194/lpcxpresso/tools/bin/../lib/gcc/arm-none-eabi/4.6.2/../../../../arm-none-eabi/lib/armv7-m\libc.a(lib_a-printf.o)
                              ./src/main.o (printf)
c:/nxp/lpcxpresso_6.1.4_194/lpcxpresso/tools/bin/../lib/gcc/arm-none-eabi/4.6.2/../../../../arm-none-eabi/lib/armv7-m\libc.a(lib_a-vfprintf.o)
                              c:/nxp/lpcxpresso_6.1.4_194/lpcxpresso/tools/bin/../lib/gcc/arm-none-eabi/4.6.2/../../../../arm-none-eabi/lib/armv7-m\libc.a(lib_a-printf.o) (_vfprintf_r)
c:/nxp/lpcxpresso_6.1.4_194/lpcxpresso/tools/bin/../lib/gcc/arm-none-eabi/4.6.2/../../../../arm-none-eabi/lib/armv7-m\libc.a(lib_a-wsetup.o)
[...]
Memory Configuration

Name             Origin             Length             Attributes
MFlash512        0x00000000         0x00080000         xr
RamLoc32         0x10000000         0x00008000         xrw
RamAHB32         0x2007c000         0x00008000         xrw
*default*        0x00000000         0xffffffff

Linker script and memory map

LOAD ./src/cr_startup_lpc17.o
LOAD ./src/main.o
LOAD D:\Dropbox\Dropbox\NUS Modules\EE2028_EE2024\Assignments\Assignment 2\Lib_CMSISv1p30_LPC17xx\Debug\libCMSISv1p30_LPC17xx.a
LOAD D:\Dropbox\Dropbox\NUS Modules\EE2028_EE2024\Assignments\Assignment 2\Lib_EaBaseBoard\Debug\libLib_EaBaseBoard.a
LOAD D:\Dropbox\Dropbox\NUS Modules\EE2028_EE2024\Assignments\Assignment 2\Lib_MCU\Debug\libLib_MCU.a
START GROUP
LOAD c:/nxp/lpcxpresso_6.1.4_194/lpcxpresso/tools/bin/../lib/gcc/arm-none-eabi/4.6.2/armv7-m\libgcc.a
LOAD c:/nxp/lpcxpresso_6.1.4_194/lpcxpresso/tools/bin/../lib/gcc/arm-none-eabi/4.6.2/../../../../arm-none-eabi/lib/armv7-m\libc.a
LOAD c:/nxp/lpcxpresso_6.1.4_194/lpcxpresso/tools/bin/../lib/gcc/arm-none-eabi/4.6.2/../../../../arm-none-eabi/lib/armv7-m\libm.a
LOAD c:/nxp/lpcxpresso_6.1.4_194/lpcxpresso/tools/bin/../lib/gcc/arm-none-eabi/4.6.2/../../../../arm-none-eabi/lib/armv7-m\libcr_newlib_semihost.a
END GROUP
                0x00080000                __top_MFlash512 = 0x80000
                0x10008000                __top_RamLoc32 = 0x10008000
                0x20084000                __top_RamAHB32 = 0x20084000

.text           0x00000000     0x9e18
 FILL mask 0xff
                0x00000000                __vectors_start__ = ABSOLUTE (.)
 *(.isr_vector)
 .isr_vector    0x00000000       0xcc ./src/cr_startup_lpc17.o
                0x00000000                g_pfnVectors
                0x000000cc                . = ALIGN (0x4)
                0x000000cc                __section_table_start = .
                0x000000cc                __data_section_table = .
                0x000000cc        0x4 LONG 0x9e20 LOADADDR (.data)
                0x000000d0        0x4 LONG 0x10000000 ADDR (.data)
                0x000000d4        0x4 LONG 0x934 SIZEOF (.data)
                0x000000d8        0x4 LONG 0x9e20 LOADADDR (.data_RAM2)
                0x000000dc        0x4 LONG 0x2007c000 ADDR (.data_RAM2)
                0x000000e0        0x4 LONG 0x0 SIZEOF (.data_RAM2)
                0x000000e4                __data_section_table_end = .
                0x000000e4                __bss_section_table = .
                0x000000e4        0x4 LONG 0x10000934 ADDR (.bss)
                0x000000e8        0x4 LONG 0x3c4 SIZEOF (.bss)
                0x000000ec        0x4 LONG 0x2007c000 ADDR (.bss_RAM2)
                0x000000f0        0x4 LONG 0x0 SIZEOF (.bss_RAM2)
                0x000000f4                __bss_section_table_end = .
                0x000000f4                __section_table_end = .
 *(.after_vectors*)
 *(.text*)
 .text.ResetISR
                0x000000f4       0x68 ./src/cr_startup_lpc17.o
                0x000000f4                ResetISR
 .text.NMI_Handler
                0x0000015c        0x8 ./src/cr_startup_lpc17.o
                0x0000015c                NMI_Handler
 .text.HardFault_Handler
                0x00000164        0x8 ./src/cr_startup_lpc17.o
                0x00000164                HardFault_Handler
 .text.MemManage_Handler
                0x0000016c        0x8 ./src/cr_startup_lpc17.o
                0x0000016c                MemManage_Handler
 .text.BusFault_Handler
                0x00000174        0x8 ./src/cr_startup_lpc17.o
                0x00000174                BusFault_Handler
 .text.UsageFault_Handler
                0x0000017c        0x8 ./src/cr_startup_lpc17.o
                0x0000017c                UsageFault_Handler
 .text.SVCall_Handler
                0x00000184        0x8 ./src/cr_startup_lpc17.o
                0x00000184                SVCall_Handler
 .text.DebugMon_Handler
                0x0000018c        0x8 ./src/cr_startup_lpc17.o
                0x0000018c                DebugMon_Handler
 .text.PendSV_Handler
                0x00000194        0x8 ./src/cr_startup_lpc17.o
                0x00000194                PendSV_Handler
 .text.SysTick_Handler
                0x0000019c        0x8 ./src/cr_startup_lpc17.o
                0x0000019c                SysTick_Handler
 .text.IntDefaultHandler
                0x000001a4        0x8 ./src/cr_startup_lpc17.o
                0x000001a4                TIMER2_IRQHandler
                0x000001a4                RIT_IRQHandler
                0x000001a4                I2C0_IRQHandler
                0x000001a4                USBActivity_IRQHandler
                0x000001a4                PWM1_IRQHandler
                0x000001a4                I2C1_IRQHandler
                0x000001a4                EINT2_IRQHandler
                0x000001a4                UART1_IRQHandler
                0x000001a4                CANActivity_IRQHandler
                0x000001a4                TIMER3_IRQHandler
                0x000001a4                UART0_IRQHandler
                0x000001a4                IntDefaultHandler
                0x000001a4                PLL0_IRQHandler
                0x000001a4                CAN_IRQHandler
                0x000001a4                PLL1_IRQHandler
                0x000001a4                SSP0_IRQHandler
                0x000001a4                I2S_IRQHandler
                0x000001a4                I2C2_IRQHandler
                0x000001a4                RTC_IRQHandler
                0x000001a4                TIMER0_IRQHandler
                0x000001a4                SPI_IRQHandler
                0x000001a4                EINT1_IRQHandler
                0x000001a4                TIMER1_IRQHandler
                0x000001a4                UART2_IRQHandler
                0x000001a4                ADC_IRQHandler
                0x000001a4                SSP1_IRQHandler
                0x000001a4                USB_IRQHandler
                0x000001a4                BOD_IRQHandler
                0x000001a4                WDT_IRQHandler
                0x000001a4                QEI_IRQHandler
                0x000001a4                EINT0_IRQHandler
                0x000001a4                DMA_IRQHandler
                0x000001a4                UART3_IRQHandler
                0x000001a4                MCPWM_IRQHandler
                0x000001a4                ENET_IRQHandler
 .text.NVIC_EnableIRQ
                0x000001ac       0x38 ./src/main.o
 .text.moveBar  0x000001e4       0xa8 ./src/main.o
 .text.drawOled
                0x0000028c      0x1a4 ./src/main.o
 .text.playNote
                0x00000430       0x70 ./src/main.o
 .text.getNote  0x000004a0       0x5c ./src/main.o
 .text.getDuration
                0x000004fc       0x38 ./src/main.o
 .text.getPause
                0x00000534       0x4c ./src/main.o
 .text.playSong
                0x00000580       0x94 ./src/main.o
 .text.init_ssp
                0x00000614       0x98 ./src/main.o
 .text.init_i2c
                0x000006ac       0x5c ./src/main.o
 .text.init_GPIO
                0x00000708       0x68 ./src/main.o
 .text.speaker_init
                0x00000770       0xd0 ./src/main.o
 .text.init_everything
                0x00000840       0x2c ./src/main.o
 .text.EINT3_IRQHandler
                0x0000086c       0x30 ./src/main.o
                0x0000086c                EINT3_IRQHandler
 .text.ALTERNATE_LED
                0x0000089c        0xc ./src/main.o
                0x0000089c                ALTERNATE_LED
 .text.BLINK_BLUE
                0x000008a8        0xc ./src/main.o
                0x000008a8                BLINK_BLUE
 .text.do_Initialization
                0x000008b4       0x48 ./src/main.o
                0x000008b4                do_Initialization
 .text.do_Climb
                0x000008fc       0x28 ./src/main.o
                0x000008fc                do_Climb
 .text.do_Emergency
                0x00000924       0x30 ./src/main.o
                0x00000924                do_Emergency
 .text.Joystick_7seg
                0x00000954       0xa4 ./src/main.o
                0x00000954                Joystick_7seg
 .text.Joystick_OLED
                0x000009f8       0x28 ./src/main.o
                0x000009f8                Joystick_OLED
 .text.Accelerometer_LED
                0x00000a20       0xe0 ./src/main.o
                0x00000a20                Accelerometer_LED
 .text.SW_Speaker
                0x00000b00       0x38 ./src/main.o
                0x00000b00                SW_Speaker
 .text.Trimpot_RGB
                0x00000b38        0xc ./src/main.o
                0x00000b38                Trimpot_RGB
 .text.main     0x00000b44      0x138 ./src/main.o
                0x00000b44                main
 .text.check_failed
                0x00000c7c        0xc ./src/main.o
                0x00000c7c                check_failed
 .text.SystemInit
                0x00000c88      0x22c D:\Dropbox\Dropbox\NUS Modules\EE2028_EE2024\Assignments\Assignment 2\Lib_CMSISv1p30_LPC17xx\Debug\libCMSISv1p30_LPC17xx.a(system_LPC17xx.o)
                0x00000c88                SystemInit
 .text.I2CRead  0x00000eb4       0x5c D:\Dropbox\Dropbox\NUS Modules\EE2028_EE2024\Assignments\Assignment 2\Lib_EaBaseBoard\Debug\libLib_EaBaseBoard.a(acc.o)
 .text.I2CWrite
                0x00000f10       0x5c D:\Dropbox\Dropbox\NUS Modules\EE2028_EE2024\Assignments\Assignment 2\Lib_EaBaseBoard\Debug\libLib_EaBaseBoard.a(acc.o)
 .text.getStatus
                0x00000f6c       0x3c D:\Dropbox\Dropbox\NUS Modules\EE2028_EE2024\Assignments\Assignment 2\Lib_EaBaseBoard\Debug\libLib_EaBaseBoard.a(acc.o)
 .text.setModeControl
                0x00000fa8       0x30 D:\Dropbox\Dropbox\NUS Modules\EE2028_EE2024\Assignments\Assignment 2\Lib_EaBaseBoard\Debug\libLib_EaBaseBoard.a(acc.o)
 .text.acc_init
                0x00000fd8       0x10 D:\Dropbox\Dropbox\NUS Modules\EE2028_EE2024\Assignments\Assignment 2\Lib_EaBaseBoard\Debug\libLib_EaBaseBoard.a(acc.o)
                0x00000fd8                acc_init
 .text.acc_read
                0x00000fe8       0xbc D:\Dropbox\Dropbox\NUS Modules\EE2028_EE2024\Assignments\Assignment 2\Lib_EaBaseBoard\Debug\libLib_EaBaseBoard.a(acc.o)
                0x00000fe8                acc_read
 .text.joystick_init
                0x000010a4       0x28 D:\Dropbox\Dropbox\NUS Modules\EE2028_EE2024\Assignments\Assignment 2\Lib_EaBaseBoard\Debug\libLib_EaBaseBoard.a(joystick.o)
                0x000010a4                joystick_init
 .text.joystick_read
                0x000010cc       0x98 D:\Dropbox\Dropbox\NUS Modules\EE2028_EE2024\Assignments\Assignment 2\Lib_EaBaseBoard\Debug\libLib_EaBaseBoard.a(joystick.o)
                0x000010cc                joystick_read
 .text.led7seg_init
                0x00001164       0x24 D:\Dropbox\Dropbox\NUS Modules\EE2028_EE2024\Assignments\Assignment 2\Lib_EaBaseBoard\Debug\libLib_EaBaseBoard.a(led7seg.o)
                0x00001164                led7seg_init
 .text.led7seg_setChar
                0x00001188       0x88 D:\Dropbox\Dropbox\NUS Modules\EE2028_EE2024\Assignments\Assignment 2\Lib_EaBaseBoard\Debug\libLib_EaBaseBoard.a(led7seg.o)
                0x00001188                led7seg_setChar
 .text.writeCommand
                0x00001210       0x60 D:\Dropbox\Dropbox\NUS Modules\EE2028_EE2024\Assignments\Assignment 2\Lib_EaBaseBoard\Debug\libLib_EaBaseBoard.a(oled.o)
 .text.writeData
                0x00001270       0x60 D:\Dropbox\Dropbox\NUS Modules\EE2028_EE2024\Assignments\Assignment 2\Lib_EaBaseBoard\Debug\libLib_EaBaseBoard.a(oled.o)
 .text.writeDataLen
                0x000012d0       0x8c D:\Dropbox\Dropbox\NUS Modules\EE2028_EE2024\Assignments\Assignment 2\Lib_EaBaseBoard\Debug\libLib_EaBaseBoard.a(oled.o)
 .text.runInitSequence
                0x0000135c      0x118 D:\Dropbox\Dropbox\NUS Modules\EE2028_EE2024\Assignments\Assignment 2\Lib_EaBaseBoard\Debug\libLib_EaBaseBoard.a(oled.o)
 .text.oled_init
                0x00001474       0x9c D:\Dropbox\Dropbox\NUS Modules\EE2028_EE2024\Assignments\Assignment 2\Lib_EaBaseBoard\Debug\libLib_EaBaseBoard.a(oled.o)
                0x00001474                oled_init
 .text.oled_putPixel
                0x00001510      0x188 D:\Dropbox\Dropbox\NUS Modules\EE2028_EE2024\Assignments\Assignment 2\Lib_EaBaseBoard\Debug\libLib_EaBaseBoard.a(oled.o)
                0x00001510                oled_putPixel
 .text.oled_clearScreen
                0x00001698       0x74 D:\Dropbox\Dropbox\NUS Modules\EE2028_EE2024\Assignments\Assignment 2\Lib_EaBaseBoard\Debug\libLib_EaBaseBoard.a(oled.o)
                0x00001698                oled_clearScreen
 .text.oled_putChar
                0x0000170c       0xf0 D:\Dropbox\Dropbox\NUS Modules\EE2028_EE2024\Assignments\Assignment 2\Lib_EaBaseBoard\Debug\libLib_EaBaseBoard.a(oled.o)
                0x0000170c                oled_putChar
 .text.oled_putString
                0x000017fc       0x54 D:\Dropbox\Dropbox\NUS Modules\EE2028_EE2024\Assignments\Assignment 2\Lib_EaBaseBoard\Debug\libLib_EaBaseBoard.a(oled.o)
                0x000017fc                oled_putString
 .text.I2CWrite
                0x00001850       0x5c D:\Dropbox\Dropbox\NUS Modules\EE2028_EE2024\Assignments\Assignment 2\Lib_EaBaseBoard\Debug\libLib_EaBaseBoard.a(pca9532.o)
 .text.setLsStates
                0x000018ac       0xc4 D:\Dropbox\Dropbox\NUS Modules\EE2028_EE2024\Assignments\Assignment 2\Lib_EaBaseBoard\Debug\libLib_EaBaseBoard.a(pca9532.o)
 .text.setLeds  0x00001970       0xa0 D:\Dropbox\Dropbox\NUS Modules\EE2028_EE2024\Assignments\Assignment 2\Lib_EaBaseBoard\Debug\libLib_EaBaseBoard.a(pca9532.o)
 .text.pca9532_init
                0x00001a10        0xc D:\Dropbox\Dropbox\NUS Modules\EE2028_EE2024\Assignments\Assignment 2\Lib_EaBaseBoard\Debug\libLib_EaBaseBoard.a(pca9532.o)
                0x00001a10                pca9532_init
 .text.pca9532_setLeds
                0x00001a1c       0xa0 D:\Dropbox\Dropbox\NUS Modules\EE2028_EE2024\Assignments\Assignment 2\Lib_EaBaseBoard\Debug\libLib_EaBaseBoard.a(pca9532.o)
                0x00001a1c                pca9532_setLeds
 .text.GPIO_GetPointer
                0x00001abc       0x7c D:\Dropbox\Dropbox\NUS Modules\EE2028_EE2024\Assignments\Assignment 2\Lib_MCU\Debug\libLib_MCU.a(lpc17xx_gpio.o)
 .text.GPIO_SetDir
                0x00001b38       0x54 D:\Dropbox\Dropbox\NUS Modules\EE2028_EE2024\Assignments\Assignment 2\Lib_MCU\Debug\libLib_MCU.a(lpc17xx_gpio.o)
                0x00001b38                GPIO_SetDir
 .text.GPIO_SetValue
                0x00001b8c       0x2c D:\Dropbox\Dropbox\NUS Modules\EE2028_EE2024\Assignments\Assignment 2\Lib_MCU\Debug\libLib_MCU.a(lpc17xx_gpio.o)
                0x00001b8c                GPIO_SetValue
 .text.GPIO_ClearValue
                0x00001bb8       0x2c D:\Dropbox\Dropbox\NUS Modules\EE2028_EE2024\Assignments\Assignment 2\Lib_MCU\Debug\libLib_MCU.a(lpc17xx_gpio.o)
                0x00001bb8                GPIO_ClearValue
 .text.GPIO_ReadValue
                0x00001be4       0x30 D:\Dropbox\Dropbox\NUS Modules\EE2028_EE2024\Assignments\Assignment 2\Lib_MCU\Debug\libLib_MCU.a(lpc17xx_gpio.o)
                0x00001be4                GPIO_ReadValue
 .text.NVIC_EnableIRQ
                0x00001c14       0x38 D:\Dropbox\Dropbox\NUS Modules\EE2028_EE2024\Assignments\Assignment 2\Lib_MCU\Debug\libLib_MCU.a(lpc17xx_i2c.o)
 .text.NVIC_DisableIRQ
                0x00001c4c       0x3c D:\Dropbox\Dropbox\NUS Modules\EE2028_EE2024\Assignments\Assignment 2\Lib_MCU\Debug\libLib_MCU.a(lpc17xx_i2c.o)
 .text.I2C_getNum
                0x00001c88       0x54 D:\Dropbox\Dropbox\NUS Modules\EE2028_EE2024\Assignments\Assignment 2\Lib_MCU\Debug\libLib_MCU.a(lpc17xx_i2c.o)
 .text.I2C_Start
                0x00001cdc       0x44 D:\Dropbox\Dropbox\NUS Modules\EE2028_EE2024\Assignments\Assignment 2\Lib_MCU\Debug\libLib_MCU.a(lpc17xx_i2c.o)
 .text.I2C_Stop
                0x00001d20       0x38 D:\Dropbox\Dropbox\NUS Modules\EE2028_EE2024\Assignments\Assignment 2\Lib_MCU\Debug\libLib_MCU.a(lpc17xx_i2c.o)
 .text.I2C_SendByte
                0x00001d58       0x50 D:\Dropbox\Dropbox\NUS Modules\EE2028_EE2024\Assignments\Assignment 2\Lib_MCU\Debug\libLib_MCU.a(lpc17xx_i2c.o)
 .text.I2C_GetByte
                0x00001da8       0x5c D:\Dropbox\Dropbox\NUS Modules\EE2028_EE2024\Assignments\Assignment 2\Lib_MCU\Debug\libLib_MCU.a(lpc17xx_i2c.o)
 .text.I2C_IntCmd
                0x00001e04       0xa8 D:\Dropbox\Dropbox\NUS Modules\EE2028_EE2024\Assignments\Assignment 2\Lib_MCU\Debug\libLib_MCU.a(lpc17xx_i2c.o)
                0x00001e04                I2C_IntCmd
 .text.I2C_MasterHandler
                0x00001eac      0x408 D:\Dropbox\Dropbox\NUS Modules\EE2028_EE2024\Assignments\Assignment 2\Lib_MCU\Debug\libLib_MCU.a(lpc17xx_i2c.o)
                0x00001eac                I2C_MasterHandler
 .text.I2C_SetClock
                0x000022b4       0xc8 D:\Dropbox\Dropbox\NUS Modules\EE2028_EE2024\Assignments\Assignment 2\Lib_MCU\Debug\libLib_MCU.a(lpc17xx_i2c.o)
                0x000022b4                I2C_SetClock
 .text.I2C_Init
                0x0000237c       0xd8 D:\Dropbox\Dropbox\NUS Modules\EE2028_EE2024\Assignments\Assignment 2\Lib_MCU\Debug\libLib_MCU.a(lpc17xx_i2c.o)
                0x0000237c                I2C_Init
 .text.I2C_Cmd  0x00002454       0x84 D:\Dropbox\Dropbox\NUS Modules\EE2028_EE2024\Assignments\Assignment 2\Lib_MCU\Debug\libLib_MCU.a(lpc17xx_i2c.o)
                0x00002454                I2C_Cmd
 .text.I2C_MasterTransferData
                0x000024d8      0x390 D:\Dropbox\Dropbox\NUS Modules\EE2028_EE2024\Assignments\Assignment 2\Lib_MCU\Debug\libLib_MCU.a(lpc17xx_i2c.o)
                0x000024d8                I2C_MasterTransferData
 .text.PINSEL_SetPinFunc
                0x00002868       0x9c D:\Dropbox\Dropbox\NUS Modules\EE2028_EE2024\Assignments\Assignment 2\Lib_MCU\Debug\libLib_MCU.a(lpc17xx_pinsel.o)
                0x00002868                PINSEL_SetPinFunc
 .text.PINSEL_SetResistorMode
                0x00002904       0x9c D:\Dropbox\Dropbox\NUS Modules\EE2028_EE2024\Assignments\Assignment 2\Lib_MCU\Debug\libLib_MCU.a(lpc17xx_pinsel.o)
                0x00002904                PINSEL_SetResistorMode
 .text.PINSEL_SetOpenDrainMode
                0x000029a0       0x7c D:\Dropbox\Dropbox\NUS Modules\EE2028_EE2024\Assignments\Assignment 2\Lib_MCU\Debug\libLib_MCU.a(lpc17xx_pinsel.o)
                0x000029a0                PINSEL_SetOpenDrainMode
 .text.PINSEL_ConfigPin
                0x00002a1c       0x54 D:\Dropbox\Dropbox\NUS Modules\EE2028_EE2024\Assignments\Assignment 2\Lib_MCU\Debug\libLib_MCU.a(lpc17xx_pinsel.o)
                0x00002a1c                PINSEL_ConfigPin
 .text.SSP_getNum
                0x00002a70       0x40 D:\Dropbox\Dropbox\NUS Modules\EE2028_EE2024\Assignments\Assignment 2\Lib_MCU\Debug\libLib_MCU.a(lpc17xx_ssp.o)
 .text.SSP_IntHandler
                0x00002ab0      0x338 D:\Dropbox\Dropbox\NUS Modules\EE2028_EE2024\Assignments\Assignment 2\Lib_MCU\Debug\libLib_MCU.a(lpc17xx_ssp.o)
                0x00002ab0                SSP_IntHandler
 .text.SSP_SetClock
                0x00002de8       0xf8 D:\Dropbox\Dropbox\NUS Modules\EE2028_EE2024\Assignments\Assignment 2\Lib_MCU\Debug\libLib_MCU.a(lpc17xx_ssp.o)
                0x00002de8                SSP_SetClock
 .text.SSP_Init
                0x00002ee0      0x10c D:\Dropbox\Dropbox\NUS Modules\EE2028_EE2024\Assignments\Assignment 2\Lib_MCU\Debug\libLib_MCU.a(lpc17xx_ssp.o)
                0x00002ee0                SSP_Init
 .text.SSP_ConfigStructInit
                0x00002fec       0x48 D:\Dropbox\Dropbox\NUS Modules\EE2028_EE2024\Assignments\Assignment 2\Lib_MCU\Debug\libLib_MCU.a(lpc17xx_ssp.o)
                0x00002fec                SSP_ConfigStructInit
 .text.SSP_Cmd  0x00003034       0x7c D:\Dropbox\Dropbox\NUS Modules\EE2028_EE2024\Assignments\Assignment 2\Lib_MCU\Debug\libLib_MCU.a(lpc17xx_ssp.o)
                0x00003034                SSP_Cmd
 .text.SSP_SendData
                0x000030b0       0x48 D:\Dropbox\Dropbox\NUS Modules\EE2028_EE2024\Assignments\Assignment 2\Lib_MCU\Debug\libLib_MCU.a(lpc17xx_ssp.o)
                0x000030b0                SSP_SendData
 .text.SSP_ReceiveData
                0x000030f8       0x44 D:\Dropbox\Dropbox\NUS Modules\EE2028_EE2024\Assignments\Assignment 2\Lib_MCU\Debug\libLib_MCU.a(lpc17xx_ssp.o)
                0x000030f8                SSP_ReceiveData
 .text.SSP_ReadWrite
                0x0000313c      0x440 D:\Dropbox\Dropbox\NUS Modules\EE2028_EE2024\Assignments\Assignment 2\Lib_MCU\Debug\libLib_MCU.a(lpc17xx_ssp.o)
                0x0000313c                SSP_ReadWrite
 .text.TIM_GetPClock
                0x0000357c       0x68 D:\Dropbox\Dropbox\NUS Modules\EE2028_EE2024\Assignments\Assignment 2\Lib_MCU\Debug\libLib_MCU.a(lpc17xx_timer.o)
                0x0000357c                TIM_GetPClock
 .text.TIM_ConverUSecToVal
                0x000035e4       0x64 D:\Dropbox\Dropbox\NUS Modules\EE2028_EE2024\Assignments\Assignment 2\Lib_MCU\Debug\libLib_MCU.a(lpc17xx_timer.o)
                0x000035e4                TIM_ConverUSecToVal
 .text.TIM_ConverPtrToTimeNum
                0x00003648       0x6c D:\Dropbox\Dropbox\NUS Modules\EE2028_EE2024\Assignments\Assignment 2\Lib_MCU\Debug\libLib_MCU.a(lpc17xx_timer.o)
                0x00003648                TIM_ConverPtrToTimeNum
 .text.TIM_GetIntStatus
                0x000036b4       0xb4 D:\Dropbox\Dropbox\NUS Modules\EE2028_EE2024\Assignments\Assignment 2\Lib_MCU\Debug\libLib_MCU.a(lpc17xx_timer.o)
                0x000036b4                TIM_GetIntStatus
 .text.TIM_ClearIntPending
                0x00003768       0xa0 D:\Dropbox\Dropbox\NUS Modules\EE2028_EE2024\Assignments\Assignment 2\Lib_MCU\Debug\libLib_MCU.a(lpc17xx_timer.o)
                0x00003768                TIM_ClearIntPending
 .text.TIM_Init
                0x00003808      0x1bc D:\Dropbox\Dropbox\NUS Modules\EE2028_EE2024\Assignments\Assignment 2\Lib_MCU\Debug\libLib_MCU.a(lpc17xx_timer.o)
                0x00003808                TIM_Init
 .text.TIM_Cmd  0x000039c4       0x78 D:\Dropbox\Dropbox\NUS Modules\EE2028_EE2024\Assignments\Assignment 2\Lib_MCU\Debug\libLib_MCU.a(lpc17xx_timer.o)
                0x000039c4                TIM_Cmd
 .text.TIM_ConfigMatch
                0x00003a3c      0x19c D:\Dropbox\Dropbox\NUS Modules\EE2028_EE2024\Assignments\Assignment 2\Lib_MCU\Debug\libLib_MCU.a(lpc17xx_timer.o)
                0x00003a3c                TIM_ConfigMatch
 .text.Timer0_Wait
                0x00003bd8       0x8c D:\Dropbox\Dropbox\NUS Modules\EE2028_EE2024\Assignments\Assignment 2\Lib_MCU\Debug\libLib_MCU.a(lpc17xx_timer.o)
                0x00003bd8                Timer0_Wait
 .text.Timer0_us_Wait
                0x00003c64       0x8c D:\Dropbox\Dropbox\NUS Modules\EE2028_EE2024\Assignments\Assignment 2\Lib_MCU\Debug\libLib_MCU.a(lpc17xx_timer.o)
                0x00003c64                Timer0_us_Wait
 .text.CLKPWR_SetPCLKDiv
                0x00003cf0       0xcc D:\Dropbox\Dropbox\NUS Modules\EE2028_EE2024\Assignments\Assignment 2\Lib_MCU\Debug\libLib_MCU.a(lpc17xx_clkpwr.o)
                0x00003cf0                CLKPWR_SetPCLKDiv
 .text.CLKPWR_GetPCLKSEL
                0x00003dbc       0x54 D:\Dropbox\Dropbox\NUS Modules\EE2028_EE2024\Assignments\Assignment 2\Lib_MCU\Debug\libLib_MCU.a(lpc17xx_clkpwr.o)
                0x00003dbc                CLKPWR_GetPCLKSEL
 .text.CLKPWR_GetPCLK
                0x00003e10       0x74 D:\Dropbox\Dropbox\NUS Modules\EE2028_EE2024\Assignments\Assignment 2\Lib_MCU\Debug\libLib_MCU.a(lpc17xx_clkpwr.o)
                0x00003e10                CLKPWR_GetPCLK
 .text.CLKPWR_ConfigPPWR
                0x00003e84       0x78 D:\Dropbox\Dropbox\NUS Modules\EE2028_EE2024\Assignments\Assignment 2\Lib_MCU\Debug\libLib_MCU.a(lpc17xx_clkpwr.o)
                0x00003e84                CLKPWR_ConfigPPWR
 .text          0x00003efc       0x2c c:/nxp/lpcxpresso_6.1.4_194/lpcxpresso/tools/bin/../lib/gcc/arm-none-eabi/4.6.2/armv7-m\libgcc.a(_aeabi_uldivmod.o)
                0x00003efc                __aeabi_uldivmod
 .text          0x00003f28       0x5c c:/nxp/lpcxpresso_6.1.4_194/lpcxpresso/tools/bin/../lib/gcc/arm-none-eabi/4.6.2/armv7-m\libgcc.a(bpabi.o)
                0x00003f28                __gnu_ldivmod_helper
                0x00003f58                __gnu_uldivmod_helper
 .text          0x00003f84        0x4 c:/nxp/lpcxpresso_6.1.4_194/lpcxpresso/tools/bin/../lib/gcc/arm-none-eabi/4.6.2/armv7-m\libgcc.a(_dvmd_tls.o)
                0x00003f84                __aeabi_idiv0
                0x00003f84                __aeabi_ldiv0
 .text          0x00003f88      0x2c8 c:/nxp/lpcxpresso_6.1.4_194/lpcxpresso/tools/bin/../lib/gcc/arm-none-eabi/4.6.2/armv7-m\libgcc.a(_divdi3.o)
                0x00003f88                __divdi3
 .text          0x00004250      0x298 c:/nxp/lpcxpresso_6.1.4_194/lpcxpresso/tools/bin/../lib/gcc/arm-none-eabi/4.6.2/armv7-m\libgcc.a(_udivdi3.o)
                0x00004250                __udivdi3
 .text.memset   0x000044e8       0x90 c:/nxp/lpcxpresso_6.1.4_194/lpcxpresso/tools/bin/../lib/gcc/arm-none-eabi/4.6.2/../../../../arm-none-eabi/lib/armv7-m\libc.a(lib_a-memset.o)
                0x000044e8                memset
 .text.printf   0x00004578       0x2c c:/nxp/lpcxpresso_6.1.4_194/lpcxpresso/tools/bin/../lib/gcc/arm-none-eabi/4.6.2/../../../../arm-none-eabi/lib/armv7-m\libc.a(lib_a-printf.o)
                0x00004578                printf
 .text._vfprintf_r
                0x000045a4     0x171c c:/nxp/lpcxpresso_6.1.4_194/lpcxpresso/tools/bin/../lib/gcc/arm-none-eabi/4.6.2/../../../../arm-none-eabi/lib/armv7-m\libc.a(lib_a-vfprintf.o)
                0x000045a4                _vfprintf_r
 .text.__swsetup_r
                0x00005cc0       0xb8 c:/nxp/lpcxpresso_6.1.4_194/lpcxpresso/tools/bin/../lib/gcc/arm-none-eabi/4.6.2/../../../../arm-none-eabi/lib/armv7-m\libc.a(lib_a-wsetup.o)
                0x00005cc0                __swsetup_r
 .text.quorem   0x00005d78      0x150 c:/nxp/lpcxpresso_6.1.4_194/lpcxpresso/tools/bin/../lib/gcc/arm-none-eabi/4.6.2/../../../../arm-none-eabi/lib/armv7-m\libc.a(lib_a-dtoa.o)
 .text._dtoa_r  0x00005ec8      0xe60 c:/nxp/lpcxpresso_6.1.4_194/lpcxpresso/tools/bin/../lib/gcc/arm-none-eabi/4.6.2/../../../../arm-none-eabi/lib/armv7-m\libc.a(lib_a-dtoa.o)
                0x00005ec8                _dtoa_r
 .text._fflush_r
                0x00006d28      0x16c c:/nxp/lpcxpresso_6.1.4_194/lpcxpresso/tools/bin/../lib/gcc/arm-none-eabi/4.6.2/../../../../arm-none-eabi/lib/armv7-m\libc.a(lib_a-fflush.o)
                0x00006d28                _fflush_r
 .text._cleanup_r
                0x00006e94        0xc c:/nxp/lpcxpresso_6.1.4_194/lpcxpresso/tools/bin/../lib/gcc/arm-none-eabi/4.6.2/../../../../arm-none-eabi/lib/armv7-m\libc.a(lib_a-findfp.o)
                0x00006e94                _cleanup_r
 .text.std.isra.0
                0x00006ea0       0x50 c:/nxp/lpcxpresso_6.1.4_194/lpcxpresso/tools/bin/../lib/gcc/arm-none-eabi/4.6.2/../../../../arm-none-eabi/lib/armv7-m\libc.a(lib_a-findfp.o)
 .text.__sinit  0x00006ef0       0x4c c:/nxp/lpcxpresso_6.1.4_194/lpcxpresso/tools/bin/../lib/gcc/arm-none-eabi/4.6.2/../../../../arm-none-eabi/lib/armv7-m\libc.a(lib_a-findfp.o)
                0x00006ef0                __sinit
 .text.__sfp_lock_acquire
                0x00006f3c        0x4 c:/nxp/lpcxpresso_6.1.4_194/lpcxpresso/tools/bin/../lib/gcc/arm-none-eabi/4.6.2/../../../../arm-none-eabi/lib/armv7-m\libc.a(lib_a-findfp.o)
                0x00006f3c                __sfp_lock_acquire
 .text.__sfp_lock_release
                0x00006f40        0x4 c:/nxp/lpcxpresso_6.1.4_194/lpcxpresso/tools/bin/../lib/gcc/arm-none-eabi/4.6.2/../../../../arm-none-eabi/lib/armv7-m\libc.a(lib_a-findfp.o)
                0x00006f40                __sfp_lock_release
 .text._malloc_trim_r
                0x00006f44       0xa0 c:/nxp/lpcxpresso_6.1.4_194/lpcxpresso/tools/bin/../lib/gcc/arm-none-eabi/4.6.2/../../../../arm-none-eabi/lib/armv7-m\libc.a(lib_a-freer.o)
                0x00006f44                _malloc_trim_r
 .text._free_r  0x00006fe4      0x190 c:/nxp/lpcxpresso_6.1.4_194/lpcxpresso/tools/bin/../lib/gcc/arm-none-eabi/4.6.2/../../../../arm-none-eabi/lib/armv7-m\libc.a(lib_a-freer.o)
                0x00006fe4                _free_r
 .text._fwalk   0x00007174       0x54 c:/nxp/lpcxpresso_6.1.4_194/lpcxpresso/tools/bin/../lib/gcc/arm-none-eabi/4.6.2/../../../../arm-none-eabi/lib/armv7-m\libc.a(lib_a-fwalk.o)
                0x00007174                _fwalk
 .text.__locale_charset
                0x000071c8        0xc c:/nxp/lpcxpresso_6.1.4_194/lpcxpresso/tools/bin/../lib/gcc/arm-none-eabi/4.6.2/../../../../arm-none-eabi/lib/armv7-m\libc.a(lib_a-locale.o)
                0x000071c8                __locale_charset
 .text.__locale_mb_cur_max
                0x000071d4        0xc c:/nxp/lpcxpresso_6.1.4_194/lpcxpresso/tools/bin/../lib/gcc/arm-none-eabi/4.6.2/../../../../arm-none-eabi/lib/armv7-m\libc.a(lib_a-locale.o)
                0x000071d4                __locale_mb_cur_max
 .text._localeconv_r
                0x000071e0        0xc c:/nxp/lpcxpresso_6.1.4_194/lpcxpresso/tools/bin/../lib/gcc/arm-none-eabi/4.6.2/../../../../arm-none-eabi/lib/armv7-m\libc.a(lib_a-locale.o)
                0x000071e0                _localeconv_r
 .text.__smakebuf_r
                0x000071ec       0xe0 c:/nxp/lpcxpresso_6.1.4_194/lpcxpresso/tools/bin/../lib/gcc/arm-none-eabi/4.6.2/../../../../arm-none-eabi/lib/armv7-m\libc.a(lib_a-makebuf.o)
                0x000071ec                __smakebuf_r
 .text._malloc_r
                0x000072cc      0x528 c:/nxp/lpcxpresso_6.1.4_194/lpcxpresso/tools/bin/../lib/gcc/arm-none-eabi/4.6.2/../../../../arm-none-eabi/lib/armv7-m\libc.a(lib_a-mallocr.o)
                0x000072cc                _malloc_r
 .text.memchr   0x000077f4       0x84 c:/nxp/lpcxpresso_6.1.4_194/lpcxpresso/tools/bin/../lib/gcc/arm-none-eabi/4.6.2/../../../../arm-none-eabi/lib/armv7-m\libc.a(lib_a-memchr.o)
                0x000077f4                memchr
 .text.memcpy   0x00007878       0x84 c:/nxp/lpcxpresso_6.1.4_194/lpcxpresso/tools/bin/../lib/gcc/arm-none-eabi/4.6.2/../../../../arm-none-eabi/lib/armv7-m\libc.a(lib_a-memcpy.o)
                0x00007878                memcpy
 .text.__malloc_lock
                0x000078fc        0x4 c:/nxp/lpcxpresso_6.1.4_194/lpcxpresso/tools/bin/../lib/gcc/arm-none-eabi/4.6.2/../../../../arm-none-eabi/lib/armv7-m\libc.a(lib_a-mlock.o)
                0x000078fc                __malloc_lock
 .text.__malloc_unlock
                0x00007900        0x4 c:/nxp/lpcxpresso_6.1.4_194/lpcxpresso/tools/bin/../lib/gcc/arm-none-eabi/4.6.2/../../../../arm-none-eabi/lib/armv7-m\libc.a(lib_a-mlock.o)
                0x00007900                __malloc_unlock
 .text._Balloc  0x00007904       0x4c c:/nxp/lpcxpresso_6.1.4_194/lpcxpresso/tools/bin/../lib/gcc/arm-none-eabi/4.6.2/../../../../arm-none-eabi/lib/armv7-m\libc.a(lib_a-mprec.o)
                0x00007904                _Balloc
 .text._Bfree   0x00007950       0x14 c:/nxp/lpcxpresso_6.1.4_194/lpcxpresso/tools/bin/../lib/gcc/arm-none-eabi/4.6.2/../../../../arm-none-eabi/lib/armv7-m\libc.a(lib_a-mprec.o)
                0x00007950                _Bfree
 .text.__multadd
                0x00007964       0x84 c:/nxp/lpcxpresso_6.1.4_194/lpcxpresso/tools/bin/../lib/gcc/arm-none-eabi/4.6.2/../../../../arm-none-eabi/lib/armv7-m\libc.a(lib_a-mprec.o)
                0x00007964                __multadd
 .text.__hi0bits
                0x000079e8       0x3c c:/nxp/lpcxpresso_6.1.4_194/lpcxpresso/tools/bin/../lib/gcc/arm-none-eabi/4.6.2/../../../../arm-none-eabi/lib/armv7-m\libc.a(lib_a-mprec.o)
                0x000079e8                __hi0bits
 .text.__lo0bits
                0x00007a24       0x5c c:/nxp/lpcxpresso_6.1.4_194/lpcxpresso/tools/bin/../lib/gcc/arm-none-eabi/4.6.2/../../../../arm-none-eabi/lib/armv7-m\libc.a(lib_a-mprec.o)
                0x00007a24                __lo0bits
 .text.__i2b    0x00007a80       0x14 c:/nxp/lpcxpresso_6.1.4_194/lpcxpresso/tools/bin/../lib/gcc/arm-none-eabi/4.6.2/../../../../arm-none-eabi/lib/armv7-m\libc.a(lib_a-mprec.o)
                0x00007a80                __i2b
 .text.__multiply
                0x00007a94      0x144 c:/nxp/lpcxpresso_6.1.4_194/lpcxpresso/tools/bin/../lib/gcc/arm-none-eabi/4.6.2/../../../../arm-none-eabi/lib/armv7-m\libc.a(lib_a-mprec.o)
                0x00007a94                __multiply
 .text.__pow5mult
                0x00007bd8       0x98 c:/nxp/lpcxpresso_6.1.4_194/lpcxpresso/tools/bin/../lib/gcc/arm-none-eabi/4.6.2/../../../../arm-none-eabi/lib/armv7-m\libc.a(lib_a-mprec.o)
                0x00007bd8                __pow5mult
 .text.__lshift
                0x00007c70       0xc0 c:/nxp/lpcxpresso_6.1.4_194/lpcxpresso/tools/bin/../lib/gcc/arm-none-eabi/4.6.2/../../../../arm-none-eabi/lib/armv7-m\libc.a(lib_a-mprec.o)
                0x00007c70                __lshift
 .text.__mcmp   0x00007d30       0x3c c:/nxp/lpcxpresso_6.1.4_194/lpcxpresso/tools/bin/../lib/gcc/arm-none-eabi/4.6.2/../../../../arm-none-eabi/lib/armv7-m\libc.a(lib_a-mprec.o)
                0x00007d30                __mcmp
 .text.__mdiff  0x00007d6c       0xd8 c:/nxp/lpcxpresso_6.1.4_194/lpcxpresso/tools/bin/../lib/gcc/arm-none-eabi/4.6.2/../../../../arm-none-eabi/lib/armv7-m\libc.a(lib_a-mprec.o)
                0x00007d6c                __mdiff
 .text.__d2b    0x00007e44       0xcc c:/nxp/lpcxpresso_6.1.4_194/lpcxpresso/tools/bin/../lib/gcc/arm-none-eabi/4.6.2/../../../../arm-none-eabi/lib/armv7-m\libc.a(lib_a-mprec.o)
                0x00007e44                __d2b
 .text.__fpclassifyd
                0x00007f10       0x68 c:/nxp/lpcxpresso_6.1.4_194/lpcxpresso/tools/bin/../lib/gcc/arm-none-eabi/4.6.2/../../../../arm-none-eabi/lib/armv7-m\libc.a(lib_a-s_fpclassify.o)
                0x00007f10                __fpclassifyd
 .text._sbrk_r  0x00007f78       0x24 c:/nxp/lpcxpresso_6.1.4_194/lpcxpresso/tools/bin/../lib/gcc/arm-none-eabi/4.6.2/../../../../arm-none-eabi/lib/armv7-m\libc.a(lib_a-sbrkr.o)
                0x00007f78                _sbrk_r
 .text.__sread  0x00007f9c       0x24 c:/nxp/lpcxpresso_6.1.4_194/lpcxpresso/tools/bin/../lib/gcc/arm-none-eabi/4.6.2/../../../../arm-none-eabi/lib/armv7-m\libc.a(lib_a-stdio.o)
                0x00007f9c                __sread
 .text.__swrite
                0x00007fc0       0x40 c:/nxp/lpcxpresso_6.1.4_194/lpcxpresso/tools/bin/../lib/gcc/arm-none-eabi/4.6.2/../../../../arm-none-eabi/lib/armv7-m\libc.a(lib_a-stdio.o)
                0x00007fc0                __swrite
 .text.__sseek  0x00008000       0x24 c:/nxp/lpcxpresso_6.1.4_194/lpcxpresso/tools/bin/../lib/gcc/arm-none-eabi/4.6.2/../../../../arm-none-eabi/lib/armv7-m\libc.a(lib_a-stdio.o)
                0x00008000                __sseek
 .text.__sclose
                0x00008024        0x8 c:/nxp/lpcxpresso_6.1.4_194/lpcxpresso/tools/bin/../lib/gcc/arm-none-eabi/4.6.2/../../../../arm-none-eabi/lib/armv7-m\libc.a(lib_a-stdio.o)
                0x00008024                __sclose
 .text.strlen   0x0000802c       0x60 c:/nxp/lpcxpresso_6.1.4_194/lpcxpresso/tools/bin/../lib/gcc/arm-none-eabi/4.6.2/../../../../arm-none-eabi/lib/armv7-m\libc.a(lib_a-strlen.o)
                0x0000802c                strlen
 .text.__sprint_r
                0x0000808c       0x80 c:/nxp/lpcxpresso_6.1.4_194/lpcxpresso/tools/bin/../lib/gcc/arm-none-eabi/4.6.2/../../../../arm-none-eabi/lib/armv7-m\libc.a(lib_a-vfiprintf.o)
                0x0000808c                __sprint_r
 .text._write_r
                0x0000810c       0x28 c:/nxp/lpcxpresso_6.1.4_194/lpcxpresso/tools/bin/../lib/gcc/arm-none-eabi/4.6.2/../../../../arm-none-eabi/lib/armv7-m\libc.a(lib_a-writer.o)
                0x0000810c                _write_r
 .text._calloc_r
                0x00008134       0x60 c:/nxp/lpcxpresso_6.1.4_194/lpcxpresso/tools/bin/../lib/gcc/arm-none-eabi/4.6.2/../../../../arm-none-eabi/lib/armv7-m\libc.a(lib_a-callocr.o)
                0x00008134                _calloc_r
 .text._close_r
                0x00008194       0x24 c:/nxp/lpcxpresso_6.1.4_194/lpcxpresso/tools/bin/../lib/gcc/arm-none-eabi/4.6.2/../../../../arm-none-eabi/lib/armv7-m\libc.a(lib_a-closer.o)
                0x00008194                _close_r
 .text._fclose_r
                0x000081b8       0x90 c:/nxp/lpcxpresso_6.1.4_194/lpcxpresso/tools/bin/../lib/gcc/arm-none-eabi/4.6.2/../../../../arm-none-eabi/lib/armv7-m\libc.a(lib_a-fclose.o)
                0x000081b8                _fclose_r
 .text.fclose   0x00008248       0x14 c:/nxp/lpcxpresso_6.1.4_194/lpcxpresso/tools/bin/../lib/gcc/arm-none-eabi/4.6.2/../../../../arm-none-eabi/lib/armv7-m\libc.a(lib_a-fclose.o)
                0x00008248                fclose
 .text._fputwc_r
                0x0000825c       0xd0 c:/nxp/lpcxpresso_6.1.4_194/lpcxpresso/tools/bin/../lib/gcc/arm-none-eabi/4.6.2/../../../../arm-none-eabi/lib/armv7-m\libc.a(lib_a-fputwc.o)
                0x0000825c                _fputwc_r
 .text._fstat_r
                0x0000832c       0x28 c:/nxp/lpcxpresso_6.1.4_194/lpcxpresso/tools/bin/../lib/gcc/arm-none-eabi/4.6.2/../../../../arm-none-eabi/lib/armv7-m\libc.a(lib_a-fstatr.o)
                0x0000832c                _fstat_r
 .text.__sfvwrite_r
                0x00008354      0x2e8 c:/nxp/lpcxpresso_6.1.4_194/lpcxpresso/tools/bin/../lib/gcc/arm-none-eabi/4.6.2/../../../../arm-none-eabi/lib/armv7-m\libc.a(lib_a-fvwrite.o)
                0x00008354                __sfvwrite_r
 .text._isatty_r
                0x0000863c       0x24 c:/nxp/lpcxpresso_6.1.4_194/lpcxpresso/tools/bin/../lib/gcc/arm-none-eabi/4.6.2/../../../../arm-none-eabi/lib/armv7-m\libc.a(lib_a-isattyr.o)
                0x0000863c                _isatty_r
 .text._lseek_r
                0x00008660       0x28 c:/nxp/lpcxpresso_6.1.4_194/lpcxpresso/tools/bin/../lib/gcc/arm-none-eabi/4.6.2/../../../../arm-none-eabi/lib/armv7-m\libc.a(lib_a-lseekr.o)
                0x00008660                _lseek_r
 .text.memmove  0x00008688       0xb0 c:/nxp/lpcxpresso_6.1.4_194/lpcxpresso/tools/bin/../lib/gcc/arm-none-eabi/4.6.2/../../../../arm-none-eabi/lib/armv7-m\libc.a(lib_a-memmove.o)
                0x00008688                memmove
 .text._read_r  0x00008738       0x28 c:/nxp/lpcxpresso_6.1.4_194/lpcxpresso/tools/bin/../lib/gcc/arm-none-eabi/4.6.2/../../../../arm-none-eabi/lib/armv7-m\libc.a(lib_a-readr.o)
                0x00008738                _read_r
 .text._realloc_r
                0x00008760      0x3f4 c:/nxp/lpcxpresso_6.1.4_194/lpcxpresso/tools/bin/../lib/gcc/arm-none-eabi/4.6.2/../../../../arm-none-eabi/lib/armv7-m\libc.a(lib_a-reallocr.o)
                0x00008760                _realloc_r
 .text.__swbuf_r
                0x00008b54       0xc0 c:/nxp/lpcxpresso_6.1.4_194/lpcxpresso/tools/bin/../lib/gcc/arm-none-eabi/4.6.2/../../../../arm-none-eabi/lib/armv7-m\libc.a(lib_a-wbuf.o)
                0x00008b54                __swbuf_r
 .text._wcrtomb_r
                0x00008c14       0x4c c:/nxp/lpcxpresso_6.1.4_194/lpcxpresso/tools/bin/../lib/gcc/arm-none-eabi/4.6.2/../../../../arm-none-eabi/lib/armv7-m\libc.a(lib_a-wcrtomb.o)
                0x00008c14                _wcrtomb_r
 .text.__ascii_wctomb
                0x00008c60       0x1c c:/nxp/lpcxpresso_6.1.4_194/lpcxpresso/tools/bin/../lib/gcc/arm-none-eabi/4.6.2/../../../../arm-none-eabi/lib/armv7-m\libc.a(lib_a-wctomb_r.o)
                0x00008c60                __ascii_wctomb
 .text._sbrk    0x00008c7c       0x3c c:/nxp/lpcxpresso_6.1.4_194/lpcxpresso/tools/bin/../lib/gcc/arm-none-eabi/4.6.2/../../../../arm-none-eabi/lib/armv7-m\libcr_newlib_semihost.a(_cr_sbrk.o)
                0x00008c7c                _sbrk
 .text.do_AngelSWI
                0x00008cb8       0x12 c:/nxp/lpcxpresso_6.1.4_194/lpcxpresso/tools/bin/../lib/gcc/arm-none-eabi/4.6.2/../../../../arm-none-eabi/lib/armv7-m\libcr_newlib_semihost.a(syscalls.o)
 *fill*         0x00008cca        0x2 00
 .text.initialise_monitor_handles
                0x00008ccc       0x9c c:/nxp/lpcxpresso_6.1.4_194/lpcxpresso/tools/bin/../lib/gcc/arm-none-eabi/4.6.2/../../../../arm-none-eabi/lib/armv7-m\libcr_newlib_semihost.a(syscalls.o)
 .text.findslot
                0x00008d68       0x2c c:/nxp/lpcxpresso_6.1.4_194/lpcxpresso/tools/bin/../lib/gcc/arm-none-eabi/4.6.2/../../../../arm-none-eabi/lib/armv7-m\libcr_newlib_semihost.a(syscalls.o)
 .text.error    0x00008d94       0x18 c:/nxp/lpcxpresso_6.1.4_194/lpcxpresso/tools/bin/../lib/gcc/arm-none-eabi/4.6.2/../../../../arm-none-eabi/lib/armv7-m\libcr_newlib_semihost.a(syscalls.o)
 .text.checkerror
                0x00008dac        0xc c:/nxp/lpcxpresso_6.1.4_194/lpcxpresso/tools/bin/../lib/gcc/arm-none-eabi/4.6.2/../../../../arm-none-eabi/lib/armv7-m\libcr_newlib_semihost.a(syscalls.o)
 .text._swiread
                0x00008db8       0x18 c:/nxp/lpcxpresso_6.1.4_194/lpcxpresso/tools/bin/../lib/gcc/arm-none-eabi/4.6.2/../../../../arm-none-eabi/lib/armv7-m\libcr_newlib_semihost.a(syscalls.o)
                0x00008db8                _swiread
 .text._read    0x00008dd0       0x36 c:/nxp/lpcxpresso_6.1.4_194/lpcxpresso/tools/bin/../lib/gcc/arm-none-eabi/4.6.2/../../../../arm-none-eabi/lib/armv7-m\libcr_newlib_semihost.a(syscalls.o)
                0x00008dd0                _read
 .text._swilseek
                0x00008e06       0x76 c:/nxp/lpcxpresso_6.1.4_194/lpcxpresso/tools/bin/../lib/gcc/arm-none-eabi/4.6.2/../../../../arm-none-eabi/lib/armv7-m\libcr_newlib_semihost.a(syscalls.o)
                0x00008e06                _swilseek
 .text._lseek   0x00008e7c        0x4 c:/nxp/lpcxpresso_6.1.4_194/lpcxpresso/tools/bin/../lib/gcc/arm-none-eabi/4.6.2/../../../../arm-none-eabi/lib/armv7-m\libcr_newlib_semihost.a(syscalls.o)
                0x00008e7c                _lseek
 .text._swiwrite
                0x00008e80       0x18 c:/nxp/lpcxpresso_6.1.4_194/lpcxpresso/tools/bin/../lib/gcc/arm-none-eabi/4.6.2/../../../../arm-none-eabi/lib/armv7-m\libcr_newlib_semihost.a(syscalls.o)
                0x00008e80                _swiwrite
 .text._write   0x00008e98       0x46 c:/nxp/lpcxpresso_6.1.4_194/lpcxpresso/tools/bin/../lib/gcc/arm-none-eabi/4.6.2/../../../../arm-none-eabi/lib/armv7-m\libcr_newlib_semihost.a(syscalls.o)
                0x00008e98                _write
 .text._swiclose
                0x00008ede       0x14 c:/nxp/lpcxpresso_6.1.4_194/lpcxpresso/tools/bin/../lib/gcc/arm-none-eabi/4.6.2/../../../../arm-none-eabi/lib/armv7-m\libcr_newlib_semihost.a(syscalls.o)
                0x00008ede                _swiclose
 *fill*         0x00008ef2        0x2 00
 .text._close   0x00008ef4       0x48 c:/nxp/lpcxpresso_6.1.4_194/lpcxpresso/tools/bin/../lib/gcc/arm-none-eabi/4.6.2/../../../../arm-none-eabi/lib/armv7-m\libcr_newlib_semihost.a(syscalls.o)
                0x00008ef4                _close
 .text._swistat
                0x00008f3c       0x3e c:/nxp/lpcxpresso_6.1.4_194/lpcxpresso/tools/bin/../lib/gcc/arm-none-eabi/4.6.2/../../../../arm-none-eabi/lib/armv7-m\libcr_newlib_semihost.a(syscalls.o)
                0x00008f3c                _swistat
 .text._fstat   0x00008f7a       0x1c c:/nxp/lpcxpresso_6.1.4_194/lpcxpresso/tools/bin/../lib/gcc/arm-none-eabi/4.6.2/../../../../arm-none-eabi/lib/armv7-m\libcr_newlib_semihost.a(syscalls.o)
                0x00008f7a                _fstat
 .text._isatty  0x00008f96       0x26 c:/nxp/lpcxpresso_6.1.4_194/lpcxpresso/tools/bin/../lib/gcc/arm-none-eabi/4.6.2/../../../../arm-none-eabi/lib/armv7-m\libcr_newlib_semihost.a(syscalls.o)
                0x00008f96                _isatty
 .text.__check_heap_overflow
                0x00008fbc       0x2c c:/nxp/lpcxpresso_6.1.4_194/lpcxpresso/tools/bin/../lib/gcc/arm-none-eabi/4.6.2/../../../../arm-none-eabi/lib/armv7-m\libcr_newlib_semihost.a(_cr_check_heap.o)
                0x00008fbc                __check_heap_overflow
 .text          0x00008fe8      0x370 c:/nxp/lpcxpresso_6.1.4_194/lpcxpresso/tools/bin/../lib/gcc/arm-none-eabi/4.6.2/armv7-m\libgcc.a(_arm_addsubdf3.o)
                0x00008fe8                __aeabi_drsub
                0x00008ff0                __aeabi_dsub
                0x00008ff0                __subdf3
                0x00008ff4                __aeabi_dadd
                0x00008ff4                __adddf3
                0x0000926c                __floatunsidf
                0x0000926c                __aeabi_ui2d
                0x0000928c                __floatsidf
                0x0000928c                __aeabi_i2d
                0x000092b0                __aeabi_f2d
                0x000092b0                __extendsfdf2
                0x000092ec                __floatundidf
                0x000092ec                __aeabi_ul2d
                0x000092fc                __floatdidf
                0x000092fc                __aeabi_l2d
 .text          0x00009358      0x424 c:/nxp/lpcxpresso_6.1.4_194/lpcxpresso/tools/bin/../lib/gcc/arm-none-eabi/4.6.2/armv7-m\libgcc.a(_arm_muldivdf3.o)
                0x00009358                __aeabi_dmul
                0x00009358                __muldf3
                0x000095ac                __divdf3
                0x000095ac                __aeabi_ddiv
 .text          0x0000977c      0x110 c:/nxp/lpcxpresso_6.1.4_194/lpcxpresso/tools/bin/../lib/gcc/arm-none-eabi/4.6.2/armv7-m\libgcc.a(_arm_cmpdf2.o)
                0x0000977c                __gtdf2
                0x0000977c                __gedf2
                0x00009784                __ltdf2
                0x00009784                __ledf2
                0x0000978c                __nedf2
                0x0000978c                __eqdf2
                0x0000978c                __cmpdf2
                0x00009808                __aeabi_cdrcmple
                0x00009818                __aeabi_cdcmpeq
                0x00009818                __aeabi_cdcmple
                0x00009828                __aeabi_dcmpeq
                0x0000983c                __aeabi_dcmplt
                0x00009850                __aeabi_dcmple
                0x00009864                __aeabi_dcmpge
                0x00009878                __aeabi_dcmpgt
 .text          0x0000988c       0x50 c:/nxp/lpcxpresso_6.1.4_194/lpcxpresso/tools/bin/../lib/gcc/arm-none-eabi/4.6.2/armv7-m\libgcc.a(_arm_fixdfsi.o)
                0x0000988c                __aeabi_d2iz
                0x0000988c                __fixdfsi
 .text.__errno  0x000098dc        0xc c:/nxp/lpcxpresso_6.1.4_194/lpcxpresso/tools/bin/../lib/gcc/arm-none-eabi/4.6.2/../../../../arm-none-eabi/lib/armv7-m\libc.a(lib_a-errno.o)
                0x000098dc                __errno
 *(.rodata .rodata.* .constdata .constdata.*)
 .rodata        0x000098e8       0x58 ./src/main.o
 .rodata        0x00009940        0x8 D:\Dropbox\Dropbox\NUS Modules\EE2028_EE2024\Assignments\Assignment 2\Lib_EaBaseBoard\Debug\libLib_EaBaseBoard.a(oled.o)
 .rodata        0x00009948      0x300 D:\Dropbox\Dropbox\NUS Modules\EE2028_EE2024\Assignments\Assignment 2\Lib_EaBaseBoard\Debug\libLib_EaBaseBoard.a(font5x7.o)
                0x00009948                font5x7
 .rodata        0x00009c48       0x18 D:\Dropbox\Dropbox\NUS Modules\EE2028_EE2024\Assignments\Assignment 2\Lib_MCU\Debug\libLib_MCU.a(lpc17xx_i2c.o)
 .rodata        0x00009c60       0x18 D:\Dropbox\Dropbox\NUS Modules\EE2028_EE2024\Assignments\Assignment 2\Lib_MCU\Debug\libLib_MCU.a(lpc17xx_ssp.o)
 .rodata        0x00009c78       0x18 D:\Dropbox\Dropbox\NUS Modules\EE2028_EE2024\Assignments\Assignment 2\Lib_MCU\Debug\libLib_MCU.a(lpc17xx_timer.o)
 .rodata.zeroes.6605
                0x00009c90       0x10 c:/nxp/lpcxpresso_6.1.4_194/lpcxpresso/tools/bin/../lib/gcc/arm-none-eabi/4.6.2/../../../../arm-none-eabi/lib/armv7-m\libc.a(lib_a-vfprintf.o)
 .rodata.str1.4
                0x00009ca0       0x42 c:/nxp/lpcxpresso_6.1.4_194/lpcxpresso/tools/bin/../lib/gcc/arm-none-eabi/4.6.2/../../../../arm-none-eabi/lib/armv7-m\libc.a(lib_a-vfprintf.o)
                                 0x44 (size before relaxing)
 *fill*         0x00009ce2        0x2 00
 .rodata.blanks.6604
                0x00009ce4       0x10 c:/nxp/lpcxpresso_6.1.4_194/lpcxpresso/tools/bin/../lib/gcc/arm-none-eabi/4.6.2/../../../../arm-none-eabi/lib/armv7-m\libc.a(lib_a-vfprintf.o)
 .rodata.str1.4
                0x00009cf4       0x10 c:/nxp/lpcxpresso_6.1.4_194/lpcxpresso/tools/bin/../lib/gcc/arm-none-eabi/4.6.2/../../../../arm-none-eabi/lib/armv7-m\libc.a(lib_a-dtoa.o)
                                 0x14 (size before relaxing)
 .rodata.str1.4
                0x00009d04        0x2 c:/nxp/lpcxpresso_6.1.4_194/lpcxpresso/tools/bin/../lib/gcc/arm-none-eabi/4.6.2/../../../../arm-none-eabi/lib/armv7-m\libc.a(lib_a-impure.o)
                                  0x4 (size before relaxing)
 *fill*         0x00009d06        0x2 00
 .rodata.str1.4
                0x00009d08        0xc c:/nxp/lpcxpresso_6.1.4_194/lpcxpresso/tools/bin/../lib/gcc/arm-none-eabi/4.6.2/../../../../arm-none-eabi/lib/armv7-m\libc.a(lib_a-locale.o)
                                 0x14 (size before relaxing)
 *fill*         0x00009d14        0x4 00
 .rodata.__mprec_tens
                0x00009d18       0xc8 c:/nxp/lpcxpresso_6.1.4_194/lpcxpresso/tools/bin/../lib/gcc/arm-none-eabi/4.6.2/../../../../arm-none-eabi/lib/armv7-m\libc.a(lib_a-mprec.o)
                0x00009d18                __mprec_tens
 .rodata.__mprec_bigtens
                0x00009de0       0x28 c:/nxp/lpcxpresso_6.1.4_194/lpcxpresso/tools/bin/../lib/gcc/arm-none-eabi/4.6.2/../../../../arm-none-eabi/lib/armv7-m\libc.a(lib_a-mprec.o)
                0x00009de0                __mprec_bigtens
 .rodata.p05.5111
                0x00009e08        0xc c:/nxp/lpcxpresso_6.1.4_194/lpcxpresso/tools/bin/../lib/gcc/arm-none-eabi/4.6.2/../../../../arm-none-eabi/lib/armv7-m\libc.a(lib_a-mprec.o)
 .rodata.str1.1
                0x00009e14        0x4 c:/nxp/lpcxpresso_6.1.4_194/lpcxpresso/tools/bin/../lib/gcc/arm-none-eabi/4.6.2/../../../../arm-none-eabi/lib/armv7-m\libcr_newlib_semihost.a(syscalls.o)
                0x00009e18                . = ALIGN (0x4)

.glue_7         0x00009e18        0x0
 .glue_7        0x00000000        0x0 linker stubs

.glue_7t        0x00009e18        0x0
 .glue_7t       0x00000000        0x0 linker stubs

.vfp11_veneer   0x00009e18        0x0
 .vfp11_veneer  0x00000000        0x0 linker stubs

.v4_bx          0x00009e18        0x0
 .v4_bx         0x00000000        0x0 linker stubs

.ARM.extab
 *(.ARM.extab* .gnu.linkonce.armextab.*)
                0x00009e18                __exidx_start = .

.ARM.exidx      0x00009e18        0x8
 *(.ARM.exidx* .gnu.linkonce.armexidx.*)
 .ARM.exidx     0x00009e18        0x8 c:/nxp/lpcxpresso_6.1.4_194/lpcxpresso/tools/bin/../lib/gcc/arm-none-eabi/4.6.2/armv7-m\libgcc.a(_divdi3.o)
 .ARM.exidx     0x00009e20        0x0 c:/nxp/lpcxpresso_6.1.4_194/lpcxpresso/tools/bin/../lib/gcc/arm-none-eabi/4.6.2/armv7-m\libgcc.a(_udivdi3.o)
                                  0x8 (size before relaxing)
                0x00009e20                __exidx_end = .
                0x00009e20                _etext = .

.data_RAM2      0x2007c000        0x0 load address 0x00009e20
 FILL mask 0xff
 *(.data.$RAM2*)
 *(.data.$RamAHB32*)
                0x2007c000                . = ALIGN (0x4)

.uninit_RESERVED
                0x10000000        0x0
 *(.bss.$RESERVED*)
                0x10000000                . = ALIGN (0x4)
                0x10000000                _end_uninit_RESERVED = .

.data           0x10000000      0x934 load address 0x00009e20
 FILL mask 0xff
                0x10000000                _data = .
 *(vtable)
 *(.data*)
 .data          0x10000000       0x44 ./src/main.o
 .data          0x10000044        0x4 D:\Dropbox\Dropbox\NUS Modules\EE2028_EE2024\Assignments\Assignment 2\Lib_CMSISv1p30_LPC17xx\Debug\libCMSISv1p30_LPC17xx.a(system_LPC17xx.o)
                0x10000044                SystemCoreClock
 .data          0x10000048       0x50 D:\Dropbox\Dropbox\NUS Modules\EE2028_EE2024\Assignments\Assignment 2\Lib_EaBaseBoard\Debug\libLib_EaBaseBoard.a(led7seg.o)
 .data.impure_data
                0x10000098      0x428 c:/nxp/lpcxpresso_6.1.4_194/lpcxpresso/tools/bin/../lib/gcc/arm-none-eabi/4.6.2/../../../../arm-none-eabi/lib/armv7-m\libc.a(lib_a-impure.o)
 .data._impure_ptr
                0x100004c0        0x4 c:/nxp/lpcxpresso_6.1.4_194/lpcxpresso/tools/bin/../lib/gcc/arm-none-eabi/4.6.2/../../../../arm-none-eabi/lib/armv7-m\libc.a(lib_a-impure.o)
                0x100004c0                _impure_ptr
 .data.lconv    0x100004c4       0x38 c:/nxp/lpcxpresso_6.1.4_194/lpcxpresso/tools/bin/../lib/gcc/arm-none-eabi/4.6.2/../../../../arm-none-eabi/lib/armv7-m\libc.a(lib_a-locale.o)
 .data.lc_ctype_charset
                0x100004fc       0x20 c:/nxp/lpcxpresso_6.1.4_194/lpcxpresso/tools/bin/../lib/gcc/arm-none-eabi/4.6.2/../../../../arm-none-eabi/lib/armv7-m\libc.a(lib_a-locale.o)
 .data.__mb_cur_max
                0x1000051c        0x4 c:/nxp/lpcxpresso_6.1.4_194/lpcxpresso/tools/bin/../lib/gcc/arm-none-eabi/4.6.2/../../../../arm-none-eabi/lib/armv7-m\libc.a(lib_a-locale.o)
                0x1000051c                __mb_cur_max
 .data.__malloc_av_
                0x10000520      0x408 c:/nxp/lpcxpresso_6.1.4_194/lpcxpresso/tools/bin/../lib/gcc/arm-none-eabi/4.6.2/../../../../arm-none-eabi/lib/armv7-m\libc.a(lib_a-mallocr.o)
                0x10000520                __malloc_av_
 .data.__malloc_trim_threshold
                0x10000928        0x4 c:/nxp/lpcxpresso_6.1.4_194/lpcxpresso/tools/bin/../lib/gcc/arm-none-eabi/4.6.2/../../../../arm-none-eabi/lib/armv7-m\libc.a(lib_a-mallocr.o)
                0x10000928                __malloc_trim_threshold
 .data.__malloc_sbrk_base
                0x1000092c        0x4 c:/nxp/lpcxpresso_6.1.4_194/lpcxpresso/tools/bin/../lib/gcc/arm-none-eabi/4.6.2/../../../../arm-none-eabi/lib/armv7-m\libc.a(lib_a-mallocr.o)
                0x1000092c                __malloc_sbrk_base
 .data.__wctomb
                0x10000930        0x4 c:/nxp/lpcxpresso_6.1.4_194/lpcxpresso/tools/bin/../lib/gcc/arm-none-eabi/4.6.2/../../../../arm-none-eabi/lib/armv7-m\libc.a(lib_a-wctomb_r.o)
                0x10000930                __wctomb
                0x10000934                . = ALIGN (0x4)
                0x10000934                _edata = .

.bss_RAM2       0x2007c000        0x0
 *(.bss.$RAM2*)
 *(.bss.$RamAHB32*)
                0x2007c000                . = ALIGN (0x4)

.bss            0x10000934      0x3c4
                0x10000934                _bss = .
 *(.bss*)
 .bss           0x10000934        0xc ./src/main.o
                0x10000934                state
 .bss           0x10000940      0x300 D:\Dropbox\Dropbox\NUS Modules\EE2028_EE2024\Assignments\Assignment 2\Lib_EaBaseBoard\Debug\libLib_EaBaseBoard.a(oled.o)
 .bss           0x10000c40        0x6 D:\Dropbox\Dropbox\NUS Modules\EE2028_EE2024\Assignments\Assignment 2\Lib_EaBaseBoard\Debug\libLib_EaBaseBoard.a(pca9532.o)
 *fill*         0x10000c46        0x2 00
 .bss           0x10000c48       0x24 D:\Dropbox\Dropbox\NUS Modules\EE2028_EE2024\Assignments\Assignment 2\Lib_MCU\Debug\libLib_MCU.a(lpc17xx_i2c.o)
 .bss           0x10000c6c       0x18 D:\Dropbox\Dropbox\NUS Modules\EE2028_EE2024\Assignments\Assignment 2\Lib_MCU\Debug\libLib_MCU.a(lpc17xx_ssp.o)
 .bss.__malloc_max_total_mem
                0x10000c84        0x4 c:/nxp/lpcxpresso_6.1.4_194/lpcxpresso/tools/bin/../lib/gcc/arm-none-eabi/4.6.2/../../../../arm-none-eabi/lib/armv7-m\libc.a(lib_a-mallocr.o)
                0x10000c84                __malloc_max_total_mem
 .bss.__malloc_max_sbrked_mem
                0x10000c88        0x4 c:/nxp/lpcxpresso_6.1.4_194/lpcxpresso/tools/bin/../lib/gcc/arm-none-eabi/4.6.2/../../../../arm-none-eabi/lib/armv7-m\libc.a(lib_a-mallocr.o)
                0x10000c88                __malloc_max_sbrked_mem
 .bss.__malloc_top_pad
                0x10000c8c        0x4 c:/nxp/lpcxpresso_6.1.4_194/lpcxpresso/tools/bin/../lib/gcc/arm-none-eabi/4.6.2/../../../../arm-none-eabi/lib/armv7-m\libc.a(lib_a-mallocr.o)
                0x10000c8c                __malloc_top_pad
 .bss.__malloc_current_mallinfo
                0x10000c90       0x28 c:/nxp/lpcxpresso_6.1.4_194/lpcxpresso/tools/bin/../lib/gcc/arm-none-eabi/4.6.2/../../../../arm-none-eabi/lib/armv7-m\libc.a(lib_a-mallocr.o)
                0x10000c90                __malloc_current_mallinfo
 .bss.monitor_stdout
                0x10000cb8        0x4 c:/nxp/lpcxpresso_6.1.4_194/lpcxpresso/tools/bin/../lib/gcc/arm-none-eabi/4.6.2/../../../../arm-none-eabi/lib/armv7-m\libcr_newlib_semihost.a(syscalls.o)
 .bss.monitor_stdin
                0x10000cbc        0x4 c:/nxp/lpcxpresso_6.1.4_194/lpcxpresso/tools/bin/../lib/gcc/arm-none-eabi/4.6.2/../../../../arm-none-eabi/lib/armv7-m\libcr_newlib_semihost.a(syscalls.o)
 .bss.initialized.2429
                0x10000cc0        0x4 c:/nxp/lpcxpresso_6.1.4_194/lpcxpresso/tools/bin/../lib/gcc/arm-none-eabi/4.6.2/../../../../arm-none-eabi/lib/armv7-m\libcr_newlib_semihost.a(syscalls.o)
 .bss.monitor_stderr
                0x10000cc4        0x4 c:/nxp/lpcxpresso_6.1.4_194/lpcxpresso/tools/bin/../lib/gcc/arm-none-eabi/4.6.2/../../../../arm-none-eabi/lib/armv7-m\libcr_newlib_semihost.a(syscalls.o)
 .bss.openfiles
                0x10000cc8       0x28 c:/nxp/lpcxpresso_6.1.4_194/lpcxpresso/tools/bin/../lib/gcc/arm-none-eabi/4.6.2/../../../../arm-none-eabi/lib/armv7-m\libcr_newlib_semihost.a(syscalls.o)
 *(COMMON)
 COMMON         0x10000cf0        0x4 c:/nxp/lpcxpresso_6.1.4_194/lpcxpresso/tools/bin/../lib/gcc/arm-none-eabi/4.6.2/../../../../arm-none-eabi/lib/armv7-m\libc.a(lib_a-reent.o)
                0x10000cf0                errno
 COMMON         0x10000cf4        0x4 c:/nxp/lpcxpresso_6.1.4_194/lpcxpresso/tools/bin/../lib/gcc/arm-none-eabi/4.6.2/../../../../arm-none-eabi/lib/armv7-m\libcr_newlib_semihost.a(_cr_sbrk.o)
                0x10000cf4                __end_of_heap
                0x10000cf8                . = ALIGN (0x4)
                0x10000cf8                _ebss = .
                0x10000cf8                PROVIDE (end, .)

.noinit_RAM2    0x2007c000        0x0
 *(.noinit.$RAM2*)
 *(.noinit.$RamAHB32*)
                0x2007c000                . = ALIGN (0x4)

.noinit         0x10000cf8        0x0
                0x10000cf8                _noinit = .
 *(.noinit*)
                0x10000cf8                . = ALIGN (0x4)
                0x10000cf8                _end_noinit = .
                0x10000cf8                PROVIDE (_pvHeapStart, .)
                0x10008000                PROVIDE (_vStackTop, (__top_RamLoc32 - 0x0))
OUTPUT(demo.axf elf32-littlearm)

.debug_info     0x00000000     0x6d3f
 .debug_info    0x00000000      0x209 ./src/cr_startup_lpc17.o
 .debug_info    0x00000209      0xcb1 ./src/main.o
 .debug_info    0x00000eba      0x357 D:\Dropbox\Dropbox\NUS Modules\EE2028_EE2024\Assignments\Assignment 2\Lib_CMSISv1p30_LPC17xx\Debug\libCMSISv1p30_LPC17xx.a(system_LPC17xx.o)
 .debug_info    0x00001211      0x53d D:\Dropbox\Dropbox\NUS Modules\EE2028_EE2024\Assignments\Assignment 2\Lib_EaBaseBoard\Debug\libLib_EaBaseBoard.a(acc.o)
 .debug_info    0x0000174e      0x10f D:\Dropbox\Dropbox\NUS Modules\EE2028_EE2024\Assignments\Assignment 2\Lib_EaBaseBoard\Debug\libLib_EaBaseBoard.a(joystick.o)
 .debug_info    0x0000185d      0x282 D:\Dropbox\Dropbox\NUS Modules\EE2028_EE2024\Assignments\Assignment 2\Lib_EaBaseBoard\Debug\libLib_EaBaseBoard.a(led7seg.o)
 .debug_info    0x00001adf      0x97d D:\Dropbox\Dropbox\NUS Modules\EE2028_EE2024\Assignments\Assignment 2\Lib_EaBaseBoard\Debug\libLib_EaBaseBoard.a(oled.o)
 .debug_info    0x0000245c      0x642 D:\Dropbox\Dropbox\NUS Modules\EE2028_EE2024\Assignments\Assignment 2\Lib_EaBaseBoard\Debug\libLib_EaBaseBoard.a(pca9532.o)
 .debug_info    0x00002a9e       0x65 D:\Dropbox\Dropbox\NUS Modules\EE2028_EE2024\Assignments\Assignment 2\Lib_EaBaseBoard\Debug\libLib_EaBaseBoard.a(font5x7.o)
 .debug_info    0x00002b03      0xb95 D:\Dropbox\Dropbox\NUS Modules\EE2028_EE2024\Assignments\Assignment 2\Lib_MCU\Debug\libLib_MCU.a(lpc17xx_gpio.o)
 .debug_info    0x00003698      0xcc3 D:\Dropbox\Dropbox\NUS Modules\EE2028_EE2024\Assignments\Assignment 2\Lib_MCU\Debug\libLib_MCU.a(lpc17xx_i2c.o)
 .debug_info    0x0000435b      0x4b1 D:\Dropbox\Dropbox\NUS Modules\EE2028_EE2024\Assignments\Assignment 2\Lib_MCU\Debug\libLib_MCU.a(lpc17xx_pinsel.o)
 .debug_info    0x0000480c      0x867 D:\Dropbox\Dropbox\NUS Modules\EE2028_EE2024\Assignments\Assignment 2\Lib_MCU\Debug\libLib_MCU.a(lpc17xx_ssp.o)
 .debug_info    0x00005073      0x8e4 D:\Dropbox\Dropbox\NUS Modules\EE2028_EE2024\Assignments\Assignment 2\Lib_MCU\Debug\libLib_MCU.a(lpc17xx_timer.o)
 .debug_info    0x00005957      0x641 D:\Dropbox\Dropbox\NUS Modules\EE2028_EE2024\Assignments\Assignment 2\Lib_MCU\Debug\libLib_MCU.a(lpc17xx_clkpwr.o)
 .debug_info    0x00005f98      0x106 c:/nxp/lpcxpresso_6.1.4_194/lpcxpresso/tools/bin/../lib/gcc/arm-none-eabi/4.6.2/../../../../arm-none-eabi/lib/armv7-m\libcr_newlib_semihost.a(_cr_sbrk.o)
 .debug_info    0x0000609e      0xbec c:/nxp/lpcxpresso_6.1.4_194/lpcxpresso/tools/bin/../lib/gcc/arm-none-eabi/4.6.2/../../../../arm-none-eabi/lib/armv7-m\libcr_newlib_semihost.a(syscalls.o)
 .debug_info    0x00006c8a       0xb5 c:/nxp/lpcxpresso_6.1.4_194/lpcxpresso/tools/bin/../lib/gcc/arm-none-eabi/4.6.2/../../../../arm-none-eabi/lib/armv7-m\libcr_newlib_semihost.a(_cr_check_heap.o)

.debug_abbrev   0x00000000     0x186b
 .debug_abbrev  0x00000000       0xb4 ./src/cr_startup_lpc17.o
 .debug_abbrev  0x000000b4      0x26a ./src/main.o
 .debug_abbrev  0x0000031e       0xce D:\Dropbox\Dropbox\NUS Modules\EE2028_EE2024\Assignments\Assignment 2\Lib_CMSISv1p30_LPC17xx\Debug\libCMSISv1p30_LPC17xx.a(system_LPC17xx.o)
 .debug_abbrev  0x000003ec      0x15c D:\Dropbox\Dropbox\NUS Modules\EE2028_EE2024\Assignments\Assignment 2\Lib_EaBaseBoard\Debug\libLib_EaBaseBoard.a(acc.o)
 .debug_abbrev  0x00000548       0x90 D:\Dropbox\Dropbox\NUS Modules\EE2028_EE2024\Assignments\Assignment 2\Lib_EaBaseBoard\Debug\libLib_EaBaseBoard.a(joystick.o)
 .debug_abbrev  0x000005d8      0x155 D:\Dropbox\Dropbox\NUS Modules\EE2028_EE2024\Assignments\Assignment 2\Lib_EaBaseBoard\Debug\libLib_EaBaseBoard.a(led7seg.o)
 .debug_abbrev  0x0000072d      0x1f1 D:\Dropbox\Dropbox\NUS Modules\EE2028_EE2024\Assignments\Assignment 2\Lib_EaBaseBoard\Debug\libLib_EaBaseBoard.a(oled.o)
 .debug_abbrev  0x0000091e      0x1aa D:\Dropbox\Dropbox\NUS Modules\EE2028_EE2024\Assignments\Assignment 2\Lib_EaBaseBoard\Debug\libLib_EaBaseBoard.a(pca9532.o)
 .debug_abbrev  0x00000ac8       0x4b D:\Dropbox\Dropbox\NUS Modules\EE2028_EE2024\Assignments\Assignment 2\Lib_EaBaseBoard\Debug\libLib_EaBaseBoard.a(font5x7.o)
 .debug_abbrev  0x00000b13      0x185 D:\Dropbox\Dropbox\NUS Modules\EE2028_EE2024\Assignments\Assignment 2\Lib_MCU\Debug\libLib_MCU.a(lpc17xx_gpio.o)
 .debug_abbrev  0x00000c98      0x24a D:\Dropbox\Dropbox\NUS Modules\EE2028_EE2024\Assignments\Assignment 2\Lib_MCU\Debug\libLib_MCU.a(lpc17xx_i2c.o)
 .debug_abbrev  0x00000ee2      0x10a D:\Dropbox\Dropbox\NUS Modules\EE2028_EE2024\Assignments\Assignment 2\Lib_MCU\Debug\libLib_MCU.a(lpc17xx_pinsel.o)
 .debug_abbrev  0x00000fec      0x1d3 D:\Dropbox\Dropbox\NUS Modules\EE2028_EE2024\Assignments\Assignment 2\Lib_MCU\Debug\libLib_MCU.a(lpc17xx_ssp.o)
 .debug_abbrev  0x000011bf      0x19f D:\Dropbox\Dropbox\NUS Modules\EE2028_EE2024\Assignments\Assignment 2\Lib_MCU\Debug\libLib_MCU.a(lpc17xx_timer.o)
 .debug_abbrev  0x0000135e      0x174 D:\Dropbox\Dropbox\NUS Modules\EE2028_EE2024\Assignments\Assignment 2\Lib_MCU\Debug\libLib_MCU.a(lpc17xx_clkpwr.o)
 .debug_abbrev  0x000014d2       0xa8 c:/nxp/lpcxpresso_6.1.4_194/lpcxpresso/tools/bin/../lib/gcc/arm-none-eabi/4.6.2/../../../../arm-none-eabi/lib/armv7-m\libcr_newlib_semihost.a(_cr_sbrk.o)
 .debug_abbrev  0x0000157a      0x27f c:/nxp/lpcxpresso_6.1.4_194/lpcxpresso/tools/bin/../lib/gcc/arm-none-eabi/4.6.2/../../../../arm-none-eabi/lib/armv7-m\libcr_newlib_semihost.a(syscalls.o)
 .debug_abbrev  0x000017f9       0x72 c:/nxp/lpcxpresso_6.1.4_194/lpcxpresso/tools/bin/../lib/gcc/arm-none-eabi/4.6.2/../../../../arm-none-eabi/lib/armv7-m\libcr_newlib_semihost.a(_cr_check_heap.o)

.debug_loc      0x00000000     0x3024
 .debug_loc     0x00000000      0x1f0 ./src/cr_startup_lpc17.o
 .debug_loc     0x000001f0      0x574 ./src/main.o
 .debug_loc     0x00000764       0x58 D:\Dropbox\Dropbox\NUS Modules\EE2028_EE2024\Assignments\Assignment 2\Lib_CMSISv1p30_LPC17xx\Debug\libCMSISv1p30_LPC17xx.a(system_LPC17xx.o)
 .debug_loc     0x000007bc      0x1f0 D:\Dropbox\Dropbox\NUS Modules\EE2028_EE2024\Assignments\Assignment 2\Lib_EaBaseBoard\Debug\libLib_EaBaseBoard.a(acc.o)
 .debug_loc     0x000009ac       0x64 D:\Dropbox\Dropbox\NUS Modules\EE2028_EE2024\Assignments\Assignment 2\Lib_EaBaseBoard\Debug\libLib_EaBaseBoard.a(joystick.o)
 .debug_loc     0x00000a10       0x64 D:\Dropbox\Dropbox\NUS Modules\EE2028_EE2024\Assignments\Assignment 2\Lib_EaBaseBoard\Debug\libLib_EaBaseBoard.a(led7seg.o)
 .debug_loc     0x00000a74      0x33e D:\Dropbox\Dropbox\NUS Modules\EE2028_EE2024\Assignments\Assignment 2\Lib_EaBaseBoard\Debug\libLib_EaBaseBoard.a(oled.o)
 .debug_loc     0x00000db2      0x2d0 D:\Dropbox\Dropbox\NUS Modules\EE2028_EE2024\Assignments\Assignment 2\Lib_EaBaseBoard\Debug\libLib_EaBaseBoard.a(pca9532.o)
 .debug_loc     0x00001082      0x4d0 D:\Dropbox\Dropbox\NUS Modules\EE2028_EE2024\Assignments\Assignment 2\Lib_MCU\Debug\libLib_MCU.a(lpc17xx_gpio.o)
 .debug_loc     0x00001552      0x4e4 D:\Dropbox\Dropbox\NUS Modules\EE2028_EE2024\Assignments\Assignment 2\Lib_MCU\Debug\libLib_MCU.a(lpc17xx_i2c.o)
 .debug_loc     0x00001a36      0x150 D:\Dropbox\Dropbox\NUS Modules\EE2028_EE2024\Assignments\Assignment 2\Lib_MCU\Debug\libLib_MCU.a(lpc17xx_pinsel.o)
 .debug_loc     0x00001b86      0x448 D:\Dropbox\Dropbox\NUS Modules\EE2028_EE2024\Assignments\Assignment 2\Lib_MCU\Debug\libLib_MCU.a(lpc17xx_ssp.o)
 .debug_loc     0x00001fce      0x3b8 D:\Dropbox\Dropbox\NUS Modules\EE2028_EE2024\Assignments\Assignment 2\Lib_MCU\Debug\libLib_MCU.a(lpc17xx_timer.o)
 .debug_loc     0x00002386      0x1bc D:\Dropbox\Dropbox\NUS Modules\EE2028_EE2024\Assignments\Assignment 2\Lib_MCU\Debug\libLib_MCU.a(lpc17xx_clkpwr.o)
 .debug_loc     0x00002542       0x55 c:/nxp/lpcxpresso_6.1.4_194/lpcxpresso/tools/bin/../lib/gcc/arm-none-eabi/4.6.2/../../../../arm-none-eabi/lib/armv7-m\libcr_newlib_semihost.a(_cr_sbrk.o)
 .debug_loc     0x00002597      0xa64 c:/nxp/lpcxpresso_6.1.4_194/lpcxpresso/tools/bin/../lib/gcc/arm-none-eabi/4.6.2/../../../../arm-none-eabi/lib/armv7-m\libcr_newlib_semihost.a(syscalls.o)
 .debug_loc     0x00002ffb       0x29 c:/nxp/lpcxpresso_6.1.4_194/lpcxpresso/tools/bin/../lib/gcc/arm-none-eabi/4.6.2/../../../../arm-none-eabi/lib/armv7-m\libcr_newlib_semihost.a(_cr_check_heap.o)

.debug_aranges  0x00000000      0x808
 .debug_aranges
                0x00000000       0x70 ./src/cr_startup_lpc17.o
 .debug_aranges
                0x00000070       0xe8 ./src/main.o
 .debug_aranges
                0x00000158       0x28 D:\Dropbox\Dropbox\NUS Modules\EE2028_EE2024\Assignments\Assignment 2\Lib_CMSISv1p30_LPC17xx\Debug\libCMSISv1p30_LPC17xx.a(system_LPC17xx.o)
 .debug_aranges
                0x00000180       0x60 D:\Dropbox\Dropbox\NUS Modules\EE2028_EE2024\Assignments\Assignment 2\Lib_EaBaseBoard\Debug\libLib_EaBaseBoard.a(acc.o)
 .debug_aranges
                0x000001e0       0x28 D:\Dropbox\Dropbox\NUS Modules\EE2028_EE2024\Assignments\Assignment 2\Lib_EaBaseBoard\Debug\libLib_EaBaseBoard.a(joystick.o)
 .debug_aranges
                0x00000208       0x28 D:\Dropbox\Dropbox\NUS Modules\EE2028_EE2024\Assignments\Assignment 2\Lib_EaBaseBoard\Debug\libLib_EaBaseBoard.a(led7seg.o)
 .debug_aranges
                0x00000230       0x90 D:\Dropbox\Dropbox\NUS Modules\EE2028_EE2024\Assignments\Assignment 2\Lib_EaBaseBoard\Debug\libLib_EaBaseBoard.a(oled.o)
 .debug_aranges
                0x000002c0       0x80 D:\Dropbox\Dropbox\NUS Modules\EE2028_EE2024\Assignments\Assignment 2\Lib_EaBaseBoard\Debug\libLib_EaBaseBoard.a(pca9532.o)
 .debug_aranges
                0x00000340       0xc8 D:\Dropbox\Dropbox\NUS Modules\EE2028_EE2024\Assignments\Assignment 2\Lib_MCU\Debug\libLib_MCU.a(lpc17xx_gpio.o)
 .debug_aranges
                0x00000408       0xd0 D:\Dropbox\Dropbox\NUS Modules\EE2028_EE2024\Assignments\Assignment 2\Lib_MCU\Debug\libLib_MCU.a(lpc17xx_i2c.o)
 .debug_aranges
                0x000004d8       0x48 D:\Dropbox\Dropbox\NUS Modules\EE2028_EE2024\Assignments\Assignment 2\Lib_MCU\Debug\libLib_MCU.a(lpc17xx_pinsel.o)
 .debug_aranges
                0x00000520       0xb8 D:\Dropbox\Dropbox\NUS Modules\EE2028_EE2024\Assignments\Assignment 2\Lib_MCU\Debug\libLib_MCU.a(lpc17xx_ssp.o)
 .debug_aranges
                0x000005d8       0xa0 D:\Dropbox\Dropbox\NUS Modules\EE2028_EE2024\Assignments\Assignment 2\Lib_MCU\Debug\libLib_MCU.a(lpc17xx_timer.o)
 .debug_aranges
                0x00000678       0x60 D:\Dropbox\Dropbox\NUS Modules\EE2028_EE2024\Assignments\Assignment 2\Lib_MCU\Debug\libLib_MCU.a(lpc17xx_clkpwr.o)
 .debug_aranges
                0x000006d8       0x20 c:/nxp/lpcxpresso_6.1.4_194/lpcxpresso/tools/bin/../lib/gcc/arm-none-eabi/4.6.2/../../../../arm-none-eabi/lib/armv7-m\libcr_newlib_semihost.a(_cr_sbrk.o)
 .debug_aranges
                0x000006f8       0xf0 c:/nxp/lpcxpresso_6.1.4_194/lpcxpresso/tools/bin/../lib/gcc/arm-none-eabi/4.6.2/../../../../arm-none-eabi/lib/armv7-m\libcr_newlib_semihost.a(syscalls.o)
 .debug_aranges
                0x000007e8       0x20 c:/nxp/lpcxpresso_6.1.4_194/lpcxpresso/tools/bin/../lib/gcc/arm-none-eabi/4.6.2/../../../../arm-none-eabi/lib/armv7-m\libcr_newlib_semihost.a(_cr_check_heap.o)

.debug_ranges   0x00000000      0x758
 .debug_ranges  0x00000000       0x60 ./src/cr_startup_lpc17.o
 .debug_ranges  0x00000060       0xd8 ./src/main.o
 .debug_ranges  0x00000138       0x18 D:\Dropbox\Dropbox\NUS Modules\EE2028_EE2024\Assignments\Assignment 2\Lib_CMSISv1p30_LPC17xx\Debug\libCMSISv1p30_LPC17xx.a(system_LPC17xx.o)
 .debug_ranges  0x00000150       0x50 D:\Dropbox\Dropbox\NUS Modules\EE2028_EE2024\Assignments\Assignment 2\Lib_EaBaseBoard\Debug\libLib_EaBaseBoard.a(acc.o)
 .debug_ranges  0x000001a0       0x18 D:\Dropbox\Dropbox\NUS Modules\EE2028_EE2024\Assignments\Assignment 2\Lib_EaBaseBoard\Debug\libLib_EaBaseBoard.a(joystick.o)
 .debug_ranges  0x000001b8       0x18 D:\Dropbox\Dropbox\NUS Modules\EE2028_EE2024\Assignments\Assignment 2\Lib_EaBaseBoard\Debug\libLib_EaBaseBoard.a(led7seg.o)
 .debug_ranges  0x000001d0       0x80 D:\Dropbox\Dropbox\NUS Modules\EE2028_EE2024\Assignments\Assignment 2\Lib_EaBaseBoard\Debug\libLib_EaBaseBoard.a(oled.o)
 .debug_ranges  0x00000250       0x70 D:\Dropbox\Dropbox\NUS Modules\EE2028_EE2024\Assignments\Assignment 2\Lib_EaBaseBoard\Debug\libLib_EaBaseBoard.a(pca9532.o)
 .debug_ranges  0x000002c0       0xb8 D:\Dropbox\Dropbox\NUS Modules\EE2028_EE2024\Assignments\Assignment 2\Lib_MCU\Debug\libLib_MCU.a(lpc17xx_gpio.o)
 .debug_ranges  0x00000378       0xc0 D:\Dropbox\Dropbox\NUS Modules\EE2028_EE2024\Assignments\Assignment 2\Lib_MCU\Debug\libLib_MCU.a(lpc17xx_i2c.o)
 .debug_ranges  0x00000438       0x38 D:\Dropbox\Dropbox\NUS Modules\EE2028_EE2024\Assignments\Assignment 2\Lib_MCU\Debug\libLib_MCU.a(lpc17xx_pinsel.o)
 .debug_ranges  0x00000470       0xa8 D:\Dropbox\Dropbox\NUS Modules\EE2028_EE2024\Assignments\Assignment 2\Lib_MCU\Debug\libLib_MCU.a(lpc17xx_ssp.o)
 .debug_ranges  0x00000518       0x90 D:\Dropbox\Dropbox\NUS Modules\EE2028_EE2024\Assignments\Assignment 2\Lib_MCU\Debug\libLib_MCU.a(lpc17xx_timer.o)
 .debug_ranges  0x000005a8       0x50 D:\Dropbox\Dropbox\NUS Modules\EE2028_EE2024\Assignments\Assignment 2\Lib_MCU\Debug\libLib_MCU.a(lpc17xx_clkpwr.o)
 .debug_ranges  0x000005f8       0x10 c:/nxp/lpcxpresso_6.1.4_194/lpcxpresso/tools/bin/../lib/gcc/arm-none-eabi/4.6.2/../../../../arm-none-eabi/lib/armv7-m\libcr_newlib_semihost.a(_cr_sbrk.o)
 .debug_ranges  0x00000608      0x140 c:/nxp/lpcxpresso_6.1.4_194/lpcxpresso/tools/bin/../lib/gcc/arm-none-eabi/4.6.2/../../../../arm-none-eabi/lib/armv7-m\libcr_newlib_semihost.a(syscalls.o)
 .debug_ranges  0x00000748       0x10 c:/nxp/lpcxpresso_6.1.4_194/lpcxpresso/tools/bin/../lib/gcc/arm-none-eabi/4.6.2/../../../../arm-none-eabi/lib/armv7-m\libcr_newlib_semihost.a(_cr_check_heap.o)

.debug_line     0x00000000     0x5cd8
 .debug_line    0x00000000      0x381 ./src/cr_startup_lpc17.o
 .debug_line    0x00000381      0xa82 ./src/main.o
 .debug_line    0x00000e03      0x420 D:\Dropbox\Dropbox\NUS Modules\EE2028_EE2024\Assignments\Assignment 2\Lib_CMSISv1p30_LPC17xx\Debug\libCMSISv1p30_LPC17xx.a(system_LPC17xx.o)
 .debug_line    0x00001223      0x52d D:\Dropbox\Dropbox\NUS Modules\EE2028_EE2024\Assignments\Assignment 2\Lib_EaBaseBoard\Debug\libLib_EaBaseBoard.a(acc.o)
 .debug_line    0x00001750      0x498 D:\Dropbox\Dropbox\NUS Modules\EE2028_EE2024\Assignments\Assignment 2\Lib_EaBaseBoard\Debug\libLib_EaBaseBoard.a(joystick.o)
 .debug_line    0x00001be8      0x4a8 D:\Dropbox\Dropbox\NUS Modules\EE2028_EE2024\Assignments\Assignment 2\Lib_EaBaseBoard\Debug\libLib_EaBaseBoard.a(led7seg.o)
 .debug_line    0x00002090      0x7b2 D:\Dropbox\Dropbox\NUS Modules\EE2028_EE2024\Assignments\Assignment 2\Lib_EaBaseBoard\Debug\libLib_EaBaseBoard.a(oled.o)
 .debug_line    0x00002842      0x5c4 D:\Dropbox\Dropbox\NUS Modules\EE2028_EE2024\Assignments\Assignment 2\Lib_EaBaseBoard\Debug\libLib_EaBaseBoard.a(pca9532.o)
 .debug_line    0x00002e06       0x9b D:\Dropbox\Dropbox\NUS Modules\EE2028_EE2024\Assignments\Assignment 2\Lib_EaBaseBoard\Debug\libLib_EaBaseBoard.a(font5x7.o)
 .debug_line    0x00002ea1      0x610 D:\Dropbox\Dropbox\NUS Modules\EE2028_EE2024\Assignments\Assignment 2\Lib_MCU\Debug\libLib_MCU.a(lpc17xx_gpio.o)
 .debug_line    0x000034b1      0x92b D:\Dropbox\Dropbox\NUS Modules\EE2028_EE2024\Assignments\Assignment 2\Lib_MCU\Debug\libLib_MCU.a(lpc17xx_i2c.o)
 .debug_line    0x00003ddc      0x48f D:\Dropbox\Dropbox\NUS Modules\EE2028_EE2024\Assignments\Assignment 2\Lib_MCU\Debug\libLib_MCU.a(lpc17xx_pinsel.o)
 .debug_line    0x0000426b      0x85e D:\Dropbox\Dropbox\NUS Modules\EE2028_EE2024\Assignments\Assignment 2\Lib_MCU\Debug\libLib_MCU.a(lpc17xx_ssp.o)
 .debug_line    0x00004ac9      0x7bc D:\Dropbox\Dropbox\NUS Modules\EE2028_EE2024\Assignments\Assignment 2\Lib_MCU\Debug\libLib_MCU.a(lpc17xx_timer.o)
 .debug_line    0x00005285      0x4f0 D:\Dropbox\Dropbox\NUS Modules\EE2028_EE2024\Assignments\Assignment 2\Lib_MCU\Debug\libLib_MCU.a(lpc17xx_clkpwr.o)
 .debug_line    0x00005775       0xc0 c:/nxp/lpcxpresso_6.1.4_194/lpcxpresso/tools/bin/../lib/gcc/arm-none-eabi/4.6.2/../../../../arm-none-eabi/lib/armv7-m\libcr_newlib_semihost.a(_cr_sbrk.o)
 .debug_line    0x00005835      0x44f c:/nxp/lpcxpresso_6.1.4_194/lpcxpresso/tools/bin/../lib/gcc/arm-none-eabi/4.6.2/../../../../arm-none-eabi/lib/armv7-m\libcr_newlib_semihost.a(syscalls.o)
 .debug_line    0x00005c84       0x54 c:/nxp/lpcxpresso_6.1.4_194/lpcxpresso/tools/bin/../lib/gcc/arm-none-eabi/4.6.2/../../../../arm-none-eabi/lib/armv7-m\libcr_newlib_semihost.a(_cr_check_heap.o)

.debug_macinfo  0x00000000    0x820c4
 .debug_macinfo
                0x00000000     0x2c15 ./src/cr_startup_lpc17.o
 .debug_macinfo
                0x00002c15     0xcaaf ./src/main.o
 .debug_macinfo
                0x0000f6c4     0x83f8 D:\Dropbox\Dropbox\NUS Modules\EE2028_EE2024\Assignments\Assignment 2\Lib_CMSISv1p30_LPC17xx\Debug\libCMSISv1p30_LPC17xx.a(system_LPC17xx.o)
 .debug_macinfo
                0x00017abc     0x8f1b D:\Dropbox\Dropbox\NUS Modules\EE2028_EE2024\Assignments\Assignment 2\Lib_EaBaseBoard\Debug\libLib_EaBaseBoard.a(acc.o)
 .debug_macinfo
                0x000209d7     0x858b D:\Dropbox\Dropbox\NUS Modules\EE2028_EE2024\Assignments\Assignment 2\Lib_EaBaseBoard\Debug\libLib_EaBaseBoard.a(joystick.o)
 .debug_macinfo
                0x00028f62     0x96a3 D:\Dropbox\Dropbox\NUS Modules\EE2028_EE2024\Assignments\Assignment 2\Lib_EaBaseBoard\Debug\libLib_EaBaseBoard.a(led7seg.o)
 .debug_macinfo
                0x00032605     0xa143 D:\Dropbox\Dropbox\NUS Modules\EE2028_EE2024\Assignments\Assignment 2\Lib_EaBaseBoard\Debug\libLib_EaBaseBoard.a(oled.o)
 .debug_macinfo
                0x0003c748     0x8e59 D:\Dropbox\Dropbox\NUS Modules\EE2028_EE2024\Assignments\Assignment 2\Lib_EaBaseBoard\Debug\libLib_EaBaseBoard.a(pca9532.o)
 .debug_macinfo
                0x000455a1     0x332a D:\Dropbox\Dropbox\NUS Modules\EE2028_EE2024\Assignments\Assignment 2\Lib_EaBaseBoard\Debug\libLib_EaBaseBoard.a(font5x7.o)
 .debug_macinfo
                0x000488cb     0x86b8 D:\Dropbox\Dropbox\NUS Modules\EE2028_EE2024\Assignments\Assignment 2\Lib_MCU\Debug\libLib_MCU.a(lpc17xx_gpio.o)
 .debug_macinfo
                0x00050f83     0xa5d8 D:\Dropbox\Dropbox\NUS Modules\EE2028_EE2024\Assignments\Assignment 2\Lib_MCU\Debug\libLib_MCU.a(lpc17xx_i2c.o)
 .debug_macinfo
                0x0005b55b     0x87d3 D:\Dropbox\Dropbox\NUS Modules\EE2028_EE2024\Assignments\Assignment 2\Lib_MCU\Debug\libLib_MCU.a(lpc17xx_pinsel.o)
 .debug_macinfo
                0x00063d2e     0xa8d0 D:\Dropbox\Dropbox\NUS Modules\EE2028_EE2024\Assignments\Assignment 2\Lib_MCU\Debug\libLib_MCU.a(lpc17xx_ssp.o)
 .debug_macinfo
                0x0006e5fe     0xa4cd D:\Dropbox\Dropbox\NUS Modules\EE2028_EE2024\Assignments\Assignment 2\Lib_MCU\Debug\libLib_MCU.a(lpc17xx_timer.o)
 .debug_macinfo
                0x00078acb     0x95f9 D:\Dropbox\Dropbox\NUS Modules\EE2028_EE2024\Assignments\Assignment 2\Lib_MCU\Debug\libLib_MCU.a(lpc17xx_clkpwr.o)

.debug_str      0x00000000     0x23a0
 .debug_str     0x00000000      0x1dc ./src/cr_startup_lpc17.o
                                0x216 (size before relaxing)
 .debug_str     0x000001dc      0x641 ./src/main.o
                                0x7ab (size before relaxing)
 .debug_str     0x0000081d      0x1ab D:\Dropbox\Dropbox\NUS Modules\EE2028_EE2024\Assignments\Assignment 2\Lib_CMSISv1p30_LPC17xx\Debug\libCMSISv1p30_LPC17xx.a(system_LPC17xx.o)
                                0x2b5 (size before relaxing)
 .debug_str     0x000009c8      0x232 D:\Dropbox\Dropbox\NUS Modules\EE2028_EE2024\Assignments\Assignment 2\Lib_EaBaseBoard\Debug\libLib_EaBaseBoard.a(acc.o)
                                0x3b1 (size before relaxing)
 .debug_str     0x00000bfa       0x3a D:\Dropbox\Dropbox\NUS Modules\EE2028_EE2024\Assignments\Assignment 2\Lib_EaBaseBoard\Debug\libLib_EaBaseBoard.a(joystick.o)
                                0x182 (size before relaxing)
 .debug_str     0x00000c34       0x95 D:\Dropbox\Dropbox\NUS Modules\EE2028_EE2024\Assignments\Assignment 2\Lib_EaBaseBoard\Debug\libLib_EaBaseBoard.a(led7seg.o)
                                0x21d (size before relaxing)
 .debug_str     0x00000cc9      0x1a9 D:\Dropbox\Dropbox\NUS Modules\EE2028_EE2024\Assignments\Assignment 2\Lib_EaBaseBoard\Debug\libLib_EaBaseBoard.a(oled.o)
                                0x3ce (size before relaxing)
 .debug_str     0x00000e72      0x136 D:\Dropbox\Dropbox\NUS Modules\EE2028_EE2024\Assignments\Assignment 2\Lib_EaBaseBoard\Debug\libLib_EaBaseBoard.a(pca9532.o)
                                0x408 (size before relaxing)
 .debug_str     0x00000fa8       0x11 D:\Dropbox\Dropbox\NUS Modules\EE2028_EE2024\Assignments\Assignment 2\Lib_EaBaseBoard\Debug\libLib_EaBaseBoard.a(font5x7.o)
                                 0xd9 (size before relaxing)
 .debug_str     0x00000fb9      0x392 D:\Dropbox\Dropbox\NUS Modules\EE2028_EE2024\Assignments\Assignment 2\Lib_MCU\Debug\libLib_MCU.a(lpc17xx_gpio.o)
                                0x48a (size before relaxing)
 .debug_str     0x0000134b      0x314 D:\Dropbox\Dropbox\NUS Modules\EE2028_EE2024\Assignments\Assignment 2\Lib_MCU\Debug\libLib_MCU.a(lpc17xx_i2c.o)
                                0x820 (size before relaxing)
 .debug_str     0x0000165f      0x214 D:\Dropbox\Dropbox\NUS Modules\EE2028_EE2024\Assignments\Assignment 2\Lib_MCU\Debug\libLib_MCU.a(lpc17xx_pinsel.o)
                                0x3bf (size before relaxing)
 .debug_str     0x00001873      0x20c D:\Dropbox\Dropbox\NUS Modules\EE2028_EE2024\Assignments\Assignment 2\Lib_MCU\Debug\libLib_MCU.a(lpc17xx_ssp.o)
                                0x49d (size before relaxing)
 .debug_str     0x00001a7f      0x42e D:\Dropbox\Dropbox\NUS Modules\EE2028_EE2024\Assignments\Assignment 2\Lib_MCU\Debug\libLib_MCU.a(lpc17xx_timer.o)
                                0x5d3 (size before relaxing)
 .debug_str     0x00001ead      0x119 D:\Dropbox\Dropbox\NUS Modules\EE2028_EE2024\Assignments\Assignment 2\Lib_MCU\Debug\libLib_MCU.a(lpc17xx_clkpwr.o)
                                0x3bb (size before relaxing)
 .debug_str     0x00001fc6       0xbc c:/nxp/lpcxpresso_6.1.4_194/lpcxpresso/tools/bin/../lib/gcc/arm-none-eabi/4.6.2/../../../../arm-none-eabi/lib/armv7-m\libcr_newlib_semihost.a(_cr_sbrk.o)
                                0x145 (size before relaxing)
 .debug_str     0x00002082      0x2e3 c:/nxp/lpcxpresso_6.1.4_194/lpcxpresso/tools/bin/../lib/gcc/arm-none-eabi/4.6.2/../../../../arm-none-eabi/lib/armv7-m\libcr_newlib_semihost.a(syscalls.o)
                                0x40b (size before relaxing)
 .debug_str     0x00002365       0x3b c:/nxp/lpcxpresso_6.1.4_194/lpcxpresso/tools/bin/../lib/gcc/arm-none-eabi/4.6.2/../../../../arm-none-eabi/lib/armv7-m\libcr_newlib_semihost.a(_cr_check_heap.o)
                                 0xd1 (size before relaxing)

.comment        0x00000000       0x9a
 .comment       0x00000000       0x70 ./src/cr_startup_lpc17.o
                                 0x71 (size before relaxing)
 .comment       0x00000000       0x71 ./src/main.o
 .comment       0x00000000       0x71 D:\Dropbox\Dropbox\NUS Modules\EE2028_EE2024\Assignments\Assignment 2\Lib_CMSISv1p30_LPC17xx\Debug\libCMSISv1p30_LPC17xx.a(system_LPC17xx.o)
 .comment       0x00000000       0x71 D:\Dropbox\Dropbox\NUS Modules\EE2028_EE2024\Assignments\Assignment 2\Lib_EaBaseBoard\Debug\libLib_EaBaseBoard.a(acc.o)
 .comment       0x00000000       0x71 D:\Dropbox\Dropbox\NUS Modules\EE2028_EE2024\Assignments\Assignment 2\Lib_EaBaseBoard\Debug\libLib_EaBaseBoard.a(joystick.o)
 .comment       0x00000000       0x71 D:\Dropbox\Dropbox\NUS Modules\EE2028_EE2024\Assignments\Assignment 2\Lib_EaBaseBoard\Debug\libLib_EaBaseBoard.a(led7seg.o)
 .comment       0x00000000       0x71 D:\Dropbox\Dropbox\NUS Modules\EE2028_EE2024\Assignments\Assignment 2\Lib_EaBaseBoard\Debug\libLib_EaBaseBoard.a(oled.o)
 .comment       0x00000000       0x71 D:\Dropbox\Dropbox\NUS Modules\EE2028_EE2024\Assignments\Assignment 2\Lib_EaBaseBoard\Debug\libLib_EaBaseBoard.a(pca9532.o)
 .comment       0x00000000       0x71 D:\Dropbox\Dropbox\NUS Modules\EE2028_EE2024\Assignments\Assignment 2\Lib_EaBaseBoard\Debug\libLib_EaBaseBoard.a(font5x7.o)
 .comment       0x00000000       0x71 D:\Dropbox\Dropbox\NUS Modules\EE2028_EE2024\Assignments\Assignment 2\Lib_MCU\Debug\libLib_MCU.a(lpc17xx_gpio.o)
 .comment       0x00000000       0x71 D:\Dropbox\Dropbox\NUS Modules\EE2028_EE2024\Assignments\Assignment 2\Lib_MCU\Debug\libLib_MCU.a(lpc17xx_i2c.o)
 .comment       0x00000000       0x71 D:\Dropbox\Dropbox\NUS Modules\EE2028_EE2024\Assignments\Assignment 2\Lib_MCU\Debug\libLib_MCU.a(lpc17xx_pinsel.o)
 .comment       0x00000000       0x71 D:\Dropbox\Dropbox\NUS Modules\EE2028_EE2024\Assignments\Assignment 2\Lib_MCU\Debug\libLib_MCU.a(lpc17xx_ssp.o)
 .comment       0x00000000       0x71 D:\Dropbox\Dropbox\NUS Modules\EE2028_EE2024\Assignments\Assignment 2\Lib_MCU\Debug\libLib_MCU.a(lpc17xx_timer.o)
 .comment       0x00000000       0x71 D:\Dropbox\Dropbox\NUS Modules\EE2028_EE2024\Assignments\Assignment 2\Lib_MCU\Debug\libLib_MCU.a(lpc17xx_clkpwr.o)
 .comment       0x00000070       0x2a c:/nxp/lpcxpresso_6.1.4_194/lpcxpresso/tools/bin/../lib/gcc/arm-none-eabi/4.6.2/../../../../arm-none-eabi/lib/armv7-m\libcr_newlib_semihost.a(_cr_sbrk.o)
                                 0x2b (size before relaxing)
 .comment       0x00000000       0x2b c:/nxp/lpcxpresso_6.1.4_194/lpcxpresso/tools/bin/../lib/gcc/arm-none-eabi/4.6.2/../../../../arm-none-eabi/lib/armv7-m\libcr_newlib_semihost.a(syscalls.o)
 .comment       0x00000000       0x2b c:/nxp/lpcxpresso_6.1.4_194/lpcxpresso/tools/bin/../lib/gcc/arm-none-eabi/4.6.2/../../../../arm-none-eabi/lib/armv7-m\libcr_newlib_semihost.a(_cr_check_heap.o)

.ARM.attributes
                0x00000000       0x33
 .ARM.attributes
                0x00000000       0x33 ./src/cr_startup_lpc17.o
 .ARM.attributes
                0x00000033       0x33 ./src/main.o
 .ARM.attributes
                0x00000066       0x33 D:\Dropbox\Dropbox\NUS Modules\EE2028_EE2024\Assignments\Assignment 2\Lib_CMSISv1p30_LPC17xx\Debug\libCMSISv1p30_LPC17xx.a(system_LPC17xx.o)
 .ARM.attributes
                0x00000099       0x33 D:\Dropbox\Dropbox\NUS Modules\EE2028_EE2024\Assignments\Assignment 2\Lib_EaBaseBoard\Debug\libLib_EaBaseBoard.a(acc.o)
 .ARM.attributes
                0x000000cc       0x33 D:\Dropbox\Dropbox\NUS Modules\EE2028_EE2024\Assignments\Assignment 2\Lib_EaBaseBoard\Debug\libLib_EaBaseBoard.a(joystick.o)
 .ARM.attributes
                0x000000ff       0x33 D:\Dropbox\Dropbox\NUS Modules\EE2028_EE2024\Assignments\Assignment 2\Lib_EaBaseBoard\Debug\libLib_EaBaseBoard.a(led7seg.o)
 .ARM.attributes
                0x00000132       0x33 D:\Dropbox\Dropbox\NUS Modules\EE2028_EE2024\Assignments\Assignment 2\Lib_EaBaseBoard\Debug\libLib_EaBaseBoard.a(oled.o)
 .ARM.attributes
                0x00000165       0x33 D:\Dropbox\Dropbox\NUS Modules\EE2028_EE2024\Assignments\Assignment 2\Lib_EaBaseBoard\Debug\libLib_EaBaseBoard.a(pca9532.o)
 .ARM.attributes
                0x00000198       0x33 D:\Dropbox\Dropbox\NUS Modules\EE2028_EE2024\Assignments\Assignment 2\Lib_EaBaseBoard\Debug\libLib_EaBaseBoard.a(font5x7.o)
 .ARM.attributes
                0x000001cb       0x33 D:\Dropbox\Dropbox\NUS Modules\EE2028_EE2024\Assignments\Assignment 2\Lib_MCU\Debug\libLib_MCU.a(lpc17xx_gpio.o)
 .ARM.attributes
                0x000001fe       0x33 D:\Dropbox\Dropbox\NUS Modules\EE2028_EE2024\Assignments\Assignment 2\Lib_MCU\Debug\libLib_MCU.a(lpc17xx_i2c.o)
 .ARM.attributes
                0x00000231       0x33 D:\Dropbox\Dropbox\NUS Modules\EE2028_EE2024\Assignments\Assignment 2\Lib_MCU\Debug\libLib_MCU.a(lpc17xx_pinsel.o)
 .ARM.attributes
                0x00000264       0x33 D:\Dropbox\Dropbox\NUS Modules\EE2028_EE2024\Assignments\Assignment 2\Lib_MCU\Debug\libLib_MCU.a(lpc17xx_ssp.o)
 .ARM.attributes
                0x00000297       0x33 D:\Dropbox\Dropbox\NUS Modules\EE2028_EE2024\Assignments\Assignment 2\Lib_MCU\Debug\libLib_MCU.a(lpc17xx_timer.o)
 .ARM.attributes
                0x000002ca       0x33 D:\Dropbox\Dropbox\NUS Modules\EE2028_EE2024\Assignments\Assignment 2\Lib_MCU\Debug\libLib_MCU.a(lpc17xx_clkpwr.o)
 .ARM.attributes
                0x000002fd       0x1d c:/nxp/lpcxpresso_6.1.4_194/lpcxpresso/tools/bin/../lib/gcc/arm-none-eabi/4.6.2/armv7-m\libgcc.a(_aeabi_uldivmod.o)
 .ARM.attributes
                0x0000031a       0x2d c:/nxp/lpcxpresso_6.1.4_194/lpcxpresso/tools/bin/../lib/gcc/arm-none-eabi/4.6.2/armv7-m\libgcc.a(bpabi.o)
 .ARM.attributes
                0x00000347       0x1d c:/nxp/lpcxpresso_6.1.4_194/lpcxpresso/tools/bin/../lib/gcc/arm-none-eabi/4.6.2/armv7-m\libgcc.a(_dvmd_tls.o)
 .ARM.attributes
                0x00000364       0x2d c:/nxp/lpcxpresso_6.1.4_194/lpcxpresso/tools/bin/../lib/gcc/arm-none-eabi/4.6.2/armv7-m\libgcc.a(_divdi3.o)
 .ARM.attributes
                0x00000391       0x2d c:/nxp/lpcxpresso_6.1.4_194/lpcxpresso/tools/bin/../lib/gcc/arm-none-eabi/4.6.2/armv7-m\libgcc.a(_udivdi3.o)
 .ARM.attributes
                0x000003be       0x2d c:/nxp/lpcxpresso_6.1.4_194/lpcxpresso/tools/bin/../lib/gcc/arm-none-eabi/4.6.2/../../../../arm-none-eabi/lib/armv7-m\libc.a(lib_a-memset.o)
 .ARM.attributes
                0x000003eb       0x2d c:/nxp/lpcxpresso_6.1.4_194/lpcxpresso/tools/bin/../lib/gcc/arm-none-eabi/4.6.2/../../../../arm-none-eabi/lib/armv7-m\libc.a(lib_a-printf.o)
 .ARM.attributes
                0x00000418       0x2d c:/nxp/lpcxpresso_6.1.4_194/lpcxpresso/tools/bin/../lib/gcc/arm-none-eabi/4.6.2/../../../../arm-none-eabi/lib/armv7-m\libc.a(lib_a-vfprintf.o)
 .ARM.attributes
                0x00000445       0x2d c:/nxp/lpcxpresso_6.1.4_194/lpcxpresso/tools/bin/../lib/gcc/arm-none-eabi/4.6.2/../../../../arm-none-eabi/lib/armv7-m\libc.a(lib_a-wsetup.o)
 .ARM.attributes
                0x00000472       0x2d c:/nxp/lpcxpresso_6.1.4_194/lpcxpresso/tools/bin/../lib/gcc/arm-none-eabi/4.6.2/../../../../arm-none-eabi/lib/armv7-m\libc.a(lib_a-dtoa.o)
 .ARM.attributes
                0x0000049f       0x2d c:/nxp/lpcxpresso_6.1.4_194/lpcxpresso/tools/bin/../lib/gcc/arm-none-eabi/4.6.2/../../../../arm-none-eabi/lib/armv7-m\libc.a(lib_a-fflush.o)
 .ARM.attributes
                0x000004cc       0x2d c:/nxp/lpcxpresso_6.1.4_194/lpcxpresso/tools/bin/../lib/gcc/arm-none-eabi/4.6.2/../../../../arm-none-eabi/lib/armv7-m\libc.a(lib_a-findfp.o)
 .ARM.attributes
                0x000004f9       0x2d c:/nxp/lpcxpresso_6.1.4_194/lpcxpresso/tools/bin/../lib/gcc/arm-none-eabi/4.6.2/../../../../arm-none-eabi/lib/armv7-m\libc.a(lib_a-freer.o)
 .ARM.attributes
                0x00000526       0x2d c:/nxp/lpcxpresso_6.1.4_194/lpcxpresso/tools/bin/../lib/gcc/arm-none-eabi/4.6.2/../../../../arm-none-eabi/lib/armv7-m\libc.a(lib_a-fwalk.o)
 .ARM.attributes
                0x00000553       0x2d c:/nxp/lpcxpresso_6.1.4_194/lpcxpresso/tools/bin/../lib/gcc/arm-none-eabi/4.6.2/../../../../arm-none-eabi/lib/armv7-m\libc.a(lib_a-impure.o)
 .ARM.attributes
                0x00000580       0x2d c:/nxp/lpcxpresso_6.1.4_194/lpcxpresso/tools/bin/../lib/gcc/arm-none-eabi/4.6.2/../../../../arm-none-eabi/lib/armv7-m\libc.a(lib_a-locale.o)
 .ARM.attributes
                0x000005ad       0x2d c:/nxp/lpcxpresso_6.1.4_194/lpcxpresso/tools/bin/../lib/gcc/arm-none-eabi/4.6.2/../../../../arm-none-eabi/lib/armv7-m\libc.a(lib_a-makebuf.o)
 .ARM.attributes
                0x000005da       0x2d c:/nxp/lpcxpresso_6.1.4_194/lpcxpresso/tools/bin/../lib/gcc/arm-none-eabi/4.6.2/../../../../arm-none-eabi/lib/armv7-m\libc.a(lib_a-mallocr.o)
 .ARM.attributes
                0x00000607       0x2d c:/nxp/lpcxpresso_6.1.4_194/lpcxpresso/tools/bin/../lib/gcc/arm-none-eabi/4.6.2/../../../../arm-none-eabi/lib/armv7-m\libc.a(lib_a-memchr.o)
 .ARM.attributes
                0x00000634       0x2d c:/nxp/lpcxpresso_6.1.4_194/lpcxpresso/tools/bin/../lib/gcc/arm-none-eabi/4.6.2/../../../../arm-none-eabi/lib/armv7-m\libc.a(lib_a-memcpy.o)
 .ARM.attributes
                0x00000661       0x2d c:/nxp/lpcxpresso_6.1.4_194/lpcxpresso/tools/bin/../lib/gcc/arm-none-eabi/4.6.2/../../../../arm-none-eabi/lib/armv7-m\libc.a(lib_a-mlock.o)
 .ARM.attributes
                0x0000068e       0x2d c:/nxp/lpcxpresso_6.1.4_194/lpcxpresso/tools/bin/../lib/gcc/arm-none-eabi/4.6.2/../../../../arm-none-eabi/lib/armv7-m\libc.a(lib_a-mprec.o)
 .ARM.attributes
                0x000006bb       0x2d c:/nxp/lpcxpresso_6.1.4_194/lpcxpresso/tools/bin/../lib/gcc/arm-none-eabi/4.6.2/../../../../arm-none-eabi/lib/armv7-m\libc.a(lib_a-s_fpclassify.o)
 .ARM.attributes
                0x000006e8       0x2d c:/nxp/lpcxpresso_6.1.4_194/lpcxpresso/tools/bin/../lib/gcc/arm-none-eabi/4.6.2/../../../../arm-none-eabi/lib/armv7-m\libc.a(lib_a-sbrkr.o)
 .ARM.attributes
                0x00000715       0x2d c:/nxp/lpcxpresso_6.1.4_194/lpcxpresso/tools/bin/../lib/gcc/arm-none-eabi/4.6.2/../../../../arm-none-eabi/lib/armv7-m\libc.a(lib_a-stdio.o)
 .ARM.attributes
                0x00000742       0x2d c:/nxp/lpcxpresso_6.1.4_194/lpcxpresso/tools/bin/../lib/gcc/arm-none-eabi/4.6.2/../../../../arm-none-eabi/lib/armv7-m\libc.a(lib_a-strcmp.o)
 .ARM.attributes
                0x0000076f       0x2d c:/nxp/lpcxpresso_6.1.4_194/lpcxpresso/tools/bin/../lib/gcc/arm-none-eabi/4.6.2/../../../../arm-none-eabi/lib/armv7-m\libc.a(lib_a-strlen.o)
 .ARM.attributes
                0x0000079c       0x2d c:/nxp/lpcxpresso_6.1.4_194/lpcxpresso/tools/bin/../lib/gcc/arm-none-eabi/4.6.2/../../../../arm-none-eabi/lib/armv7-m\libc.a(lib_a-vfiprintf.o)
 .ARM.attributes
                0x000007c9       0x2d c:/nxp/lpcxpresso_6.1.4_194/lpcxpresso/tools/bin/../lib/gcc/arm-none-eabi/4.6.2/../../../../arm-none-eabi/lib/armv7-m\libc.a(lib_a-writer.o)
 .ARM.attributes
                0x000007f6       0x2d c:/nxp/lpcxpresso_6.1.4_194/lpcxpresso/tools/bin/../lib/gcc/arm-none-eabi/4.6.2/../../../../arm-none-eabi/lib/armv7-m\libc.a(lib_a-callocr.o)
 .ARM.attributes
                0x00000823       0x2d c:/nxp/lpcxpresso_6.1.4_194/lpcxpresso/tools/bin/../lib/gcc/arm-none-eabi/4.6.2/../../../../arm-none-eabi/lib/armv7-m\libc.a(lib_a-closer.o)
 .ARM.attributes
                0x00000850       0x2d c:/nxp/lpcxpresso_6.1.4_194/lpcxpresso/tools/bin/../lib/gcc/arm-none-eabi/4.6.2/../../../../arm-none-eabi/lib/armv7-m\libc.a(lib_a-fclose.o)
 .ARM.attributes
                0x0000087d       0x2d c:/nxp/lpcxpresso_6.1.4_194/lpcxpresso/tools/bin/../lib/gcc/arm-none-eabi/4.6.2/../../../../arm-none-eabi/lib/armv7-m\libc.a(lib_a-fputwc.o)
 .ARM.attributes
                0x000008aa       0x2d c:/nxp/lpcxpresso_6.1.4_194/lpcxpresso/tools/bin/../lib/gcc/arm-none-eabi/4.6.2/../../../../arm-none-eabi/lib/armv7-m\libc.a(lib_a-fstatr.o)
 .ARM.attributes
                0x000008d7       0x2d c:/nxp/lpcxpresso_6.1.4_194/lpcxpresso/tools/bin/../lib/gcc/arm-none-eabi/4.6.2/../../../../arm-none-eabi/lib/armv7-m\libc.a(lib_a-fvwrite.o)
 .ARM.attributes
                0x00000904       0x2d c:/nxp/lpcxpresso_6.1.4_194/lpcxpresso/tools/bin/../lib/gcc/arm-none-eabi/4.6.2/../../../../arm-none-eabi/lib/armv7-m\libc.a(lib_a-isattyr.o)
 .ARM.attributes
                0x00000931       0x2d c:/nxp/lpcxpresso_6.1.4_194/lpcxpresso/tools/bin/../lib/gcc/arm-none-eabi/4.6.2/../../../../arm-none-eabi/lib/armv7-m\libc.a(lib_a-lseekr.o)
 .ARM.attributes
                0x0000095e       0x2d c:/nxp/lpcxpresso_6.1.4_194/lpcxpresso/tools/bin/../lib/gcc/arm-none-eabi/4.6.2/../../../../arm-none-eabi/lib/armv7-m\libc.a(lib_a-memmove.o)
 .ARM.attributes
                0x0000098b       0x2d c:/nxp/lpcxpresso_6.1.4_194/lpcxpresso/tools/bin/../lib/gcc/arm-none-eabi/4.6.2/../../../../arm-none-eabi/lib/armv7-m\libc.a(lib_a-readr.o)
 .ARM.attributes
                0x000009b8       0x2d c:/nxp/lpcxpresso_6.1.4_194/lpcxpresso/tools/bin/../lib/gcc/arm-none-eabi/4.6.2/../../../../arm-none-eabi/lib/armv7-m\libc.a(lib_a-reallocr.o)
 .ARM.attributes
                0x000009e5       0x2d c:/nxp/lpcxpresso_6.1.4_194/lpcxpresso/tools/bin/../lib/gcc/arm-none-eabi/4.6.2/../../../../arm-none-eabi/lib/armv7-m\libc.a(lib_a-reent.o)