Archive member included because of file (symbol)

C:\Users\Rachel\Dropbox\Assignment 2\Lib_CMSISv1p30_LPC17xx\Debug\libCMSISv1p30_LPC17xx.a(system_LPC17xx.o)
                              ./src/main.o (SystemCoreClock)
C:\Users\Rachel\Dropbox\Assignment 2\Lib_EaBaseBoard\Debug\libLib_EaBaseBoard.a(acc.o)
                              ./src/main.o (acc_init)
C:\Users\Rachel\Dropbox\Assignment 2\Lib_EaBaseBoard\Debug\libLib_EaBaseBoard.a(joystick.o)
                              ./src/main.o (joystick_init)
C:\Users\Rachel\Dropbox\Assignment 2\Lib_EaBaseBoard\Debug\libLib_EaBaseBoard.a(led7seg.o)
                              ./src/main.o (led7seg_init)
C:\Users\Rachel\Dropbox\Assignment 2\Lib_EaBaseBoard\Debug\libLib_EaBaseBoard.a(light.o)
                              ./src/main.o (light_enable)
C:\Users\Rachel\Dropbox\Assignment 2\Lib_EaBaseBoard\Debug\libLib_EaBaseBoard.a(oled.o)
                              ./src/main.o (oled_putPixel)
C:\Users\Rachel\Dropbox\Assignment 2\Lib_EaBaseBoard\Debug\libLib_EaBaseBoard.a(pca9532.o)
                              ./src/main.o (pca9532_init)
C:\Users\Rachel\Dropbox\Assignment 2\Lib_EaBaseBoard\Debug\libLib_EaBaseBoard.a(rgb.o)
                              ./src/main.o (rgb_init)
C:\Users\Rachel\Dropbox\Assignment 2\Lib_EaBaseBoard\Debug\libLib_EaBaseBoard.a(temp.o)
                              ./src/main.o (temp_init)
C:\Users\Rachel\Dropbox\Assignment 2\Lib_EaBaseBoard\Debug\libLib_EaBaseBoard.a(font5x7.o)
                              C:\Users\Rachel\Dropbox\Assignment 2\Lib_EaBaseBoard\Debug\libLib_EaBaseBoard.a(oled.o) (font5x7)
C:\Users\Rachel\Dropbox\Assignment 2\Lib_MCU\Debug\libLib_MCU.a(lpc17xx_gpio.o)
                              ./src/main.o (GPIO_SetDir)
C:\Users\Rachel\Dropbox\Assignment 2\Lib_MCU\Debug\libLib_MCU.a(lpc17xx_i2c.o)
                              ./src/main.o (I2C_Init)
C:\Users\Rachel\Dropbox\Assignment 2\Lib_MCU\Debug\libLib_MCU.a(lpc17xx_pinsel.o)
                              ./src/main.o (PINSEL_ConfigPin)
C:\Users\Rachel\Dropbox\Assignment 2\Lib_MCU\Debug\libLib_MCU.a(lpc17xx_ssp.o)
                              ./src/main.o (SSP_Init)
C:\Users\Rachel\Dropbox\Assignment 2\Lib_MCU\Debug\libLib_MCU.a(lpc17xx_timer.o)
                              ./src/main.o (Timer0_Wait)
C:\Users\Rachel\Dropbox\Assignment 2\Lib_MCU\Debug\libLib_MCU.a(lpc17xx_uart.o)
                              ./src/main.o (UART_TxCmd)
C:\Users\Rachel\Dropbox\Assignment 2\Lib_MCU\Debug\libLib_MCU.a(lpc17xx_clkpwr.o)
                              C:\Users\Rachel\Dropbox\Assignment 2\Lib_MCU\Debug\libLib_MCU.a(lpc17xx_i2c.o) (CLKPWR_SetPCLKDiv)
c:/nxp/lpcxpresso_6.1.4_194/lpcxpresso/tools/bin/../lib/gcc/arm-none-eabi/4.6.2/armv7-m\libgcc.a(_arm_addsubdf3.o)
                              ./src/main.o (__aeabi_ui2d)
c:/nxp/lpcxpresso_6.1.4_194/lpcxpresso/tools/bin/../lib/gcc/arm-none-eabi/4.6.2/armv7-m\libgcc.a(_arm_muldivdf3.o)
                              ./src/main.o (__aeabi_ddiv)
c:/nxp/lpcxpresso_6.1.4_194/lpcxpresso/tools/bin/../lib/gcc/arm-none-eabi/4.6.2/armv7-m\libgcc.a(_arm_cmpdf2.o)
                              ./src/main.o (__aeabi_dcmpgt)
c:/nxp/lpcxpresso_6.1.4_194/lpcxpresso/tools/bin/../lib/gcc/arm-none-eabi/4.6.2/armv7-m\libgcc.a(_arm_fixdfsi.o)
                              ./src/main.o (__aeabi_d2iz)
c:/nxp/lpcxpresso_6.1.4_194/lpcxpresso/tools/bin/../lib/gcc/arm-none-eabi/4.6.2/armv7-m\libgcc.a(_arm_truncdfsf2.o)
                              ./src/main.o (__aeabi_d2f)
c:/nxp/lpcxpresso_6.1.4_194/lpcxpresso/tools/bin/../lib/gcc/arm-none-eabi/4.6.2/armv7-m\libgcc.a(_aeabi_uldivmod.o)
                              C:\Users\Rachel\Dropbox\Assignment 2\Lib_CMSISv1p30_LPC17xx\Debug\libCMSISv1p30_LPC17xx.a(system_LPC17xx.o) (__aeabi_uldivmod)
c:/nxp/lpcxpresso_6.1.4_194/lpcxpresso/tools/bin/../lib/gcc/arm-none-eabi/4.6.2/armv7-m\libgcc.a(bpabi.o)
                              c:/nxp/lpcxpresso_6.1.4_194/lpcxpresso/tools/bin/../lib/gcc/arm-none-eabi/4.6.2/armv7-m\libgcc.a(_aeabi_uldivmod.o) (__gnu_uldivmod_helper)
c:/nxp/lpcxpresso_6.1.4_194/lpcxpresso/tools/bin/../lib/gcc/arm-none-eabi/4.6.2/armv7-m\libgcc.a(_dvmd_tls.o)
                              c:/nxp/lpcxpresso_6.1.4_194/lpcxpresso/tools/bin/../lib/gcc/arm-none-eabi/4.6.2/armv7-m\libgcc.a(_aeabi_uldivmod.o) (__aeabi_ldiv0)
c:/nxp/lpcxpresso_6.1.4_194/lpcxpresso/tools/bin/../lib/gcc/arm-none-eabi/4.6.2/armv7-m\libgcc.a(_divdi3.o)
                              c:/nxp/lpcxpresso_6.1.4_194/lpcxpresso/tools/bin/../lib/gcc/arm-none-eabi/4.6.2/armv7-m\libgcc.a(bpabi.o) (__divdi3)
c:/nxp/lpcxpresso_6.1.4_194/lpcxpresso/tools/bin/../lib/gcc/arm-none-eabi/4.6.2/armv7-m\libgcc.a(_udivdi3.o)
                              c:/nxp/lpcxpresso_6.1.4_194/lpcxpresso/tools/bin/../lib/gcc/arm-none-eabi/4.6.2/armv7-m\libgcc.a(bpabi.o) (__udivdi3)
c:/nxp/lpcxpresso_6.1.4_194/lpcxpresso/tools/bin/../lib/gcc/arm-none-eabi/4.6.2/../../../../arm-none-eabi/lib/armv7-m\libc.a(lib_a-memset.o)
[...]
Memory Configuration

Name             Origin             Length             Attributes
MFlash512        0x00000000         0x00080000         xr
RamLoc32         0x10000000         0x00008000         xrw
RamAHB32         0x2007c000         0x00008000         xrw
*default*        0x00000000         0xffffffff

Linker script and memory map

LOAD ./src/cr_startup_lpc17.o
LOAD ./src/main.o
LOAD C:\Users\Rachel\Dropbox\Assignment 2\Lib_CMSISv1p30_LPC17xx\Debug\libCMSISv1p30_LPC17xx.a
LOAD C:\Users\Rachel\Dropbox\Assignment 2\Lib_EaBaseBoard\Debug\libLib_EaBaseBoard.a
LOAD C:\Users\Rachel\Dropbox\Assignment 2\Lib_MCU\Debug\libLib_MCU.a
START GROUP
LOAD c:/nxp/lpcxpresso_6.1.4_194/lpcxpresso/tools/bin/../lib/gcc/arm-none-eabi/4.6.2/armv7-m\libgcc.a
LOAD c:/nxp/lpcxpresso_6.1.4_194/lpcxpresso/tools/bin/../lib/gcc/arm-none-eabi/4.6.2/../../../../arm-none-eabi/lib/armv7-m\libc.a
LOAD c:/nxp/lpcxpresso_6.1.4_194/lpcxpresso/tools/bin/../lib/gcc/arm-none-eabi/4.6.2/../../../../arm-none-eabi/lib/armv7-m\libm.a
LOAD c:/nxp/lpcxpresso_6.1.4_194/lpcxpresso/tools/bin/../lib/gcc/arm-none-eabi/4.6.2/../../../../arm-none-eabi/lib/armv7-m\libcr_newlib_semihost.a
END GROUP
                0x00080000                __top_MFlash512 = 0x80000
                0x10008000                __top_RamLoc32 = 0x10008000
                0x20084000                __top_RamAHB32 = 0x20084000

.text           0x00000000     0xe028
 FILL mask 0xff
                0x00000000                __vectors_start__ = ABSOLUTE (.)
 *(.isr_vector)
 .isr_vector    0x00000000       0xcc ./src/cr_startup_lpc17.o
                0x00000000                g_pfnVectors
                0x000000cc                . = ALIGN (0x4)
                0x000000cc                __section_table_start = .
                0x000000cc                __data_section_table = .
                0x000000cc        0x4 LONG 0xe030 LOADADDR (.data)
                0x000000d0        0x4 LONG 0x10000000 ADDR (.data)
                0x000000d4        0x4 LONG 0x988 SIZEOF (.data)
                0x000000d8        0x4 LONG 0xe030 LOADADDR (.data_RAM2)
                0x000000dc        0x4 LONG 0x2007c000 ADDR (.data_RAM2)
                0x000000e0        0x4 LONG 0x0 SIZEOF (.data_RAM2)
                0x000000e4                __data_section_table_end = .
                0x000000e4                __bss_section_table = .
                0x000000e4        0x4 LONG 0x10000988 ADDR (.bss)
                0x000000e8        0x4 LONG 0x4d4 SIZEOF (.bss)
                0x000000ec        0x4 LONG 0x2007c000 ADDR (.bss_RAM2)
                0x000000f0        0x4 LONG 0x0 SIZEOF (.bss_RAM2)
                0x000000f4                __bss_section_table_end = .
                0x000000f4                __section_table_end = .
 *(.after_vectors*)
 *(.text*)
 .text.ResetISR
                0x000000f4       0x68 ./src/cr_startup_lpc17.o
                0x000000f4                ResetISR
 .text.NMI_Handler
                0x0000015c        0x8 ./src/cr_startup_lpc17.o
                0x0000015c                NMI_Handler
 .text.HardFault_Handler
                0x00000164        0x8 ./src/cr_startup_lpc17.o
                0x00000164                HardFault_Handler
 .text.MemManage_Handler
                0x0000016c        0x8 ./src/cr_startup_lpc17.o
                0x0000016c                MemManage_Handler
 .text.BusFault_Handler
                0x00000174        0x8 ./src/cr_startup_lpc17.o
                0x00000174                BusFault_Handler
 .text.UsageFault_Handler
                0x0000017c        0x8 ./src/cr_startup_lpc17.o
                0x0000017c                UsageFault_Handler
 .text.SVCall_Handler
                0x00000184        0x8 ./src/cr_startup_lpc17.o
                0x00000184                SVCall_Handler
 .text.DebugMon_Handler
                0x0000018c        0x8 ./src/cr_startup_lpc17.o
                0x0000018c                DebugMon_Handler
 .text.PendSV_Handler
                0x00000194        0x8 ./src/cr_startup_lpc17.o
                0x00000194                PendSV_Handler
 .text.IntDefaultHandler
                0x0000019c        0x8 ./src/cr_startup_lpc17.o
                0x0000019c                TIMER2_IRQHandler
                0x0000019c                RIT_IRQHandler
                0x0000019c                I2C0_IRQHandler
                0x0000019c                USBActivity_IRQHandler
                0x0000019c                PWM1_IRQHandler
                0x0000019c                I2C1_IRQHandler
                0x0000019c                EINT2_IRQHandler
                0x0000019c                UART1_IRQHandler
                0x0000019c                CANActivity_IRQHandler
                0x0000019c                TIMER3_IRQHandler
                0x0000019c                UART0_IRQHandler
                0x0000019c                IntDefaultHandler
                0x0000019c                PLL0_IRQHandler
                0x0000019c                CAN_IRQHandler
                0x0000019c                PLL1_IRQHandler
                0x0000019c                SSP0_IRQHandler
                0x0000019c                I2S_IRQHandler
                0x0000019c                I2C2_IRQHandler
                0x0000019c                RTC_IRQHandler
                0x0000019c                TIMER0_IRQHandler
                0x0000019c                SPI_IRQHandler
                0x0000019c                EINT1_IRQHandler
                0x0000019c                TIMER1_IRQHandler
                0x0000019c                UART2_IRQHandler
                0x0000019c                ADC_IRQHandler
                0x0000019c                SSP1_IRQHandler
                0x0000019c                USB_IRQHandler
                0x0000019c                BOD_IRQHandler
                0x0000019c                WDT_IRQHandler
                0x0000019c                QEI_IRQHandler
                0x0000019c                EINT0_IRQHandler
                0x0000019c                DMA_IRQHandler
                0x0000019c                MCPWM_IRQHandler
                0x0000019c                ENET_IRQHandler
 .text.NVIC_EnableIRQ
                0x000001a4       0x38 ./src/main.o
 .text.NVIC_ClearPendingIRQ
                0x000001dc       0x3c ./src/main.o
 .text.NVIC_SetPriority
                0x00000218       0x5c ./src/main.o
 .text.SysTick_Config
                0x00000274       0x64 ./src/main.o
 .text.moveBar  0x000002d8       0xa8 ./src/main.o
 .text.Get_Time
                0x00000380       0x18 ./src/main.o
                0x00000380                Get_Time
 .text.playNote
                0x00000398       0x70 ./src/main.o
 .text.getNote  0x00000408       0x5c ./src/main.o
 .text.getDuration
                0x00000464       0x38 ./src/main.o
 .text.getPause
                0x0000049c       0x4c ./src/main.o
 .text.playSong
                0x000004e8      0x168 ./src/main.o
 .text.init_ssp
                0x00000650       0x98 ./src/main.o
 .text.init_i2c
                0x000006e8       0x5c ./src/main.o
 .text.init_GPIO
                0x00000744       0x68 ./src/main.o
 .text.speaker_init
                0x000007ac       0xf0 ./src/main.o
 .text.lightSenIntInit
                0x0000089c       0x58 ./src/main.o
                0x0000089c                lightSenIntInit
 .text.init_uart
                0x000008f4       0x94 ./src/main.o
                0x000008f4                init_uart
 .text.init_everything
                0x00000988      0x114 ./src/main.o
 .text.setRGBLeds
                0x00000a9c       0x5c ./src/main.o
                0x00000a9c                setRGBLeds
 .text.ALTERNATE_LED
                0x00000af8       0x7c ./src/main.o
                0x00000af8                ALTERNATE_LED
 .text.BLINK_BLUE
                0x00000b74       0x7c ./src/main.o
                0x00000b74                BLINK_BLUE
 .text.countdown_new
                0x00000bf0       0xa4 ./src/main.o
                0x00000bf0                countdown_new
 .text.saved    0x00000c94       0xa0 ./src/main.o
                0x00000c94                saved
 .text.do_Initialization
                0x00000d34       0x98 ./src/main.o
                0x00000d34                do_Initialization
 .text.do_toclimb
                0x00000dcc       0xb0 ./src/main.o
                0x00000dcc                do_toclimb
 *fill*         0x00000e7c        0x4 00
 .text.check_ClimbSensors
                0x00000e80      0x2c0 ./src/main.o
                0x00000e80                check_ClimbSensors
 .text.refresh_ClimbOLED
                0x00001140      0x178 ./src/main.o
                0x00001140                refresh_ClimbOLED
 .text.do_Climb
                0x000012b8      0x430 ./src/main.o
                0x000012b8                do_Climb
 .text.do_Emergency
                0x000016e8      0x380 ./src/main.o
                0x000016e8                do_Emergency
 .text.do_Emergency_over
                0x00001a68       0xa4 ./src/main.o
                0x00001a68                do_Emergency_over
 .text.EINT3_IRQHandler
                0x00001b0c      0x374 ./src/main.o
                0x00001b0c                EINT3_IRQHandler
 .text.UART3_IRQHandler
                0x00001e80        0xc ./src/main.o
                0x00001e80                UART3_IRQHandler
 .text.SysTick_Handler
                0x00001e8c       0x24 ./src/main.o
                0x00001e8c                SysTick_Handler
 .text.main     0x00001eb0      0x104 ./src/main.o
                0x00001eb0                main
 .text.check_failed
                0x00001fb4        0xc ./src/main.o
                0x00001fb4                check_failed
 .text.SystemInit
                0x00001fc0      0x22c C:\Users\Rachel\Dropbox\Assignment 2\Lib_CMSISv1p30_LPC17xx\Debug\libCMSISv1p30_LPC17xx.a(system_LPC17xx.o)
                0x00001fc0                SystemInit
 .text.I2CRead  0x000021ec       0x5c C:\Users\Rachel\Dropbox\Assignment 2\Lib_EaBaseBoard\Debug\libLib_EaBaseBoard.a(acc.o)
 .text.I2CWrite
                0x00002248       0x5c C:\Users\Rachel\Dropbox\Assignment 2\Lib_EaBaseBoard\Debug\libLib_EaBaseBoard.a(acc.o)
 .text.getStatus
                0x000022a4       0x3c C:\Users\Rachel\Dropbox\Assignment 2\Lib_EaBaseBoard\Debug\libLib_EaBaseBoard.a(acc.o)
 .text.setModeControl
                0x000022e0       0x30 C:\Users\Rachel\Dropbox\Assignment 2\Lib_EaBaseBoard\Debug\libLib_EaBaseBoard.a(acc.o)
 .text.acc_init
                0x00002310       0x10 C:\Users\Rachel\Dropbox\Assignment 2\Lib_EaBaseBoard\Debug\libLib_EaBaseBoard.a(acc.o)
                0x00002310                acc_init
 .text.acc_read
                0x00002320       0xbc C:\Users\Rachel\Dropbox\Assignment 2\Lib_EaBaseBoard\Debug\libLib_EaBaseBoard.a(acc.o)
                0x00002320                acc_read
 .text.joystick_init
                0x000023dc       0x28 C:\Users\Rachel\Dropbox\Assignment 2\Lib_EaBaseBoard\Debug\libLib_EaBaseBoard.a(joystick.o)
                0x000023dc                joystick_init
 .text.led7seg_init
                0x00002404       0x24 C:\Users\Rachel\Dropbox\Assignment 2\Lib_EaBaseBoard\Debug\libLib_EaBaseBoard.a(led7seg.o)
                0x00002404                led7seg_init
 .text.led7seg_setChar
                0x00002428       0x88 C:\Users\Rachel\Dropbox\Assignment 2\Lib_EaBaseBoard\Debug\libLib_EaBaseBoard.a(led7seg.o)
                0x00002428                led7seg_setChar
 .text.I2CRead  0x000024b0       0x5c C:\Users\Rachel\Dropbox\Assignment 2\Lib_EaBaseBoard\Debug\libLib_EaBaseBoard.a(light.o)
 .text.I2CWrite
                0x0000250c       0x5c C:\Users\Rachel\Dropbox\Assignment 2\Lib_EaBaseBoard\Debug\libLib_EaBaseBoard.a(light.o)
 .text.readControlReg
                0x00002568       0x3c C:\Users\Rachel\Dropbox\Assignment 2\Lib_EaBaseBoard\Debug\libLib_EaBaseBoard.a(light.o)
 .text.light_enable
                0x000025a4       0x48 C:\Users\Rachel\Dropbox\Assignment 2\Lib_EaBaseBoard\Debug\libLib_EaBaseBoard.a(light.o)
                0x000025a4                light_enable
 .text.light_read
                0x000025ec       0x90 C:\Users\Rachel\Dropbox\Assignment 2\Lib_EaBaseBoard\Debug\libLib_EaBaseBoard.a(light.o)
                0x000025ec                light_read
 .text.light_setLoThreshold
                0x0000267c       0x58 C:\Users\Rachel\Dropbox\Assignment 2\Lib_EaBaseBoard\Debug\libLib_EaBaseBoard.a(light.o)
                0x0000267c                light_setLoThreshold
 .text.light_clearIrqStatus
                0x000026d4       0x3c C:\Users\Rachel\Dropbox\Assignment 2\Lib_EaBaseBoard\Debug\libLib_EaBaseBoard.a(light.o)
                0x000026d4                light_clearIrqStatus
 .text.writeCommand
                0x00002710       0x60 C:\Users\Rachel\Dropbox\Assignment 2\Lib_EaBaseBoard\Debug\libLib_EaBaseBoard.a(oled.o)
 .text.writeData
                0x00002770       0x60 C:\Users\Rachel\Dropbox\Assignment 2\Lib_EaBaseBoard\Debug\libLib_EaBaseBoard.a(oled.o)
 .text.writeDataLen
                0x000027d0       0x8c C:\Users\Rachel\Dropbox\Assignment 2\Lib_EaBaseBoard\Debug\libLib_EaBaseBoard.a(oled.o)
 .text.runInitSequence
                0x0000285c      0x118 C:\Users\Rachel\Dropbox\Assignment 2\Lib_EaBaseBoard\Debug\libLib_EaBaseBoard.a(oled.o)
 .text.hLine    0x00002974       0x4c C:\Users\Rachel\Dropbox\Assignment 2\Lib_EaBaseBoard\Debug\libLib_EaBaseBoard.a(oled.o)
 .text.vLine    0x000029c0       0x4c C:\Users\Rachel\Dropbox\Assignment 2\Lib_EaBaseBoard\Debug\libLib_EaBaseBoard.a(oled.o)
 .text.oled_init
                0x00002a0c       0x9c C:\Users\Rachel\Dropbox\Assignment 2\Lib_EaBaseBoard\Debug\libLib_EaBaseBoard.a(oled.o)
                0x00002a0c                oled_init
 .text.oled_putPixel
                0x00002aa8      0x188 C:\Users\Rachel\Dropbox\Assignment 2\Lib_EaBaseBoard\Debug\libLib_EaBaseBoard.a(oled.o)
                0x00002aa8                oled_putPixel
 .text.oled_line
                0x00002c30      0x1d4 C:\Users\Rachel\Dropbox\Assignment 2\Lib_EaBaseBoard\Debug\libLib_EaBaseBoard.a(oled.o)
                0x00002c30                oled_line
 .text.oled_clearScreen
                0x00002e04       0x74 C:\Users\Rachel\Dropbox\Assignment 2\Lib_EaBaseBoard\Debug\libLib_EaBaseBoard.a(oled.o)
                0x00002e04                oled_clearScreen
 .text.oled_putChar
                0x00002e78       0xf0 C:\Users\Rachel\Dropbox\Assignment 2\Lib_EaBaseBoard\Debug\libLib_EaBaseBoard.a(oled.o)
                0x00002e78                oled_putChar
 .text.oled_putString
                0x00002f68       0x54 C:\Users\Rachel\Dropbox\Assignment 2\Lib_EaBaseBoard\Debug\libLib_EaBaseBoard.a(oled.o)
                0x00002f68                oled_putString
 .text.I2CWrite
                0x00002fbc       0x5c C:\Users\Rachel\Dropbox\Assignment 2\Lib_EaBaseBoard\Debug\libLib_EaBaseBoard.a(pca9532.o)
 .text.setLsStates
                0x00003018       0xc4 C:\Users\Rachel\Dropbox\Assignment 2\Lib_EaBaseBoard\Debug\libLib_EaBaseBoard.a(pca9532.o)
 .text.setLeds  0x000030dc       0xa0 C:\Users\Rachel\Dropbox\Assignment 2\Lib_EaBaseBoard\Debug\libLib_EaBaseBoard.a(pca9532.o)
 .text.pca9532_init
                0x0000317c        0xc C:\Users\Rachel\Dropbox\Assignment 2\Lib_EaBaseBoard\Debug\libLib_EaBaseBoard.a(pca9532.o)
                0x0000317c                pca9532_init
 .text.pca9532_setLeds
                0x00003188       0xa0 C:\Users\Rachel\Dropbox\Assignment 2\Lib_EaBaseBoard\Debug\libLib_EaBaseBoard.a(pca9532.o)
                0x00003188                pca9532_setLeds
 .text.rgb_init
                0x00003228       0x38 C:\Users\Rachel\Dropbox\Assignment 2\Lib_EaBaseBoard\Debug\libLib_EaBaseBoard.a(rgb.o)
                0x00003228                rgb_init
 .text.temp_init
                0x00003260       0x2c C:\Users\Rachel\Dropbox\Assignment 2\Lib_EaBaseBoard\Debug\libLib_EaBaseBoard.a(temp.o)
                0x00003260                temp_init
 .text.temp_read
                0x0000328c      0x10c C:\Users\Rachel\Dropbox\Assignment 2\Lib_EaBaseBoard\Debug\libLib_EaBaseBoard.a(temp.o)
                0x0000328c                temp_read
 .text.GPIO_GetPointer
                0x00003398       0x7c C:\Users\Rachel\Dropbox\Assignment 2\Lib_MCU\Debug\libLib_MCU.a(lpc17xx_gpio.o)
 .text.GPIO_SetDir
                0x00003414       0x54 C:\Users\Rachel\Dropbox\Assignment 2\Lib_MCU\Debug\libLib_MCU.a(lpc17xx_gpio.o)
                0x00003414                GPIO_SetDir
 .text.GPIO_SetValue
                0x00003468       0x2c C:\Users\Rachel\Dropbox\Assignment 2\Lib_MCU\Debug\libLib_MCU.a(lpc17xx_gpio.o)
                0x00003468                GPIO_SetValue
 .text.GPIO_ClearValue
                0x00003494       0x2c C:\Users\Rachel\Dropbox\Assignment 2\Lib_MCU\Debug\libLib_MCU.a(lpc17xx_gpio.o)
                0x00003494                GPIO_ClearValue
 .text.GPIO_ReadValue
                0x000034c0       0x30 C:\Users\Rachel\Dropbox\Assignment 2\Lib_MCU\Debug\libLib_MCU.a(lpc17xx_gpio.o)
                0x000034c0                GPIO_ReadValue
 .text.NVIC_EnableIRQ
                0x000034f0       0x38 C:\Users\Rachel\Dropbox\Assignment 2\Lib_MCU\Debug\libLib_MCU.a(lpc17xx_i2c.o)
 .text.NVIC_DisableIRQ
                0x00003528       0x3c C:\Users\Rachel\Dropbox\Assignment 2\Lib_MCU\Debug\libLib_MCU.a(lpc17xx_i2c.o)
 .text.I2C_getNum
                0x00003564       0x54 C:\Users\Rachel\Dropbox\Assignment 2\Lib_MCU\Debug\libLib_MCU.a(lpc17xx_i2c.o)
 .text.I2C_Start
                0x000035b8       0x44 C:\Users\Rachel\Dropbox\Assignment 2\Lib_MCU\Debug\libLib_MCU.a(lpc17xx_i2c.o)
 .text.I2C_Stop
                0x000035fc       0x38 C:\Users\Rachel\Dropbox\Assignment 2\Lib_MCU\Debug\libLib_MCU.a(lpc17xx_i2c.o)
 .text.I2C_SendByte
                0x00003634       0x50 C:\Users\Rachel\Dropbox\Assignment 2\Lib_MCU\Debug\libLib_MCU.a(lpc17xx_i2c.o)
 .text.I2C_GetByte
                0x00003684       0x5c C:\Users\Rachel\Dropbox\Assignment 2\Lib_MCU\Debug\libLib_MCU.a(lpc17xx_i2c.o)
 .text.I2C_IntCmd
                0x000036e0       0xa8 C:\Users\Rachel\Dropbox\Assignment 2\Lib_MCU\Debug\libLib_MCU.a(lpc17xx_i2c.o)
                0x000036e0                I2C_IntCmd
 .text.I2C_MasterHandler
                0x00003788      0x408 C:\Users\Rachel\Dropbox\Assignment 2\Lib_MCU\Debug\libLib_MCU.a(lpc17xx_i2c.o)
                0x00003788                I2C_MasterHandler
 .text.I2C_SetClock
                0x00003b90       0xc8 C:\Users\Rachel\Dropbox\Assignment 2\Lib_MCU\Debug\libLib_MCU.a(lpc17xx_i2c.o)
                0x00003b90                I2C_SetClock
 .text.I2C_Init
                0x00003c58       0xd8 C:\Users\Rachel\Dropbox\Assignment 2\Lib_MCU\Debug\libLib_MCU.a(lpc17xx_i2c.o)
                0x00003c58                I2C_Init
 .text.I2C_Cmd  0x00003d30       0x84 C:\Users\Rachel\Dropbox\Assignment 2\Lib_MCU\Debug\libLib_MCU.a(lpc17xx_i2c.o)
                0x00003d30                I2C_Cmd
 .text.I2C_MasterTransferData
                0x00003db4      0x390 C:\Users\Rachel\Dropbox\Assignment 2\Lib_MCU\Debug\libLib_MCU.a(lpc17xx_i2c.o)
                0x00003db4                I2C_MasterTransferData
 .text.PINSEL_SetPinFunc
                0x00004144       0x9c C:\Users\Rachel\Dropbox\Assignment 2\Lib_MCU\Debug\libLib_MCU.a(lpc17xx_pinsel.o)
                0x00004144                PINSEL_SetPinFunc
 .text.PINSEL_SetResistorMode
                0x000041e0       0x9c C:\Users\Rachel\Dropbox\Assignment 2\Lib_MCU\Debug\libLib_MCU.a(lpc17xx_pinsel.o)
                0x000041e0                PINSEL_SetResistorMode
 .text.PINSEL_SetOpenDrainMode
                0x0000427c       0x7c C:\Users\Rachel\Dropbox\Assignment 2\Lib_MCU\Debug\libLib_MCU.a(lpc17xx_pinsel.o)
                0x0000427c                PINSEL_SetOpenDrainMode
 .text.PINSEL_ConfigPin
                0x000042f8       0x54 C:\Users\Rachel\Dropbox\Assignment 2\Lib_MCU\Debug\libLib_MCU.a(lpc17xx_pinsel.o)
                0x000042f8                PINSEL_ConfigPin
 .text.SSP_getNum
                0x0000434c       0x40 C:\Users\Rachel\Dropbox\Assignment 2\Lib_MCU\Debug\libLib_MCU.a(lpc17xx_ssp.o)
 .text.SSP_IntHandler
                0x0000438c      0x338 C:\Users\Rachel\Dropbox\Assignment 2\Lib_MCU\Debug\libLib_MCU.a(lpc17xx_ssp.o)
                0x0000438c                SSP_IntHandler
 .text.SSP_SetClock
                0x000046c4       0xf8 C:\Users\Rachel\Dropbox\Assignment 2\Lib_MCU\Debug\libLib_MCU.a(lpc17xx_ssp.o)
                0x000046c4                SSP_SetClock
 .text.SSP_Init
                0x000047bc      0x10c C:\Users\Rachel\Dropbox\Assignment 2\Lib_MCU\Debug\libLib_MCU.a(lpc17xx_ssp.o)
                0x000047bc                SSP_Init
 .text.SSP_ConfigStructInit
                0x000048c8       0x48 C:\Users\Rachel\Dropbox\Assignment 2\Lib_MCU\Debug\libLib_MCU.a(lpc17xx_ssp.o)
                0x000048c8                SSP_ConfigStructInit
 .text.SSP_Cmd  0x00004910       0x7c C:\Users\Rachel\Dropbox\Assignment 2\Lib_MCU\Debug\libLib_MCU.a(lpc17xx_ssp.o)
                0x00004910                SSP_Cmd
 .text.SSP_SendData
                0x0000498c       0x48 C:\Users\Rachel\Dropbox\Assignment 2\Lib_MCU\Debug\libLib_MCU.a(lpc17xx_ssp.o)
                0x0000498c                SSP_SendData
 .text.SSP_ReceiveData
                0x000049d4       0x44 C:\Users\Rachel\Dropbox\Assignment 2\Lib_MCU\Debug\libLib_MCU.a(lpc17xx_ssp.o)
                0x000049d4                SSP_ReceiveData
 .text.SSP_ReadWrite
                0x00004a18      0x440 C:\Users\Rachel\Dropbox\Assignment 2\Lib_MCU\Debug\libLib_MCU.a(lpc17xx_ssp.o)
                0x00004a18                SSP_ReadWrite
 .text.TIM_GetPClock
                0x00004e58       0x68 C:\Users\Rachel\Dropbox\Assignment 2\Lib_MCU\Debug\libLib_MCU.a(lpc17xx_timer.o)
                0x00004e58                TIM_GetPClock
 .text.TIM_ConverUSecToVal
                0x00004ec0       0x64 C:\Users\Rachel\Dropbox\Assignment 2\Lib_MCU\Debug\libLib_MCU.a(lpc17xx_timer.o)
                0x00004ec0                TIM_ConverUSecToVal
 .text.TIM_ConverPtrToTimeNum
                0x00004f24       0x6c C:\Users\Rachel\Dropbox\Assignment 2\Lib_MCU\Debug\libLib_MCU.a(lpc17xx_timer.o)
                0x00004f24                TIM_ConverPtrToTimeNum
 .text.TIM_GetIntStatus
                0x00004f90       0xb4 C:\Users\Rachel\Dropbox\Assignment 2\Lib_MCU\Debug\libLib_MCU.a(lpc17xx_timer.o)
                0x00004f90                TIM_GetIntStatus
 .text.TIM_ClearIntPending
                0x00005044       0xa0 C:\Users\Rachel\Dropbox\Assignment 2\Lib_MCU\Debug\libLib_MCU.a(lpc17xx_timer.o)
                0x00005044                TIM_ClearIntPending
 .text.TIM_Init
                0x000050e4      0x1bc C:\Users\Rachel\Dropbox\Assignment 2\Lib_MCU\Debug\libLib_MCU.a(lpc17xx_timer.o)
                0x000050e4                TIM_Init
 .text.TIM_Cmd  0x000052a0       0x78 C:\Users\Rachel\Dropbox\Assignment 2\Lib_MCU\Debug\libLib_MCU.a(lpc17xx_timer.o)
                0x000052a0                TIM_Cmd
 .text.TIM_ConfigMatch
                0x00005318      0x19c C:\Users\Rachel\Dropbox\Assignment 2\Lib_MCU\Debug\libLib_MCU.a(lpc17xx_timer.o)
                0x00005318                TIM_ConfigMatch
 .text.Timer0_Wait
                0x000054b4       0x8c C:\Users\Rachel\Dropbox\Assignment 2\Lib_MCU\Debug\libLib_MCU.a(lpc17xx_timer.o)
                0x000054b4                Timer0_Wait
 .text.Timer0_us_Wait
                0x00005540       0x8c C:\Users\Rachel\Dropbox\Assignment 2\Lib_MCU\Debug\libLib_MCU.a(lpc17xx_timer.o)
                0x00005540                Timer0_us_Wait
 .text.getUartNum
                0x000055cc       0x54 C:\Users\Rachel\Dropbox\Assignment 2\Lib_MCU\Debug\libLib_MCU.a(lpc17xx_uart.o)
                0x000055cc                getUartNum
 .text.uart_set_divisors
                0x00005620      0x26c C:\Users\Rachel\Dropbox\Assignment 2\Lib_MCU\Debug\libLib_MCU.a(lpc17xx_uart.o)
                0x00005620                uart_set_divisors
 .text.UART_GenIntHandler
                0x0000588c      0x1c8 C:\Users\Rachel\Dropbox\Assignment 2\Lib_MCU\Debug\libLib_MCU.a(lpc17xx_uart.o)
                0x0000588c                UART_GenIntHandler
 .text.UART_Init
                0x00005a54      0x368 C:\Users\Rachel\Dropbox\Assignment 2\Lib_MCU\Debug\libLib_MCU.a(lpc17xx_uart.o)
                0x00005a54                UART_Init
 .text.UART_SendData
                0x00005dbc       0x78 C:\Users\Rachel\Dropbox\Assignment 2\Lib_MCU\Debug\libLib_MCU.a(lpc17xx_uart.o)
                0x00005dbc                UART_SendData
 .text.UART_IntConfig
                0x00005e34      0x1c8 C:\Users\Rachel\Dropbox\Assignment 2\Lib_MCU\Debug\libLib_MCU.a(lpc17xx_uart.o)
                0x00005e34                UART_IntConfig
 .text.UART_TxCmd
                0x00005ffc       0xe8 C:\Users\Rachel\Dropbox\Assignment 2\Lib_MCU\Debug\libLib_MCU.a(lpc17xx_uart.o)
                0x00005ffc                UART_TxCmd
 .text.UART_Send
                0x000060e4      0x10c C:\Users\Rachel\Dropbox\Assignment 2\Lib_MCU\Debug\libLib_MCU.a(lpc17xx_uart.o)
                0x000060e4                UART_Send
 .text.UART3_StdIntHandler
                0x000061f0       0x14 C:\Users\Rachel\Dropbox\Assignment 2\Lib_MCU\Debug\libLib_MCU.a(lpc17xx_uart.o)
                0x000061f0                UART3_StdIntHandler
 .text.CLKPWR_SetPCLKDiv
                0x00006204       0xcc C:\Users\Rachel\Dropbox\Assignment 2\Lib_MCU\Debug\libLib_MCU.a(lpc17xx_clkpwr.o)
                0x00006204                CLKPWR_SetPCLKDiv
 .text.CLKPWR_GetPCLKSEL
                0x000062d0       0x54 C:\Users\Rachel\Dropbox\Assignment 2\Lib_MCU\Debug\libLib_MCU.a(lpc17xx_clkpwr.o)
                0x000062d0                CLKPWR_GetPCLKSEL
 .text.CLKPWR_GetPCLK
                0x00006324       0x74 C:\Users\Rachel\Dropbox\Assignment 2\Lib_MCU\Debug\libLib_MCU.a(lpc17xx_clkpwr.o)
                0x00006324                CLKPWR_GetPCLK
 .text.CLKPWR_ConfigPPWR
                0x00006398       0x78 C:\Users\Rachel\Dropbox\Assignment 2\Lib_MCU\Debug\libLib_MCU.a(lpc17xx_clkpwr.o)
                0x00006398                CLKPWR_ConfigPPWR
 .text          0x00006410      0x370 c:/nxp/lpcxpresso_6.1.4_194/lpcxpresso/tools/bin/../lib/gcc/arm-none-eabi/4.6.2/armv7-m\libgcc.a(_arm_addsubdf3.o)
                0x00006410                __aeabi_drsub
                0x00006418                __aeabi_dsub
                0x00006418                __subdf3
                0x0000641c                __aeabi_dadd
                0x0000641c                __adddf3
                0x00006694                __floatunsidf
                0x00006694                __aeabi_ui2d
                0x000066b4                __floatsidf
                0x000066b4                __aeabi_i2d
                0x000066d8                __aeabi_f2d
                0x000066d8                __extendsfdf2
                0x00006714                __floatundidf
                0x00006714                __aeabi_ul2d
                0x00006724                __floatdidf
                0x00006724                __aeabi_l2d
 .text          0x00006780      0x424 c:/nxp/lpcxpresso_6.1.4_194/lpcxpresso/tools/bin/../lib/gcc/arm-none-eabi/4.6.2/armv7-m\libgcc.a(_arm_muldivdf3.o)
                0x00006780                __aeabi_dmul
                0x00006780                __muldf3
                0x000069d4                __divdf3
                0x000069d4                __aeabi_ddiv
 .text          0x00006ba4      0x110 c:/nxp/lpcxpresso_6.1.4_194/lpcxpresso/tools/bin/../lib/gcc/arm-none-eabi/4.6.2/armv7-m\libgcc.a(_arm_cmpdf2.o)
                0x00006ba4                __gtdf2
                0x00006ba4                __gedf2
                0x00006bac                __ltdf2
                0x00006bac                __ledf2
                0x00006bb4                __nedf2
                0x00006bb4                __eqdf2
                0x00006bb4                __cmpdf2
                0x00006c30                __aeabi_cdrcmple
                0x00006c40                __aeabi_cdcmpeq
                0x00006c40                __aeabi_cdcmple
                0x00006c50                __aeabi_dcmpeq
                0x00006c64                __aeabi_dcmplt
                0x00006c78                __aeabi_dcmple
                0x00006c8c                __aeabi_dcmpge
                0x00006ca0                __aeabi_dcmpgt
 .text          0x00006cb4       0x50 c:/nxp/lpcxpresso_6.1.4_194/lpcxpresso/tools/bin/../lib/gcc/arm-none-eabi/4.6.2/armv7-m\libgcc.a(_arm_fixdfsi.o)
                0x00006cb4                __aeabi_d2iz
                0x00006cb4                __fixdfsi
 .text          0x00006d04       0xa0 c:/nxp/lpcxpresso_6.1.4_194/lpcxpresso/tools/bin/../lib/gcc/arm-none-eabi/4.6.2/armv7-m\libgcc.a(_arm_truncdfsf2.o)
                0x00006d04                __truncdfsf2
                0x00006d04                __aeabi_d2f
 .text          0x00006da4       0x2c c:/nxp/lpcxpresso_6.1.4_194/lpcxpresso/tools/bin/../lib/gcc/arm-none-eabi/4.6.2/armv7-m\libgcc.a(_aeabi_uldivmod.o)
                0x00006da4                __aeabi_uldivmod
 .text          0x00006dd0       0x5c c:/nxp/lpcxpresso_6.1.4_194/lpcxpresso/tools/bin/../lib/gcc/arm-none-eabi/4.6.2/armv7-m\libgcc.a(bpabi.o)
                0x00006dd0                __gnu_ldivmod_helper
                0x00006e00                __gnu_uldivmod_helper
 .text          0x00006e2c        0x4 c:/nxp/lpcxpresso_6.1.4_194/lpcxpresso/tools/bin/../lib/gcc/arm-none-eabi/4.6.2/armv7-m\libgcc.a(_dvmd_tls.o)
                0x00006e2c                __aeabi_idiv0
                0x00006e2c                __aeabi_ldiv0
 .text          0x00006e30      0x2c8 c:/nxp/lpcxpresso_6.1.4_194/lpcxpresso/tools/bin/../lib/gcc/arm-none-eabi/4.6.2/armv7-m\libgcc.a(_divdi3.o)
                0x00006e30                __divdi3
 .text          0x000070f8      0x298 c:/nxp/lpcxpresso_6.1.4_194/lpcxpresso/tools/bin/../lib/gcc/arm-none-eabi/4.6.2/armv7-m\libgcc.a(_udivdi3.o)
                0x000070f8                __udivdi3
 .text.memset   0x00007390       0x90 c:/nxp/lpcxpresso_6.1.4_194/lpcxpresso/tools/bin/../lib/gcc/arm-none-eabi/4.6.2/../../../../arm-none-eabi/lib/armv7-m\libc.a(lib_a-memset.o)
                0x00007390                memset
 .text.printf   0x00007420       0x2c c:/nxp/lpcxpresso_6.1.4_194/lpcxpresso/tools/bin/../lib/gcc/arm-none-eabi/4.6.2/../../../../arm-none-eabi/lib/armv7-m\libc.a(lib_a-printf.o)
                0x00007420                printf
 .text.sprintf  0x0000744c       0x50 c:/nxp/lpcxpresso_6.1.4_194/lpcxpresso/tools/bin/../lib/gcc/arm-none-eabi/4.6.2/../../../../arm-none-eabi/lib/armv7-m\libc.a(lib_a-sprintf.o)
                0x0000744c                sprintf
 .text.strlen   0x0000749c       0x60 c:/nxp/lpcxpresso_6.1.4_194/lpcxpresso/tools/bin/../lib/gcc/arm-none-eabi/4.6.2/../../../../arm-none-eabi/lib/armv7-m\libc.a(lib_a-strlen.o)
                0x0000749c                strlen
 .text._svfprintf_r
                0x000074fc     0x1408 c:/nxp/lpcxpresso_6.1.4_194/lpcxpresso/tools/bin/../lib/gcc/arm-none-eabi/4.6.2/../../../../arm-none-eabi/lib/armv7-m\libc.a(lib_a-svfprintf.o)
                0x000074fc                _svfprintf_r
 .text._vfprintf_r
                0x00008904     0x171c c:/nxp/lpcxpresso_6.1.4_194/lpcxpresso/tools/bin/../lib/gcc/arm-none-eabi/4.6.2/../../../../arm-none-eabi/lib/armv7-m\libc.a(lib_a-vfprintf.o)
                0x00008904                _vfprintf_r
 .text.__swsetup_r
                0x0000a020       0xb8 c:/nxp/lpcxpresso_6.1.4_194/lpcxpresso/tools/bin/../lib/gcc/arm-none-eabi/4.6.2/../../../../arm-none-eabi/lib/armv7-m\libc.a(lib_a-wsetup.o)
                0x0000a020                __swsetup_r
 .text.quorem   0x0000a0d8      0x150 c:/nxp/lpcxpresso_6.1.4_194/lpcxpresso/tools/bin/../lib/gcc/arm-none-eabi/4.6.2/../../../../arm-none-eabi/lib/armv7-m\libc.a(lib_a-dtoa.o)
 .text._dtoa_r  0x0000a228      0xe60 c:/nxp/lpcxpresso_6.1.4_194/lpcxpresso/tools/bin/../lib/gcc/arm-none-eabi/4.6.2/../../../../arm-none-eabi/lib/armv7-m\libc.a(lib_a-dtoa.o)
                0x0000a228                _dtoa_r
 .text._fflush_r
                0x0000b088      0x16c c:/nxp/lpcxpresso_6.1.4_194/lpcxpresso/tools/bin/../lib/gcc/arm-none-eabi/4.6.2/../../../../arm-none-eabi/lib/armv7-m\libc.a(lib_a-fflush.o)
                0x0000b088                _fflush_r
 .text._cleanup_r
                0x0000b1f4        0xc c:/nxp/lpcxpresso_6.1.4_194/lpcxpresso/tools/bin/../lib/gcc/arm-none-eabi/4.6.2/../../../../arm-none-eabi/lib/armv7-m\libc.a(lib_a-findfp.o)
                0x0000b1f4                _cleanup_r
 .text.std.isra.0
                0x0000b200       0x50 c:/nxp/lpcxpresso_6.1.4_194/lpcxpresso/tools/bin/../lib/gcc/arm-none-eabi/4.6.2/../../../../arm-none-eabi/lib/armv7-m\libc.a(lib_a-findfp.o)
 .text.__sinit  0x0000b250       0x4c c:/nxp/lpcxpresso_6.1.4_194/lpcxpresso/tools/bin/../lib/gcc/arm-none-eabi/4.6.2/../../../../arm-none-eabi/lib/armv7-m\libc.a(lib_a-findfp.o)
                0x0000b250                __sinit
 .text.__sfp_lock_acquire
                0x0000b29c        0x4 c:/nxp/lpcxpresso_6.1.4_194/lpcxpresso/tools/bin/../lib/gcc/arm-none-eabi/4.6.2/../../../../arm-none-eabi/lib/armv7-m\libc.a(lib_a-findfp.o)
                0x0000b29c                __sfp_lock_acquire
 .text.__sfp_lock_release
                0x0000b2a0        0x4 c:/nxp/lpcxpresso_6.1.4_194/lpcxpresso/tools/bin/../lib/gcc/arm-none-eabi/4.6.2/../../../../arm-none-eabi/lib/armv7-m\libc.a(lib_a-findfp.o)
                0x0000b2a0                __sfp_lock_release
 .text._malloc_trim_r
                0x0000b2a4       0xa0 c:/nxp/lpcxpresso_6.1.4_194/lpcxpresso/tools/bin/../lib/gcc/arm-none-eabi/4.6.2/../../../../arm-none-eabi/lib/armv7-m\libc.a(lib_a-freer.o)
                0x0000b2a4                _malloc_trim_r
 .text._free_r  0x0000b344      0x190 c:/nxp/lpcxpresso_6.1.4_194/lpcxpresso/tools/bin/../lib/gcc/arm-none-eabi/4.6.2/../../../../arm-none-eabi/lib/armv7-m\libc.a(lib_a-freer.o)
                0x0000b344                _free_r
 .text._fwalk   0x0000b4d4       0x54 c:/nxp/lpcxpresso_6.1.4_194/lpcxpresso/tools/bin/../lib/gcc/arm-none-eabi/4.6.2/../../../../arm-none-eabi/lib/armv7-m\libc.a(lib_a-fwalk.o)
                0x0000b4d4                _fwalk
 .text.__locale_charset
                0x0000b528        0xc c:/nxp/lpcxpresso_6.1.4_194/lpcxpresso/tools/bin/../lib/gcc/arm-none-eabi/4.6.2/../../../../arm-none-eabi/lib/armv7-m\libc.a(lib_a-locale.o)
                0x0000b528                __locale_charset
 .text.__locale_mb_cur_max
                0x0000b534        0xc c:/nxp/lpcxpresso_6.1.4_194/lpcxpresso/tools/bin/../lib/gcc/arm-none-eabi/4.6.2/../../../../arm-none-eabi/lib/armv7-m\libc.a(lib_a-locale.o)
                0x0000b534                __locale_mb_cur_max
 .text._localeconv_r
                0x0000b540        0xc c:/nxp/lpcxpresso_6.1.4_194/lpcxpresso/tools/bin/../lib/gcc/arm-none-eabi/4.6.2/../../../../arm-none-eabi/lib/armv7-m\libc.a(lib_a-locale.o)
                0x0000b540                _localeconv_r
 .text.__smakebuf_r
                0x0000b54c       0xe0 c:/nxp/lpcxpresso_6.1.4_194/lpcxpresso/tools/bin/../lib/gcc/arm-none-eabi/4.6.2/../../../../arm-none-eabi/lib/armv7-m\libc.a(lib_a-makebuf.o)
                0x0000b54c                __smakebuf_r
 .text._malloc_r
                0x0000b62c      0x528 c:/nxp/lpcxpresso_6.1.4_194/lpcxpresso/tools/bin/../lib/gcc/arm-none-eabi/4.6.2/../../../../arm-none-eabi/lib/armv7-m\libc.a(lib_a-mallocr.o)
                0x0000b62c                _malloc_r
 .text.memchr   0x0000bb54       0x84 c:/nxp/lpcxpresso_6.1.4_194/lpcxpresso/tools/bin/../lib/gcc/arm-none-eabi/4.6.2/../../../../arm-none-eabi/lib/armv7-m\libc.a(lib_a-memchr.o)
                0x0000bb54                memchr
 .text.memcpy   0x0000bbd8       0x84 c:/nxp/lpcxpresso_6.1.4_194/lpcxpresso/tools/bin/../lib/gcc/arm-none-eabi/4.6.2/../../../../arm-none-eabi/lib/armv7-m\libc.a(lib_a-memcpy.o)
                0x0000bbd8                memcpy
 .text.__malloc_lock
                0x0000bc5c        0x4 c:/nxp/lpcxpresso_6.1.4_194/lpcxpresso/tools/bin/../lib/gcc/arm-none-eabi/4.6.2/../../../../arm-none-eabi/lib/armv7-m\libc.a(lib_a-mlock.o)
                0x0000bc5c                __malloc_lock
 .text.__malloc_unlock
                0x0000bc60        0x4 c:/nxp/lpcxpresso_6.1.4_194/lpcxpresso/tools/bin/../lib/gcc/arm-none-eabi/4.6.2/../../../../arm-none-eabi/lib/armv7-m\libc.a(lib_a-mlock.o)
                0x0000bc60                __malloc_unlock
 .text._Balloc  0x0000bc64       0x4c c:/nxp/lpcxpresso_6.1.4_194/lpcxpresso/tools/bin/../lib/gcc/arm-none-eabi/4.6.2/../../../../arm-none-eabi/lib/armv7-m\libc.a(lib_a-mprec.o)
                0x0000bc64                _Balloc
 .text._Bfree   0x0000bcb0       0x14 c:/nxp/lpcxpresso_6.1.4_194/lpcxpresso/tools/bin/../lib/gcc/arm-none-eabi/4.6.2/../../../../arm-none-eabi/lib/armv7-m\libc.a(lib_a-mprec.o)
                0x0000bcb0                _Bfree
 .text.__multadd
                0x0000bcc4       0x84 c:/nxp/lpcxpresso_6.1.4_194/lpcxpresso/tools/bin/../lib/gcc/arm-none-eabi/4.6.2/../../../../arm-none-eabi/lib/armv7-m\libc.a(lib_a-mprec.o)
                0x0000bcc4                __multadd
 .text.__hi0bits
                0x0000bd48       0x3c c:/nxp/lpcxpresso_6.1.4_194/lpcxpresso/tools/bin/../lib/gcc/arm-none-eabi/4.6.2/../../../../arm-none-eabi/lib/armv7-m\libc.a(lib_a-mprec.o)
                0x0000bd48                __hi0bits
 .text.__lo0bits
                0x0000bd84       0x5c c:/nxp/lpcxpresso_6.1.4_194/lpcxpresso/tools/bin/../lib/gcc/arm-none-eabi/4.6.2/../../../../arm-none-eabi/lib/armv7-m\libc.a(lib_a-mprec.o)
                0x0000bd84                __lo0bits
 .text.__i2b    0x0000bde0       0x14 c:/nxp/lpcxpresso_6.1.4_194/lpcxpresso/tools/bin/../lib/gcc/arm-none-eabi/4.6.2/../../../../arm-none-eabi/lib/armv7-m\libc.a(lib_a-mprec.o)
                0x0000bde0                __i2b
 .text.__multiply
                0x0000bdf4      0x144 c:/nxp/lpcxpresso_6.1.4_194/lpcxpresso/tools/bin/../lib/gcc/arm-none-eabi/4.6.2/../../../../arm-none-eabi/lib/armv7-m\libc.a(lib_a-mprec.o)
                0x0000bdf4                __multiply
 .text.__pow5mult
                0x0000bf38       0x98 c:/nxp/lpcxpresso_6.1.4_194/lpcxpresso/tools/bin/../lib/gcc/arm-none-eabi/4.6.2/../../../../arm-none-eabi/lib/armv7-m\libc.a(lib_a-mprec.o)
                0x0000bf38                __pow5mult
 .text.__lshift
                0x0000bfd0       0xc0 c:/nxp/lpcxpresso_6.1.4_194/lpcxpresso/tools/bin/../lib/gcc/arm-none-eabi/4.6.2/../../../../arm-none-eabi/lib/armv7-m\libc.a(lib_a-mprec.o)
                0x0000bfd0                __lshift
 .text.__mcmp   0x0000c090       0x3c c:/nxp/lpcxpresso_6.1.4_194/lpcxpresso/tools/bin/../lib/gcc/arm-none-eabi/4.6.2/../../../../arm-none-eabi/lib/armv7-m\libc.a(lib_a-mprec.o)
                0x0000c090                __mcmp
 .text.__mdiff  0x0000c0cc       0xd8 c:/nxp/lpcxpresso_6.1.4_194/lpcxpresso/tools/bin/../lib/gcc/arm-none-eabi/4.6.2/../../../../arm-none-eabi/lib/armv7-m\libc.a(lib_a-mprec.o)
                0x0000c0cc                __mdiff
 .text.__d2b    0x0000c1a4       0xcc c:/nxp/lpcxpresso_6.1.4_194/lpcxpresso/tools/bin/../lib/gcc/arm-none-eabi/4.6.2/../../../../arm-none-eabi/lib/armv7-m\libc.a(lib_a-mprec.o)
                0x0000c1a4                __d2b
 .text.__fpclassifyd
                0x0000c270       0x68 c:/nxp/lpcxpresso_6.1.4_194/lpcxpresso/tools/bin/../lib/gcc/arm-none-eabi/4.6.2/../../../../arm-none-eabi/lib/armv7-m\libc.a(lib_a-s_fpclassify.o)
                0x0000c270                __fpclassifyd
 .text._sbrk_r  0x0000c2d8       0x24 c:/nxp/lpcxpresso_6.1.4_194/lpcxpresso/tools/bin/../lib/gcc/arm-none-eabi/4.6.2/../../../../arm-none-eabi/lib/armv7-m\libc.a(lib_a-sbrkr.o)
                0x0000c2d8                _sbrk_r
 .text.__sread  0x0000c2fc       0x24 c:/nxp/lpcxpresso_6.1.4_194/lpcxpresso/tools/bin/../lib/gcc/arm-none-eabi/4.6.2/../../../../arm-none-eabi/lib/armv7-m\libc.a(lib_a-stdio.o)
                0x0000c2fc                __sread
 .text.__swrite
                0x0000c320       0x40 c:/nxp/lpcxpresso_6.1.4_194/lpcxpresso/tools/bin/../lib/gcc/arm-none-eabi/4.6.2/../../../../arm-none-eabi/lib/armv7-m\libc.a(lib_a-stdio.o)
                0x0000c320                __swrite
 .text.__sseek  0x0000c360       0x24 c:/nxp/lpcxpresso_6.1.4_194/lpcxpresso/tools/bin/../lib/gcc/arm-none-eabi/4.6.2/../../../../arm-none-eabi/lib/armv7-m\libc.a(lib_a-stdio.o)
                0x0000c360                __sseek
 .text.__sclose
                0x0000c384        0x8 c:/nxp/lpcxpresso_6.1.4_194/lpcxpresso/tools/bin/../lib/gcc/arm-none-eabi/4.6.2/../../../../arm-none-eabi/lib/armv7-m\libc.a(lib_a-stdio.o)
                0x0000c384                __sclose
 .text.__ssprint_r
                0x0000c38c       0xf8 c:/nxp/lpcxpresso_6.1.4_194/lpcxpresso/tools/bin/../lib/gcc/arm-none-eabi/4.6.2/../../../../arm-none-eabi/lib/armv7-m\libc.a(lib_a-svfiprintf.o)
                0x0000c38c                __ssprint_r
 .text.__sprint_r
                0x0000c484       0x80 c:/nxp/lpcxpresso_6.1.4_194/lpcxpresso/tools/bin/../lib/gcc/arm-none-eabi/4.6.2/../../../../arm-none-eabi/lib/armv7-m\libc.a(lib_a-vfiprintf.o)
                0x0000c484                __sprint_r
 .text._write_r
                0x0000c504       0x28 c:/nxp/lpcxpresso_6.1.4_194/lpcxpresso/tools/bin/../lib/gcc/arm-none-eabi/4.6.2/../../../../arm-none-eabi/lib/armv7-m\libc.a(lib_a-writer.o)
                0x0000c504                _write_r
 .text._calloc_r
                0x0000c52c       0x60 c:/nxp/lpcxpresso_6.1.4_194/lpcxpresso/tools/bin/../lib/gcc/arm-none-eabi/4.6.2/../../../../arm-none-eabi/lib/armv7-m\libc.a(lib_a-callocr.o)
                0x0000c52c                _calloc_r
 .text._close_r
                0x0000c58c       0x24 c:/nxp/lpcxpresso_6.1.4_194/lpcxpresso/tools/bin/../lib/gcc/arm-none-eabi/4.6.2/../../../../arm-none-eabi/lib/armv7-m\libc.a(lib_a-closer.o)
                0x0000c58c                _close_r
 .text._fclose_r
                0x0000c5b0       0x90 c:/nxp/lpcxpresso_6.1.4_194/lpcxpresso/tools/bin/../lib/gcc/arm-none-eabi/4.6.2/../../../../arm-none-eabi/lib/armv7-m\libc.a(lib_a-fclose.o)
                0x0000c5b0                _fclose_r
 .text.fclose   0x0000c640       0x14 c:/nxp/lpcxpresso_6.1.4_194/lpcxpresso/tools/bin/../lib/gcc/arm-none-eabi/4.6.2/../../../../arm-none-eabi/lib/armv7-m\libc.a(lib_a-fclose.o)
                0x0000c640                fclose
 .text._fputwc_r
                0x0000c654       0xd0 c:/nxp/lpcxpresso_6.1.4_194/lpcxpresso/tools/bin/../lib/gcc/arm-none-eabi/4.6.2/../../../../arm-none-eabi/lib/armv7-m\libc.a(lib_a-fputwc.o)
                0x0000c654                _fputwc_r
 .text._fstat_r
                0x0000c724       0x28 c:/nxp/lpcxpresso_6.1.4_194/lpcxpresso/tools/bin/../lib/gcc/arm-none-eabi/4.6.2/../../../../arm-none-eabi/lib/armv7-m\libc.a(lib_a-fstatr.o)
                0x0000c724                _fstat_r
 .text.__sfvwrite_r
                0x0000c74c      0x2e8 c:/nxp/lpcxpresso_6.1.4_194/lpcxpresso/tools/bin/../lib/gcc/arm-none-eabi/4.6.2/../../../../arm-none-eabi/lib/armv7-m\libc.a(lib_a-fvwrite.o)
                0x0000c74c                __sfvwrite_r
 .text._isatty_r
                0x0000ca34       0x24 c:/nxp/lpcxpresso_6.1.4_194/lpcxpresso/tools/bin/../lib/gcc/arm-none-eabi/4.6.2/../../../../arm-none-eabi/lib/armv7-m\libc.a(lib_a-isattyr.o)
                0x0000ca34                _isatty_r
 .text._lseek_r
                0x0000ca58       0x28 c:/nxp/lpcxpresso_6.1.4_194/lpcxpresso/tools/bin/../lib/gcc/arm-none-eabi/4.6.2/../../../../arm-none-eabi/lib/armv7-m\libc.a(lib_a-lseekr.o)
                0x0000ca58                _lseek_r
 .text.memmove  0x0000ca80       0xb0 c:/nxp/lpcxpresso_6.1.4_194/lpcxpresso/tools/bin/../lib/gcc/arm-none-eabi/4.6.2/../../../../arm-none-eabi/lib/armv7-m\libc.a(lib_a-memmove.o)
                0x0000ca80                memmove
 .text._read_r  0x0000cb30       0x28 c:/nxp/lpcxpresso_6.1.4_194/lpcxpresso/tools/bin/../lib/gcc/arm-none-eabi/4.6.2/../../../../arm-none-eabi/lib/armv7-m\libc.a(lib_a-readr.o)
                0x0000cb30                _read_r
 .text._realloc_r
                0x0000cb58      0x3f4 c:/nxp/lpcxpresso_6.1.4_194/lpcxpresso/tools/bin/../lib/gcc/arm-none-eabi/4.6.2/../../../../arm-none-eabi/lib/armv7-m\libc.a(lib_a-reallocr.o)
                0x0000cb58                _realloc_r
 .text.__swbuf_r
                0x0000cf4c       0xc0 c:/nxp/lpcxpresso_6.1.4_194/lpcxpresso/tools/bin/../lib/gcc/arm-none-eabi/4.6.2/../../../../arm-none-eabi/lib/armv7-m\libc.a(lib_a-wbuf.o)
                0x0000cf4c                __swbuf_r
 .text._wcrtomb_r
                0x0000d00c       0x4c c:/nxp/lpcxpresso_6.1.4_194/lpcxpresso/tools/bin/../lib/gcc/arm-none-eabi/4.6.2/../../../../arm-none-eabi/lib/armv7-m\libc.a(lib_a-wcrtomb.o)
                0x0000d00c                _wcrtomb_r
 .text.__ascii_wctomb
                0x0000d058       0x1c c:/nxp/lpcxpresso_6.1.4_194/lpcxpresso/tools/bin/../lib/gcc/arm-none-eabi/4.6.2/../../../../arm-none-eabi/lib/armv7-m\libc.a(lib_a-wctomb_r.o)
                0x0000d058                __ascii_wctomb
 .text.sqrt     0x0000d074       0xa8 c:/nxp/lpcxpresso_6.1.4_194/lpcxpresso/tools/bin/../lib/gcc/arm-none-eabi/4.6.2/../../../../arm-none-eabi/lib/armv7-m\libm.a(lib_a-w_sqrt.o)
                0x0000d074                sqrt
 .text.__ieee754_sqrt
                0x0000d11c      0x1b4 c:/nxp/lpcxpresso_6.1.4_194/lpcxpresso/tools/bin/../lib/gcc/arm-none-eabi/4.6.2/../../../../arm-none-eabi/lib/armv7-m\libm.a(lib_a-e_sqrt.o)
                0x0000d11c                __ieee754_sqrt
 .text.matherr  0x0000d2d0        0x4 c:/nxp/lpcxpresso_6.1.4_194/lpcxpresso/tools/bin/../lib/gcc/arm-none-eabi/4.6.2/../../../../arm-none-eabi/lib/armv7-m\libm.a(lib_a-s_matherr.o)
                0x0000d2d0                matherr
 .text._sbrk    0x0000d2d4       0x3c c:/nxp/lpcxpresso_6.1.4_194/lpcxpresso/tools/bin/../lib/gcc/arm-none-eabi/4.6.2/../../../../arm-none-eabi/lib/armv7-m\libcr_newlib_semihost.a(_cr_sbrk.o)
                0x0000d2d4                _sbrk
 .text.do_AngelSWI
                0x0000d310       0x12 c:/nxp/lpcxpresso_6.1.4_194/lpcxpresso/tools/bin/../lib/gcc/arm-none-eabi/4.6.2/../../../../arm-none-eabi/lib/armv7-m\libcr_newlib_semihost.a(syscalls.o)
 *fill*         0x0000d322        0x2 00
 .text.initialise_monitor_handles
                0x0000d324       0x9c c:/nxp/lpcxpresso_6.1.4_194/lpcxpresso/tools/bin/../lib/gcc/arm-none-eabi/4.6.2/../../../../arm-none-eabi/lib/armv7-m\libcr_newlib_semihost.a(syscalls.o)
 .text.findslot
                0x0000d3c0       0x2c c:/nxp/lpcxpresso_6.1.4_194/lpcxpresso/tools/bin/../lib/gcc/arm-none-eabi/4.6.2/../../../../arm-none-eabi/lib/armv7-m\libcr_newlib_semihost.a(syscalls.o)
 .text.error    0x0000d3ec       0x18 c:/nxp/lpcxpresso_6.1.4_194/lpcxpresso/tools/bin/../lib/gcc/arm-none-eabi/4.6.2/../../../../arm-none-eabi/lib/armv7-m\libcr_newlib_semihost.a(syscalls.o)
 .text.checkerror
                0x0000d404        0xc c:/nxp/lpcxpresso_6.1.4_194/lpcxpresso/tools/bin/../lib/gcc/arm-none-eabi/4.6.2/../../../../arm-none-eabi/lib/armv7-m\libcr_newlib_semihost.a(syscalls.o)
 .text._swiread
                0x0000d410       0x18 c:/nxp/lpcxpresso_6.1.4_194/lpcxpresso/tools/bin/../lib/gcc/arm-none-eabi/4.6.2/../../../../arm-none-eabi/lib/armv7-m\libcr_newlib_semihost.a(syscalls.o)
                0x0000d410                _swiread
 .text._read    0x0000d428       0x36 c:/nxp/lpcxpresso_6.1.4_194/lpcxpresso/tools/bin/../lib/gcc/arm-none-eabi/4.6.2/../../../../arm-none-eabi/lib/armv7-m\libcr_newlib_semihost.a(syscalls.o)
                0x0000d428                _read
 .text._swilseek
                0x0000d45e       0x76 c:/nxp/lpcxpresso_6.1.4_194/lpcxpresso/tools/bin/../lib/gcc/arm-none-eabi/4.6.2/../../../../arm-none-eabi/lib/armv7-m\libcr_newlib_semihost.a(syscalls.o)
                0x0000d45e                _swilseek
 .text._lseek   0x0000d4d4        0x4 c:/nxp/lpcxpresso_6.1.4_194/lpcxpresso/tools/bin/../lib/gcc/arm-none-eabi/4.6.2/../../../../arm-none-eabi/lib/armv7-m\libcr_newlib_semihost.a(syscalls.o)
                0x0000d4d4                _lseek
 .text._swiwrite
                0x0000d4d8       0x18 c:/nxp/lpcxpresso_6.1.4_194/lpcxpresso/tools/bin/../lib/gcc/arm-none-eabi/4.6.2/../../../../arm-none-eabi/lib/armv7-m\libcr_newlib_semihost.a(syscalls.o)
                0x0000d4d8                _swiwrite
 .text._write   0x0000d4f0       0x46 c:/nxp/lpcxpresso_6.1.4_194/lpcxpresso/tools/bin/../lib/gcc/arm-none-eabi/4.6.2/../../../../arm-none-eabi/lib/armv7-m\libcr_newlib_semihost.a(syscalls.o)
                0x0000d4f0                _write
 .text._swiclose
                0x0000d536       0x14 c:/nxp/lpcxpresso_6.1.4_194/lpcxpresso/tools/bin/../lib/gcc/arm-none-eabi/4.6.2/../../../../arm-none-eabi/lib/armv7-m\libcr_newlib_semihost.a(syscalls.o)
                0x0000d536                _swiclose
 *fill*         0x0000d54a        0x2 00
 .text._close   0x0000d54c       0x48 c:/nxp/lpcxpresso_6.1.4_194/lpcxpresso/tools/bin/../lib/gcc/arm-none-eabi/4.6.2/../../../../arm-none-eabi/lib/armv7-m\libcr_newlib_semihost.a(syscalls.o)
                0x0000d54c                _close
 .text._swistat
                0x0000d594       0x3e c:/nxp/lpcxpresso_6.1.4_194/lpcxpresso/tools/bin/../lib/gcc/arm-none-eabi/4.6.2/../../../../arm-none-eabi/lib/armv7-m\libcr_newlib_semihost.a(syscalls.o)
                0x0000d594                _swistat
 .text._fstat   0x0000d5d2       0x1c c:/nxp/lpcxpresso_6.1.4_194/lpcxpresso/tools/bin/../lib/gcc/arm-none-eabi/4.6.2/../../../../arm-none-eabi/lib/armv7-m\libcr_newlib_semihost.a(syscalls.o)
                0x0000d5d2                _fstat
 .text._isatty  0x0000d5ee       0x26 c:/nxp/lpcxpresso_6.1.4_194/lpcxpresso/tools/bin/../lib/gcc/arm-none-eabi/4.6.2/../../../../arm-none-eabi/lib/armv7-m\libcr_newlib_semihost.a(syscalls.o)
                0x0000d5ee                _isatty
 .text.__check_heap_overflow
                0x0000d614       0x2c c:/nxp/lpcxpresso_6.1.4_194/lpcxpresso/tools/bin/../lib/gcc/arm-none-eabi/4.6.2/../../../../arm-none-eabi/lib/armv7-m\libcr_newlib_semihost.a(_cr_check_heap.o)
                0x0000d614                __check_heap_overflow
 .text.__errno  0x0000d640        0xc c:/nxp/lpcxpresso_6.1.4_194/lpcxpresso/tools/bin/../lib/gcc/arm-none-eabi/4.6.2/../../../../arm-none-eabi/lib/armv7-m\libc.a(lib_a-errno.o)
                0x0000d640                __errno
 *(.rodata .rodata.* .constdata .constdata.*)
 *fill*         0x0000d64c        0x4 00
 .rodata        0x0000d650      0x4c0 ./src/main.o
 .rodata        0x0000db10        0x8 C:\Users\Rachel\Dropbox\Assignment 2\Lib_EaBaseBoard\Debug\libLib_EaBaseBoard.a(oled.o)
 .rodata        0x0000db18      0x300 C:\Users\Rachel\Dropbox\Assignment 2\Lib_EaBaseBoard\Debug\libLib_EaBaseBoard.a(font5x7.o)
                0x0000db18                font5x7
 .rodata        0x0000de18       0x18 C:\Users\Rachel\Dropbox\Assignment 2\Lib_MCU\Debug\libLib_MCU.a(lpc17xx_i2c.o)
 .rodata        0x0000de30       0x18 C:\Users\Rachel\Dropbox\Assignment 2\Lib_MCU\Debug\libLib_MCU.a(lpc17xx_ssp.o)
 .rodata        0x0000de48       0x18 C:\Users\Rachel\Dropbox\Assignment 2\Lib_MCU\Debug\libLib_MCU.a(lpc17xx_timer.o)
 .rodata        0x0000de60       0x18 C:\Users\Rachel\Dropbox\Assignment 2\Lib_MCU\Debug\libLib_MCU.a(lpc17xx_uart.o)
 .rodata.zeroes.6590
                0x0000de78       0x10 c:/nxp/lpcxpresso_6.1.4_194/lpcxpresso/tools/bin/../lib/gcc/arm-none-eabi/4.6.2/../../../../arm-none-eabi/lib/armv7-m\libc.a(lib_a-svfprintf.o)
 .rodata.str1.4
                0x0000de88       0x42 c:/nxp/lpcxpresso_6.1.4_194/lpcxpresso/tools/bin/../lib/gcc/arm-none-eabi/4.6.2/../../../../arm-none-eabi/lib/armv7-m\libc.a(lib_a-svfprintf.o)
                                 0x44 (size before relaxing)
 *fill*         0x0000deca        0x2 00
 .rodata.blanks.6589
                0x0000decc       0x10 c:/nxp/lpcxpresso_6.1.4_194/lpcxpresso/tools/bin/../lib/gcc/arm-none-eabi/4.6.2/../../../../arm-none-eabi/lib/armv7-m\libc.a(lib_a-svfprintf.o)
 .rodata.zeroes.6605
                0x0000dedc       0x10 c:/nxp/lpcxpresso_6.1.4_194/lpcxpresso/tools/bin/../lib/gcc/arm-none-eabi/4.6.2/../../../../arm-none-eabi/lib/armv7-m\libc.a(lib_a-vfprintf.o)
 .rodata.str1.4
                0x00000000       0x44 c:/nxp/lpcxpresso_6.1.4_194/lpcxpresso/tools/bin/../lib/gcc/arm-none-eabi/4.6.2/../../../../arm-none-eabi/lib/armv7-m\libc.a(lib_a-vfprintf.o)
 .rodata.blanks.6604
                0x0000deec       0x10 c:/nxp/lpcxpresso_6.1.4_194/lpcxpresso/tools/bin/../lib/gcc/arm-none-eabi/4.6.2/../../../../arm-none-eabi/lib/armv7-m\libc.a(lib_a-vfprintf.o)
 .rodata.str1.4
                0x0000defc       0x10 c:/nxp/lpcxpresso_6.1.4_194/lpcxpresso/tools/bin/../lib/gcc/arm-none-eabi/4.6.2/../../../../arm-none-eabi/lib/armv7-m\libc.a(lib_a-dtoa.o)
                                 0x14 (size before relaxing)
 .rodata.str1.4
                0x0000df0c        0x2 c:/nxp/lpcxpresso_6.1.4_194/lpcxpresso/tools/bin/../lib/gcc/arm-none-eabi/4.6.2/../../../../arm-none-eabi/lib/armv7-m\libc.a(lib_a-impure.o)
                                  0x4 (size before relaxing)
 *fill*         0x0000df0e        0x2 00
 .rodata.str1.4
                0x0000df10        0xa c:/nxp/lpcxpresso_6.1.4_194/lpcxpresso/tools/bin/../lib/gcc/arm-none-eabi/4.6.2/../../../../arm-none-eabi/lib/armv7-m\libc.a(lib_a-locale.o)
                                 0x14 (size before relaxing)
 *fill*         0x0000df1a        0x6 00
 .rodata.__mprec_tens
                0x0000df20       0xc8 c:/nxp/lpcxpresso_6.1.4_194/lpcxpresso/tools/bin/../lib/gcc/arm-none-eabi/4.6.2/../../../../arm-none-eabi/lib/armv7-m\libc.a(lib_a-mprec.o)
                0x0000df20                __mprec_tens
 .rodata.__mprec_bigtens
                0x0000dfe8       0x28 c:/nxp/lpcxpresso_6.1.4_194/lpcxpresso/tools/bin/../lib/gcc/arm-none-eabi/4.6.2/../../../../arm-none-eabi/lib/armv7-m\libc.a(lib_a-mprec.o)
                0x0000dfe8                __mprec_bigtens
 .rodata.p05.5111
                0x0000e010        0xc c:/nxp/lpcxpresso_6.1.4_194/lpcxpresso/tools/bin/../lib/gcc/arm-none-eabi/4.6.2/../../../../arm-none-eabi/lib/armv7-m\libc.a(lib_a-mprec.o)
 .rodata.str1.4
                0x0000e01c        0x8 c:/nxp/lpcxpresso_6.1.4_194/lpcxpresso/tools/bin/../lib/gcc/arm-none-eabi/4.6.2/../../../../arm-none-eabi/lib/armv7-m\libm.a(lib_a-w_sqrt.o)
 .rodata.str1.1
                0x0000e024        0x4 c:/nxp/lpcxpresso_6.1.4_194/lpcxpresso/tools/bin/../lib/gcc/arm-none-eabi/4.6.2/../../../../arm-none-eabi/lib/armv7-m\libcr_newlib_semihost.a(syscalls.o)
                0x0000e028                . = ALIGN (0x4)

.glue_7         0x0000e028        0x0
 .glue_7        0x00000000        0x0 linker stubs

.glue_7t        0x0000e028        0x0
 .glue_7t       0x00000000        0x0 linker stubs

.vfp11_veneer   0x0000e028        0x0
 .vfp11_veneer  0x00000000        0x0 linker stubs

.v4_bx          0x0000e028        0x0
 .v4_bx         0x00000000        0x0 linker stubs

.ARM.extab
 *(.ARM.extab* .gnu.linkonce.armextab.*)
                0x0000e028                __exidx_start = .

.ARM.exidx      0x0000e028        0x8
 *(.ARM.exidx* .gnu.linkonce.armexidx.*)
 .ARM.exidx     0x0000e028        0x8 c:/nxp/lpcxpresso_6.1.4_194/lpcxpresso/tools/bin/../lib/gcc/arm-none-eabi/4.6.2/armv7-m\libgcc.a(_divdi3.o)
 .ARM.exidx     0x0000e030        0x0 c:/nxp/lpcxpresso_6.1.4_194/lpcxpresso/tools/bin/../lib/gcc/arm-none-eabi/4.6.2/armv7-m\libgcc.a(_udivdi3.o)
                                  0x8 (size before relaxing)
                0x0000e030                __exidx_end = .
                0x0000e030                _etext = .

.data_RAM2      0x2007c000        0x0 load address 0x0000e030
 FILL mask 0xff
 *(.data.$RAM2*)
 *(.data.$RamAHB32*)
                0x2007c000                . = ALIGN (0x4)

.uninit_RESERVED
                0x10000000        0x0
 *(.bss.$RESERVED*)
                0x10000000                . = ALIGN (0x4)
                0x10000000                _end_uninit_RESERVED = .

.data           0x10000000      0x988 load address 0x0000e030
 FILL mask 0xff
                0x10000000                _data = .
 *(vtable)
 *(.data*)
 .data          0x10000000       0x8c ./src/main.o
                0x1000000c                saued
                0x10000074                restnow_OLED_line
                0x10000075                dim_OLED_line
                0x10000078                number_of_songs
                0x10000080                sensor_refresh_ticks
                0x10000084                SevenSegFlag
                0x10000085                scroll_updated
                0x10000086                dir
                0x10000087                btn1
 .data          0x1000008c        0x4 C:\Users\Rachel\Dropbox\Assignment 2\Lib_CMSISv1p30_LPC17xx\Debug\libCMSISv1p30_LPC17xx.a(system_LPC17xx.o)
                0x1000008c                SystemCoreClock
 .data          0x10000090       0x50 C:\Users\Rachel\Dropbox\Assignment 2\Lib_EaBaseBoard\Debug\libLib_EaBaseBoard.a(led7seg.o)
 .data          0x100000e0        0x8 C:\Users\Rachel\Dropbox\Assignment 2\Lib_EaBaseBoard\Debug\libLib_EaBaseBoard.a(light.o)
 .data.impure_data
                0x100000e8      0x428 c:/nxp/lpcxpresso_6.1.4_194/lpcxpresso/tools/bin/../lib/gcc/arm-none-eabi/4.6.2/../../../../arm-none-eabi/lib/armv7-m\libc.a(lib_a-impure.o)
 .data._impure_ptr
                0x10000510        0x4 c:/nxp/lpcxpresso_6.1.4_194/lpcxpresso/tools/bin/../lib/gcc/arm-none-eabi/4.6.2/../../../../arm-none-eabi/lib/armv7-m\libc.a(lib_a-impure.o)
                0x10000510                _impure_ptr
 .data.lconv    0x10000514       0x38 c:/nxp/lpcxpresso_6.1.4_194/lpcxpresso/tools/bin/../lib/gcc/arm-none-eabi/4.6.2/../../../../arm-none-eabi/lib/armv7-m\libc.a(lib_a-locale.o)
 .data.lc_ctype_charset
                0x1000054c       0x20 c:/nxp/lpcxpresso_6.1.4_194/lpcxpresso/tools/bin/../lib/gcc/arm-none-eabi/4.6.2/../../../../arm-none-eabi/lib/armv7-m\libc.a(lib_a-locale.o)
 .data.__mb_cur_max
                0x1000056c        0x4 c:/nxp/lpcxpresso_6.1.4_194/lpcxpresso/tools/bin/../lib/gcc/arm-none-eabi/4.6.2/../../../../arm-none-eabi/lib/armv7-m\libc.a(lib_a-locale.o)
                0x1000056c                __mb_cur_max
 .data.__malloc_av_
                0x10000570      0x408 c:/nxp/lpcxpresso_6.1.4_194/lpcxpresso/tools/bin/../lib/gcc/arm-none-eabi/4.6.2/../../../../arm-none-eabi/lib/armv7-m\libc.a(lib_a-mallocr.o)
                0x10000570                __malloc_av_
 .data.__malloc_trim_threshold
                0x10000978        0x4 c:/nxp/lpcxpresso_6.1.4_194/lpcxpresso/tools/bin/../lib/gcc/arm-none-eabi/4.6.2/../../../../arm-none-eabi/lib/armv7-m\libc.a(lib_a-mallocr.o)
                0x10000978                __malloc_trim_threshold
 .data.__malloc_sbrk_base
                0x1000097c        0x4 c:/nxp/lpcxpresso_6.1.4_194/lpcxpresso/tools/bin/../lib/gcc/arm-none-eabi/4.6.2/../../../../arm-none-eabi/lib/armv7-m\libc.a(lib_a-mallocr.o)
                0x1000097c                __malloc_sbrk_base
 .data.__wctomb
                0x10000980        0x4 c:/nxp/lpcxpresso_6.1.4_194/lpcxpresso/tools/bin/../lib/gcc/arm-none-eabi/4.6.2/../../../../arm-none-eabi/lib/armv7-m\libc.a(lib_a-wctomb_r.o)
                0x10000980                __wctomb
 .data.__fdlib_version
                0x10000984        0x1 c:/nxp/lpcxpresso_6.1.4_194/lpcxpresso/tools/bin/../lib/gcc/arm-none-eabi/4.6.2/../../../../arm-none-eabi/lib/armv7-m\libm.a(lib_a-s_lib_ver.o)
                0x10000984                __fdlib_version
                0x10000988                . = ALIGN (0x4)
 *fill*         0x10000985        0x3 ff
                0x10000988                _edata = .

.bss_RAM2       0x2007c000        0x0
 *(.bss.$RAM2*)
 *(.bss.$RamAHB32*)
                0x2007c000                . = ALIGN (0x4)

.bss            0x10000988      0x4d4
                0x10000988                _bss = .
 *(.bss*)
 .bss           0x10000988       0x5c ./src/main.o
                0x10000988                state
                0x10000989                Climb_State
                0x1000098a                Saved_State
                0x1000098c                msTicks
                0x10000990                getTicks
                0x10000994                emer_dur
                0x10000998                msFlag
                0x10000999                RGB_FLAG
                0x1000099a                countdown_flag
                0x1000099b                temp_flag
                0x1000099c                restnow_printed
                0x1000099d                play_flag
                0x1000099e                song_changed
                0x100009a0                saved_count
                0x100009a4                song_index
                0x100009a8                prev_song_index
                0x100009ac                song_pointer_count
                0x100009b0                tempvalue
                0x100009b4                xoff
                0x100009b8                yoff
                0x100009bc                zoff
                0x100009c0                x
                0x100009c1                y
                0x100009c2                z
                0x100009c4                net_acc
                0x100009c8                wait
                0x100009c9                joyState
                0x100009cc                ledOn
                0x100009d0                shift
                0x100009d4                rxbuf
 .bss           0x100009e4      0x300 C:\Users\Rachel\Dropbox\Assignment 2\Lib_EaBaseBoard\Debug\libLib_EaBaseBoard.a(oled.o)
 .bss           0x10000ce4        0x6 C:\Users\Rachel\Dropbox\Assignment 2\Lib_EaBaseBoard\Debug\libLib_EaBaseBoard.a(pca9532.o)
 *fill*         0x10000cea        0x2 00
 .bss           0x10000cec        0x4 C:\Users\Rachel\Dropbox\Assignment 2\Lib_EaBaseBoard\Debug\libLib_EaBaseBoard.a(temp.o)
 .bss           0x10000cf0       0x24 C:\Users\Rachel\Dropbox\Assignment 2\Lib_MCU\Debug\libLib_MCU.a(lpc17xx_i2c.o)
 .bss           0x10000d14       0x18 C:\Users\Rachel\Dropbox\Assignment 2\Lib_MCU\Debug\libLib_MCU.a(lpc17xx_ssp.o)
 .bss           0x10000d2c       0x44 C:\Users\Rachel\Dropbox\Assignment 2\Lib_MCU\Debug\libLib_MCU.a(lpc17xx_uart.o)
                0x10000d2c                uartCbsDat
                0x10000d6c                pfnModemCbs
 .bss.__malloc_max_total_mem
                0x10000d70        0x4 c:/nxp/lpcxpresso_6.1.4_194/lpcxpresso/tools/bin/../lib/gcc/arm-none-eabi/4.6.2/../../../../arm-none-eabi/lib/armv7-m\libc.a(lib_a-mallocr.o)
                0x10000d70                __malloc_max_total_mem
 .bss.__malloc_max_sbrked_mem
                0x10000d74        0x4 c:/nxp/lpcxpresso_6.1.4_194/lpcxpresso/tools/bin/../lib/gcc/arm-none-eabi/4.6.2/../../../../arm-none-eabi/lib/armv7-m\libc.a(lib_a-mallocr.o)
                0x10000d74                __malloc_max_sbrked_mem
 .bss.__malloc_top_pad
                0x10000d78        0x4 c:/nxp/lpcxpresso_6.1.4_194/lpcxpresso/tools/bin/../lib/gcc/arm-none-eabi/4.6.2/../../../../arm-none-eabi/lib/armv7-m\libc.a(lib_a-mallocr.o)
                0x10000d78                __malloc_top_pad
 .bss.__malloc_current_mallinfo
                0x10000d7c       0x28 c:/nxp/lpcxpresso_6.1.4_194/lpcxpresso/tools/bin/../lib/gcc/arm-none-eabi/4.6.2/../../../../arm-none-eabi/lib/armv7-m\libc.a(lib_a-mallocr.o)
                0x10000d7c                __malloc_current_mallinfo
 .bss.monitor_stdout
                0x10000da4        0x4 c:/nxp/lpcxpresso_6.1.4_194/lpcxpresso/tools/bin/../lib/gcc/arm-none-eabi/4.6.2/../../../../arm-none-eabi/lib/armv7-m\libcr_newlib_semihost.a(syscalls.o)
 .bss.monitor_stdin
                0x10000da8        0x4 c:/nxp/lpcxpresso_6.1.4_194/lpcxpresso/tools/bin/../lib/gcc/arm-none-eabi/4.6.2/../../../../arm-none-eabi/lib/armv7-m\libcr_newlib_semihost.a(syscalls.o)
 .bss.initialized.2429
                0x10000dac        0x4 c:/nxp/lpcxpresso_6.1.4_194/lpcxpresso/tools/bin/../lib/gcc/arm-none-eabi/4.6.2/../../../../arm-none-eabi/lib/armv7-m\libcr_newlib_semihost.a(syscalls.o)
 .bss.monitor_stderr
                0x10000db0        0x4 c:/nxp/lpcxpresso_6.1.4_194/lpcxpresso/tools/bin/../lib/gcc/arm-none-eabi/4.6.2/../../../../arm-none-eabi/lib/armv7-m\libcr_newlib_semihost.a(syscalls.o)
 .bss.openfiles
                0x10000db4       0x28 c:/nxp/lpcxpresso_6.1.4_194/lpcxpresso/tools/bin/../lib/gcc/arm-none-eabi/4.6.2/../../../../arm-none-eabi/lib/armv7-m\libcr_newlib_semihost.a(syscalls.o)
 *(COMMON)
 COMMON         0x10000ddc       0x78 ./src/main.o
                0x10000ddc                prev_countdown_ticks
                0x10000de0                uart_msg
                0x10000e14                luminI
                0x10000e18                prev_blink_blue_ticks
                0x10000e1c                prev_temp_ticks
                0x10000e20                emer_start_ticks
                0x10000e24                prev_saved_ticks
                0x10000e28                prev_uart_ticks
                0x10000e2c                prev_alternateled_ticks
                0x10000e30                prev_sensor_ticks
                0x10000e34                temp_string
 COMMON         0x10000e54        0x4 c:/nxp/lpcxpresso_6.1.4_194/lpcxpresso/tools/bin/../lib/gcc/arm-none-eabi/4.6.2/../../../../arm-none-eabi/lib/armv7-m\libc.a(lib_a-reent.o)
                0x10000e54                errno
 COMMON         0x10000e58        0x4 c:/nxp/lpcxpresso_6.1.4_194/lpcxpresso/tools/bin/../lib/gcc/arm-none-eabi/4.6.2/../../../../arm-none-eabi/lib/armv7-m\libcr_newlib_semihost.a(_cr_sbrk.o)
                0x10000e58                __end_of_heap
                0x10000e5c                . = ALIGN (0x4)
                0x10000e5c                _ebss = .
                0x10000e5c                PROVIDE (end, .)

.noinit_RAM2    0x2007c000        0x0
 *(.noinit.$RAM2*)
 *(.noinit.$RamAHB32*)
                0x2007c000                . = ALIGN (0x4)

.noinit         0x10000e5c        0x0
                0x10000e5c                _noinit = .
 *(.noinit*)
                0x10000e5c                . = ALIGN (0x4)
                0x10000e5c                _end_noinit = .
                0x10000e5c                PROVIDE (_pvHeapStart, .)
                0x10008000                PROVIDE (_vStackTop, (__top_RamLoc32 - 0x0))
OUTPUT(EE2028Asmt2S1AY201819.axf elf32-littlearm)

.debug_info     0x00000000     0x98cd
 .debug_info    0x00000000      0x209 ./src/cr_startup_lpc17.o
 .debug_info    0x00000209     0x19c5 ./src/main.o
 .debug_info    0x00001bce      0x357 C:\Users\Rachel\Dropbox\Assignment 2\Lib_CMSISv1p30_LPC17xx\Debug\libCMSISv1p30_LPC17xx.a(system_LPC17xx.o)
 .debug_info    0x00001f25      0x53d C:\Users\Rachel\Dropbox\Assignment 2\Lib_EaBaseBoard\Debug\libLib_EaBaseBoard.a(acc.o)
 .debug_info    0x00002462      0x10f C:\Users\Rachel\Dropbox\Assignment 2\Lib_EaBaseBoard\Debug\libLib_EaBaseBoard.a(joystick.o)
 .debug_info    0x00002571      0x282 C:\Users\Rachel\Dropbox\Assignment 2\Lib_EaBaseBoard\Debug\libLib_EaBaseBoard.a(led7seg.o)
 .debug_info    0x000027f3      0x763 C:\Users\Rachel\Dropbox\Assignment 2\Lib_EaBaseBoard\Debug\libLib_EaBaseBoard.a(light.o)
 .debug_info    0x00002f56      0x97d C:\Users\Rachel\Dropbox\Assignment 2\Lib_EaBaseBoard\Debug\libLib_EaBaseBoard.a(oled.o)
 .debug_info    0x000038d3      0x642 C:\Users\Rachel\Dropbox\Assignment 2\Lib_EaBaseBoard\Debug\libLib_EaBaseBoard.a(pca9532.o)
 .debug_info    0x00003f15       0xe4 C:\Users\Rachel\Dropbox\Assignment 2\Lib_EaBaseBoard\Debug\libLib_EaBaseBoard.a(rgb.o)
 .debug_info    0x00003ff9      0x154 C:\Users\Rachel\Dropbox\Assignment 2\Lib_EaBaseBoard\Debug\libLib_EaBaseBoard.a(temp.o)
 .debug_info    0x0000414d       0x65 C:\Users\Rachel\Dropbox\Assignment 2\Lib_EaBaseBoard\Debug\libLib_EaBaseBoard.a(font5x7.o)
 .debug_info    0x000041b2      0xb95 C:\Users\Rachel\Dropbox\Assignment 2\Lib_MCU\Debug\libLib_MCU.a(lpc17xx_gpio.o)
 .debug_info    0x00004d47      0xcc3 C:\Users\Rachel\Dropbox\Assignment 2\Lib_MCU\Debug\libLib_MCU.a(lpc17xx_i2c.o)
 .debug_info    0x00005a0a      0x4b1 C:\Users\Rachel\Dropbox\Assignment 2\Lib_MCU\Debug\libLib_MCU.a(lpc17xx_pinsel.o)
 .debug_info    0x00005ebb      0x867 C:\Users\Rachel\Dropbox\Assignment 2\Lib_MCU\Debug\libLib_MCU.a(lpc17xx_ssp.o)
 .debug_info    0x00006722      0x8e4 C:\Users\Rachel\Dropbox\Assignment 2\Lib_MCU\Debug\libLib_MCU.a(lpc17xx_timer.o)
 .debug_info    0x00007006     0x14df C:\Users\Rachel\Dropbox\Assignment 2\Lib_MCU\Debug\libLib_MCU.a(lpc17xx_uart.o)
 .debug_info    0x000084e5      0x641 C:\Users\Rachel\Dropbox\Assignment 2\Lib_MCU\Debug\libLib_MCU.a(lpc17xx_clkpwr.o)
 .debug_info    0x00008b26      0x106 c:/nxp/lpcxpresso_6.1.4_194/lpcxpresso/tools/bin/../lib/gcc/arm-none-eabi/4.6.2/../../../../arm-none-eabi/lib/armv7-m\libcr_newlib_semihost.a(_cr_sbrk.o)
 .debug_info    0x00008c2c      0xbec c:/nxp/lpcxpresso_6.1.4_194/lpcxpresso/tools/bin/../lib/gcc/arm-none-eabi/4.6.2/../../../../arm-none-eabi/lib/armv7-m\libcr_newlib_semihost.a(syscalls.o)
 .debug_info    0x00009818       0xb5 c:/nxp/lpcxpresso_6.1.4_194/lpcxpresso/tools/bin/../lib/gcc/arm-none-eabi/4.6.2/../../../../arm-none-eabi/lib/armv7-m\libcr_newlib_semihost.a(_cr_check_heap.o)

.debug_abbrev   0x00000000     0x1e8b
 .debug_abbrev  0x00000000       0xb4 ./src/cr_startup_lpc17.o
 .debug_abbrev  0x000000b4      0x324 ./src/main.o
 .debug_abbrev  0x000003d8       0xce C:\Users\Rachel\Dropbox\Assignment 2\Lib_CMSISv1p30_LPC17xx\Debug\libCMSISv1p30_LPC17xx.a(system_LPC17xx.o)
 .debug_abbrev  0x000004a6      0x15c C:\Users\Rachel\Dropbox\Assignment 2\Lib_EaBaseBoard\Debug\libLib_EaBaseBoard.a(acc.o)
 .debug_abbrev  0x00000602       0x90 C:\Users\Rachel\Dropbox\Assignment 2\Lib_EaBaseBoard\Debug\libLib_EaBaseBoard.a(joystick.o)
 .debug_abbrev  0x00000692      0x155 C:\Users\Rachel\Dropbox\Assignment 2\Lib_EaBaseBoard\Debug\libLib_EaBaseBoard.a(led7seg.o)
 .debug_abbrev  0x000007e7      0x1bd C:\Users\Rachel\Dropbox\Assignment 2\Lib_EaBaseBoard\Debug\libLib_EaBaseBoard.a(light.o)
 .debug_abbrev  0x000009a4      0x1f1 C:\Users\Rachel\Dropbox\Assignment 2\Lib_EaBaseBoard\Debug\libLib_EaBaseBoard.a(oled.o)
 .debug_abbrev  0x00000b95      0x1aa C:\Users\Rachel\Dropbox\Assignment 2\Lib_EaBaseBoard\Debug\libLib_EaBaseBoard.a(pca9532.o)
 .debug_abbrev  0x00000d3f       0x8e C:\Users\Rachel\Dropbox\Assignment 2\Lib_EaBaseBoard\Debug\libLib_EaBaseBoard.a(rgb.o)
 .debug_abbrev  0x00000dcd       0xc2 C:\Users\Rachel\Dropbox\Assignment 2\Lib_EaBaseBoard\Debug\libLib_EaBaseBoard.a(temp.o)
 .debug_abbrev  0x00000e8f       0x4b C:\Users\Rachel\Dropbox\Assignment 2\Lib_EaBaseBoard\Debug\libLib_EaBaseBoard.a(font5x7.o)
 .debug_abbrev  0x00000eda      0x185 C:\Users\Rachel\Dropbox\Assignment 2\Lib_MCU\Debug\libLib_MCU.a(lpc17xx_gpio.o)
 .debug_abbrev  0x0000105f      0x24a C:\Users\Rachel\Dropbox\Assignment 2\Lib_MCU\Debug\libLib_MCU.a(lpc17xx_i2c.o)
 .debug_abbrev  0x000012a9      0x10a C:\Users\Rachel\Dropbox\Assignment 2\Lib_MCU\Debug\libLib_MCU.a(lpc17xx_pinsel.o)
 .debug_abbrev  0x000013b3      0x1d3 C:\Users\Rachel\Dropbox\Assignment 2\Lib_MCU\Debug\libLib_MCU.a(lpc17xx_ssp.o)
 .debug_abbrev  0x00001586      0x19f C:\Users\Rachel\Dropbox\Assignment 2\Lib_MCU\Debug\libLib_MCU.a(lpc17xx_timer.o)
 .debug_abbrev  0x00001725      0x259 C:\Users\Rachel\Dropbox\Assignment 2\Lib_MCU\Debug\libLib_MCU.a(lpc17xx_uart.o)
 .debug_abbrev  0x0000197e      0x174 C:\Users\Rachel\Dropbox\Assignment 2\Lib_MCU\Debug\libLib_MCU.a(lpc17xx_clkpwr.o)
 .debug_abbrev  0x00001af2       0xa8 c:/nxp/lpcxpresso_6.1.4_194/lpcxpresso/tools/bin/../lib/gcc/arm-none-eabi/4.6.2/../../../../arm-none-eabi/lib/armv7-m\libcr_newlib_semihost.a(_cr_sbrk.o)
 .debug_abbrev  0x00001b9a      0x27f c:/nxp/lpcxpresso_6.1.4_194/lpcxpresso/tools/bin/../lib/gcc/arm-none-eabi/4.6.2/../../../../arm-none-eabi/lib/armv7-m\libcr_newlib_semihost.a(syscalls.o)
 .debug_abbrev  0x00001e19       0x72 c:/nxp/lpcxpresso_6.1.4_194/lpcxpresso/tools/bin/../lib/gcc/arm-none-eabi/4.6.2/../../../../arm-none-eabi/lib/armv7-m\libcr_newlib_semihost.a(_cr_check_heap.o)

.debug_loc      0x00000000     0x3f18
 .debug_loc     0x00000000      0x1f0 ./src/cr_startup_lpc17.o
 .debug_loc     0x000001f0      0x8a2 ./src/main.o
 .debug_loc     0x00000a92       0x58 C:\Users\Rachel\Dropbox\Assignment 2\Lib_CMSISv1p30_LPC17xx\Debug\libCMSISv1p30_LPC17xx.a(system_LPC17xx.o)
 .debug_loc     0x00000aea      0x1f0 C:\Users\Rachel\Dropbox\Assignment 2\Lib_EaBaseBoard\Debug\libLib_EaBaseBoard.a(acc.o)
 .debug_loc     0x00000cda       0x64 C:\Users\Rachel\Dropbox\Assignment 2\Lib_EaBaseBoard\Debug\libLib_EaBaseBoard.a(joystick.o)
 .debug_loc     0x00000d3e       0x64 C:\Users\Rachel\Dropbox\Assignment 2\Lib_EaBaseBoard\Debug\libLib_EaBaseBoard.a(led7seg.o)
 .debug_loc     0x00000da2      0x378 C:\Users\Rachel\Dropbox\Assignment 2\Lib_EaBaseBoard\Debug\libLib_EaBaseBoard.a(light.o)
 .debug_loc     0x0000111a      0x33e C:\Users\Rachel\Dropbox\Assignment 2\Lib_EaBaseBoard\Debug\libLib_EaBaseBoard.a(oled.o)
 .debug_loc     0x00001458      0x2d0 C:\Users\Rachel\Dropbox\Assignment 2\Lib_EaBaseBoard\Debug\libLib_EaBaseBoard.a(pca9532.o)
 .debug_loc     0x00001728       0x64 C:\Users\Rachel\Dropbox\Assignment 2\Lib_EaBaseBoard\Debug\libLib_EaBaseBoard.a(rgb.o)
 .debug_loc     0x0000178c       0x70 C:\Users\Rachel\Dropbox\Assignment 2\Lib_EaBaseBoard\Debug\libLib_EaBaseBoard.a(temp.o)
 .debug_loc     0x000017fc      0x4d0 C:\Users\Rachel\Dropbox\Assignment 2\Lib_MCU\Debug\libLib_MCU.a(lpc17xx_gpio.o)
 .debug_loc     0x00001ccc      0x4e4 C:\Users\Rachel\Dropbox\Assignment 2\Lib_MCU\Debug\libLib_MCU.a(lpc17xx_i2c.o)
 .debug_loc     0x000021b0      0x150 C:\Users\Rachel\Dropbox\Assignment 2\Lib_MCU\Debug\libLib_MCU.a(lpc17xx_pinsel.o)
 .debug_loc     0x00002300      0x448 C:\Users\Rachel\Dropbox\Assignment 2\Lib_MCU\Debug\libLib_MCU.a(lpc17xx_ssp.o)
 .debug_loc     0x00002748      0x3b8 C:\Users\Rachel\Dropbox\Assignment 2\Lib_MCU\Debug\libLib_MCU.a(lpc17xx_timer.o)
 .debug_loc     0x00002b00      0x77a C:\Users\Rachel\Dropbox\Assignment 2\Lib_MCU\Debug\libLib_MCU.a(lpc17xx_uart.o)
 .debug_loc     0x0000327a      0x1bc C:\Users\Rachel\Dropbox\Assignment 2\Lib_MCU\Debug\libLib_MCU.a(lpc17xx_clkpwr.o)
 .debug_loc     0x00003436       0x55 c:/nxp/lpcxpresso_6.1.4_194/lpcxpresso/tools/bin/../lib/gcc/arm-none-eabi/4.6.2/../../../../arm-none-eabi/lib/armv7-m\libcr_newlib_semihost.a(_cr_sbrk.o)
 .debug_loc     0x0000348b      0xa64 c:/nxp/lpcxpresso_6.1.4_194/lpcxpresso/tools/bin/../lib/gcc/arm-none-eabi/4.6.2/../../../../arm-none-eabi/lib/armv7-m\libcr_newlib_semihost.a(syscalls.o)
 .debug_loc     0x00003eef       0x29 c:/nxp/lpcxpresso_6.1.4_194/lpcxpresso/tools/bin/../lib/gcc/arm-none-eabi/4.6.2/../../../../arm-none-eabi/lib/armv7-m\libcr_newlib_semihost.a(_cr_check_heap.o)

.debug_aranges  0x00000000      0xaa0
 .debug_aranges
                0x00000000       0x70 ./src/cr_startup_lpc17.o
 .debug_aranges
                0x00000070      0x168 ./src/main.o
 .debug_aranges
                0x000001d8       0x28 C:\Users\Rachel\Dropbox\Assignment 2\Lib_CMSISv1p30_LPC17xx\Debug\libCMSISv1p30_LPC17xx.a(system_LPC17xx.o)
 .debug_aranges
                0x00000200       0x60 C:\Users\Rachel\Dropbox\Assignment 2\Lib_EaBaseBoard\Debug\libLib_EaBaseBoard.a(acc.o)
 .debug_aranges
                0x00000260       0x28 C:\Users\Rachel\Dropbox\Assignment 2\Lib_EaBaseBoard\Debug\libLib_EaBaseBoard.a(joystick.o)
 .debug_aranges
                0x00000288       0x28 C:\Users\Rachel\Dropbox\Assignment 2\Lib_EaBaseBoard\Debug\libLib_EaBaseBoard.a(led7seg.o)
 .debug_aranges
                0x000002b0       0x98 C:\Users\Rachel\Dropbox\Assignment 2\Lib_EaBaseBoard\Debug\libLib_EaBaseBoard.a(light.o)
 .debug_aranges
                0x00000348       0x90 C:\Users\Rachel\Dropbox\Assignment 2\Lib_EaBaseBoard\Debug\libLib_EaBaseBoard.a(oled.o)
 .debug_aranges
                0x000003d8       0x80 C:\Users\Rachel\Dropbox\Assignment 2\Lib_EaBaseBoard\Debug\libLib_EaBaseBoard.a(pca9532.o)
 .debug_aranges
                0x00000458       0x28 C:\Users\Rachel\Dropbox\Assignment 2\Lib_EaBaseBoard\Debug\libLib_EaBaseBoard.a(rgb.o)
 .debug_aranges
                0x00000480       0x28 C:\Users\Rachel\Dropbox\Assignment 2\Lib_EaBaseBoard\Debug\libLib_EaBaseBoard.a(temp.o)
 .debug_aranges
                0x000004a8       0xc8 C:\Users\Rachel\Dropbox\Assignment 2\Lib_MCU\Debug\libLib_MCU.a(lpc17xx_gpio.o)
 .debug_aranges
                0x00000570       0xd0 C:\Users\Rachel\Dropbox\Assignment 2\Lib_MCU\Debug\libLib_MCU.a(lpc17xx_i2c.o)
 .debug_aranges
                0x00000640       0x48 C:\Users\Rachel\Dropbox\Assignment 2\Lib_MCU\Debug\libLib_MCU.a(lpc17xx_pinsel.o)
 .debug_aranges
                0x00000688       0xb8 C:\Users\Rachel\Dropbox\Assignment 2\Lib_MCU\Debug\libLib_MCU.a(lpc17xx_ssp.o)
 .debug_aranges
                0x00000740       0xa0 C:\Users\Rachel\Dropbox\Assignment 2\Lib_MCU\Debug\libLib_MCU.a(lpc17xx_timer.o)
 .debug_aranges
                0x000007e0      0x130 C:\Users\Rachel\Dropbox\Assignment 2\Lib_MCU\Debug\libLib_MCU.a(lpc17xx_uart.o)
 .debug_aranges
                0x00000910       0x60 C:\Users\Rachel\Dropbox\Assignment 2\Lib_MCU\Debug\libLib_MCU.a(lpc17xx_clkpwr.o)
 .debug_aranges
                0x00000970       0x20 c:/nxp/lpcxpresso_6.1.4_194/lpcxpresso/tools/bin/../lib/gcc/arm-none-eabi/4.6.2/../../../../arm-none-eabi/lib/armv7-m\libcr_newlib_semihost.a(_cr_sbrk.o)
 .debug_aranges
                0x00000990       0xf0 c:/nxp/lpcxpresso_6.1.4_194/lpcxpresso/tools/bin/../lib/gcc/arm-none-eabi/4.6.2/../../../../arm-none-eabi/lib/armv7-m\libcr_newlib_semihost.a(syscalls.o)
 .debug_aranges
                0x00000a80       0x20 c:/nxp/lpcxpresso_6.1.4_194/lpcxpresso/tools/bin/../lib/gcc/arm-none-eabi/4.6.2/../../../../arm-none-eabi/lib/armv7-m\libcr_newlib_semihost.a(_cr_check_heap.o)

.debug_ranges   0x00000000      0x9b0
 .debug_ranges  0x00000000       0x60 ./src/cr_startup_lpc17.o
 .debug_ranges  0x00000060      0x158 ./src/main.o
 .debug_ranges  0x000001b8       0x18 C:\Users\Rachel\Dropbox\Assignment 2\Lib_CMSISv1p30_LPC17xx\Debug\libCMSISv1p30_LPC17xx.a(system_LPC17xx.o)
 .debug_ranges  0x000001d0       0x50 C:\Users\Rachel\Dropbox\Assignment 2\Lib_EaBaseBoard\Debug\libLib_EaBaseBoard.a(acc.o)
 .debug_ranges  0x00000220       0x18 C:\Users\Rachel\Dropbox\Assignment 2\Lib_EaBaseBoard\Debug\libLib_EaBaseBoard.a(joystick.o)
 .debug_ranges  0x00000238       0x18 C:\Users\Rachel\Dropbox\Assignment 2\Lib_EaBaseBoard\Debug\libLib_EaBaseBoard.a(led7seg.o)
 .debug_ranges  0x00000250       0x88 C:\Users\Rachel\Dropbox\Assignment 2\Lib_EaBaseBoard\Debug\libLib_EaBaseBoard.a(light.o)
 .debug_ranges  0x000002d8       0x80 C:\Users\Rachel\Dropbox\Assignment 2\Lib_EaBaseBoard\Debug\libLib_EaBaseBoard.a(oled.o)
 .debug_ranges  0x00000358       0x70 C:\Users\Rachel\Dropbox\Assignment 2\Lib_EaBaseBoard\Debug\libLib_EaBaseBoard.a(pca9532.o)
 .debug_ranges  0x000003c8       0x18 C:\Users\Rachel\Dropbox\Assignment 2\Lib_EaBaseBoard\Debug\libLib_EaBaseBoard.a(rgb.o)
 .debug_ranges  0x000003e0       0x18 C:\Users\Rachel\Dropbox\Assignment 2\Lib_EaBaseBoard\Debug\libLib_EaBaseBoard.a(temp.o)
 .debug_ranges  0x000003f8       0xb8 C:\Users\Rachel\Dropbox\Assignment 2\Lib_MCU\Debug\libLib_MCU.a(lpc17xx_gpio.o)
 .debug_ranges  0x000004b0       0xc0 C:\Users\Rachel\Dropbox\Assignment 2\Lib_MCU\Debug\libLib_MCU.a(lpc17xx_i2c.o)
 .debug_ranges  0x00000570       0x38 C:\Users\Rachel\Dropbox\Assignment 2\Lib_MCU\Debug\libLib_MCU.a(lpc17xx_pinsel.o)
 .debug_ranges  0x000005a8       0xa8 C:\Users\Rachel\Dropbox\Assignment 2\Lib_MCU\Debug\libLib_MCU.a(lpc17xx_ssp.o)
 .debug_ranges  0x00000650       0x90 C:\Users\Rachel\Dropbox\Assignment 2\Lib_MCU\Debug\libLib_MCU.a(lpc17xx_timer.o)
 .debug_ranges  0x000006e0      0x120 C:\Users\Rachel\Dropbox\Assignment 2\Lib_MCU\Debug\libLib_MCU.a(lpc17xx_uart.o)
 .debug_ranges  0x00000800       0x50 C:\Users\Rachel\Dropbox\Assignment 2\Lib_MCU\Debug\libLib_MCU.a(lpc17xx_clkpwr.o)
 .debug_ranges  0x00000850       0x10 c:/nxp/lpcxpresso_6.1.4_194/lpcxpresso/tools/bin/../lib/gcc/arm-none-eabi/4.6.2/../../../../arm-none-eabi/lib/armv7-m\libcr_newlib_semihost.a(_cr_sbrk.o)
 .debug_ranges  0x00000860      0x140 c:/nxp/lpcxpresso_6.1.4_194/lpcxpresso/tools/bin/../lib/gcc/arm-none-eabi/4.6.2/../../../../arm-none-eabi/lib/armv7-m\libcr_newlib_semihost.a(syscalls.o)
 .debug_ranges  0x000009a0       0x10 c:/nxp/lpcxpresso_6.1.4_194/lpcxpresso/tools/bin/../lib/gcc/arm-none-eabi/4.6.2/../../../../arm-none-eabi/lib/armv7-m\libcr_newlib_semihost.a(_cr_check_heap.o)

.debug_line     0x00000000     0x7e85
 .debug_line    0x00000000      0x398 ./src/cr_startup_lpc17.o
 .debug_line    0x00000398      0xdd2 ./src/main.o
 .debug_line    0x0000116a      0x437 C:\Users\Rachel\Dropbox\Assignment 2\Lib_CMSISv1p30_LPC17xx\Debug\libCMSISv1p30_LPC17xx.a(system_LPC17xx.o)
 .debug_line    0x000015a1      0x572 C:\Users\Rachel\Dropbox\Assignment 2\Lib_EaBaseBoard\Debug\libLib_EaBaseBoard.a(acc.o)
 .debug_line    0x00001b13      0x4dd C:\Users\Rachel\Dropbox\Assignment 2\Lib_EaBaseBoard\Debug\libLib_EaBaseBoard.a(joystick.o)
 .debug_line    0x00001ff0      0x4ed C:\Users\Rachel\Dropbox\Assignment 2\Lib_EaBaseBoard\Debug\libLib_EaBaseBoard.a(led7seg.o)
 .debug_line    0x000024dd      0x61e C:\Users\Rachel\Dropbox\Assignment 2\Lib_EaBaseBoard\Debug\libLib_EaBaseBoard.a(light.o)
 .debug_line    0x00002afb      0x7f7 C:\Users\Rachel\Dropbox\Assignment 2\Lib_EaBaseBoard\Debug\libLib_EaBaseBoard.a(oled.o)
 .debug_line    0x000032f2      0x609 C:\Users\Rachel\Dropbox\Assignment 2\Lib_EaBaseBoard\Debug\libLib_EaBaseBoard.a(pca9532.o)
 .debug_line    0x000038fb      0x4ca C:\Users\Rachel\Dropbox\Assignment 2\Lib_EaBaseBoard\Debug\libLib_EaBaseBoard.a(rgb.o)
 .debug_line    0x00003dc5      0x4eb C:\Users\Rachel\Dropbox\Assignment 2\Lib_EaBaseBoard\Debug\libLib_EaBaseBoard.a(temp.o)
 .debug_line    0x000042b0       0xb2 C:\Users\Rachel\Dropbox\Assignment 2\Lib_EaBaseBoard\Debug\libLib_EaBaseBoard.a(font5x7.o)
 .debug_line    0x00004362      0x63e C:\Users\Rachel\Dropbox\Assignment 2\Lib_MCU\Debug\libLib_MCU.a(lpc17xx_gpio.o)
 .debug_line    0x000049a0      0x959 C:\Users\Rachel\Dropbox\Assignment 2\Lib_MCU\Debug\libLib_MCU.a(lpc17xx_i2c.o)
 .debug_line    0x000052f9      0x4bd C:\Users\Rachel\Dropbox\Assignment 2\Lib_MCU\Debug\libLib_MCU.a(lpc17xx_pinsel.o)
 .debug_line    0x000057b6      0x88c C:\Users\Rachel\Dropbox\Assignment 2\Lib_MCU\Debug\libLib_MCU.a(lpc17xx_ssp.o)
 .debug_line    0x00006042      0x7ea C:\Users\Rachel\Dropbox\Assignment 2\Lib_MCU\Debug\libLib_MCU.a(lpc17xx_timer.o)
 .debug_line    0x0000682c      0xbd8 C:\Users\Rachel\Dropbox\Assignment 2\Lib_MCU\Debug\libLib_MCU.a(lpc17xx_uart.o)
 .debug_line    0x00007404      0x51e C:\Users\Rachel\Dropbox\Assignment 2\Lib_MCU\Debug\libLib_MCU.a(lpc17xx_clkpwr.o)
 .debug_line    0x00007922       0xc0 c:/nxp/lpcxpresso_6.1.4_194/lpcxpresso/tools/bin/../lib/gcc/arm-none-eabi/4.6.2/../../../../arm-none-eabi/lib/armv7-m\libcr_newlib_semihost.a(_cr_sbrk.o)
 .debug_line    0x000079e2      0x44f c:/nxp/lpcxpresso_6.1.4_194/lpcxpresso/tools/bin/../lib/gcc/arm-none-eabi/4.6.2/../../../../arm-none-eabi/lib/armv7-m\libcr_newlib_semihost.a(syscalls.o)
 .debug_line    0x00007e31       0x54 c:/nxp/lpcxpresso_6.1.4_194/lpcxpresso/tools/bin/../lib/gcc/arm-none-eabi/4.6.2/../../../../arm-none-eabi/lib/armv7-m\libcr_newlib_semihost.a(_cr_check_heap.o)

.debug_macinfo  0x00000000    0xa8f5c
 .debug_macinfo
                0x00000000     0x2c15 ./src/cr_startup_lpc17.o
 .debug_macinfo
                0x00002c15     0xef9c ./src/main.o
 .debug_macinfo
                0x00011bb1     0x83f8 C:\Users\Rachel\Dropbox\Assignment 2\Lib_CMSISv1p30_LPC17xx\Debug\libCMSISv1p30_LPC17xx.a(system_LPC17xx.o)
 .debug_macinfo
                0x00019fa9     0x8f1b C:\Users\Rachel\Dropbox\Assignment 2\Lib_EaBaseBoard\Debug\libLib_EaBaseBoard.a(acc.o)
 .debug_macinfo
                0x00022ec4     0x858b C:\Users\Rachel\Dropbox\Assignment 2\Lib_EaBaseBoard\Debug\libLib_EaBaseBoard.a(joystick.o)
 .debug_macinfo
                0x0002b44f     0x96a3 C:\Users\Rachel\Dropbox\Assignment 2\Lib_EaBaseBoard\Debug\libLib_EaBaseBoard.a(led7seg.o)
 .debug_macinfo
                0x00034af2     0x8e3a C:\Users\Rachel\Dropbox\Assignment 2\Lib_EaBaseBoard\Debug\libLib_EaBaseBoard.a(light.o)
 .debug_macinfo
                0x0003d92c     0xa143 C:\Users\Rachel\Dropbox\Assignment 2\Lib_EaBaseBoard\Debug\libLib_EaBaseBoard.a(oled.o)
 .debug_macinfo
                0x00047a6f     0x8e59 C:\Users\Rachel\Dropbox\Assignment 2\Lib_EaBaseBoard\Debug\libLib_EaBaseBoard.a(pca9532.o)
 .debug_macinfo
                0x000508c8     0x854c C:\Users\Rachel\Dropbox\Assignment 2\Lib_EaBaseBoard\Debug\libLib_EaBaseBoard.a(rgb.o)
 .debug_macinfo
                0x00058e14     0x85e6 C:\Users\Rachel\Dropbox\Assignment 2\Lib_EaBaseBoard\Debug\libLib_EaBaseBoard.a(temp.o)
 .debug_macinfo
                0x000613fa     0x332a C:\Users\Rachel\Dropbox\Assignment 2\Lib_EaBaseBoard\Debug\libLib_EaBaseBoard.a(font5x7.o)
 .debug_macinfo
                0x00064724     0x86b8 C:\Users\Rachel\Dropbox\Assignment 2\Lib_MCU\Debug\libLib_MCU.a(lpc17xx_gpio.o)
 .debug_macinfo
                0x0006cddc     0xa5d8 C:\Users\Rachel\Dropbox\Assignment 2\Lib_MCU\Debug\libLib_MCU.a(lpc17xx_i2c.o)
 .debug_macinfo
                0x000773b4     0x87d3 C:\Users\Rachel\Dropbox\Assignment 2\Lib_MCU\Debug\libLib_MCU.a(lpc17xx_pinsel.o)
 .debug_macinfo
                0x0007fb87     0xa8d0 C:\Users\Rachel\Dropbox\Assignment 2\Lib_MCU\Debug\libLib_MCU.a(lpc17xx_ssp.o)
 .debug_macinfo
                0x0008a457     0xa4cd C:\Users\Rachel\Dropbox\Assignment 2\Lib_MCU\Debug\libLib_MCU.a(lpc17xx_timer.o)
 .debug_macinfo
                0x00094924     0xb03f C:\Users\Rachel\Dropbox\Assignment 2\Lib_MCU\Debug\libLib_MCU.a(lpc17xx_uart.o)
 .debug_macinfo
                0x0009f963     0x95f9 C:\Users\Rachel\Dropbox\Assignment 2\Lib_MCU\Debug\libLib_MCU.a(lpc17xx_clkpwr.o)

.debug_str      0x00000000     0x344a
 .debug_str     0x00000000      0x204 ./src/cr_startup_lpc17.o
                                0x23e (size before relaxing)
 .debug_str     0x00000204      0xbcc ./src/main.o
                                0xd30 (size before relaxing)
 .debug_str     0x00000dd0      0x19e C:\Users\Rachel\Dropbox\Assignment 2\Lib_CMSISv1p30_LPC17xx\Debug\libCMSISv1p30_LPC17xx.a(system_LPC17xx.o)
                                0x2cc (size before relaxing)
 .debug_str     0x00000f6e      0x249 C:\Users\Rachel\Dropbox\Assignment 2\Lib_EaBaseBoard\Debug\libLib_EaBaseBoard.a(acc.o)
                                0x3c8 (size before relaxing)
 .debug_str     0x000011b7       0x3a C:\Users\Rachel\Dropbox\Assignment 2\Lib_EaBaseBoard\Debug\libLib_EaBaseBoard.a(joystick.o)
                                0x199 (size before relaxing)
 .debug_str     0x000011f1       0x95 C:\Users\Rachel\Dropbox\Assignment 2\Lib_EaBaseBoard\Debug\libLib_EaBaseBoard.a(led7seg.o)
                                0x234 (size before relaxing)
 .debug_str     0x00001286      0x24a C:\Users\Rachel\Dropbox\Assignment 2\Lib_EaBaseBoard\Debug\libLib_EaBaseBoard.a(light.o)
                                0x52d (size before relaxing)
 .debug_str     0x000014d0      0x1a9 C:\Users\Rachel\Dropbox\Assignment 2\Lib_EaBaseBoard\Debug\libLib_EaBaseBoard.a(oled.o)
                                0x3e5 (size before relaxing)
 .debug_str     0x00001679      0x12e C:\Users\Rachel\Dropbox\Assignment 2\Lib_EaBaseBoard\Debug\libLib_EaBaseBoard.a(pca9532.o)
                                0x41f (size before relaxing)
 .debug_str     0x000017a7       0x22 C:\Users\Rachel\Dropbox\Assignment 2\Lib_EaBaseBoard\Debug\libLib_EaBaseBoard.a(rgb.o)
                                0x179 (size before relaxing)
 .debug_str     0x000017c9       0x2d C:\Users\Rachel\Dropbox\Assignment 2\Lib_EaBaseBoard\Debug\libLib_EaBaseBoard.a(temp.o)
                                0x19c (size before relaxing)
 .debug_str     0x000017f6       0x11 C:\Users\Rachel\Dropbox\Assignment 2\Lib_EaBaseBoard\Debug\libLib_EaBaseBoard.a(font5x7.o)
                                 0xf0 (size before relaxing)
 .debug_str     0x00001807      0x3a9 C:\Users\Rachel\Dropbox\Assignment 2\Lib_MCU\Debug\libLib_MCU.a(lpc17xx_gpio.o)
                                0x4a1 (size before relaxing)
 .debug_str     0x00001bb0      0x309 C:\Users\Rachel\Dropbox\Assignment 2\Lib_MCU\Debug\libLib_MCU.a(lpc17xx_i2c.o)
                                0x837 (size before relaxing)
 .debug_str     0x00001eb9      0x214 C:\Users\Rachel\Dropbox\Assignment 2\Lib_MCU\Debug\libLib_MCU.a(lpc17xx_pinsel.o)
                                0x3d6 (size before relaxing)
 .debug_str     0x000020cd      0x204 C:\Users\Rachel\Dropbox\Assignment 2\Lib_MCU\Debug\libLib_MCU.a(lpc17xx_ssp.o)
                                0x4b4 (size before relaxing)
 .debug_str     0x000022d1      0x42e C:\Users\Rachel\Dropbox\Assignment 2\Lib_MCU\Debug\libLib_MCU.a(lpc17xx_timer.o)
                                0x5ea (size before relaxing)
 .debug_str     0x000026ff      0x8ac C:\Users\Rachel\Dropbox\Assignment 2\Lib_MCU\Debug\libLib_MCU.a(lpc17xx_uart.o)
                                0xc8a (size before relaxing)
 .debug_str     0x00002fab       0xcb C:\Users\Rachel\Dropbox\Assignment 2\Lib_MCU\Debug\libLib_MCU.a(lpc17xx_clkpwr.o)
                                0x3d2 (size before relaxing)
 .debug_str     0x00003076       0xbc c:/nxp/lpcxpresso_6.1.4_194/lpcxpresso/tools/bin/../lib/gcc/arm-none-eabi/4.6.2/../../../../arm-none-eabi/lib/armv7-m\libcr_newlib_semihost.a(_cr_sbrk.o)
                                0x145 (size before relaxing)
 .debug_str     0x00003132      0x2dd c:/nxp/lpcxpresso_6.1.4_194/lpcxpresso/tools/bin/../lib/gcc/arm-none-eabi/4.6.2/../../../../arm-none-eabi/lib/armv7-m\libcr_newlib_semihost.a(syscalls.o)
                                0x40b (size before relaxing)
 .debug_str     0x0000340f       0x3b c:/nxp/lpcxpresso_6.1.4_194/lpcxpresso/tools/bin/../lib/gcc/arm-none-eabi/4.6.2/../../../../arm-none-eabi/lib/armv7-m\libcr_newlib_semihost.a(_cr_check_heap.o)
                                 0xd1 (size before relaxing)

.comment        0x00000000       0x9a
 .comment       0x00000000       0x70 ./src/cr_startup_lpc17.o
                                 0x71 (size before relaxing)
 .comment       0x00000000       0x71 ./src/main.o
 .comment       0x00000000       0x71 C:\Users\Rachel\Dropbox\Assignment 2\Lib_CMSISv1p30_LPC17xx\Debug\libCMSISv1p30_LPC17xx.a(system_LPC17xx.o)
 .comment       0x00000000       0x71 C:\Users\Rachel\Dropbox\Assignment 2\Lib_EaBaseBoard\Debug\libLib_EaBaseBoard.a(acc.o)
 .comment       0x00000000       0x71 C:\Users\Rachel\Dropbox\Assignment 2\Lib_EaBaseBoard\Debug\libLib_EaBaseBoard.a(joystick.o)
 .comment       0x00000000       0x71 C:\Users\Rachel\Dropbox\Assignment 2\Lib_EaBaseBoard\Debug\libLib_EaBaseBoard.a(led7seg.o)
 .comment       0x00000000       0x71 C:\Users\Rachel\Dropbox\Assignment 2\Lib_EaBaseBoard\Debug\libLib_EaBaseBoard.a(light.o)
 .comment       0x00000000       0x71 C:\Users\Rachel\Dropbox\Assignment 2\Lib_EaBaseBoard\Debug\libLib_EaBaseBoard.a(oled.o)
 .comment       0x00000000       0x71 C:\Users\Rachel\Dropbox\Assignment 2\Lib_EaBaseBoard\Debug\libLib_EaBaseBoard.a(pca9532.o)
 .comment       0x00000000       0x71 C:\Users\Rachel\Dropbox\Assignment 2\Lib_EaBaseBoard\Debug\libLib_EaBaseBoard.a(rgb.o)
 .comment       0x00000000       0x71 C:\Users\Rachel\Dropbox\Assignment 2\Lib_EaBaseBoard\Debug\libLib_EaBaseBoard.a(temp.o)
 .comment       0x00000000       0x71 C:\Users\Rachel\Dropbox\Assignment 2\Lib_EaBaseBoard\Debug\libLib_EaBaseBoard.a(font5x7.o)
 .comment       0x00000000       0x71 C:\Users\Rachel\Dropbox\Assignment 2\Lib_MCU\Debug\libLib_MCU.a(lpc17xx_gpio.o)
 .comment       0x00000000       0x71 C:\Users\Rachel\Dropbox\Assignment 2\Lib_MCU\Debug\libLib_MCU.a(lpc17xx_i2c.o)
 .comment       0x00000000       0x71 C:\Users\Rachel\Dropbox\Assignment 2\Lib_MCU\Debug\libLib_MCU.a(lpc17xx_pinsel.o)
 .comment       0x00000000       0x71 C:\Users\Rachel\Dropbox\Assignment 2\Lib_MCU\Debug\libLib_MCU.a(lpc17xx_ssp.o)
 .comment       0x00000000       0x71 C:\Users\Rachel\Dropbox\Assignment 2\Lib_MCU\Debug\libLib_MCU.a(lpc17xx_timer.o)
 .comment       0x00000000       0x71 C:\Users\Rachel\Dropbox\Assignment 2\Lib_MCU\Debug\libLib_MCU.a(lpc17xx_uart.o)
 .comment       0x00000000       0x71 C:\Users\Rachel\Dropbox\Assignment 2\Lib_MCU\Debug\libLib_MCU.a(lpc17xx_clkpwr.o)
 .comment       0x00000070       0x2a c:/nxp/lpcxpresso_6.1.4_194/lpcxpresso/tools/bin/../lib/gcc/arm-none-eabi/4.6.2/../../../../arm-none-eabi/lib/armv7-m\libcr_newlib_semihost.a(_cr_sbrk.o)
                                 0x2b (size before relaxing)
 .comment       0x00000000       0x2b c:/nxp/lpcxpresso_6.1.4_194/lpcxpresso/tools/bin/../lib/gcc/arm-none-eabi/4.6.2/../../../../arm-none-eabi/lib/armv7-m\libcr_newlib_semihost.a(syscalls.o)
 .comment       0x00000000       0x2b c:/nxp/lpcxpresso_6.1.4_194/lpcxpresso/tools/bin/../lib/gcc/arm-none-eabi/4.6.2/../../../../arm-none-eabi/lib/armv7-m\libcr_newlib_semihost.a(_cr_check_heap.o)

.ARM.attributes
                0x00000000       0x33
 .ARM.attributes
                0x00000000       0x33 ./src/cr_startup_lpc17.o
 .ARM.attributes
                0x00000033       0x33 ./src/main.o
 .ARM.attributes
                0x00000066       0x33 C:\Users\Rachel\Dropbox\Assignment 2\Lib_CMSISv1p30_LPC17xx\Debug\libCMSISv1p30_LPC17xx.a(system_LPC17xx.o)
 .ARM.attributes
                0x00000099       0x33 C:\Users\Rachel\Dropbox\Assignment 2\Lib_EaBaseBoard\Debug\libLib_EaBaseBoard.a(acc.o)
 .ARM.attributes
                0x000000cc       0x33 C:\Users\Rachel\Dropbox\Assignment 2\Lib_EaBaseBoard\Debug\libLib_EaBaseBoard.a(joystick.o)
 .ARM.attributes
                0x000000ff       0x33 C:\Users\Rachel\Dropbox\Assignment 2\Lib_EaBaseBoard\Debug\libLib_EaBaseBoard.a(led7seg.o)
 .ARM.attributes
                0x00000132       0x33 C:\Users\Rachel\Dropbox\Assignment 2\Lib_EaBaseBoard\Debug\libLib_EaBaseBoard.a(light.o)
 .ARM.attributes
                0x00000165       0x33 C:\Users\Rachel\Dropbox\Assignment 2\Lib_EaBaseBoard\Debug\libLib_EaBaseBoard.a(oled.o)
 .ARM.attributes