Archive member included because of file (symbol)

C:\Users\Rachel\Dropbox\Assignment 2\Lib_CMSISv1p30_LPC17xx\Debug\libCMSISv1p30_LPC17xx.a(system_LPC17xx.o)
                              ./src/main.o (SystemCoreClock)
C:\Users\Rachel\Dropbox\Assignment 2\Lib_EaBaseBoard\Debug\libLib_EaBaseBoard.a(acc.o)
                              ./src/main.o (acc_init)
C:\Users\Rachel\Dropbox\Assignment 2\Lib_EaBaseBoard\Debug\libLib_EaBaseBoard.a(joystick.o)
                              ./src/main.o (joystick_init)
C:\Users\Rachel\Dropbox\Assignment 2\Lib_EaBaseBoard\Debug\libLib_EaBaseBoard.a(led7seg.o)
                              ./src/main.o (led7seg_init)
C:\Users\Rachel\Dropbox\Assignment 2\Lib_EaBaseBoard\Debug\libLib_EaBaseBoard.a(light.o)
                              ./src/main.o (light_enable)
C:\Users\Rachel\Dropbox\Assignment 2\Lib_EaBaseBoard\Debug\libLib_EaBaseBoard.a(oled.o)
                              ./src/main.o (oled_putPixel)
C:\Users\Rachel\Dropbox\Assignment 2\Lib_EaBaseBoard\Debug\libLib_EaBaseBoard.a(pca9532.o)
                              ./src/main.o (pca9532_init)
C:\Users\Rachel\Dropbox\Assignment 2\Lib_EaBaseBoard\Debug\libLib_EaBaseBoard.a(rgb.o)
                              ./src/main.o (rgb_init)
C:\Users\Rachel\Dropbox\Assignment 2\Lib_EaBaseBoard\Debug\libLib_EaBaseBoard.a(temp.o)
                              ./src/main.o (temp_init)
C:\Users\Rachel\Dropbox\Assignment 2\Lib_EaBaseBoard\Debug\libLib_EaBaseBoard.a(font5x7.o)
                              C:\Users\Rachel\Dropbox\Assignment 2\Lib_EaBaseBoard\Debug\libLib_EaBaseBoard.a(oled.o) (font5x7)
C:\Users\Rachel\Dropbox\Assignment 2\Lib_MCU\Debug\libLib_MCU.a(lpc17xx_gpio.o)
                              ./src/main.o (GPIO_SetDir)
C:\Users\Rachel\Dropbox\Assignment 2\Lib_MCU\Debug\libLib_MCU.a(lpc17xx_i2c.o)
                              ./src/main.o (I2C_Init)
C:\Users\Rachel\Dropbox\Assignment 2\Lib_MCU\Debug\libLib_MCU.a(lpc17xx_pinsel.o)
                              ./src/main.o (PINSEL_ConfigPin)
C:\Users\Rachel\Dropbox\Assignment 2\Lib_MCU\Debug\libLib_MCU.a(lpc17xx_ssp.o)
                              ./src/main.o (SSP_Init)
C:\Users\Rachel\Dropbox\Assignment 2\Lib_MCU\Debug\libLib_MCU.a(lpc17xx_timer.o)
                              ./src/main.o (Timer0_Wait)
C:\Users\Rachel\Dropbox\Assignment 2\Lib_MCU\Debug\libLib_MCU.a(lpc17xx_uart.o)
                              ./src/main.o (UART_TxCmd)
C:\Users\Rachel\Dropbox\Assignment 2\Lib_MCU\Debug\libLib_MCU.a(lpc17xx_clkpwr.o)
                              C:\Users\Rachel\Dropbox\Assignment 2\Lib_MCU\Debug\libLib_MCU.a(lpc17xx_i2c.o) (CLKPWR_SetPCLKDiv)
c:/nxp/lpcxpresso_6.1.4_194/lpcxpresso/tools/bin/../lib/gcc/arm-none-eabi/4.6.2/armv7-m\libgcc.a(_arm_addsubdf3.o)
                              ./src/main.o (__aeabi_ui2d)
c:/nxp/lpcxpresso_6.1.4_194/lpcxpresso/tools/bin/../lib/gcc/arm-none-eabi/4.6.2/armv7-m\libgcc.a(_arm_muldivdf3.o)
                              ./src/main.o (__aeabi_ddiv)
c:/nxp/lpcxpresso_6.1.4_194/lpcxpresso/tools/bin/../lib/gcc/arm-none-eabi/4.6.2/armv7-m\libgcc.a(_arm_cmpdf2.o)
                              ./src/main.o (__aeabi_dcmpgt)
c:/nxp/lpcxpresso_6.1.4_194/lpcxpresso/tools/bin/../lib/gcc/arm-none-eabi/4.6.2/armv7-m\libgcc.a(_arm_fixdfsi.o)
                              ./src/main.o (__aeabi_d2iz)
c:/nxp/lpcxpresso_6.1.4_194/lpcxpresso/tools/bin/../lib/gcc/arm-none-eabi/4.6.2/armv7-m\libgcc.a(_arm_truncdfsf2.o)
                              ./src/main.o (__aeabi_d2f)
c:/nxp/lpcxpresso_6.1.4_194/lpcxpresso/tools/bin/../lib/gcc/arm-none-eabi/4.6.2/armv7-m\libgcc.a(_aeabi_uldivmod.o)
                              C:\Users\Rachel\Dropbox\Assignment 2\Lib_CMSISv1p30_LPC17xx\Debug\libCMSISv1p30_LPC17xx.a(system_LPC17xx.o) (__aeabi_uldivmod)
c:/nxp/lpcxpresso_6.1.4_194/lpcxpresso/tools/bin/../lib/gcc/arm-none-eabi/4.6.2/armv7-m\libgcc.a(bpabi.o)
                              c:/nxp/lpcxpresso_6.1.4_194/lpcxpresso/tools/bin/../lib/gcc/arm-none-eabi/4.6.2/armv7-m\libgcc.a(_aeabi_uldivmod.o) (__gnu_uldivmod_helper)
c:/nxp/lpcxpresso_6.1.4_194/lpcxpresso/tools/bin/../lib/gcc/arm-none-eabi/4.6.2/armv7-m\libgcc.a(_dvmd_tls.o)
                              c:/nxp/lpcxpresso_6.1.4_194/lpcxpresso/tools/bin/../lib/gcc/arm-none-eabi/4.6.2/armv7-m\libgcc.a(_aeabi_uldivmod.o) (__aeabi_ldiv0)
c:/nxp/lpcxpresso_6.1.4_194/lpcxpresso/tools/bin/../lib/gcc/arm-none-eabi/4.6.2/armv7-m\libgcc.a(_divdi3.o)
                              c:/nxp/lpcxpresso_6.1.4_194/lpcxpresso/tools/bin/../lib/gcc/arm-none-eabi/4.6.2/armv7-m\libgcc.a(bpabi.o) (__divdi3)
c:/nxp/lpcxpresso_6.1.4_194/lpcxpresso/tools/bin/../lib/gcc/arm-none-eabi/4.6.2/armv7-m\libgcc.a(_udivdi3.o)
                              c:/nxp/lpcxpresso_6.1.4_194/lpcxpresso/tools/bin/../lib/gcc/arm-none-eabi/4.6.2/armv7-m\libgcc.a(bpabi.o) (__udivdi3)
c:/nxp/lpcxpresso_6.1.4_194/lpcxpresso/tools/bin/../lib/gcc/arm-none-eabi/4.6.2/../../../../arm-none-eabi/lib/armv7-m\libc.a(lib_a-abs.o)
[...]
Memory Configuration

Name             Origin             Length             Attributes
MFlash512        0x00000000         0x00080000         xr
RamLoc32         0x10000000         0x00008000         xrw
RamAHB32         0x2007c000         0x00008000         xrw
*default*        0x00000000         0xffffffff

Linker script and memory map

LOAD ./src/cr_startup_lpc17.o
LOAD ./src/main.o
LOAD C:\Users\Rachel\Dropbox\Assignment 2\Lib_CMSISv1p30_LPC17xx\Debug\libCMSISv1p30_LPC17xx.a
LOAD C:\Users\Rachel\Dropbox\Assignment 2\Lib_EaBaseBoard\Debug\libLib_EaBaseBoard.a
LOAD C:\Users\Rachel\Dropbox\Assignment 2\Lib_MCU\Debug\libLib_MCU.a
START GROUP
LOAD c:/nxp/lpcxpresso_6.1.4_194/lpcxpresso/tools/bin/../lib/gcc/arm-none-eabi/4.6.2/armv7-m\libgcc.a
LOAD c:/nxp/lpcxpresso_6.1.4_194/lpcxpresso/tools/bin/../lib/gcc/arm-none-eabi/4.6.2/../../../../arm-none-eabi/lib/armv7-m\libc.a
LOAD c:/nxp/lpcxpresso_6.1.4_194/lpcxpresso/tools/bin/../lib/gcc/arm-none-eabi/4.6.2/../../../../arm-none-eabi/lib/armv7-m\libm.a
LOAD c:/nxp/lpcxpresso_6.1.4_194/lpcxpresso/tools/bin/../lib/gcc/arm-none-eabi/4.6.2/../../../../arm-none-eabi/lib/armv7-m\libcr_newlib_semihost.a
END GROUP
                0x00080000                __top_MFlash512 = 0x80000
                0x10008000                __top_RamLoc32 = 0x10008000
                0x20084000                __top_RamAHB32 = 0x20084000

.text           0x00000000     0xdea8
 FILL mask 0xff
                0x00000000                __vectors_start__ = ABSOLUTE (.)
 *(.isr_vector)
 .isr_vector    0x00000000       0xcc ./src/cr_startup_lpc17.o
                0x00000000                g_pfnVectors
                0x000000cc                . = ALIGN (0x4)
                0x000000cc                __section_table_start = .
                0x000000cc                __data_section_table = .
                0x000000cc        0x4 LONG 0xdeb0 LOADADDR (.data)
                0x000000d0        0x4 LONG 0x10000000 ADDR (.data)
                0x000000d4        0x4 LONG 0x988 SIZEOF (.data)
                0x000000d8        0x4 LONG 0xdeb0 LOADADDR (.data_RAM2)
                0x000000dc        0x4 LONG 0x2007c000 ADDR (.data_RAM2)
                0x000000e0        0x4 LONG 0x0 SIZEOF (.data_RAM2)
                0x000000e4                __data_section_table_end = .
                0x000000e4                __bss_section_table = .
                0x000000e4        0x4 LONG 0x10000988 ADDR (.bss)
                0x000000e8        0x4 LONG 0x4b8 SIZEOF (.bss)
                0x000000ec        0x4 LONG 0x2007c000 ADDR (.bss_RAM2)
                0x000000f0        0x4 LONG 0x0 SIZEOF (.bss_RAM2)
                0x000000f4                __bss_section_table_end = .
                0x000000f4                __section_table_end = .
 *(.after_vectors*)
 *(.text*)
 .text.ResetISR
                0x000000f4       0x68 ./src/cr_startup_lpc17.o
                0x000000f4                ResetISR
 .text.NMI_Handler
                0x0000015c        0x8 ./src/cr_startup_lpc17.o
                0x0000015c                NMI_Handler
 .text.HardFault_Handler
                0x00000164        0x8 ./src/cr_startup_lpc17.o
                0x00000164                HardFault_Handler
 .text.MemManage_Handler
                0x0000016c        0x8 ./src/cr_startup_lpc17.o
                0x0000016c                MemManage_Handler
 .text.BusFault_Handler
                0x00000174        0x8 ./src/cr_startup_lpc17.o
                0x00000174                BusFault_Handler
 .text.UsageFault_Handler
                0x0000017c        0x8 ./src/cr_startup_lpc17.o
                0x0000017c                UsageFault_Handler
 .text.SVCall_Handler
                0x00000184        0x8 ./src/cr_startup_lpc17.o
                0x00000184                SVCall_Handler
 .text.DebugMon_Handler
                0x0000018c        0x8 ./src/cr_startup_lpc17.o
                0x0000018c                DebugMon_Handler
 .text.PendSV_Handler
                0x00000194        0x8 ./src/cr_startup_lpc17.o
                0x00000194                PendSV_Handler
 .text.IntDefaultHandler
                0x0000019c        0x8 ./src/cr_startup_lpc17.o
                0x0000019c                TIMER2_IRQHandler
                0x0000019c                RIT_IRQHandler
                0x0000019c                I2C0_IRQHandler
                0x0000019c                USBActivity_IRQHandler
                0x0000019c                PWM1_IRQHandler
                0x0000019c                I2C1_IRQHandler
                0x0000019c                EINT2_IRQHandler
                0x0000019c                UART1_IRQHandler
                0x0000019c                CANActivity_IRQHandler
                0x0000019c                TIMER3_IRQHandler
                0x0000019c                UART0_IRQHandler
                0x0000019c                IntDefaultHandler
                0x0000019c                PLL0_IRQHandler
                0x0000019c                CAN_IRQHandler
                0x0000019c                PLL1_IRQHandler
                0x0000019c                SSP0_IRQHandler
                0x0000019c                I2S_IRQHandler
                0x0000019c                I2C2_IRQHandler
                0x0000019c                RTC_IRQHandler
                0x0000019c                TIMER0_IRQHandler
                0x0000019c                SPI_IRQHandler
                0x0000019c                EINT1_IRQHandler
                0x0000019c                TIMER1_IRQHandler
                0x0000019c                UART2_IRQHandler
                0x0000019c                ADC_IRQHandler
                0x0000019c                SSP1_IRQHandler
                0x0000019c                USB_IRQHandler
                0x0000019c                BOD_IRQHandler
                0x0000019c                WDT_IRQHandler
                0x0000019c                QEI_IRQHandler
                0x0000019c                EINT0_IRQHandler
                0x0000019c                DMA_IRQHandler
                0x0000019c                UART3_IRQHandler
                0x0000019c                MCPWM_IRQHandler
                0x0000019c                ENET_IRQHandler
 .text.NVIC_EnableIRQ
                0x000001a4       0x38 ./src/main.o
 .text.NVIC_SetPriority
                0x000001dc       0x5c ./src/main.o
 .text.SysTick_Config
                0x00000238       0x64 ./src/main.o
 .text.moveBar  0x0000029c       0xa8 ./src/main.o
 .text.Get_Time
                0x00000344       0x18 ./src/main.o
                0x00000344                Get_Time
 .text.playNote
                0x0000035c       0x70 ./src/main.o
 .text.getNote  0x000003cc       0x5c ./src/main.o
 .text.getDuration
                0x00000428       0x38 ./src/main.o
 .text.getPause
                0x00000460       0x4c ./src/main.o
 .text.playSong
                0x000004ac      0x168 ./src/main.o
 .text.init_ssp
                0x00000614       0x98 ./src/main.o
 .text.init_i2c
                0x000006ac       0x5c ./src/main.o
 .text.init_GPIO
                0x00000708       0x68 ./src/main.o
 .text.speaker_init
                0x00000770       0xf0 ./src/main.o
 .text.lightSenIntInit
                0x00000860       0x58 ./src/main.o
                0x00000860                lightSenIntInit
 .text.init_uart
                0x000008b8       0x8c ./src/main.o
                0x000008b8                init_uart
 .text.init_everything
                0x00000944      0x12c ./src/main.o
 .text.fast_temp_read
                0x00000a70       0x4c ./src/main.o
                0x00000a70                fast_temp_read
 .text.setRGBLeds
                0x00000abc       0x5c ./src/main.o
                0x00000abc                setRGBLeds
 .text.ALTERNATE_LED
                0x00000b18       0x7c ./src/main.o
                0x00000b18                ALTERNATE_LED
 .text.BLINK_BLUE
                0x00000b94       0x7c ./src/main.o
                0x00000b94                BLINK_BLUE
 .text.countdown_new
                0x00000c10       0xa4 ./src/main.o
                0x00000c10                countdown_new
 .text.saved    0x00000cb4       0xa0 ./src/main.o
                0x00000cb4                saved
 .text.do_Initialization
                0x00000d54       0x8c ./src/main.o
                0x00000d54                do_Initialization
 .text.do_toclimb
                0x00000de0       0xb0 ./src/main.o
                0x00000de0                do_toclimb
 .text.check_ClimbSensors
                0x00000e90      0x368 ./src/main.o
                0x00000e90                check_ClimbSensors
 .text.refresh_ClimbOLED
                0x000011f8      0x178 ./src/main.o
                0x000011f8                refresh_ClimbOLED
 .text.do_Climb
                0x00001370      0x430 ./src/main.o
                0x00001370                do_Climb
 .text.do_Emergency
                0x000017a0      0x42c ./src/main.o
                0x000017a0                do_Emergency
 .text.do_Emergency_over
                0x00001bcc       0xa4 ./src/main.o
                0x00001bcc                do_Emergency_over
 .text.EINT3_IRQHandler
                0x00001c70      0x414 ./src/main.o
                0x00001c70                EINT3_IRQHandler
 .text.SysTick_Handler
                0x00002084       0x24 ./src/main.o
                0x00002084                SysTick_Handler
 .text.main     0x000020a8      0x104 ./src/main.o
                0x000020a8                main
 .text.check_failed
                0x000021ac        0xc ./src/main.o
                0x000021ac                check_failed
 .text.SystemInit
                0x000021b8      0x22c C:\Users\Rachel\Dropbox\Assignment 2\Lib_CMSISv1p30_LPC17xx\Debug\libCMSISv1p30_LPC17xx.a(system_LPC17xx.o)
                0x000021b8                SystemInit
 .text.I2CRead  0x000023e4       0x5c C:\Users\Rachel\Dropbox\Assignment 2\Lib_EaBaseBoard\Debug\libLib_EaBaseBoard.a(acc.o)
 .text.I2CWrite
                0x00002440       0x5c C:\Users\Rachel\Dropbox\Assignment 2\Lib_EaBaseBoard\Debug\libLib_EaBaseBoard.a(acc.o)
 .text.getStatus
                0x0000249c       0x3c C:\Users\Rachel\Dropbox\Assignment 2\Lib_EaBaseBoard\Debug\libLib_EaBaseBoard.a(acc.o)
 .text.setModeControl
                0x000024d8       0x30 C:\Users\Rachel\Dropbox\Assignment 2\Lib_EaBaseBoard\Debug\libLib_EaBaseBoard.a(acc.o)
 .text.acc_init
                0x00002508       0x10 C:\Users\Rachel\Dropbox\Assignment 2\Lib_EaBaseBoard\Debug\libLib_EaBaseBoard.a(acc.o)
                0x00002508                acc_init
 .text.acc_read
                0x00002518       0xbc C:\Users\Rachel\Dropbox\Assignment 2\Lib_EaBaseBoard\Debug\libLib_EaBaseBoard.a(acc.o)
                0x00002518                acc_read
 .text.joystick_init
                0x000025d4       0x28 C:\Users\Rachel\Dropbox\Assignment 2\Lib_EaBaseBoard\Debug\libLib_EaBaseBoard.a(joystick.o)
                0x000025d4                joystick_init
 .text.led7seg_init
                0x000025fc       0x24 C:\Users\Rachel\Dropbox\Assignment 2\Lib_EaBaseBoard\Debug\libLib_EaBaseBoard.a(led7seg.o)
                0x000025fc                led7seg_init
 .text.led7seg_setChar
                0x00002620       0x88 C:\Users\Rachel\Dropbox\Assignment 2\Lib_EaBaseBoard\Debug\libLib_EaBaseBoard.a(led7seg.o)
                0x00002620                led7seg_setChar
 .text.I2CRead  0x000026a8       0x5c C:\Users\Rachel\Dropbox\Assignment 2\Lib_EaBaseBoard\Debug\libLib_EaBaseBoard.a(light.o)
 .text.I2CWrite
                0x00002704       0x5c C:\Users\Rachel\Dropbox\Assignment 2\Lib_EaBaseBoard\Debug\libLib_EaBaseBoard.a(light.o)
 .text.readControlReg
                0x00002760       0x3c C:\Users\Rachel\Dropbox\Assignment 2\Lib_EaBaseBoard\Debug\libLib_EaBaseBoard.a(light.o)
 .text.light_enable
                0x0000279c       0x48 C:\Users\Rachel\Dropbox\Assignment 2\Lib_EaBaseBoard\Debug\libLib_EaBaseBoard.a(light.o)
                0x0000279c                light_enable
 .text.light_read
                0x000027e4       0x90 C:\Users\Rachel\Dropbox\Assignment 2\Lib_EaBaseBoard\Debug\libLib_EaBaseBoard.a(light.o)
                0x000027e4                light_read
 .text.light_setLoThreshold
                0x00002874       0x58 C:\Users\Rachel\Dropbox\Assignment 2\Lib_EaBaseBoard\Debug\libLib_EaBaseBoard.a(light.o)
                0x00002874                light_setLoThreshold
 .text.light_clearIrqStatus
                0x000028cc       0x3c C:\Users\Rachel\Dropbox\Assignment 2\Lib_EaBaseBoard\Debug\libLib_EaBaseBoard.a(light.o)
                0x000028cc                light_clearIrqStatus
 .text.writeCommand
                0x00002908       0x60 C:\Users\Rachel\Dropbox\Assignment 2\Lib_EaBaseBoard\Debug\libLib_EaBaseBoard.a(oled.o)
 .text.writeData
                0x00002968       0x60 C:\Users\Rachel\Dropbox\Assignment 2\Lib_EaBaseBoard\Debug\libLib_EaBaseBoard.a(oled.o)
 .text.writeDataLen
                0x000029c8       0x8c C:\Users\Rachel\Dropbox\Assignment 2\Lib_EaBaseBoard\Debug\libLib_EaBaseBoard.a(oled.o)
 .text.runInitSequence
                0x00002a54      0x118 C:\Users\Rachel\Dropbox\Assignment 2\Lib_EaBaseBoard\Debug\libLib_EaBaseBoard.a(oled.o)
 .text.hLine    0x00002b6c       0x4c C:\Users\Rachel\Dropbox\Assignment 2\Lib_EaBaseBoard\Debug\libLib_EaBaseBoard.a(oled.o)
 .text.vLine    0x00002bb8       0x4c C:\Users\Rachel\Dropbox\Assignment 2\Lib_EaBaseBoard\Debug\libLib_EaBaseBoard.a(oled.o)
 .text.oled_init
                0x00002c04       0x9c C:\Users\Rachel\Dropbox\Assignment 2\Lib_EaBaseBoard\Debug\libLib_EaBaseBoard.a(oled.o)
                0x00002c04                oled_init
 .text.oled_putPixel
                0x00002ca0      0x188 C:\Users\Rachel\Dropbox\Assignment 2\Lib_EaBaseBoard\Debug\libLib_EaBaseBoard.a(oled.o)
                0x00002ca0                oled_putPixel
 .text.oled_line
                0x00002e28      0x1d4 C:\Users\Rachel\Dropbox\Assignment 2\Lib_EaBaseBoard\Debug\libLib_EaBaseBoard.a(oled.o)
                0x00002e28                oled_line
 .text.oled_clearScreen
                0x00002ffc       0x74 C:\Users\Rachel\Dropbox\Assignment 2\Lib_EaBaseBoard\Debug\libLib_EaBaseBoard.a(oled.o)
                0x00002ffc                oled_clearScreen
 .text.oled_putChar
                0x00003070       0xf0 C:\Users\Rachel\Dropbox\Assignment 2\Lib_EaBaseBoard\Debug\libLib_EaBaseBoard.a(oled.o)
                0x00003070                oled_putChar
 .text.oled_putString
                0x00003160       0x54 C:\Users\Rachel\Dropbox\Assignment 2\Lib_EaBaseBoard\Debug\libLib_EaBaseBoard.a(oled.o)
                0x00003160                oled_putString
 .text.I2CWrite
                0x000031b4       0x5c C:\Users\Rachel\Dropbox\Assignment 2\Lib_EaBaseBoard\Debug\libLib_EaBaseBoard.a(pca9532.o)
 .text.setLsStates
                0x00003210       0xc4 C:\Users\Rachel\Dropbox\Assignment 2\Lib_EaBaseBoard\Debug\libLib_EaBaseBoard.a(pca9532.o)
 .text.setLeds  0x000032d4       0xa0 C:\Users\Rachel\Dropbox\Assignment 2\Lib_EaBaseBoard\Debug\libLib_EaBaseBoard.a(pca9532.o)
 .text.pca9532_init
                0x00003374        0xc C:\Users\Rachel\Dropbox\Assignment 2\Lib_EaBaseBoard\Debug\libLib_EaBaseBoard.a(pca9532.o)
                0x00003374                pca9532_init
 .text.pca9532_setLeds
                0x00003380       0xa0 C:\Users\Rachel\Dropbox\Assignment 2\Lib_EaBaseBoard\Debug\libLib_EaBaseBoard.a(pca9532.o)
                0x00003380                pca9532_setLeds
 .text.rgb_init
                0x00003420       0x38 C:\Users\Rachel\Dropbox\Assignment 2\Lib_EaBaseBoard\Debug\libLib_EaBaseBoard.a(rgb.o)
                0x00003420                rgb_init
 .text.temp_init
                0x00003458       0x2c C:\Users\Rachel\Dropbox\Assignment 2\Lib_EaBaseBoard\Debug\libLib_EaBaseBoard.a(temp.o)
                0x00003458                temp_init
 .text.GPIO_GetPointer
                0x00003484       0x7c C:\Users\Rachel\Dropbox\Assignment 2\Lib_MCU\Debug\libLib_MCU.a(lpc17xx_gpio.o)
 .text.GPIO_SetDir
                0x00003500       0x54 C:\Users\Rachel\Dropbox\Assignment 2\Lib_MCU\Debug\libLib_MCU.a(lpc17xx_gpio.o)
                0x00003500                GPIO_SetDir
 .text.GPIO_SetValue
                0x00003554       0x2c C:\Users\Rachel\Dropbox\Assignment 2\Lib_MCU\Debug\libLib_MCU.a(lpc17xx_gpio.o)
                0x00003554                GPIO_SetValue
 .text.GPIO_ClearValue
                0x00003580       0x2c C:\Users\Rachel\Dropbox\Assignment 2\Lib_MCU\Debug\libLib_MCU.a(lpc17xx_gpio.o)
                0x00003580                GPIO_ClearValue
 .text.GPIO_ReadValue
                0x000035ac       0x30 C:\Users\Rachel\Dropbox\Assignment 2\Lib_MCU\Debug\libLib_MCU.a(lpc17xx_gpio.o)
                0x000035ac                GPIO_ReadValue
 .text.NVIC_EnableIRQ
                0x000035dc       0x38 C:\Users\Rachel\Dropbox\Assignment 2\Lib_MCU\Debug\libLib_MCU.a(lpc17xx_i2c.o)
 .text.NVIC_DisableIRQ
                0x00003614       0x3c C:\Users\Rachel\Dropbox\Assignment 2\Lib_MCU\Debug\libLib_MCU.a(lpc17xx_i2c.o)
 .text.I2C_getNum
                0x00003650       0x54 C:\Users\Rachel\Dropbox\Assignment 2\Lib_MCU\Debug\libLib_MCU.a(lpc17xx_i2c.o)
 .text.I2C_Start
                0x000036a4       0x44 C:\Users\Rachel\Dropbox\Assignment 2\Lib_MCU\Debug\libLib_MCU.a(lpc17xx_i2c.o)
 .text.I2C_Stop
                0x000036e8       0x38 C:\Users\Rachel\Dropbox\Assignment 2\Lib_MCU\Debug\libLib_MCU.a(lpc17xx_i2c.o)
 .text.I2C_SendByte
                0x00003720       0x50 C:\Users\Rachel\Dropbox\Assignment 2\Lib_MCU\Debug\libLib_MCU.a(lpc17xx_i2c.o)
 .text.I2C_GetByte
                0x00003770       0x5c C:\Users\Rachel\Dropbox\Assignment 2\Lib_MCU\Debug\libLib_MCU.a(lpc17xx_i2c.o)
 .text.I2C_IntCmd
                0x000037cc       0xa8 C:\Users\Rachel\Dropbox\Assignment 2\Lib_MCU\Debug\libLib_MCU.a(lpc17xx_i2c.o)
                0x000037cc                I2C_IntCmd
 .text.I2C_MasterHandler
                0x00003874      0x408 C:\Users\Rachel\Dropbox\Assignment 2\Lib_MCU\Debug\libLib_MCU.a(lpc17xx_i2c.o)
                0x00003874                I2C_MasterHandler
 .text.I2C_SetClock
                0x00003c7c       0xc8 C:\Users\Rachel\Dropbox\Assignment 2\Lib_MCU\Debug\libLib_MCU.a(lpc17xx_i2c.o)
                0x00003c7c                I2C_SetClock
 .text.I2C_Init
                0x00003d44       0xd8 C:\Users\Rachel\Dropbox\Assignment 2\Lib_MCU\Debug\libLib_MCU.a(lpc17xx_i2c.o)
                0x00003d44                I2C_Init
 .text.I2C_Cmd  0x00003e1c       0x84 C:\Users\Rachel\Dropbox\Assignment 2\Lib_MCU\Debug\libLib_MCU.a(lpc17xx_i2c.o)
                0x00003e1c                I2C_Cmd
 .text.I2C_MasterTransferData
                0x00003ea0      0x390 C:\Users\Rachel\Dropbox\Assignment 2\Lib_MCU\Debug\libLib_MCU.a(lpc17xx_i2c.o)
                0x00003ea0                I2C_MasterTransferData
 .text.PINSEL_SetPinFunc
                0x00004230       0x9c C:\Users\Rachel\Dropbox\Assignment 2\Lib_MCU\Debug\libLib_MCU.a(lpc17xx_pinsel.o)
                0x00004230                PINSEL_SetPinFunc
 .text.PINSEL_SetResistorMode
                0x000042cc       0x9c C:\Users\Rachel\Dropbox\Assignment 2\Lib_MCU\Debug\libLib_MCU.a(lpc17xx_pinsel.o)
                0x000042cc                PINSEL_SetResistorMode
 .text.PINSEL_SetOpenDrainMode
                0x00004368       0x7c C:\Users\Rachel\Dropbox\Assignment 2\Lib_MCU\Debug\libLib_MCU.a(lpc17xx_pinsel.o)
                0x00004368                PINSEL_SetOpenDrainMode
 .text.PINSEL_ConfigPin
                0x000043e4       0x54 C:\Users\Rachel\Dropbox\Assignment 2\Lib_MCU\Debug\libLib_MCU.a(lpc17xx_pinsel.o)
                0x000043e4                PINSEL_ConfigPin
 .text.SSP_getNum
                0x00004438       0x40 C:\Users\Rachel\Dropbox\Assignment 2\Lib_MCU\Debug\libLib_MCU.a(lpc17xx_ssp.o)
 .text.SSP_IntHandler
                0x00004478      0x338 C:\Users\Rachel\Dropbox\Assignment 2\Lib_MCU\Debug\libLib_MCU.a(lpc17xx_ssp.o)
                0x00004478                SSP_IntHandler
 .text.SSP_SetClock
                0x000047b0       0xf8 C:\Users\Rachel\Dropbox\Assignment 2\Lib_MCU\Debug\libLib_MCU.a(lpc17xx_ssp.o)
                0x000047b0                SSP_SetClock
 .text.SSP_Init
                0x000048a8      0x10c C:\Users\Rachel\Dropbox\Assignment 2\Lib_MCU\Debug\libLib_MCU.a(lpc17xx_ssp.o)
                0x000048a8                SSP_Init
 .text.SSP_ConfigStructInit
                0x000049b4       0x48 C:\Users\Rachel\Dropbox\Assignment 2\Lib_MCU\Debug\libLib_MCU.a(lpc17xx_ssp.o)
                0x000049b4                SSP_ConfigStructInit
 .text.SSP_Cmd  0x000049fc       0x7c C:\Users\Rachel\Dropbox\Assignment 2\Lib_MCU\Debug\libLib_MCU.a(lpc17xx_ssp.o)
                0x000049fc                SSP_Cmd
 .text.SSP_SendData
                0x00004a78       0x48 C:\Users\Rachel\Dropbox\Assignment 2\Lib_MCU\Debug\libLib_MCU.a(lpc17xx_ssp.o)
                0x00004a78                SSP_SendData
 .text.SSP_ReceiveData
                0x00004ac0       0x44 C:\Users\Rachel\Dropbox\Assignment 2\Lib_MCU\Debug\libLib_MCU.a(lpc17xx_ssp.o)
                0x00004ac0                SSP_ReceiveData
 .text.SSP_ReadWrite
                0x00004b04      0x440 C:\Users\Rachel\Dropbox\Assignment 2\Lib_MCU\Debug\libLib_MCU.a(lpc17xx_ssp.o)
                0x00004b04                SSP_ReadWrite
 .text.TIM_GetPClock
                0x00004f44       0x68 C:\Users\Rachel\Dropbox\Assignment 2\Lib_MCU\Debug\libLib_MCU.a(lpc17xx_timer.o)
                0x00004f44                TIM_GetPClock
 .text.TIM_ConverUSecToVal
                0x00004fac       0x64 C:\Users\Rachel\Dropbox\Assignment 2\Lib_MCU\Debug\libLib_MCU.a(lpc17xx_timer.o)
                0x00004fac                TIM_ConverUSecToVal
 .text.TIM_ConverPtrToTimeNum
                0x00005010       0x6c C:\Users\Rachel\Dropbox\Assignment 2\Lib_MCU\Debug\libLib_MCU.a(lpc17xx_timer.o)
                0x00005010                TIM_ConverPtrToTimeNum
 .text.TIM_GetIntStatus
                0x0000507c       0xb4 C:\Users\Rachel\Dropbox\Assignment 2\Lib_MCU\Debug\libLib_MCU.a(lpc17xx_timer.o)
                0x0000507c                TIM_GetIntStatus
 .text.TIM_ClearIntPending
                0x00005130       0xa0 C:\Users\Rachel\Dropbox\Assignment 2\Lib_MCU\Debug\libLib_MCU.a(lpc17xx_timer.o)
                0x00005130                TIM_ClearIntPending
 .text.TIM_Init
                0x000051d0      0x1bc C:\Users\Rachel\Dropbox\Assignment 2\Lib_MCU\Debug\libLib_MCU.a(lpc17xx_timer.o)
                0x000051d0                TIM_Init
 .text.TIM_Cmd  0x0000538c       0x78 C:\Users\Rachel\Dropbox\Assignment 2\Lib_MCU\Debug\libLib_MCU.a(lpc17xx_timer.o)
                0x0000538c                TIM_Cmd
 .text.TIM_ConfigMatch
                0x00005404      0x19c C:\Users\Rachel\Dropbox\Assignment 2\Lib_MCU\Debug\libLib_MCU.a(lpc17xx_timer.o)
                0x00005404                TIM_ConfigMatch
 .text.Timer0_Wait
                0x000055a0       0x8c C:\Users\Rachel\Dropbox\Assignment 2\Lib_MCU\Debug\libLib_MCU.a(lpc17xx_timer.o)
                0x000055a0                Timer0_Wait
 .text.Timer0_us_Wait
                0x0000562c       0x8c C:\Users\Rachel\Dropbox\Assignment 2\Lib_MCU\Debug\libLib_MCU.a(lpc17xx_timer.o)
                0x0000562c                Timer0_us_Wait
 .text.uart_set_divisors
                0x000056b8      0x26c C:\Users\Rachel\Dropbox\Assignment 2\Lib_MCU\Debug\libLib_MCU.a(lpc17xx_uart.o)
                0x000056b8                uart_set_divisors
 .text.UART_Init
                0x00005924      0x368 C:\Users\Rachel\Dropbox\Assignment 2\Lib_MCU\Debug\libLib_MCU.a(lpc17xx_uart.o)
                0x00005924                UART_Init
 .text.UART_SendData
                0x00005c8c       0x78 C:\Users\Rachel\Dropbox\Assignment 2\Lib_MCU\Debug\libLib_MCU.a(lpc17xx_uart.o)
                0x00005c8c                UART_SendData
 .text.UART_IntConfig
                0x00005d04      0x1c8 C:\Users\Rachel\Dropbox\Assignment 2\Lib_MCU\Debug\libLib_MCU.a(lpc17xx_uart.o)
                0x00005d04                UART_IntConfig
 .text.UART_TxCmd
                0x00005ecc       0xe8 C:\Users\Rachel\Dropbox\Assignment 2\Lib_MCU\Debug\libLib_MCU.a(lpc17xx_uart.o)
                0x00005ecc                UART_TxCmd
 .text.UART_Send
                0x00005fb4      0x10c C:\Users\Rachel\Dropbox\Assignment 2\Lib_MCU\Debug\libLib_MCU.a(lpc17xx_uart.o)
                0x00005fb4                UART_Send
 .text.CLKPWR_SetPCLKDiv
                0x000060c0       0xcc C:\Users\Rachel\Dropbox\Assignment 2\Lib_MCU\Debug\libLib_MCU.a(lpc17xx_clkpwr.o)
                0x000060c0                CLKPWR_SetPCLKDiv
 .text.CLKPWR_GetPCLKSEL
                0x0000618c       0x54 C:\Users\Rachel\Dropbox\Assignment 2\Lib_MCU\Debug\libLib_MCU.a(lpc17xx_clkpwr.o)
                0x0000618c                CLKPWR_GetPCLKSEL
 .text.CLKPWR_GetPCLK
                0x000061e0       0x74 C:\Users\Rachel\Dropbox\Assignment 2\Lib_MCU\Debug\libLib_MCU.a(lpc17xx_clkpwr.o)
                0x000061e0                CLKPWR_GetPCLK
 .text.CLKPWR_ConfigPPWR
                0x00006254       0x78 C:\Users\Rachel\Dropbox\Assignment 2\Lib_MCU\Debug\libLib_MCU.a(lpc17xx_clkpwr.o)
                0x00006254                CLKPWR_ConfigPPWR
 .text          0x000062cc      0x370 c:/nxp/lpcxpresso_6.1.4_194/lpcxpresso/tools/bin/../lib/gcc/arm-none-eabi/4.6.2/armv7-m\libgcc.a(_arm_addsubdf3.o)
                0x000062cc                __aeabi_drsub
                0x000062d4                __aeabi_dsub
                0x000062d4                __subdf3
                0x000062d8                __aeabi_dadd
                0x000062d8                __adddf3
                0x00006550                __floatunsidf
                0x00006550                __aeabi_ui2d
                0x00006570                __floatsidf
                0x00006570                __aeabi_i2d
                0x00006594                __aeabi_f2d
                0x00006594                __extendsfdf2
                0x000065d0                __floatundidf
                0x000065d0                __aeabi_ul2d
                0x000065e0                __floatdidf
                0x000065e0                __aeabi_l2d
 .text          0x0000663c      0x424 c:/nxp/lpcxpresso_6.1.4_194/lpcxpresso/tools/bin/../lib/gcc/arm-none-eabi/4.6.2/armv7-m\libgcc.a(_arm_muldivdf3.o)
                0x0000663c                __aeabi_dmul
                0x0000663c                __muldf3
                0x00006890                __divdf3
                0x00006890                __aeabi_ddiv
 .text          0x00006a60      0x110 c:/nxp/lpcxpresso_6.1.4_194/lpcxpresso/tools/bin/../lib/gcc/arm-none-eabi/4.6.2/armv7-m\libgcc.a(_arm_cmpdf2.o)
                0x00006a60                __gtdf2
                0x00006a60                __gedf2
                0x00006a68                __ltdf2
                0x00006a68                __ledf2
                0x00006a70                __nedf2
                0x00006a70                __eqdf2
                0x00006a70                __cmpdf2
                0x00006aec                __aeabi_cdrcmple
                0x00006afc                __aeabi_cdcmpeq
                0x00006afc                __aeabi_cdcmple
                0x00006b0c                __aeabi_dcmpeq
                0x00006b20                __aeabi_dcmplt
                0x00006b34                __aeabi_dcmple
                0x00006b48                __aeabi_dcmpge
                0x00006b5c                __aeabi_dcmpgt
 .text          0x00006b70       0x50 c:/nxp/lpcxpresso_6.1.4_194/lpcxpresso/tools/bin/../lib/gcc/arm-none-eabi/4.6.2/armv7-m\libgcc.a(_arm_fixdfsi.o)
                0x00006b70                __aeabi_d2iz
                0x00006b70                __fixdfsi
 .text          0x00006bc0       0xa0 c:/nxp/lpcxpresso_6.1.4_194/lpcxpresso/tools/bin/../lib/gcc/arm-none-eabi/4.6.2/armv7-m\libgcc.a(_arm_truncdfsf2.o)
                0x00006bc0                __truncdfsf2
                0x00006bc0                __aeabi_d2f
 .text          0x00006c60       0x2c c:/nxp/lpcxpresso_6.1.4_194/lpcxpresso/tools/bin/../lib/gcc/arm-none-eabi/4.6.2/armv7-m\libgcc.a(_aeabi_uldivmod.o)
                0x00006c60                __aeabi_uldivmod
 .text          0x00006c8c       0x5c c:/nxp/lpcxpresso_6.1.4_194/lpcxpresso/tools/bin/../lib/gcc/arm-none-eabi/4.6.2/armv7-m\libgcc.a(bpabi.o)
                0x00006c8c                __gnu_ldivmod_helper
                0x00006cbc                __gnu_uldivmod_helper
 .text          0x00006ce8        0x4 c:/nxp/lpcxpresso_6.1.4_194/lpcxpresso/tools/bin/../lib/gcc/arm-none-eabi/4.6.2/armv7-m\libgcc.a(_dvmd_tls.o)
                0x00006ce8                __aeabi_idiv0
                0x00006ce8                __aeabi_ldiv0
 .text          0x00006cec      0x2c8 c:/nxp/lpcxpresso_6.1.4_194/lpcxpresso/tools/bin/../lib/gcc/arm-none-eabi/4.6.2/armv7-m\libgcc.a(_divdi3.o)
                0x00006cec                __divdi3
 .text          0x00006fb4      0x298 c:/nxp/lpcxpresso_6.1.4_194/lpcxpresso/tools/bin/../lib/gcc/arm-none-eabi/4.6.2/armv7-m\libgcc.a(_udivdi3.o)
                0x00006fb4                __udivdi3
 .text.abs      0x0000724c        0x8 c:/nxp/lpcxpresso_6.1.4_194/lpcxpresso/tools/bin/../lib/gcc/arm-none-eabi/4.6.2/../../../../arm-none-eabi/lib/armv7-m\libc.a(lib_a-abs.o)
                0x0000724c                abs
 .text.memset   0x00007254       0x90 c:/nxp/lpcxpresso_6.1.4_194/lpcxpresso/tools/bin/../lib/gcc/arm-none-eabi/4.6.2/../../../../arm-none-eabi/lib/armv7-m\libc.a(lib_a-memset.o)
                0x00007254                memset
 .text.printf   0x000072e4       0x2c c:/nxp/lpcxpresso_6.1.4_194/lpcxpresso/tools/bin/../lib/gcc/arm-none-eabi/4.6.2/../../../../arm-none-eabi/lib/armv7-m\libc.a(lib_a-printf.o)
                0x000072e4                printf
 .text.sprintf  0x00007310       0x50 c:/nxp/lpcxpresso_6.1.4_194/lpcxpresso/tools/bin/../lib/gcc/arm-none-eabi/4.6.2/../../../../arm-none-eabi/lib/armv7-m\libc.a(lib_a-sprintf.o)
                0x00007310                sprintf
 .text.strlen   0x00007360       0x60 c:/nxp/lpcxpresso_6.1.4_194/lpcxpresso/tools/bin/../lib/gcc/arm-none-eabi/4.6.2/../../../../arm-none-eabi/lib/armv7-m\libc.a(lib_a-strlen.o)
                0x00007360                strlen
 .text._svfprintf_r
                0x000073c0     0x1408 c:/nxp/lpcxpresso_6.1.4_194/lpcxpresso/tools/bin/../lib/gcc/arm-none-eabi/4.6.2/../../../../arm-none-eabi/lib/armv7-m\libc.a(lib_a-svfprintf.o)
                0x000073c0                _svfprintf_r
 .text._vfprintf_r
                0x000087c8     0x171c c:/nxp/lpcxpresso_6.1.4_194/lpcxpresso/tools/bin/../lib/gcc/arm-none-eabi/4.6.2/../../../../arm-none-eabi/lib/armv7-m\libc.a(lib_a-vfprintf.o)
                0x000087c8                _vfprintf_r
 .text.__swsetup_r
                0x00009ee4       0xb8 c:/nxp/lpcxpresso_6.1.4_194/lpcxpresso/tools/bin/../lib/gcc/arm-none-eabi/4.6.2/../../../../arm-none-eabi/lib/armv7-m\libc.a(lib_a-wsetup.o)
                0x00009ee4                __swsetup_r
 .text.quorem   0x00009f9c      0x150 c:/nxp/lpcxpresso_6.1.4_194/lpcxpresso/tools/bin/../lib/gcc/arm-none-eabi/4.6.2/../../../../arm-none-eabi/lib/armv7-m\libc.a(lib_a-dtoa.o)
 *fill*         0x0000a0ec        0x4 00
 .text._dtoa_r  0x0000a0f0      0xe60 c:/nxp/lpcxpresso_6.1.4_194/lpcxpresso/tools/bin/../lib/gcc/arm-none-eabi/4.6.2/../../../../arm-none-eabi/lib/armv7-m\libc.a(lib_a-dtoa.o)
                0x0000a0f0                _dtoa_r
 .text._fflush_r
                0x0000af50      0x16c c:/nxp/lpcxpresso_6.1.4_194/lpcxpresso/tools/bin/../lib/gcc/arm-none-eabi/4.6.2/../../../../arm-none-eabi/lib/armv7-m\libc.a(lib_a-fflush.o)
                0x0000af50                _fflush_r
 .text._cleanup_r
                0x0000b0bc        0xc c:/nxp/lpcxpresso_6.1.4_194/lpcxpresso/tools/bin/../lib/gcc/arm-none-eabi/4.6.2/../../../../arm-none-eabi/lib/armv7-m\libc.a(lib_a-findfp.o)
                0x0000b0bc                _cleanup_r
 .text.std.isra.0
                0x0000b0c8       0x50 c:/nxp/lpcxpresso_6.1.4_194/lpcxpresso/tools/bin/../lib/gcc/arm-none-eabi/4.6.2/../../../../arm-none-eabi/lib/armv7-m\libc.a(lib_a-findfp.o)
 .text.__sinit  0x0000b118       0x4c c:/nxp/lpcxpresso_6.1.4_194/lpcxpresso/tools/bin/../lib/gcc/arm-none-eabi/4.6.2/../../../../arm-none-eabi/lib/armv7-m\libc.a(lib_a-findfp.o)
                0x0000b118                __sinit
 .text.__sfp_lock_acquire
                0x0000b164        0x4 c:/nxp/lpcxpresso_6.1.4_194/lpcxpresso/tools/bin/../lib/gcc/arm-none-eabi/4.6.2/../../../../arm-none-eabi/lib/armv7-m\libc.a(lib_a-findfp.o)
                0x0000b164                __sfp_lock_acquire
 .text.__sfp_lock_release
                0x0000b168        0x4 c:/nxp/lpcxpresso_6.1.4_194/lpcxpresso/tools/bin/../lib/gcc/arm-none-eabi/4.6.2/../../../../arm-none-eabi/lib/armv7-m\libc.a(lib_a-findfp.o)
                0x0000b168                __sfp_lock_release
 .text._malloc_trim_r
                0x0000b16c       0xa0 c:/nxp/lpcxpresso_6.1.4_194/lpcxpresso/tools/bin/../lib/gcc/arm-none-eabi/4.6.2/../../../../arm-none-eabi/lib/armv7-m\libc.a(lib_a-freer.o)
                0x0000b16c                _malloc_trim_r
 .text._free_r  0x0000b20c      0x190 c:/nxp/lpcxpresso_6.1.4_194/lpcxpresso/tools/bin/../lib/gcc/arm-none-eabi/4.6.2/../../../../arm-none-eabi/lib/armv7-m\libc.a(lib_a-freer.o)
                0x0000b20c                _free_r
 .text._fwalk   0x0000b39c       0x54 c:/nxp/lpcxpresso_6.1.4_194/lpcxpresso/tools/bin/../lib/gcc/arm-none-eabi/4.6.2/../../../../arm-none-eabi/lib/armv7-m\libc.a(lib_a-fwalk.o)
                0x0000b39c                _fwalk
 .text.__locale_charset
                0x0000b3f0        0xc c:/nxp/lpcxpresso_6.1.4_194/lpcxpresso/tools/bin/../lib/gcc/arm-none-eabi/4.6.2/../../../../arm-none-eabi/lib/armv7-m\libc.a(lib_a-locale.o)
                0x0000b3f0                __locale_charset
 .text.__locale_mb_cur_max
                0x0000b3fc        0xc c:/nxp/lpcxpresso_6.1.4_194/lpcxpresso/tools/bin/../lib/gcc/arm-none-eabi/4.6.2/../../../../arm-none-eabi/lib/armv7-m\libc.a(lib_a-locale.o)
                0x0000b3fc                __locale_mb_cur_max
 .text._localeconv_r
                0x0000b408        0xc c:/nxp/lpcxpresso_6.1.4_194/lpcxpresso/tools/bin/../lib/gcc/arm-none-eabi/4.6.2/../../../../arm-none-eabi/lib/armv7-m\libc.a(lib_a-locale.o)
                0x0000b408                _localeconv_r
 .text.__smakebuf_r
                0x0000b414       0xe0 c:/nxp/lpcxpresso_6.1.4_194/lpcxpresso/tools/bin/../lib/gcc/arm-none-eabi/4.6.2/../../../../arm-none-eabi/lib/armv7-m\libc.a(lib_a-makebuf.o)
                0x0000b414                __smakebuf_r
 .text._malloc_r
                0x0000b4f4      0x528 c:/nxp/lpcxpresso_6.1.4_194/lpcxpresso/tools/bin/../lib/gcc/arm-none-eabi/4.6.2/../../../../arm-none-eabi/lib/armv7-m\libc.a(lib_a-mallocr.o)
                0x0000b4f4                _malloc_r
 .text.memchr   0x0000ba1c       0x84 c:/nxp/lpcxpresso_6.1.4_194/lpcxpresso/tools/bin/../lib/gcc/arm-none-eabi/4.6.2/../../../../arm-none-eabi/lib/armv7-m\libc.a(lib_a-memchr.o)
                0x0000ba1c                memchr
 .text.memcpy   0x0000baa0       0x84 c:/nxp/lpcxpresso_6.1.4_194/lpcxpresso/tools/bin/../lib/gcc/arm-none-eabi/4.6.2/../../../../arm-none-eabi/lib/armv7-m\libc.a(lib_a-memcpy.o)
                0x0000baa0                memcpy
 .text.__malloc_lock
                0x0000bb24        0x4 c:/nxp/lpcxpresso_6.1.4_194/lpcxpresso/tools/bin/../lib/gcc/arm-none-eabi/4.6.2/../../../../arm-none-eabi/lib/armv7-m\libc.a(lib_a-mlock.o)
                0x0000bb24                __malloc_lock
 .text.__malloc_unlock
                0x0000bb28        0x4 c:/nxp/lpcxpresso_6.1.4_194/lpcxpresso/tools/bin/../lib/gcc/arm-none-eabi/4.6.2/../../../../arm-none-eabi/lib/armv7-m\libc.a(lib_a-mlock.o)
                0x0000bb28                __malloc_unlock
 .text._Balloc  0x0000bb2c       0x4c c:/nxp/lpcxpresso_6.1.4_194/lpcxpresso/tools/bin/../lib/gcc/arm-none-eabi/4.6.2/../../../../arm-none-eabi/lib/armv7-m\libc.a(lib_a-mprec.o)
                0x0000bb2c                _Balloc
 .text._Bfree   0x0000bb78       0x14 c:/nxp/lpcxpresso_6.1.4_194/lpcxpresso/tools/bin/../lib/gcc/arm-none-eabi/4.6.2/../../../../arm-none-eabi/lib/armv7-m\libc.a(lib_a-mprec.o)
                0x0000bb78                _Bfree
 .text.__multadd
                0x0000bb8c       0x84 c:/nxp/lpcxpresso_6.1.4_194/lpcxpresso/tools/bin/../lib/gcc/arm-none-eabi/4.6.2/../../../../arm-none-eabi/lib/armv7-m\libc.a(lib_a-mprec.o)
                0x0000bb8c                __multadd
 .text.__hi0bits
                0x0000bc10       0x3c c:/nxp/lpcxpresso_6.1.4_194/lpcxpresso/tools/bin/../lib/gcc/arm-none-eabi/4.6.2/../../../../arm-none-eabi/lib/armv7-m\libc.a(lib_a-mprec.o)
                0x0000bc10                __hi0bits
 .text.__lo0bits
                0x0000bc4c       0x5c c:/nxp/lpcxpresso_6.1.4_194/lpcxpresso/tools/bin/../lib/gcc/arm-none-eabi/4.6.2/../../../../arm-none-eabi/lib/armv7-m\libc.a(lib_a-mprec.o)
                0x0000bc4c                __lo0bits
 .text.__i2b    0x0000bca8       0x14 c:/nxp/lpcxpresso_6.1.4_194/lpcxpresso/tools/bin/../lib/gcc/arm-none-eabi/4.6.2/../../../../arm-none-eabi/lib/armv7-m\libc.a(lib_a-mprec.o)
                0x0000bca8                __i2b
 .text.__multiply
                0x0000bcbc      0x144 c:/nxp/lpcxpresso_6.1.4_194/lpcxpresso/tools/bin/../lib/gcc/arm-none-eabi/4.6.2/../../../../arm-none-eabi/lib/armv7-m\libc.a(lib_a-mprec.o)
                0x0000bcbc                __multiply
 .text.__pow5mult
                0x0000be00       0x98 c:/nxp/lpcxpresso_6.1.4_194/lpcxpresso/tools/bin/../lib/gcc/arm-none-eabi/4.6.2/../../../../arm-none-eabi/lib/armv7-m\libc.a(lib_a-mprec.o)
                0x0000be00                __pow5mult
 .text.__lshift
                0x0000be98       0xc0 c:/nxp/lpcxpresso_6.1.4_194/lpcxpresso/tools/bin/../lib/gcc/arm-none-eabi/4.6.2/../../../../arm-none-eabi/lib/armv7-m\libc.a(lib_a-mprec.o)
                0x0000be98                __lshift
 .text.__mcmp   0x0000bf58       0x3c c:/nxp/lpcxpresso_6.1.4_194/lpcxpresso/tools/bin/../lib/gcc/arm-none-eabi/4.6.2/../../../../arm-none-eabi/lib/armv7-m\libc.a(lib_a-mprec.o)
                0x0000bf58                __mcmp
 .text.__mdiff  0x0000bf94       0xd8 c:/nxp/lpcxpresso_6.1.4_194/lpcxpresso/tools/bin/../lib/gcc/arm-none-eabi/4.6.2/../../../../arm-none-eabi/lib/armv7-m\libc.a(lib_a-mprec.o)
                0x0000bf94                __mdiff
 .text.__d2b    0x0000c06c       0xcc c:/nxp/lpcxpresso_6.1.4_194/lpcxpresso/tools/bin/../lib/gcc/arm-none-eabi/4.6.2/../../../../arm-none-eabi/lib/armv7-m\libc.a(lib_a-mprec.o)
                0x0000c06c                __d2b
 .text.__fpclassifyd
                0x0000c138       0x68 c:/nxp/lpcxpresso_6.1.4_194/lpcxpresso/tools/bin/../lib/gcc/arm-none-eabi/4.6.2/../../../../arm-none-eabi/lib/armv7-m\libc.a(lib_a-s_fpclassify.o)
                0x0000c138                __fpclassifyd
 .text._sbrk_r  0x0000c1a0       0x24 c:/nxp/lpcxpresso_6.1.4_194/lpcxpresso/tools/bin/../lib/gcc/arm-none-eabi/4.6.2/../../../../arm-none-eabi/lib/armv7-m\libc.a(lib_a-sbrkr.o)
                0x0000c1a0                _sbrk_r
 .text.__sread  0x0000c1c4       0x24 c:/nxp/lpcxpresso_6.1.4_194/lpcxpresso/tools/bin/../lib/gcc/arm-none-eabi/4.6.2/../../../../arm-none-eabi/lib/armv7-m\libc.a(lib_a-stdio.o)
                0x0000c1c4                __sread
 .text.__swrite
                0x0000c1e8       0x40 c:/nxp/lpcxpresso_6.1.4_194/lpcxpresso/tools/bin/../lib/gcc/arm-none-eabi/4.6.2/../../../../arm-none-eabi/lib/armv7-m\libc.a(lib_a-stdio.o)
                0x0000c1e8                __swrite
 .text.__sseek  0x0000c228       0x24 c:/nxp/lpcxpresso_6.1.4_194/lpcxpresso/tools/bin/../lib/gcc/arm-none-eabi/4.6.2/../../../../arm-none-eabi/lib/armv7-m\libc.a(lib_a-stdio.o)
                0x0000c228                __sseek
 .text.__sclose
                0x0000c24c        0x8 c:/nxp/lpcxpresso_6.1.4_194/lpcxpresso/tools/bin/../lib/gcc/arm-none-eabi/4.6.2/../../../../arm-none-eabi/lib/armv7-m\libc.a(lib_a-stdio.o)
                0x0000c24c                __sclose
 .text.__ssprint_r
                0x0000c254       0xf8 c:/nxp/lpcxpresso_6.1.4_194/lpcxpresso/tools/bin/../lib/gcc/arm-none-eabi/4.6.2/../../../../arm-none-eabi/lib/armv7-m\libc.a(lib_a-svfiprintf.o)
                0x0000c254                __ssprint_r
 .text.__sprint_r
                0x0000c34c       0x80 c:/nxp/lpcxpresso_6.1.4_194/lpcxpresso/tools/bin/../lib/gcc/arm-none-eabi/4.6.2/../../../../arm-none-eabi/lib/armv7-m\libc.a(lib_a-vfiprintf.o)
                0x0000c34c                __sprint_r
 .text._write_r
                0x0000c3cc       0x28 c:/nxp/lpcxpresso_6.1.4_194/lpcxpresso/tools/bin/../lib/gcc/arm-none-eabi/4.6.2/../../../../arm-none-eabi/lib/armv7-m\libc.a(lib_a-writer.o)
                0x0000c3cc                _write_r
 .text._calloc_r
                0x0000c3f4       0x60 c:/nxp/lpcxpresso_6.1.4_194/lpcxpresso/tools/bin/../lib/gcc/arm-none-eabi/4.6.2/../../../../arm-none-eabi/lib/armv7-m\libc.a(lib_a-callocr.o)
                0x0000c3f4                _calloc_r
 .text._close_r
                0x0000c454       0x24 c:/nxp/lpcxpresso_6.1.4_194/lpcxpresso/tools/bin/../lib/gcc/arm-none-eabi/4.6.2/../../../../arm-none-eabi/lib/armv7-m\libc.a(lib_a-closer.o)
                0x0000c454                _close_r
 .text._fclose_r
                0x0000c478       0x90 c:/nxp/lpcxpresso_6.1.4_194/lpcxpresso/tools/bin/../lib/gcc/arm-none-eabi/4.6.2/../../../../arm-none-eabi/lib/armv7-m\libc.a(lib_a-fclose.o)
                0x0000c478                _fclose_r
 .text.fclose   0x0000c508       0x14 c:/nxp/lpcxpresso_6.1.4_194/lpcxpresso/tools/bin/../lib/gcc/arm-none-eabi/4.6.2/../../../../arm-none-eabi/lib/armv7-m\libc.a(lib_a-fclose.o)
                0x0000c508                fclose
 .text._fputwc_r
                0x0000c51c       0xd0 c:/nxp/lpcxpresso_6.1.4_194/lpcxpresso/tools/bin/../lib/gcc/arm-none-eabi/4.6.2/../../../../arm-none-eabi/lib/armv7-m\libc.a(lib_a-fputwc.o)
                0x0000c51c                _fputwc_r
 .text._fstat_r
                0x0000c5ec       0x28 c:/nxp/lpcxpresso_6.1.4_194/lpcxpresso/tools/bin/../lib/gcc/arm-none-eabi/4.6.2/../../../../arm-none-eabi/lib/armv7-m\libc.a(lib_a-fstatr.o)
                0x0000c5ec                _fstat_r
 .text.__sfvwrite_r
                0x0000c614      0x2e8 c:/nxp/lpcxpresso_6.1.4_194/lpcxpresso/tools/bin/../lib/gcc/arm-none-eabi/4.6.2/../../../../arm-none-eabi/lib/armv7-m\libc.a(lib_a-fvwrite.o)
                0x0000c614                __sfvwrite_r
 .text._isatty_r
                0x0000c8fc       0x24 c:/nxp/lpcxpresso_6.1.4_194/lpcxpresso/tools/bin/../lib/gcc/arm-none-eabi/4.6.2/../../../../arm-none-eabi/lib/armv7-m\libc.a(lib_a-isattyr.o)
                0x0000c8fc                _isatty_r
 .text._lseek_r
                0x0000c920       0x28 c:/nxp/lpcxpresso_6.1.4_194/lpcxpresso/tools/bin/../lib/gcc/arm-none-eabi/4.6.2/../../../../arm-none-eabi/lib/armv7-m\libc.a(lib_a-lseekr.o)
                0x0000c920                _lseek_r
 .text.memmove  0x0000c948       0xb0 c:/nxp/lpcxpresso_6.1.4_194/lpcxpresso/tools/bin/../lib/gcc/arm-none-eabi/4.6.2/../../../../arm-none-eabi/lib/armv7-m\libc.a(lib_a-memmove.o)
                0x0000c948                memmove
 .text._read_r  0x0000c9f8       0x28 c:/nxp/lpcxpresso_6.1.4_194/lpcxpresso/tools/bin/../lib/gcc/arm-none-eabi/4.6.2/../../../../arm-none-eabi/lib/armv7-m\libc.a(lib_a-readr.o)
                0x0000c9f8                _read_r
 .text._realloc_r
                0x0000ca20      0x3f4 c:/nxp/lpcxpresso_6.1.4_194/lpcxpresso/tools/bin/../lib/gcc/arm-none-eabi/4.6.2/../../../../arm-none-eabi/lib/armv7-m\libc.a(lib_a-reallocr.o)
                0x0000ca20                _realloc_r
 .text.__swbuf_r
                0x0000ce14       0xc0 c:/nxp/lpcxpresso_6.1.4_194/lpcxpresso/tools/bin/../lib/gcc/arm-none-eabi/4.6.2/../../../../arm-none-eabi/lib/armv7-m\libc.a(lib_a-wbuf.o)
                0x0000ce14                __swbuf_r
 .text._wcrtomb_r
                0x0000ced4       0x4c c:/nxp/lpcxpresso_6.1.4_194/lpcxpresso/tools/bin/../lib/gcc/arm-none-eabi/4.6.2/../../../../arm-none-eabi/lib/armv7-m\libc.a(lib_a-wcrtomb.o)
                0x0000ced4                _wcrtomb_r
 .text.__ascii_wctomb
                0x0000cf20       0x1c c:/nxp/lpcxpresso_6.1.4_194/lpcxpresso/tools/bin/../lib/gcc/arm-none-eabi/4.6.2/../../../../arm-none-eabi/lib/armv7-m\libc.a(lib_a-wctomb_r.o)
                0x0000cf20                __ascii_wctomb
 .text.sqrt     0x0000cf3c       0xa8 c:/nxp/lpcxpresso_6.1.4_194/lpcxpresso/tools/bin/../lib/gcc/arm-none-eabi/4.6.2/../../../../arm-none-eabi/lib/armv7-m\libm.a(lib_a-w_sqrt.o)
                0x0000cf3c                sqrt
 .text.__ieee754_sqrt
                0x0000cfe4      0x1b4 c:/nxp/lpcxpresso_6.1.4_194/lpcxpresso/tools/bin/../lib/gcc/arm-none-eabi/4.6.2/../../../../arm-none-eabi/lib/armv7-m\libm.a(lib_a-e_sqrt.o)
                0x0000cfe4                __ieee754_sqrt
 .text.matherr  0x0000d198        0x4 c:/nxp/lpcxpresso_6.1.4_194/lpcxpresso/tools/bin/../lib/gcc/arm-none-eabi/4.6.2/../../../../arm-none-eabi/lib/armv7-m\libm.a(lib_a-s_matherr.o)
                0x0000d198                matherr
 .text._sbrk    0x0000d19c       0x3c c:/nxp/lpcxpresso_6.1.4_194/lpcxpresso/tools/bin/../lib/gcc/arm-none-eabi/4.6.2/../../../../arm-none-eabi/lib/armv7-m\libcr_newlib_semihost.a(_cr_sbrk.o)
                0x0000d19c                _sbrk
 .text.do_AngelSWI
                0x0000d1d8       0x12 c:/nxp/lpcxpresso_6.1.4_194/lpcxpresso/tools/bin/../lib/gcc/arm-none-eabi/4.6.2/../../../../arm-none-eabi/lib/armv7-m\libcr_newlib_semihost.a(syscalls.o)
 *fill*         0x0000d1ea        0x2 00
 .text.initialise_monitor_handles
                0x0000d1ec       0x9c c:/nxp/lpcxpresso_6.1.4_194/lpcxpresso/tools/bin/../lib/gcc/arm-none-eabi/4.6.2/../../../../arm-none-eabi/lib/armv7-m\libcr_newlib_semihost.a(syscalls.o)
 .text.findslot
                0x0000d288       0x2c c:/nxp/lpcxpresso_6.1.4_194/lpcxpresso/tools/bin/../lib/gcc/arm-none-eabi/4.6.2/../../../../arm-none-eabi/lib/armv7-m\libcr_newlib_semihost.a(syscalls.o)
 .text.error    0x0000d2b4       0x18 c:/nxp/lpcxpresso_6.1.4_194/lpcxpresso/tools/bin/../lib/gcc/arm-none-eabi/4.6.2/../../../../arm-none-eabi/lib/armv7-m\libcr_newlib_semihost.a(syscalls.o)
 .text.checkerror
                0x0000d2cc        0xc c:/nxp/lpcxpresso_6.1.4_194/lpcxpresso/tools/bin/../lib/gcc/arm-none-eabi/4.6.2/../../../../arm-none-eabi/lib/armv7-m\libcr_newlib_semihost.a(syscalls.o)
 .text._swiread
                0x0000d2d8       0x18 c:/nxp/lpcxpresso_6.1.4_194/lpcxpresso/tools/bin/../lib/gcc/arm-none-eabi/4.6.2/../../../../arm-none-eabi/lib/armv7-m\libcr_newlib_semihost.a(syscalls.o)
                0x0000d2d8                _swiread
 .text._read    0x0000d2f0       0x36 c:/nxp/lpcxpresso_6.1.4_194/lpcxpresso/tools/bin/../lib/gcc/arm-none-eabi/4.6.2/../../../../arm-none-eabi/lib/armv7-m\libcr_newlib_semihost.a(syscalls.o)
                0x0000d2f0                _read
 .text._swilseek
                0x0000d326       0x76 c:/nxp/lpcxpresso_6.1.4_194/lpcxpresso/tools/bin/../lib/gcc/arm-none-eabi/4.6.2/../../../../arm-none-eabi/lib/armv7-m\libcr_newlib_semihost.a(syscalls.o)
                0x0000d326                _swilseek
 .text._lseek   0x0000d39c        0x4 c:/nxp/lpcxpresso_6.1.4_194/lpcxpresso/tools/bin/../lib/gcc/arm-none-eabi/4.6.2/../../../../arm-none-eabi/lib/armv7-m\libcr_newlib_semihost.a(syscalls.o)
                0x0000d39c                _lseek
 .text._swiwrite
                0x0000d3a0       0x18 c:/nxp/lpcxpresso_6.1.4_194/lpcxpresso/tools/bin/../lib/gcc/arm-none-eabi/4.6.2/../../../../arm-none-eabi/lib/armv7-m\libcr_newlib_semihost.a(syscalls.o)
                0x0000d3a0                _swiwrite
 .text._write   0x0000d3b8       0x46 c:/nxp/lpcxpresso_6.1.4_194/lpcxpresso/tools/bin/../lib/gcc/arm-none-eabi/4.6.2/../../../../arm-none-eabi/lib/armv7-m\libcr_newlib_semihost.a(syscalls.o)
                0x0000d3b8                _write
 .text._swiclose
                0x0000d3fe       0x14 c:/nxp/lpcxpresso_6.1.4_194/lpcxpresso/tools/bin/../lib/gcc/arm-none-eabi/4.6.2/../../../../arm-none-eabi/lib/armv7-m\libcr_newlib_semihost.a(syscalls.o)
                0x0000d3fe                _swiclose
 *fill*         0x0000d412        0x2 00
 .text._close   0x0000d414       0x48 c:/nxp/lpcxpresso_6.1.4_194/lpcxpresso/tools/bin/../lib/gcc/arm-none-eabi/4.6.2/../../../../arm-none-eabi/lib/armv7-m\libcr_newlib_semihost.a(syscalls.o)
                0x0000d414                _close
 .text._swistat
                0x0000d45c       0x3e c:/nxp/lpcxpresso_6.1.4_194/lpcxpresso/tools/bin/../lib/gcc/arm-none-eabi/4.6.2/../../../../arm-none-eabi/lib/armv7-m\libcr_newlib_semihost.a(syscalls.o)
                0x0000d45c                _swistat
 .text._fstat   0x0000d49a       0x1c c:/nxp/lpcxpresso_6.1.4_194/lpcxpresso/tools/bin/../lib/gcc/arm-none-eabi/4.6.2/../../../../arm-none-eabi/lib/armv7-m\libcr_newlib_semihost.a(syscalls.o)
                0x0000d49a                _fstat
 .text._isatty  0x0000d4b6       0x26 c:/nxp/lpcxpresso_6.1.4_194/lpcxpresso/tools/bin/../lib/gcc/arm-none-eabi/4.6.2/../../../../arm-none-eabi/lib/armv7-m\libcr_newlib_semihost.a(syscalls.o)
                0x0000d4b6                _isatty
 .text.__check_heap_overflow
                0x0000d4dc       0x2c c:/nxp/lpcxpresso_6.1.4_194/lpcxpresso/tools/bin/../lib/gcc/arm-none-eabi/4.6.2/../../../../arm-none-eabi/lib/armv7-m\libcr_newlib_semihost.a(_cr_check_heap.o)
                0x0000d4dc                __check_heap_overflow
 .text.__errno  0x0000d508        0xc c:/nxp/lpcxpresso_6.1.4_194/lpcxpresso/tools/bin/../lib/gcc/arm-none-eabi/4.6.2/../../../../arm-none-eabi/lib/armv7-m\libc.a(lib_a-errno.o)
                0x0000d508                __errno
 *(.rodata .rodata.* .constdata .constdata.*)
 *fill*         0x0000d514        0x4 00
 .rodata        0x0000d518      0x478 ./src/main.o
 .rodata        0x0000d990        0x8 C:\Users\Rachel\Dropbox\Assignment 2\Lib_EaBaseBoard\Debug\libLib_EaBaseBoard.a(oled.o)
 .rodata        0x0000d998      0x300 C:\Users\Rachel\Dropbox\Assignment 2\Lib_EaBaseBoard\Debug\libLib_EaBaseBoard.a(font5x7.o)
                0x0000d998                font5x7
 .rodata        0x0000dc98       0x18 C:\Users\Rachel\Dropbox\Assignment 2\Lib_MCU\Debug\libLib_MCU.a(lpc17xx_i2c.o)
 .rodata        0x0000dcb0       0x18 C:\Users\Rachel\Dropbox\Assignment 2\Lib_MCU\Debug\libLib_MCU.a(lpc17xx_ssp.o)
 .rodata        0x0000dcc8       0x18 C:\Users\Rachel\Dropbox\Assignment 2\Lib_MCU\Debug\libLib_MCU.a(lpc17xx_timer.o)
 .rodata        0x0000dce0       0x18 C:\Users\Rachel\Dropbox\Assignment 2\Lib_MCU\Debug\libLib_MCU.a(lpc17xx_uart.o)
 .rodata.zeroes.6590
                0x0000dcf8       0x10 c:/nxp/lpcxpresso_6.1.4_194/lpcxpresso/tools/bin/../lib/gcc/arm-none-eabi/4.6.2/../../../../arm-none-eabi/lib/armv7-m\libc.a(lib_a-svfprintf.o)
 .rodata.str1.4
                0x0000dd08       0x42 c:/nxp/lpcxpresso_6.1.4_194/lpcxpresso/tools/bin/../lib/gcc/arm-none-eabi/4.6.2/../../../../arm-none-eabi/lib/armv7-m\libc.a(lib_a-svfprintf.o)
                                 0x44 (size before relaxing)
 *fill*         0x0000dd4a        0x2 00
 .rodata.blanks.6589
                0x0000dd4c       0x10 c:/nxp/lpcxpresso_6.1.4_194/lpcxpresso/tools/bin/../lib/gcc/arm-none-eabi/4.6.2/../../../../arm-none-eabi/lib/armv7-m\libc.a(lib_a-svfprintf.o)
 .rodata.zeroes.6605
                0x0000dd5c       0x10 c:/nxp/lpcxpresso_6.1.4_194/lpcxpresso/tools/bin/../lib/gcc/arm-none-eabi/4.6.2/../../../../arm-none-eabi/lib/armv7-m\libc.a(lib_a-vfprintf.o)
 .rodata.str1.4
                0x00000000       0x44 c:/nxp/lpcxpresso_6.1.4_194/lpcxpresso/tools/bin/../lib/gcc/arm-none-eabi/4.6.2/../../../../arm-none-eabi/lib/armv7-m\libc.a(lib_a-vfprintf.o)
 .rodata.blanks.6604
                0x0000dd6c       0x10 c:/nxp/lpcxpresso_6.1.4_194/lpcxpresso/tools/bin/../lib/gcc/arm-none-eabi/4.6.2/../../../../arm-none-eabi/lib/armv7-m\libc.a(lib_a-vfprintf.o)
 .rodata.str1.4
                0x0000dd7c       0x10 c:/nxp/lpcxpresso_6.1.4_194/lpcxpresso/tools/bin/../lib/gcc/arm-none-eabi/4.6.2/../../../../arm-none-eabi/lib/armv7-m\libc.a(lib_a-dtoa.o)
                                 0x14 (size before relaxing)
 .rodata.str1.4
                0x0000dd8c        0x2 c:/nxp/lpcxpresso_6.1.4_194/lpcxpresso/tools/bin/../lib/gcc/arm-none-eabi/4.6.2/../../../../arm-none-eabi/lib/armv7-m\libc.a(lib_a-impure.o)
                                  0x4 (size before relaxing)
 *fill*         0x0000dd8e        0x2 00
 .rodata.str1.4
                0x0000dd90        0xa c:/nxp/lpcxpresso_6.1.4_194/lpcxpresso/tools/bin/../lib/gcc/arm-none-eabi/4.6.2/../../../../arm-none-eabi/lib/armv7-m\libc.a(lib_a-locale.o)
                                 0x14 (size before relaxing)
 *fill*         0x0000dd9a        0x6 00
 .rodata.__mprec_tens
                0x0000dda0       0xc8 c:/nxp/lpcxpresso_6.1.4_194/lpcxpresso/tools/bin/../lib/gcc/arm-none-eabi/4.6.2/../../../../arm-none-eabi/lib/armv7-m\libc.a(lib_a-mprec.o)
                0x0000dda0                __mprec_tens
 .rodata.__mprec_bigtens
                0x0000de68       0x28 c:/nxp/lpcxpresso_6.1.4_194/lpcxpresso/tools/bin/../lib/gcc/arm-none-eabi/4.6.2/../../../../arm-none-eabi/lib/armv7-m\libc.a(lib_a-mprec.o)
                0x0000de68                __mprec_bigtens
 .rodata.p05.5111
                0x0000de90        0xc c:/nxp/lpcxpresso_6.1.4_194/lpcxpresso/tools/bin/../lib/gcc/arm-none-eabi/4.6.2/../../../../arm-none-eabi/lib/armv7-m\libc.a(lib_a-mprec.o)
 .rodata.str1.4
                0x0000de9c        0x8 c:/nxp/lpcxpresso_6.1.4_194/lpcxpresso/tools/bin/../lib/gcc/arm-none-eabi/4.6.2/../../../../arm-none-eabi/lib/armv7-m\libm.a(lib_a-w_sqrt.o)
 .rodata.str1.1
                0x0000dea4        0x4 c:/nxp/lpcxpresso_6.1.4_194/lpcxpresso/tools/bin/../lib/gcc/arm-none-eabi/4.6.2/../../../../arm-none-eabi/lib/armv7-m\libcr_newlib_semihost.a(syscalls.o)
                0x0000dea8                . = ALIGN (0x4)

.glue_7         0x0000dea8        0x0
 .glue_7        0x00000000        0x0 linker stubs

.glue_7t        0x0000dea8        0x0
 .glue_7t       0x00000000        0x0 linker stubs

.vfp11_veneer   0x0000dea8        0x0
 .vfp11_veneer  0x00000000        0x0 linker stubs

.v4_bx          0x0000dea8        0x0
 .v4_bx         0x00000000        0x0 linker stubs

.ARM.extab
 *(.ARM.extab* .gnu.linkonce.armextab.*)
                0x0000dea8                __exidx_start = .

.ARM.exidx      0x0000dea8        0x8
 *(.ARM.exidx* .gnu.linkonce.armexidx.*)
 .ARM.exidx     0x0000dea8        0x8 c:/nxp/lpcxpresso_6.1.4_194/lpcxpresso/tools/bin/../lib/gcc/arm-none-eabi/4.6.2/armv7-m\libgcc.a(_divdi3.o)
 .ARM.exidx     0x0000deb0        0x0 c:/nxp/lpcxpresso_6.1.4_194/lpcxpresso/tools/bin/../lib/gcc/arm-none-eabi/4.6.2/armv7-m\libgcc.a(_udivdi3.o)
                                  0x8 (size before relaxing)
                0x0000deb0                __exidx_end = .
                0x0000deb0                _etext = .

.data_RAM2      0x2007c000        0x0 load address 0x0000deb0
 FILL mask 0xff
 *(.data.$RAM2*)
 *(.data.$RamAHB32*)
                0x2007c000                . = ALIGN (0x4)

.uninit_RESERVED
                0x10000000        0x0
 *(.bss.$RESERVED*)
                0x10000000                . = ALIGN (0x4)
                0x10000000                _end_uninit_RESERVED = .

.data           0x10000000      0x988 load address 0x0000deb0
 FILL mask 0xff
                0x10000000                _data = .
 *(vtable)
 *(.data*)
 .data          0x10000000       0x8c ./src/main.o
                0x1000000c                saued
                0x10000074                restnow_OLED_line
                0x10000075                dim_OLED_line
                0x10000078                number_of_songs
                0x10000080                sensor_refresh_ticks
                0x10000084                SevenSegFlag
                0x10000085                scroll_updated
                0x10000086                dir
                0x10000087                btn1
 .data          0x1000008c        0x4 C:\Users\Rachel\Dropbox\Assignment 2\Lib_CMSISv1p30_LPC17xx\Debug\libCMSISv1p30_LPC17xx.a(system_LPC17xx.o)
                0x1000008c                SystemCoreClock
 .data          0x10000090       0x50 C:\Users\Rachel\Dropbox\Assignment 2\Lib_EaBaseBoard\Debug\libLib_EaBaseBoard.a(led7seg.o)
 .data          0x100000e0        0x8 C:\Users\Rachel\Dropbox\Assignment 2\Lib_EaBaseBoard\Debug\libLib_EaBaseBoard.a(light.o)
 .data.impure_data
                0x100000e8      0x428 c:/nxp/lpcxpresso_6.1.4_194/lpcxpresso/tools/bin/../lib/gcc/arm-none-eabi/4.6.2/../../../../arm-none-eabi/lib/armv7-m\libc.a(lib_a-impure.o)
 .data._impure_ptr
                0x10000510        0x4 c:/nxp/lpcxpresso_6.1.4_194/lpcxpresso/tools/bin/../lib/gcc/arm-none-eabi/4.6.2/../../../../arm-none-eabi/lib/armv7-m\libc.a(lib_a-impure.o)
                0x10000510                _impure_ptr
 .data.lconv    0x10000514       0x38 c:/nxp/lpcxpresso_6.1.4_194/lpcxpresso/tools/bin/../lib/gcc/arm-none-eabi/4.6.2/../../../../arm-none-eabi/lib/armv7-m\libc.a(lib_a-locale.o)
 .data.lc_ctype_charset
                0x1000054c       0x20 c:/nxp/lpcxpresso_6.1.4_194/lpcxpresso/tools/bin/../lib/gcc/arm-none-eabi/4.6.2/../../../../arm-none-eabi/lib/armv7-m\libc.a(lib_a-locale.o)
 .data.__mb_cur_max
                0x1000056c        0x4 c:/nxp/lpcxpresso_6.1.4_194/lpcxpresso/tools/bin/../lib/gcc/arm-none-eabi/4.6.2/../../../../arm-none-eabi/lib/armv7-m\libc.a(lib_a-locale.o)
                0x1000056c                __mb_cur_max
 .data.__malloc_av_
                0x10000570      0x408 c:/nxp/lpcxpresso_6.1.4_194/lpcxpresso/tools/bin/../lib/gcc/arm-none-eabi/4.6.2/../../../../arm-none-eabi/lib/armv7-m\libc.a(lib_a-mallocr.o)
                0x10000570                __malloc_av_
 .data.__malloc_trim_threshold
                0x10000978        0x4 c:/nxp/lpcxpresso_6.1.4_194/lpcxpresso/tools/bin/../lib/gcc/arm-none-eabi/4.6.2/../../../../arm-none-eabi/lib/armv7-m\libc.a(lib_a-mallocr.o)
                0x10000978                __malloc_trim_threshold
 .data.__malloc_sbrk_base
                0x1000097c        0x4 c:/nxp/lpcxpresso_6.1.4_194/lpcxpresso/tools/bin/../lib/gcc/arm-none-eabi/4.6.2/../../../../arm-none-eabi/lib/armv7-m\libc.a(lib_a-mallocr.o)
                0x1000097c                __malloc_sbrk_base
 .data.__wctomb
                0x10000980        0x4 c:/nxp/lpcxpresso_6.1.4_194/lpcxpresso/tools/bin/../lib/gcc/arm-none-eabi/4.6.2/../../../../arm-none-eabi/lib/armv7-m\libc.a(lib_a-wctomb_r.o)
                0x10000980                __wctomb
 .data.__fdlib_version
                0x10000984        0x1 c:/nxp/lpcxpresso_6.1.4_194/lpcxpresso/tools/bin/../lib/gcc/arm-none-eabi/4.6.2/../../../../arm-none-eabi/lib/armv7-m\libm.a(lib_a-s_lib_ver.o)
                0x10000984                __fdlib_version
                0x10000988                . = ALIGN (0x4)
 *fill*         0x10000985        0x3 ff
                0x10000988                _edata = .

.bss_RAM2       0x2007c000        0x0
 *(.bss.$RAM2*)
 *(.bss.$RamAHB32*)
                0x2007c000                . = ALIGN (0x4)

.bss            0x10000988      0x4b8
                0x10000988                _bss = .
 *(.bss*)
 .bss           0x10000988       0x64 ./src/main.o
                0x10000988                state
                0x10000989                Climb_State
                0x1000098a                Saved_State
                0x1000098c                msTicks
                0x10000990                getTicks
                0x10000994                emer_dur
                0x10000998                msFlag
                0x10000999                RGB_FLAG
                0x1000099a                countdown_flag
                0x1000099b                temp_flag
                0x1000099c                restnow_printed
                0x1000099d                play_flag
                0x1000099e                song_changed
                0x100009a0                saved_count
                0x100009a4                song_index
                0x100009a8                prev_song_index
                0x100009ac                song_pointer_count
                0x100009b0                temp_periods
                0x100009b4                tempvalue
                0x100009b8                xoff
                0x100009bc                yoff
                0x100009c0                zoff
                0x100009c4                x
                0x100009c5                y
                0x100009c6                z
                0x100009c8                net_acc
                0x100009cc                wait
                0x100009cd                joyState
                0x100009ce                rxbuf
                0x100009d0                t1
                0x100009d4                t2
                0x100009d8                ledOn
                0x100009dc                shift
 .bss           0x100009ec      0x300 C:\Users\Rachel\Dropbox\Assignment 2\Lib_EaBaseBoard\Debug\libLib_EaBaseBoard.a(oled.o)
 .bss           0x10000cec        0x6 C:\Users\Rachel\Dropbox\Assignment 2\Lib_EaBaseBoard\Debug\libLib_EaBaseBoard.a(pca9532.o)
 *fill*         0x10000cf2        0x2 00
 .bss           0x10000cf4        0x4 C:\Users\Rachel\Dropbox\Assignment 2\Lib_EaBaseBoard\Debug\libLib_EaBaseBoard.a(temp.o)
 .bss           0x10000cf8       0x24 C:\Users\Rachel\Dropbox\Assignment 2\Lib_MCU\Debug\libLib_MCU.a(lpc17xx_i2c.o)
 .bss           0x10000d1c       0x18 C:\Users\Rachel\Dropbox\Assignment 2\Lib_MCU\Debug\libLib_MCU.a(lpc17xx_ssp.o)
 .bss.__malloc_max_total_mem
                0x10000d34        0x4 c:/nxp/lpcxpresso_6.1.4_194/lpcxpresso/tools/bin/../lib/gcc/arm-none-eabi/4.6.2/../../../../arm-none-eabi/lib/armv7-m\libc.a(lib_a-mallocr.o)
                0x10000d34                __malloc_max_total_mem
 .bss.__malloc_max_sbrked_mem
                0x10000d38        0x4 c:/nxp/lpcxpresso_6.1.4_194/lpcxpresso/tools/bin/../lib/gcc/arm-none-eabi/4.6.2/../../../../arm-none-eabi/lib/armv7-m\libc.a(lib_a-mallocr.o)
                0x10000d38                __malloc_max_sbrked_mem
 .bss.__malloc_top_pad
                0x10000d3c        0x4 c:/nxp/lpcxpresso_6.1.4_194/lpcxpresso/tools/bin/../lib/gcc/arm-none-eabi/4.6.2/../../../../arm-none-eabi/lib/armv7-m\libc.a(lib_a-mallocr.o)
                0x10000d3c                __malloc_top_pad
 .bss.__malloc_current_mallinfo
                0x10000d40       0x28 c:/nxp/lpcxpresso_6.1.4_194/lpcxpresso/tools/bin/../lib/gcc/arm-none-eabi/4.6.2/../../../../arm-none-eabi/lib/armv7-m\libc.a(lib_a-mallocr.o)
                0x10000d40                __malloc_current_mallinfo
 .bss.monitor_stdout
                0x10000d68        0x4 c:/nxp/lpcxpresso_6.1.4_194/lpcxpresso/tools/bin/../lib/gcc/arm-none-eabi/4.6.2/../../../../arm-none-eabi/lib/armv7-m\libcr_newlib_semihost.a(syscalls.o)
 .bss.monitor_stdin
                0x10000d6c        0x4 c:/nxp/lpcxpresso_6.1.4_194/lpcxpresso/tools/bin/../lib/gcc/arm-none-eabi/4.6.2/../../../../arm-none-eabi/lib/armv7-m\libcr_newlib_semihost.a(syscalls.o)
 .bss.initialized.2429
                0x10000d70        0x4 c:/nxp/lpcxpresso_6.1.4_194/lpcxpresso/tools/bin/../lib/gcc/arm-none-eabi/4.6.2/../../../../arm-none-eabi/lib/armv7-m\libcr_newlib_semihost.a(syscalls.o)
 .bss.monitor_stderr
                0x10000d74        0x4 c:/nxp/lpcxpresso_6.1.4_194/lpcxpresso/tools/bin/../lib/gcc/arm-none-eabi/4.6.2/../../../../arm-none-eabi/lib/armv7-m\libcr_newlib_semihost.a(syscalls.o)
 .bss.openfiles
                0x10000d78       0x28 c:/nxp/lpcxpresso_6.1.4_194/lpcxpresso/tools/bin/../lib/gcc/arm-none-eabi/4.6.2/../../../../arm-none-eabi/lib/armv7-m\libcr_newlib_semihost.a(syscalls.o)
 *(COMMON)
 COMMON         0x10000da0       0x98 ./src/main.o
                0x10000da0                uart_string
                0x10000dc0                prev_countdown_ticks
                0x10000dc4                uart_msg
                0x10000df8                luminI
                0x10000dfc                prev_blink_blue_ticks
                0x10000e00                prev_temp_ticks
                0x10000e04                emer_start_ticks
                0x10000e08                prev_saved_ticks
                0x10000e0c                prev_uart_ticks
                0x10000e10                prev_alternateled_ticks
                0x10000e14                prev_sensor_ticks
                0x10000e18                temp_string
 COMMON         0x10000e38        0x4 c:/nxp/lpcxpresso_6.1.4_194/lpcxpresso/tools/bin/../lib/gcc/arm-none-eabi/4.6.2/../../../../arm-none-eabi/lib/armv7-m\libc.a(lib_a-reent.o)
                0x10000e38                errno
 COMMON         0x10000e3c        0x4 c:/nxp/lpcxpresso_6.1.4_194/lpcxpresso/tools/bin/../lib/gcc/arm-none-eabi/4.6.2/../../../../arm-none-eabi/lib/armv7-m\libcr_newlib_semihost.a(_cr_sbrk.o)
                0x10000e3c                __end_of_heap
                0x10000e40                . = ALIGN (0x4)
                0x10000e40                _ebss = .
                0x10000e40                PROVIDE (end, .)

.noinit_RAM2    0x2007c000        0x0
 *(.noinit.$RAM2*)
 *(.noinit.$RamAHB32*)
                0x2007c000                . = ALIGN (0x4)

.noinit         0x10000e40        0x0
                0x10000e40                _noinit = .
 *(.noinit*)
                0x10000e40                . = ALIGN (0x4)
                0x10000e40                _end_noinit = .
                0x10000e40                PROVIDE (_pvHeapStart, .)
                0x10008000                PROVIDE (_vStackTop, (__top_RamLoc32 - 0x0))
OUTPUT(EE2028Asmt2S1AY201819.axf elf32-littlearm)

.debug_info     0x00000000     0x9941
 .debug_info    0x00000000      0x209 ./src/cr_startup_lpc17.o
 .debug_info    0x00000209     0x1a39 ./src/main.o
 .debug_info    0x00001c42      0x357 C:\Users\Rachel\Dropbox\Assignment 2\Lib_CMSISv1p30_LPC17xx\Debug\libCMSISv1p30_LPC17xx.a(system_LPC17xx.o)
 .debug_info    0x00001f99      0x53d C:\Users\Rachel\Dropbox\Assignment 2\Lib_EaBaseBoard\Debug\libLib_EaBaseBoard.a(acc.o)
 .debug_info    0x000024d6      0x10f C:\Users\Rachel\Dropbox\Assignment 2\Lib_EaBaseBoard\Debug\libLib_EaBaseBoard.a(joystick.o)
 .debug_info    0x000025e5      0x282 C:\Users\Rachel\Dropbox\Assignment 2\Lib_EaBaseBoard\Debug\libLib_EaBaseBoard.a(led7seg.o)
 .debug_info    0x00002867      0x763 C:\Users\Rachel\Dropbox\Assignment 2\Lib_EaBaseBoard\Debug\libLib_EaBaseBoard.a(light.o)
 .debug_info    0x00002fca      0x97d C:\Users\Rachel\Dropbox\Assignment 2\Lib_EaBaseBoard\Debug\libLib_EaBaseBoard.a(oled.o)
 .debug_info    0x00003947      0x642 C:\Users\Rachel\Dropbox\Assignment 2\Lib_EaBaseBoard\Debug\libLib_EaBaseBoard.a(pca9532.o)
 .debug_info    0x00003f89       0xe4 C:\Users\Rachel\Dropbox\Assignment 2\Lib_EaBaseBoard\Debug\libLib_EaBaseBoard.a(rgb.o)
 .debug_info    0x0000406d      0x154 C:\Users\Rachel\Dropbox\Assignment 2\Lib_EaBaseBoard\Debug\libLib_EaBaseBoard.a(temp.o)
 .debug_info    0x000041c1       0x65 C:\Users\Rachel\Dropbox\Assignment 2\Lib_EaBaseBoard\Debug\libLib_EaBaseBoard.a(font5x7.o)
 .debug_info    0x00004226      0xb95 C:\Users\Rachel\Dropbox\Assignment 2\Lib_MCU\Debug\libLib_MCU.a(lpc17xx_gpio.o)
 .debug_info    0x00004dbb      0xcc3 C:\Users\Rachel\Dropbox\Assignment 2\Lib_MCU\Debug\libLib_MCU.a(lpc17xx_i2c.o)
 .debug_info    0x00005a7e      0x4b1 C:\Users\Rachel\Dropbox\Assignment 2\Lib_MCU\Debug\libLib_MCU.a(lpc17xx_pinsel.o)
 .debug_info    0x00005f2f      0x867 C:\Users\Rachel\Dropbox\Assignment 2\Lib_MCU\Debug\libLib_MCU.a(lpc17xx_ssp.o)
 .debug_info    0x00006796      0x8e4 C:\Users\Rachel\Dropbox\Assignment 2\Lib_MCU\Debug\libLib_MCU.a(lpc17xx_timer.o)
 .debug_info    0x0000707a     0x14df C:\Users\Rachel\Dropbox\Assignment 2\Lib_MCU\Debug\libLib_MCU.a(lpc17xx_uart.o)
 .debug_info    0x00008559      0x641 C:\Users\Rachel\Dropbox\Assignment 2\Lib_MCU\Debug\libLib_MCU.a(lpc17xx_clkpwr.o)
 .debug_info    0x00008b9a      0x106 c:/nxp/lpcxpresso_6.1.4_194/lpcxpresso/tools/bin/../lib/gcc/arm-none-eabi/4.6.2/../../../../arm-none-eabi/lib/armv7-m\libcr_newlib_semihost.a(_cr_sbrk.o)
 .debug_info    0x00008ca0      0xbec c:/nxp/lpcxpresso_6.1.4_194/lpcxpresso/tools/bin/../lib/gcc/arm-none-eabi/4.6.2/../../../../arm-none-eabi/lib/armv7-m\libcr_newlib_semihost.a(syscalls.o)
 .debug_info    0x0000988c       0xb5 c:/nxp/lpcxpresso_6.1.4_194/lpcxpresso/tools/bin/../lib/gcc/arm-none-eabi/4.6.2/../../../../arm-none-eabi/lib/armv7-m\libcr_newlib_semihost.a(_cr_check_heap.o)

.debug_abbrev   0x00000000     0x1e7a
 .debug_abbrev  0x00000000       0xb4 ./src/cr_startup_lpc17.o
 .debug_abbrev  0x000000b4      0x313 ./src/main.o
 .debug_abbrev  0x000003c7       0xce C:\Users\Rachel\Dropbox\Assignment 2\Lib_CMSISv1p30_LPC17xx\Debug\libCMSISv1p30_LPC17xx.a(system_LPC17xx.o)
 .debug_abbrev  0x00000495      0x15c C:\Users\Rachel\Dropbox\Assignment 2\Lib_EaBaseBoard\Debug\libLib_EaBaseBoard.a(acc.o)
 .debug_abbrev  0x000005f1       0x90 C:\Users\Rachel\Dropbox\Assignment 2\Lib_EaBaseBoard\Debug\libLib_EaBaseBoard.a(joystick.o)
 .debug_abbrev  0x00000681      0x155 C:\Users\Rachel\Dropbox\Assignment 2\Lib_EaBaseBoard\Debug\libLib_EaBaseBoard.a(led7seg.o)
 .debug_abbrev  0x000007d6      0x1bd C:\Users\Rachel\Dropbox\Assignment 2\Lib_EaBaseBoard\Debug\libLib_EaBaseBoard.a(light.o)
 .debug_abbrev  0x00000993      0x1f1 C:\Users\Rachel\Dropbox\Assignment 2\Lib_EaBaseBoard\Debug\libLib_EaBaseBoard.a(oled.o)
 .debug_abbrev  0x00000b84      0x1aa C:\Users\Rachel\Dropbox\Assignment 2\Lib_EaBaseBoard\Debug\libLib_EaBaseBoard.a(pca9532.o)
 .debug_abbrev  0x00000d2e       0x8e C:\Users\Rachel\Dropbox\Assignment 2\Lib_EaBaseBoard\Debug\libLib_EaBaseBoard.a(rgb.o)
 .debug_abbrev  0x00000dbc       0xc2 C:\Users\Rachel\Dropbox\Assignment 2\Lib_EaBaseBoard\Debug\libLib_EaBaseBoard.a(temp.o)
 .debug_abbrev  0x00000e7e       0x4b C:\Users\Rachel\Dropbox\Assignment 2\Lib_EaBaseBoard\Debug\libLib_EaBaseBoard.a(font5x7.o)
 .debug_abbrev  0x00000ec9      0x185 C:\Users\Rachel\Dropbox\Assignment 2\Lib_MCU\Debug\libLib_MCU.a(lpc17xx_gpio.o)
 .debug_abbrev  0x0000104e      0x24a C:\Users\Rachel\Dropbox\Assignment 2\Lib_MCU\Debug\libLib_MCU.a(lpc17xx_i2c.o)
 .debug_abbrev  0x00001298      0x10a C:\Users\Rachel\Dropbox\Assignment 2\Lib_MCU\Debug\libLib_MCU.a(lpc17xx_pinsel.o)
 .debug_abbrev  0x000013a2      0x1d3 C:\Users\Rachel\Dropbox\Assignment 2\Lib_MCU\Debug\libLib_MCU.a(lpc17xx_ssp.o)
 .debug_abbrev  0x00001575      0x19f C:\Users\Rachel\Dropbox\Assignment 2\Lib_MCU\Debug\libLib_MCU.a(lpc17xx_timer.o)
 .debug_abbrev  0x00001714      0x259 C:\Users\Rachel\Dropbox\Assignment 2\Lib_MCU\Debug\libLib_MCU.a(lpc17xx_uart.o)
 .debug_abbrev  0x0000196d      0x174 C:\Users\Rachel\Dropbox\Assignment 2\Lib_MCU\Debug\libLib_MCU.a(lpc17xx_clkpwr.o)
 .debug_abbrev  0x00001ae1       0xa8 c:/nxp/lpcxpresso_6.1.4_194/lpcxpresso/tools/bin/../lib/gcc/arm-none-eabi/4.6.2/../../../../arm-none-eabi/lib/armv7-m\libcr_newlib_semihost.a(_cr_sbrk.o)
 .debug_abbrev  0x00001b89      0x27f c:/nxp/lpcxpresso_6.1.4_194/lpcxpresso/tools/bin/../lib/gcc/arm-none-eabi/4.6.2/../../../../arm-none-eabi/lib/armv7-m\libcr_newlib_semihost.a(syscalls.o)
 .debug_abbrev  0x00001e08       0x72 c:/nxp/lpcxpresso_6.1.4_194/lpcxpresso/tools/bin/../lib/gcc/arm-none-eabi/4.6.2/../../../../arm-none-eabi/lib/armv7-m\libcr_newlib_semihost.a(_cr_check_heap.o)

.debug_loc      0x00000000     0x3ef0
 .debug_loc     0x00000000      0x1f0 ./src/cr_startup_lpc17.o
 .debug_loc     0x000001f0      0x87a ./src/main.o
 .debug_loc     0x00000a6a       0x58 C:\Users\Rachel\Dropbox\Assignment 2\Lib_CMSISv1p30_LPC17xx\Debug\libCMSISv1p30_LPC17xx.a(system_LPC17xx.o)
 .debug_loc     0x00000ac2      0x1f0 C:\Users\Rachel\Dropbox\Assignment 2\Lib_EaBaseBoard\Debug\libLib_EaBaseBoard.a(acc.o)
 .debug_loc     0x00000cb2       0x64 C:\Users\Rachel\Dropbox\Assignment 2\Lib_EaBaseBoard\Debug\libLib_EaBaseBoard.a(joystick.o)
 .debug_loc     0x00000d16       0x64 C:\Users\Rachel\Dropbox\Assignment 2\Lib_EaBaseBoard\Debug\libLib_EaBaseBoard.a(led7seg.o)
 .debug_loc     0x00000d7a      0x378 C:\Users\Rachel\Dropbox\Assignment 2\Lib_EaBaseBoard\Debug\libLib_EaBaseBoard.a(light.o)
 .debug_loc     0x000010f2      0x33e C:\Users\Rachel\Dropbox\Assignment 2\Lib_EaBaseBoard\Debug\libLib_EaBaseBoard.a(oled.o)
 .debug_loc     0x00001430      0x2d0 C:\Users\Rachel\Dropbox\Assignment 2\Lib_EaBaseBoard\Debug\libLib_EaBaseBoard.a(pca9532.o)
 .debug_loc     0x00001700       0x64 C:\Users\Rachel\Dropbox\Assignment 2\Lib_EaBaseBoard\Debug\libLib_EaBaseBoard.a(rgb.o)
 .debug_loc     0x00001764       0x70 C:\Users\Rachel\Dropbox\Assignment 2\Lib_EaBaseBoard\Debug\libLib_EaBaseBoard.a(temp.o)
 .debug_loc     0x000017d4      0x4d0 C:\Users\Rachel\Dropbox\Assignment 2\Lib_MCU\Debug\libLib_MCU.a(lpc17xx_gpio.o)
 .debug_loc     0x00001ca4      0x4e4 C:\Users\Rachel\Dropbox\Assignment 2\Lib_MCU\Debug\libLib_MCU.a(lpc17xx_i2c.o)
 .debug_loc     0x00002188      0x150 C:\Users\Rachel\Dropbox\Assignment 2\Lib_MCU\Debug\libLib_MCU.a(lpc17xx_pinsel.o)
 .debug_loc     0x000022d8      0x448 C:\Users\Rachel\Dropbox\Assignment 2\Lib_MCU\Debug\libLib_MCU.a(lpc17xx_ssp.o)
 .debug_loc     0x00002720      0x3b8 C:\Users\Rachel\Dropbox\Assignment 2\Lib_MCU\Debug\libLib_MCU.a(lpc17xx_timer.o)
 .debug_loc     0x00002ad8      0x77a C:\Users\Rachel\Dropbox\Assignment 2\Lib_MCU\Debug\libLib_MCU.a(lpc17xx_uart.o)
 .debug_loc     0x00003252      0x1bc C:\Users\Rachel\Dropbox\Assignment 2\Lib_MCU\Debug\libLib_MCU.a(lpc17xx_clkpwr.o)
 .debug_loc     0x0000340e       0x55 c:/nxp/lpcxpresso_6.1.4_194/lpcxpresso/tools/bin/../lib/gcc/arm-none-eabi/4.6.2/../../../../arm-none-eabi/lib/armv7-m\libcr_newlib_semihost.a(_cr_sbrk.o)
 .debug_loc     0x00003463      0xa64 c:/nxp/lpcxpresso_6.1.4_194/lpcxpresso/tools/bin/../lib/gcc/arm-none-eabi/4.6.2/../../../../arm-none-eabi/lib/armv7-m\libcr_newlib_semihost.a(syscalls.o)
 .debug_loc     0x00003ec7       0x29 c:/nxp/lpcxpresso_6.1.4_194/lpcxpresso/tools/bin/../lib/gcc/arm-none-eabi/4.6.2/../../../../arm-none-eabi/lib/armv7-m\libcr_newlib_semihost.a(_cr_check_heap.o)

.debug_aranges  0x00000000      0xa98
 .debug_aranges
                0x00000000       0x70 ./src/cr_startup_lpc17.o
 .debug_aranges
                0x00000070      0x160 ./src/main.o
 .debug_aranges
                0x000001d0       0x28 C:\Users\Rachel\Dropbox\Assignment 2\Lib_CMSISv1p30_LPC17xx\Debug\libCMSISv1p30_LPC17xx.a(system_LPC17xx.o)
 .debug_aranges
                0x000001f8       0x60 C:\Users\Rachel\Dropbox\Assignment 2\Lib_EaBaseBoard\Debug\libLib_EaBaseBoard.a(acc.o)
 .debug_aranges
                0x00000258       0x28 C:\Users\Rachel\Dropbox\Assignment 2\Lib_EaBaseBoard\Debug\libLib_EaBaseBoard.a(joystick.o)
 .debug_aranges
                0x00000280       0x28 C:\Users\Rachel\Dropbox\Assignment 2\Lib_EaBaseBoard\Debug\libLib_EaBaseBoard.a(led7seg.o)
 .debug_aranges
                0x000002a8       0x98 C:\Users\Rachel\Dropbox\Assignment 2\Lib_EaBaseBoard\Debug\libLib_EaBaseBoard.a(light.o)
 .debug_aranges
                0x00000340       0x90 C:\Users\Rachel\Dropbox\Assignment 2\Lib_EaBaseBoard\Debug\libLib_EaBaseBoard.a(oled.o)
 .debug_aranges
                0x000003d0       0x80 C:\Users\Rachel\Dropbox\Assignment 2\Lib_EaBaseBoard\Debug\libLib_EaBaseBoard.a(pca9532.o)
 .debug_aranges
                0x00000450       0x28 C:\Users\Rachel\Dropbox\Assignment 2\Lib_EaBaseBoard\Debug\libLib_EaBaseBoard.a(rgb.o)
 .debug_aranges
                0x00000478       0x28 C:\Users\Rachel\Dropbox\Assignment 2\Lib_EaBaseBoard\Debug\libLib_EaBaseBoard.a(temp.o)
 .debug_aranges
                0x000004a0       0xc8 C:\Users\Rachel\Dropbox\Assignment 2\Lib_MCU\Debug\libLib_MCU.a(lpc17xx_gpio.o)
 .debug_aranges
                0x00000568       0xd0 C:\Users\Rachel\Dropbox\Assignment 2\Lib_MCU\Debug\libLib_MCU.a(lpc17xx_i2c.o)
 .debug_aranges
                0x00000638       0x48 C:\Users\Rachel\Dropbox\Assignment 2\Lib_MCU\Debug\libLib_MCU.a(lpc17xx_pinsel.o)
 .debug_aranges
                0x00000680       0xb8 C:\Users\Rachel\Dropbox\Assignment 2\Lib_MCU\Debug\libLib_MCU.a(lpc17xx_ssp.o)
 .debug_aranges
                0x00000738       0xa0 C:\Users\Rachel\Dropbox\Assignment 2\Lib_MCU\Debug\libLib_MCU.a(lpc17xx_timer.o)
 .debug_aranges
                0x000007d8      0x130 C:\Users\Rachel\Dropbox\Assignment 2\Lib_MCU\Debug\libLib_MCU.a(lpc17xx_uart.o)
 .debug_aranges
                0x00000908       0x60 C:\Users\Rachel\Dropbox\Assignment 2\Lib_MCU\Debug\libLib_MCU.a(lpc17xx_clkpwr.o)
 .debug_aranges
                0x00000968       0x20 c:/nxp/lpcxpresso_6.1.4_194/lpcxpresso/tools/bin/../lib/gcc/arm-none-eabi/4.6.2/../../../../arm-none-eabi/lib/armv7-m\libcr_newlib_semihost.a(_cr_sbrk.o)
 .debug_aranges
                0x00000988       0xf0 c:/nxp/lpcxpresso_6.1.4_194/lpcxpresso/tools/bin/../lib/gcc/arm-none-eabi/4.6.2/../../../../arm-none-eabi/lib/armv7-m\libcr_newlib_semihost.a(syscalls.o)
 .debug_aranges
                0x00000a78       0x20 c:/nxp/lpcxpresso_6.1.4_194/lpcxpresso/tools/bin/../lib/gcc/arm-none-eabi/4.6.2/../../../../arm-none-eabi/lib/armv7-m\libcr_newlib_semihost.a(_cr_check_heap.o)

.debug_ranges   0x00000000      0x9a8
 .debug_ranges  0x00000000       0x60 ./src/cr_startup_lpc17.o
 .debug_ranges  0x00000060      0x150 ./src/main.o
 .debug_ranges  0x000001b0       0x18 C:\Users\Rachel\Dropbox\Assignment 2\Lib_CMSISv1p30_LPC17xx\Debug\libCMSISv1p30_LPC17xx.a(system_LPC17xx.o)
 .debug_ranges  0x000001c8       0x50 C:\Users\Rachel\Dropbox\Assignment 2\Lib_EaBaseBoard\Debug\libLib_EaBaseBoard.a(acc.o)
 .debug_ranges  0x00000218       0x18 C:\Users\Rachel\Dropbox\Assignment 2\Lib_EaBaseBoard\Debug\libLib_EaBaseBoard.a(joystick.o)
 .debug_ranges  0x00000230       0x18 C:\Users\Rachel\Dropbox\Assignment 2\Lib_EaBaseBoard\Debug\libLib_EaBaseBoard.a(led7seg.o)
 .debug_ranges  0x00000248       0x88 C:\Users\Rachel\Dropbox\Assignment 2\Lib_EaBaseBoard\Debug\libLib_EaBaseBoard.a(light.o)
 .debug_ranges  0x000002d0       0x80 C:\Users\Rachel\Dropbox\Assignment 2\Lib_EaBaseBoard\Debug\libLib_EaBaseBoard.a(oled.o)
 .debug_ranges  0x00000350       0x70 C:\Users\Rachel\Dropbox\Assignment 2\Lib_EaBaseBoard\Debug\libLib_EaBaseBoard.a(pca9532.o)
 .debug_ranges  0x000003c0       0x18 C:\Users\Rachel\Dropbox\Assignment 2\Lib_EaBaseBoard\Debug\libLib_EaBaseBoard.a(rgb.o)
 .debug_ranges  0x000003d8       0x18 C:\Users\Rachel\Dropbox\Assignment 2\Lib_EaBaseBoard\Debug\libLib_EaBaseBoard.a(temp.o)
 .debug_ranges  0x000003f0       0xb8 C:\Users\Rachel\Dropbox\Assignment 2\Lib_MCU\Debug\libLib_MCU.a(lpc17xx_gpio.o)
 .debug_ranges  0x000004a8       0xc0 C:\Users\Rachel\Dropbox\Assignment 2\Lib_MCU\Debug\libLib_MCU.a(lpc17xx_i2c.o)
 .debug_ranges  0x00000568       0x38 C:\Users\Rachel\Dropbox\Assignment 2\Lib_MCU\Debug\libLib_MCU.a(lpc17xx_pinsel.o)
 .debug_ranges  0x000005a0       0xa8 C:\Users\Rachel\Dropbox\Assignment 2\Lib_MCU\Debug\libLib_MCU.a(lpc17xx_ssp.o)
 .debug_ranges  0x00000648       0x90 C:\Users\Rachel\Dropbox\Assignment 2\Lib_MCU\Debug\libLib_MCU.a(lpc17xx_timer.o)
 .debug_ranges  0x000006d8      0x120 C:\Users\Rachel\Dropbox\Assignment 2\Lib_MCU\Debug\libLib_MCU.a(lpc17xx_uart.o)
 .debug_ranges  0x000007f8       0x50 C:\Users\Rachel\Dropbox\Assignment 2\Lib_MCU\Debug\libLib_MCU.a(lpc17xx_clkpwr.o)
 .debug_ranges  0x00000848       0x10 c:/nxp/lpcxpresso_6.1.4_194/lpcxpresso/tools/bin/../lib/gcc/arm-none-eabi/4.6.2/../../../../arm-none-eabi/lib/armv7-m\libcr_newlib_semihost.a(_cr_sbrk.o)
 .debug_ranges  0x00000858      0x140 c:/nxp/lpcxpresso_6.1.4_194/lpcxpresso/tools/bin/../lib/gcc/arm-none-eabi/4.6.2/../../../../arm-none-eabi/lib/armv7-m\libcr_newlib_semihost.a(syscalls.o)
 .debug_ranges  0x00000998       0x10 c:/nxp/lpcxpresso_6.1.4_194/lpcxpresso/tools/bin/../lib/gcc/arm-none-eabi/4.6.2/../../../../arm-none-eabi/lib/armv7-m\libcr_newlib_semihost.a(_cr_check_heap.o)

.debug_line     0x00000000     0x7ea9
 .debug_line    0x00000000      0x360 ./src/cr_startup_lpc17.o
 .debug_line    0x00000360      0xe2e ./src/main.o
 .debug_line    0x0000118e      0x437 C:\Users\Rachel\Dropbox\Assignment 2\Lib_CMSISv1p30_LPC17xx\Debug\libCMSISv1p30_LPC17xx.a(system_LPC17xx.o)
 .debug_line    0x000015c5      0x572 C:\Users\Rachel\Dropbox\Assignment 2\Lib_EaBaseBoard\Debug\libLib_EaBaseBoard.a(acc.o)
 .debug_line    0x00001b37      0x4dd C:\Users\Rachel\Dropbox\Assignment 2\Lib_EaBaseBoard\Debug\libLib_EaBaseBoard.a(joystick.o)
 .debug_line    0x00002014      0x4ed C:\Users\Rachel\Dropbox\Assignment 2\Lib_EaBaseBoard\Debug\libLib_EaBaseBoard.a(led7seg.o)
 .debug_line    0x00002501      0x61e C:\Users\Rachel\Dropbox\Assignment 2\Lib_EaBaseBoard\Debug\libLib_EaBaseBoard.a(light.o)
 .debug_line    0x00002b1f      0x7f7 C:\Users\Rachel\Dropbox\Assignment 2\Lib_EaBaseBoard\Debug\libLib_EaBaseBoard.a(oled.o)
 .debug_line    0x00003316      0x609 C:\Users\Rachel\Dropbox\Assignment 2\Lib_EaBaseBoard\Debug\libLib_EaBaseBoard.a(pca9532.o)
 .debug_line    0x0000391f      0x4ca C:\Users\Rachel\Dropbox\Assignment 2\Lib_EaBaseBoard\Debug\libLib_EaBaseBoard.a(rgb.o)
 .debug_line    0x00003de9      0x4eb C:\Users\Rachel\Dropbox\Assignment 2\Lib_EaBaseBoard\Debug\libLib_EaBaseBoard.a(temp.o)
 .debug_line    0x000042d4       0xb2 C:\Users\Rachel\Dropbox\Assignment 2\Lib_EaBaseBoard\Debug\libLib_EaBaseBoard.a(font5x7.o)
 .debug_line    0x00004386      0x63e C:\Users\Rachel\Dropbox\Assignment 2\Lib_MCU\Debug\libLib_MCU.a(lpc17xx_gpio.o)
 .debug_line    0x000049c4      0x959 C:\Users\Rachel\Dropbox\Assignment 2\Lib_MCU\Debug\libLib_MCU.a(lpc17xx_i2c.o)
 .debug_line    0x0000531d      0x4bd C:\Users\Rachel\Dropbox\Assignment 2\Lib_MCU\Debug\libLib_MCU.a(lpc17xx_pinsel.o)
 .debug_line    0x000057da      0x88c C:\Users\Rachel\Dropbox\Assignment 2\Lib_MCU\Debug\libLib_MCU.a(lpc17xx_ssp.o)
 .debug_line    0x00006066      0x7ea C:\Users\Rachel\Dropbox\Assignment 2\Lib_MCU\Debug\libLib_MCU.a(lpc17xx_timer.o)
 .debug_line    0x00006850      0xbd8 C:\Users\Rachel\Dropbox\Assignment 2\Lib_MCU\Debug\libLib_MCU.a(lpc17xx_uart.o)
 .debug_line    0x00007428      0x51e C:\Users\Rachel\Dropbox\Assignment 2\Lib_MCU\Debug\libLib_MCU.a(lpc17xx_clkpwr.o)
 .debug_line    0x00007946       0xc0 c:/nxp/lpcxpresso_6.1.4_194/lpcxpresso/tools/bin/../lib/gcc/arm-none-eabi/4.6.2/../../../../arm-none-eabi/lib/armv7-m\libcr_newlib_semihost.a(_cr_sbrk.o)
 .debug_line    0x00007a06      0x44f c:/nxp/lpcxpresso_6.1.4_194/lpcxpresso/tools/bin/../lib/gcc/arm-none-eabi/4.6.2/../../../../arm-none-eabi/lib/armv7-m\libcr_newlib_semihost.a(syscalls.o)
 .debug_line    0x00007e55       0x54 c:/nxp/lpcxpresso_6.1.4_194/lpcxpresso/tools/bin/../lib/gcc/arm-none-eabi/4.6.2/../../../../arm-none-eabi/lib/armv7-m\libcr_newlib_semihost.a(_cr_check_heap.o)

.debug_macinfo  0x00000000    0xa9167
 .debug_macinfo
                0x00000000     0x2c15 ./src/cr_startup_lpc17.o
 .debug_macinfo
                0x00002c15     0xf1a7 ./src/main.o
 .debug_macinfo
                0x00011dbc     0x83f8 C:\Users\Rachel\Dropbox\Assignment 2\Lib_CMSISv1p30_LPC17xx\Debug\libCMSISv1p30_LPC17xx.a(system_LPC17xx.o)
 .debug_macinfo
                0x0001a1b4     0x8f1b C:\Users\Rachel\Dropbox\Assignment 2\Lib_EaBaseBoard\Debug\libLib_EaBaseBoard.a(acc.o)
 .debug_macinfo
                0x000230cf     0x858b C:\Users\Rachel\Dropbox\Assignment 2\Lib_EaBaseBoard\Debug\libLib_EaBaseBoard.a(joystick.o)
 .debug_macinfo
                0x0002b65a     0x96a3 C:\Users\Rachel\Dropbox\Assignment 2\Lib_EaBaseBoard\Debug\libLib_EaBaseBoard.a(led7seg.o)
 .debug_macinfo
                0x00034cfd     0x8e3a C:\Users\Rachel\Dropbox\Assignment 2\Lib_EaBaseBoard\Debug\libLib_EaBaseBoard.a(light.o)
 .debug_macinfo
                0x0003db37     0xa143 C:\Users\Rachel\Dropbox\Assignment 2\Lib_EaBaseBoard\Debug\libLib_EaBaseBoard.a(oled.o)
 .debug_macinfo
                0x00047c7a     0x8e59 C:\Users\Rachel\Dropbox\Assignment 2\Lib_EaBaseBoard\Debug\libLib_EaBaseBoard.a(pca9532.o)
 .debug_macinfo
                0x00050ad3     0x854c C:\Users\Rachel\Dropbox\Assignment 2\Lib_EaBaseBoard\Debug\libLib_EaBaseBoard.a(rgb.o)
 .debug_macinfo
                0x0005901f     0x85e6 C:\Users\Rachel\Dropbox\Assignment 2\Lib_EaBaseBoard\Debug\libLib_EaBaseBoard.a(temp.o)
 .debug_macinfo
                0x00061605     0x332a C:\Users\Rachel\Dropbox\Assignment 2\Lib_EaBaseBoard\Debug\libLib_EaBaseBoard.a(font5x7.o)
 .debug_macinfo
                0x0006492f     0x86b8 C:\Users\Rachel\Dropbox\Assignment 2\Lib_MCU\Debug\libLib_MCU.a(lpc17xx_gpio.o)
 .debug_macinfo
                0x0006cfe7     0xa5d8 C:\Users\Rachel\Dropbox\Assignment 2\Lib_MCU\Debug\libLib_MCU.a(lpc17xx_i2c.o)
 .debug_macinfo
                0x000775bf     0x87d3 C:\Users\Rachel\Dropbox\Assignment 2\Lib_MCU\Debug\libLib_MCU.a(lpc17xx_pinsel.o)
 .debug_macinfo
                0x0007fd92     0xa8d0 C:\Users\Rachel\Dropbox\Assignment 2\Lib_MCU\Debug\libLib_MCU.a(lpc17xx_ssp.o)
 .debug_macinfo
                0x0008a662     0xa4cd C:\Users\Rachel\Dropbox\Assignment 2\Lib_MCU\Debug\libLib_MCU.a(lpc17xx_timer.o)
 .debug_macinfo
                0x00094b2f     0xb03f C:\Users\Rachel\Dropbox\Assignment 2\Lib_MCU\Debug\libLib_MCU.a(lpc17xx_uart.o)
 .debug_macinfo
                0x0009fb6e     0x95f9 C:\Users\Rachel\Dropbox\Assignment 2\Lib_MCU\Debug\libLib_MCU.a(lpc17xx_clkpwr.o)

.debug_str      0x00000000     0x33c9
 .debug_str     0x00000000      0x1cc ./src/cr_startup_lpc17.o
                                0x206 (size before relaxing)
 .debug_str     0x000001cc      0xb8d ./src/main.o
                                0xd32 (size before relaxing)
 .debug_str     0x00000d59      0x19e C:\Users\Rachel\Dropbox\Assignment 2\Lib_CMSISv1p30_LPC17xx\Debug\libCMSISv1p30_LPC17xx.a(system_LPC17xx.o)
                                0x2cc (size before relaxing)
 .debug_str     0x00000ef7      0x249 C:\Users\Rachel\Dropbox\Assignment 2\Lib_EaBaseBoard\Debug\libLib_EaBaseBoard.a(acc.o)
                                0x3c8 (size before relaxing)
 .debug_str     0x00001140       0x3a C:\Users\Rachel\Dropbox\Assignment 2\Lib_EaBaseBoard\Debug\libLib_EaBaseBoard.a(joystick.o)
                                0x199 (size before relaxing)
 .debug_str     0x0000117a       0x95 C:\Users\Rachel\Dropbox\Assignment 2\Lib_EaBaseBoard\Debug\libLib_EaBaseBoard.a(led7seg.o)
                                0x234 (size before relaxing)
 .debug_str     0x0000120f      0x24a C:\Users\Rachel\Dropbox\Assignment 2\Lib_EaBaseBoard\Debug\libLib_EaBaseBoard.a(light.o)
                                0x52d (size before relaxing)
 .debug_str     0x00001459      0x1a9 C:\Users\Rachel\Dropbox\Assignment 2\Lib_EaBaseBoard\Debug\libLib_EaBaseBoard.a(oled.o)
                                0x3e5 (size before relaxing)
 .debug_str     0x00001602      0x12e C:\Users\Rachel\Dropbox\Assignment 2\Lib_EaBaseBoard\Debug\libLib_EaBaseBoard.a(pca9532.o)
                                0x41f (size before relaxing)
 .debug_str     0x00001730       0x22 C:\Users\Rachel\Dropbox\Assignment 2\Lib_EaBaseBoard\Debug\libLib_EaBaseBoard.a(rgb.o)
                                0x179 (size before relaxing)
 .debug_str     0x00001752       0x23 C:\Users\Rachel\Dropbox\Assignment 2\Lib_EaBaseBoard\Debug\libLib_EaBaseBoard.a(temp.o)
                                0x19c (size before relaxing)
 .debug_str     0x00001775       0x11 C:\Users\Rachel\Dropbox\Assignment 2\Lib_EaBaseBoard\Debug\libLib_EaBaseBoard.a(font5x7.o)
                                 0xf0 (size before relaxing)
 .debug_str     0x00001786      0x3a9 C:\Users\Rachel\Dropbox\Assignment 2\Lib_MCU\Debug\libLib_MCU.a(lpc17xx_gpio.o)
                                0x4a1 (size before relaxing)
 .debug_str     0x00001b2f      0x309 C:\Users\Rachel\Dropbox\Assignment 2\Lib_MCU\Debug\libLib_MCU.a(lpc17xx_i2c.o)
                                0x837 (size before relaxing)
 .debug_str     0x00001e38      0x214 C:\Users\Rachel\Dropbox\Assignment 2\Lib_MCU\Debug\libLib_MCU.a(lpc17xx_pinsel.o)
                                0x3d6 (size before relaxing)
 .debug_str     0x0000204c      0x204 C:\Users\Rachel\Dropbox\Assignment 2\Lib_MCU\Debug\libLib_MCU.a(lpc17xx_ssp.o)
                                0x4b4 (size before relaxing)
 .debug_str     0x00002250      0x42e C:\Users\Rachel\Dropbox\Assignment 2\Lib_MCU\Debug\libLib_MCU.a(lpc17xx_timer.o)
                                0x5ea (size before relaxing)
 .debug_str     0x0000267e      0x8ac C:\Users\Rachel\Dropbox\Assignment 2\Lib_MCU\Debug\libLib_MCU.a(lpc17xx_uart.o)
                                0xc8a (size before relaxing)
 .debug_str     0x00002f2a       0xcb C:\Users\Rachel\Dropbox\Assignment 2\Lib_MCU\Debug\libLib_MCU.a(lpc17xx_clkpwr.o)
                                0x3d2 (size before relaxing)
 .debug_str     0x00002ff5       0xbc c:/nxp/lpcxpresso_6.1.4_194/lpcxpresso/tools/bin/../lib/gcc/arm-none-eabi/4.6.2/../../../../arm-none-eabi/lib/armv7-m\libcr_newlib_semihost.a(_cr_sbrk.o)
                                0x145 (size before relaxing)
 .debug_str     0x000030b1      0x2dd c:/nxp/lpcxpresso_6.1.4_194/lpcxpresso/tools/bin/../lib/gcc/arm-none-eabi/4.6.2/../../../../arm-none-eabi/lib/armv7-m\libcr_newlib_semihost.a(syscalls.o)
                                0x40b (size before relaxing)
 .debug_str     0x0000338e       0x3b c:/nxp/lpcxpresso_6.1.4_194/lpcxpresso/tools/bin/../lib/gcc/arm-none-eabi/4.6.2/../../../../arm-none-eabi/lib/armv7-m\libcr_newlib_semihost.a(_cr_check_heap.o)
                                 0xd1 (size before relaxing)

.comment        0x00000000       0x9a
 .comment       0x00000000       0x70 ./src/cr_startup_lpc17.o
                                 0x71 (size before relaxing)
 .comment       0x00000000       0x71 ./src/main.o
 .comment       0x00000000       0x71 C:\Users\Rachel\Dropbox\Assignment 2\Lib_CMSISv1p30_LPC17xx\Debug\libCMSISv1p30_LPC17xx.a(system_LPC17xx.o)
 .comment       0x00000000       0x71 C:\Users\Rachel\Dropbox\Assignment 2\Lib_EaBaseBoard\Debug\libLib_EaBaseBoard.a(acc.o)
 .comment       0x00000000       0x71 C:\Users\Rachel\Dropbox\Assignment 2\Lib_EaBaseBoard\Debug\libLib_EaBaseBoard.a(joystick.o)
 .comment       0x00000000       0x71 C:\Users\Rachel\Dropbox\Assignment 2\Lib_EaBaseBoard\Debug\libLib_EaBaseBoard.a(led7seg.o)
 .comment       0x00000000       0x71 C:\Users\Rachel\Dropbox\Assignment 2\Lib_EaBaseBoard\Debug\libLib_EaBaseBoard.a(light.o)
 .comment       0x00000000       0x71 C:\Users\Rachel\Dropbox\Assignment 2\Lib_EaBaseBoard\Debug\libLib_EaBaseBoard.a(oled.o)
 .comment       0x00000000       0x71 C:\Users\Rachel\Dropbox\Assignment 2\Lib_EaBaseBoard\Debug\libLib_EaBaseBoard.a(pca9532.o)
 .comment       0x00000000       0x71 C:\Users\Rachel\Dropbox\Assignment 2\Lib_EaBaseBoard\Debug\libLib_EaBaseBoard.a(rgb.o)
 .comment       0x00000000       0x71 C:\Users\Rachel\Dropbox\Assignment 2\Lib_EaBaseBoard\Debug\libLib_EaBaseBoard.a(temp.o)
 .comment       0x00000000       0x71 C:\Users\Rachel\Dropbox\Assignment 2\Lib_EaBaseBoard\Debug\libLib_EaBaseBoard.a(font5x7.o)
 .comment       0x00000000       0x71 C:\Users\Rachel\Dropbox\Assignment 2\Lib_MCU\Debug\libLib_MCU.a(lpc17xx_gpio.o)
 .comment       0x00000000       0x71 C:\Users\Rachel\Dropbox\Assignment 2\Lib_MCU\Debug\libLib_MCU.a(lpc17xx_i2c.o)
 .comment       0x00000000       0x71 C:\Users\Rachel\Dropbox\Assignment 2\Lib_MCU\Debug\libLib_MCU.a(lpc17xx_pinsel.o)
 .comment       0x00000000       0x71 C:\Users\Rachel\Dropbox\Assignment 2\Lib_MCU\Debug\libLib_MCU.a(lpc17xx_ssp.o)
 .comment       0x00000000       0x71 C:\Users\Rachel\Dropbox\Assignment 2\Lib_MCU\Debug\libLib_MCU.a(lpc17xx_timer.o)
 .comment       0x00000000       0x71 C:\Users\Rachel\Dropbox\Assignment 2\Lib_MCU\Debug\libLib_MCU.a(lpc17xx_uart.o)
 .comment       0x00000000       0x71 C:\Users\Rachel\Dropbox\Assignment 2\Lib_MCU\Debug\libLib_MCU.a(lpc17xx_clkpwr.o)
 .comment       0x00000070       0x2a c:/nxp/lpcxpresso_6.1.4_194/lpcxpresso/tools/bin/../lib/gcc/arm-none-eabi/4.6.2/../../../../arm-none-eabi/lib/armv7-m\libcr_newlib_semihost.a(_cr_sbrk.o)
                                 0x2b (size before relaxing)
 .comment       0x00000000       0x2b c:/nxp/lpcxpresso_6.1.4_194/lpcxpresso/tools/bin/../lib/gcc/arm-none-eabi/4.6.2/../../../../arm-none-eabi/lib/armv7-m\libcr_newlib_semihost.a(syscalls.o)
 .comment       0x00000000       0x2b c:/nxp/lpcxpresso_6.1.4_194/lpcxpresso/tools/bin/../lib/gcc/arm-none-eabi/4.6.2/../../../../arm-none-eabi/lib/armv7-m\libcr_newlib_semihost.a(_cr_check_heap.o)

.ARM.attributes
                0x00000000       0x33
 .ARM.attributes
                0x00000000       0x33 ./src/cr_startup_lpc17.o
 .ARM.attributes
                0x00000033       0x33 ./src/main.o
 .ARM.attributes
                0x00000066       0x33 C:\Users\Rachel\Dropbox\Assignment 2\Lib_CMSISv1p30_LPC17xx\Debug\libCMSISv1p30_LPC17xx.a(system_LPC17xx.o)
 .ARM.attributes
                0x00000099       0x33 C:\Users\Rachel\Dropbox\Assignment 2\Lib_EaBaseBoard\Debug\libLib_EaBaseBoard.a(acc.o)
 .ARM.attributes
                0x000000cc       0x33 C:\Users\Rachel\Dropbox\Assignment 2\Lib_EaBaseBoard\Debug\libLib_EaBaseBoard.a(joystick.o)
 .ARM.attributes
                0x000000ff       0x33 C:\Users\Rachel\Dropbox\Assignment 2\Lib_EaBaseBoard\Debug\libLib_EaBaseBoard.a(led7seg.o)
 .ARM.attributes
                0x00000132       0x33 C:\Users\Rachel\Dropbox\Assignment 2\Lib_EaBaseBoard\Debug\libLib_EaBaseBoard.a(light.o)
 .ARM.attributes
                0x00000165       0x33 C:\Users\Rachel\Dropbox\Assignment 2\Lib_EaBaseBoard\Debug\libLib_EaBaseBoard.a(oled.o)
 .ARM.attributes
                0x00000198       0x33 C:\Users\Rachel\Dropbox\Assignment 2\Lib_EaBaseBoard\Debug\libLib_EaBaseBoard.a(pca9532.o)
 .ARM.attributes
                0x000001cb       0x33 C:\Users\Rachel\Dropbox\Assignment 2\Lib_EaBaseBoard\Debug\libLib_EaBaseBoard.a(rgb.o)
 .ARM.attributes
                0x000001fe       0x33 C:\Users\Rachel\Dropbox\Assignment 2\Lib_EaBaseBoard\Debug\libLib_EaBaseBoard.a(temp.o)
 .ARM.attributes
                0x00000231       0x33 C:\Users\Rachel\Dropbox\Assignment 2\Lib_EaBaseBoard\Debug\libLib_EaBaseBoard.a(font5x7.o)
 .ARM.attributes
                0x00000264       0x33 C:\Users\Rachel\Dropbox\Assignment 2\Lib_MCU\Debug\libLib_MCU.a(lpc17xx_gpio.o)
 .ARM.attributes