15:24:38 **** Incremental Build of configuration Debug for project demo ****
make all 
Building file: ../src/main.c
Invoking: MCU C Compiler
arm-none-eabi-gcc -DDEBUG -D__USE_CMSIS=CMSISv1p30_LPC17xx -D__CODE_RED -D__NEWLIB__ -I"D:\Dropbox\Dropbox\NUS Modules\EE2028_EE2024\Assignments\Assignment 2\Assignment 2 Workspace\Lib_CMSISv1p30_LPC17xx\inc" -I"D:\Dropbox\Dropbox\NUS Modules\EE2028_EE2024\Assignments\Assignment 2\Assignment 2 Workspace\Lib_EaBaseBoard\inc" -I"D:\Dropbox\Dropbox\NUS Modules\EE2028_EE2024\Assignments\Assignment 2\Assignment 2 Workspace\Lib_MCU\inc" -O0 -g3 -Wall -c -fmessage-length=0 -fno-builtin -ffunction-sections -mcpu=cortex-m3 -mthumb -MMD -MP -MF"src/main.d" -MT"src/main.d" -o "src/main.o" "../src/main.c"
../src/main.c: In function 'do_Climb':
../src/main.c:443:2: warning: format '%d' expects argument of type 'int', but argument 3 has type 'long unsigned int' [-Wformat]
../src/main.c:443:2: warning: format '%d' expects argument of type 'int', but argument 4 has type 'long unsigned int' [-Wformat]
../src/main.c:454:2: warning: implicit declaration of function 'light_enable' [-Wimplicit-function-declaration]
../src/main.c:455:2: warning: implicit declaration of function 'light_read' [-Wimplicit-function-declaration]
../src/main.c:456:2: warning: format '%d' expects argument of type 'int', but argument 3 has type 'uint32_t' [-Wformat]
../src/main.c: In function 'main':
../src/main.c:575:13: warning: unused variable 'btn1' [-Wunused-variable]
../src/main.c:573:13: warning: unused variable 'joyState' [-Wunused-variable]
../src/main.c:571:13: warning: unused variable 'wait' [-Wunused-variable]
../src/main.c:565:13: warning: variable 'zoff' set but not used [-Wunused-but-set-variable]
../src/main.c:564:13: warning: variable 'yoff' set but not used [-Wunused-but-set-variable]
../src/main.c:563:13: warning: variable 'xoff' set but not used [-Wunused-but-set-variable]
Finished building: ../src/main.c
 
Building target: demo.axf
Invoking: MCU Linker
arm-none-eabi-gcc -nostdlib -L"D:\Dropbox\Dropbox\NUS Modules\EE2028_EE2024\Assignments\Assignment 2\Assignment 2 Workspace\Lib_CMSISv1p30_LPC17xx\Debug" -L"D:\Dropbox\Dropbox\NUS Modules\EE2028_EE2024\Assignments\Assignment 2\Assignment 2 Workspace\Lib_EaBaseBoard\Debug" -L"D:\Dropbox\Dropbox\NUS Modules\EE2028_EE2024\Assignments\Assignment 2\Assignment 2 Workspace\Lib_MCU\Debug" -Xlinker --gc-sections -Xlinker -Map=demo.map -mcpu=cortex-m3 -mthumb -T "demo_Debug.ld" -o "demo.axf"  ./src/cr_startup_lpc17.o ./src/main.o   -lCMSISv1p30_LPC17xx -lLib_EaBaseBoard -lLib_MCU
Finished building target: demo.axf
 
make --no-print-directory post-build
Performing post-build steps
arm-none-eabi-size demo.axf; # arm-none-eabi-objdump -h -S demo.axf >demo.lss
   text	   data	    bss	    dec	    hex	filename
  44072	   2284	   1016	  47372	   b90c	demo.axf
 

15:24:40 Build Finished (took 2s.188ms)

