14:51:37 **** Incremental Build of configuration Debug for project demo ****
make all 
Building file: ../src/main.c
Invoking: MCU C Compiler
arm-none-eabi-gcc -DDEBUG -D__USE_CMSIS=CMSISv1p30_LPC17xx -D__CODE_RED -D__NEWLIB__ -I"D:\Dropbox\Dropbox\NUS Modules\EE2028_EE2024\Assignments\Assignment 2\Assignment 2 Workspace\Lib_CMSISv1p30_LPC17xx\inc" -I"D:\Dropbox\Dropbox\NUS Modules\EE2028_EE2024\Assignments\Assignment 2\Assignment 2 Workspace\Lib_EaBaseBoard\inc" -I"D:\Dropbox\Dropbox\NUS Modules\EE2028_EE2024\Assignments\Assignment 2\Assignment 2 Workspace\Lib_MCU\inc" -O0 -g3 -Wall -c -fmessage-length=0 -fno-builtin -ffunction-sections -mcpu=cortex-m3 -mthumb -MMD -MP -MF"src/main.d" -MT"src/main.d" -o "src/main.o" "../src/main.c"
../src/main.c: In function 'EINT3_IRQHandler':
../src/main.c:829:3: warning: suggest parentheses around comparison in operand of '&' [-Wparentheses]
Finished building: ../src/main.c
 
Building target: demo.axf
Invoking: MCU Linker
arm-none-eabi-gcc -nostdlib -L"D:\Dropbox\Dropbox\NUS Modules\EE2028_EE2024\Assignments\Assignment 2\Assignment 2 Workspace\Lib_CMSISv1p30_LPC17xx\Debug" -L"D:\Dropbox\Dropbox\NUS Modules\EE2028_EE2024\Assignments\Assignment 2\Assignment 2 Workspace\Lib_EaBaseBoard\Debug" -L"D:\Dropbox\Dropbox\NUS Modules\EE2028_EE2024\Assignments\Assignment 2\Assignment 2 Workspace\Lib_MCU\Debug" -Xlinker --gc-sections -Xlinker -Map=demo.map -mcpu=cortex-m3 -mthumb -T "demo_Debug.ld" -o "demo.axf"  ./src/cr_startup_lpc17.o ./src/main.o   -lCMSISv1p30_LPC17xx -lLib_EaBaseBoard -lLib_MCU
Finished building target: demo.axf
 
make --no-print-directory post-build
Performing post-build steps
arm-none-eabi-size demo.axf; # arm-none-eabi-objdump -h -S demo.axf >demo.lss
   text	   data	    bss	    dec	    hex	filename
  52440	   2392	   1160	  55992	   dab8	demo.axf
 

14:51:40 Build Finished (took 2s.538ms)

