23:02:53 **** Incremental Build of configuration Debug for project Testing_project ****
make all 
Building file: ../src/main.c
Invoking: MCU C Compiler
arm-none-eabi-gcc -DDEBUG -D__USE_CMSIS=CMSISv1p30_LPC17xx -D__CODE_RED -D__NEWLIB__ -I"D:\Dropbox\Dropbox\NUS Modules\EE2028_EE2024\Assignments\Assignment 2\Assignment 2 Workspace\Lib_CMSISv1p30_LPC17xx\inc" -I"D:\Dropbox\Dropbox\NUS Modules\EE2028_EE2024\Assignments\Assignment 2\Assignment 2 Workspace\Lib_EaBaseBoard\inc" -I"D:\Dropbox\Dropbox\NUS Modules\EE2028_EE2024\Assignments\Assignment 2\Assignment 2 Workspace\Lib_MCU\inc" -O0 -g3 -Wall -c -fmessage-length=0 -fno-builtin -ffunction-sections -mcpu=cortex-m3 -mthumb -MMD -MP -MF"src/main.d" -MT"src/main.d" -o "src/main.o" "../src/main.c"
../src/main.c: In function 'playSong':
../src/main.c:218:3: warning: value computed is not used [-Wunused-value]
Finished building: ../src/main.c
 
Building target: Testing_project.axf
Invoking: MCU Linker
arm-none-eabi-gcc -nostdlib -L"D:\Dropbox\Dropbox\NUS Modules\EE2028_EE2024\Assignments\Assignment 2\Assignment 2 Workspace\Lib_CMSISv1p30_LPC17xx\Debug" -L"D:\Dropbox\Dropbox\NUS Modules\EE2028_EE2024\Assignments\Assignment 2\Assignment 2 Workspace\Lib_EaBaseBoard\Debug" -L"D:\Dropbox\Dropbox\NUS Modules\EE2028_EE2024\Assignments\Assignment 2\Assignment 2 Workspace\Lib_MCU\Debug" -Xlinker --gc-sections -Xlinker -Map=Testing_project.map -mcpu=cortex-m3 -mthumb -T "Testing_project_Debug.ld" -o "Testing_project.axf"  ./src/cr_startup_lpc17.o ./src/main.o   -lCMSISv1p30_LPC17xx -lLib_EaBaseBoard -lLib_MCU
Finished building target: Testing_project.axf
 
make --no-print-directory post-build
Performing post-build steps
arm-none-eabi-size Testing_project.axf; # arm-none-eabi-objdump -h -S Testing_project.axf >Testing_project.lss
   text	   data	    bss	    dec	    hex	filename
  45568	   2428	   1116	  49112	   bfd8	Testing_project.axf
 

23:02:55 Build Finished (took 2s.213ms)

