00:43:33 **** Incremental Build of configuration Debug for project Testing_project ****
make all 
Building target: Testing_project.axf
Invoking: MCU Linker
arm-none-eabi-gcc -nostdlib -L"D:\Dropbox\Dropbox\NUS Modules\EE2028_EE2024\Assignments\Assignment 2\Assignment 2 Workspace\Lib_CMSISv1p30_LPC17xx\Debug" -L"D:\Dropbox\Dropbox\NUS Modules\EE2028_EE2024\Assignments\Assignment 2\Assignment 2 Workspace\Lib_EaBaseBoard\Debug" -L"D:\Dropbox\Dropbox\NUS Modules\EE2028_EE2024\Assignments\Assignment 2\Assignment 2 Workspace\Lib_MCU\Debug" -Xlinker --gc-sections -Xlinker -Map=Testing_project.map -mcpu=cortex-m3 -mthumb -T "Copy_of_demo_Debug.ld" -o "Testing_project.axf"  ./src/cr_startup_lpc17.o ./src/main.o   -lCMSISv1p30_LPC17xx -lLib_EaBaseBoard -lLib_MCU
Finished building target: Testing_project.axf
 
make --no-print-directory post-build
Performing post-build steps
arm-none-eabi-size Testing_project.axf; # arm-none-eabi-objdump -h -S Testing_project.axf >Testing_project.lss
   text	   data	    bss	    dec	    hex	filename
  40632	   2388	   1100	  44120	   ac58	Testing_project.axf
 

00:43:34 Build Finished (took 1s.218ms)

